[0.006s][info][gc,init] Initializing The Z Garbage Collector
[0.006s][info][gc,init] Version: 17.0.16+8-LTS (release)
[0.006s][info][gc,init] NUMA Support: Disabled
[0.006s][info][gc,init] CPUs: 11 total, 11 available
[0.006s][info][gc,init] Memory: 18432M
[0.006s][info][gc,init] Large Page Support: Disabled
[0.006s][info][gc,init] GC Workers: 3 (dynamic)
[0.006s][info][gc,init] Address Space Type: Contiguous/Unrestricted/Complete
[0.006s][info][gc,init] Address Space Size: 196608M x 3 = 589824M
[0.006s][info][gc,init] Min Capacity: 8M
[0.006s][info][gc,init] Initial Capacity: 288M
[0.006s][info][gc,init] Max Capacity: 12288M
[0.006s][info][gc,init] Medium Page Size: 32M
[0.006s][info][gc,init] Pre-touch: Disabled
[0.006s][info][gc,init] Uncommit: Enabled
[0.006s][info][gc,init] Uncommit Delay: 300s
[0.007s][info][gc,init] Runtime Workers: 7
[0.007s][info][gc     ] Using The Z Garbage Collector
[0.023s][info][gc,metaspace] CDS archive(s) mapped at: [0x0000007800000000-0x0000007800b98000-0x0000007800b98000), size 12156928, SharedBaseAddress: 0x0000007800000000, ArchiveRelocationMode: 1.
[0.023s][info][gc,metaspace] Compressed class space mapped at: 0x0000007801000000-0x0000007841000000, reserved size: 1073741824
[0.023s][info][gc,metaspace] Narrow klass base: 0x0000007800000000, Narrow klass shift: 0, Narrow klass range: 0x100000000
[0.838s][info][gc,start    ] GC(0) Garbage Collection (Warmup)
[0.838s][info][gc,task     ] GC(0) Using 3 workers
[0.838s][info][gc,phases   ] GC(0) Pause Mark Start 0.003ms
[0.891s][info][gc,phases   ] GC(0) Concurrent Mark 53.414ms
[0.891s][info][gc,phases   ] GC(0) Pause Mark End 0.006ms
[0.891s][info][gc,phases   ] GC(0) Concurrent Mark Free 0.000ms
[0.892s][info][gc,phases   ] GC(0) Concurrent Process Non-Strong References 0.191ms
[0.892s][info][gc,phases   ] GC(0) Concurrent Reset Relocation Set 0.000ms
[0.894s][info][gc,phases   ] GC(0) Concurrent Select Relocation Set 2.731ms
[0.894s][info][gc,phases   ] GC(0) Pause Relocate Start 0.003ms
[0.895s][info][gc,phases   ] GC(0) Concurrent Relocate 0.519ms
[0.895s][info][gc,load     ] GC(0) Load: 1.86/2.44/2.30
[0.895s][info][gc,mmu      ] GC(0) MMU: 2ms/99.7%, 5ms/99.8%, 10ms/99.9%, 20ms/100.0%, 50ms/100.0%, 100ms/100.0%
[0.896s][info][gc,marking  ] GC(0) Mark: 2 stripe(s), 2 proactive flush(es), 1 terminate flush(es), 0 completion(s), 0 continuation(s) 
[0.896s][info][gc,marking  ] GC(0) Mark Stack Usage: 32M
[0.896s][info][gc,nmethod  ] GC(0) NMethods: 352 registered, 0 unregistered
[0.896s][info][gc,metaspace] GC(0) Metaspace: 1M used, 1M committed, 1088M reserved
[0.896s][info][gc,ref      ] GC(0) Soft: 114 encountered, 0 discovered, 0 enqueued
[0.896s][info][gc,ref      ] GC(0) Weak: 253 encountered, 118 discovered, 48 enqueued
[0.896s][info][gc,ref      ] GC(0) Final: 6 encountered, 0 discovered, 0 enqueued
[0.896s][info][gc,ref      ] GC(0) Phantom: 14 encountered, 13 discovered, 13 enqueued
[0.896s][info][gc,reloc    ] GC(0) Small Pages: 628 / 1256M, Empty: 276M, Relocated: 3M, In-Place: 0
[0.896s][info][gc,reloc    ] GC(0) Medium Pages: 0 / 0M, Empty: 0M, Relocated: 0M, In-Place: 0
[0.896s][info][gc,reloc    ] GC(0) Large Pages: 1 / 280M, Empty: 0M, Relocated: 0M, In-Place: 0
[0.896s][info][gc,reloc    ] GC(0) Forwarding Usage: 1M
[0.896s][info][gc,heap     ] GC(0) Min Capacity: 8M(0%)
[0.896s][info][gc,heap     ] GC(0) Max Capacity: 12288M(100%)
[0.896s][info][gc,heap     ] GC(0) Soft Max Capacity: 12288M(100%)
[0.896s][info][gc,heap     ] GC(0)                Mark Start          Mark End        Relocate Start      Relocate End           High               Low         
[0.896s][info][gc,heap     ] GC(0)  Capacity:     1536M (12%)        1650M (13%)        1650M (13%)        1650M (13%)        1650M (13%)        1536M (12%)    
[0.896s][info][gc,heap     ] GC(0)      Free:    10752M (88%)       10638M (87%)       10906M (89%)       10914M (89%)       10914M (89%)       10638M (87%)    
[0.896s][info][gc,heap     ] GC(0)      Used:     1536M (12%)        1650M (13%)        1382M (11%)        1374M (11%)        1650M (13%)        1374M (11%)    
[0.896s][info][gc,heap     ] GC(0)      Live:         -              1151M (9%)         1151M (9%)         1151M (9%)             -                  -          
[0.896s][info][gc,heap     ] GC(0) Allocated:         -               114M (1%)          122M (1%)          123M (1%)             -                  -          
[0.896s][info][gc,heap     ] GC(0)   Garbage:         -               384M (3%)          108M (1%)           98M (1%)             -                  -          
[0.896s][info][gc,heap     ] GC(0) Reclaimed:         -                  -               276M (2%)          285M (2%)             -                  -          
[0.896s][info][gc          ] GC(0) Garbage Collection (Warmup) 1536M(12%)->1374M(11%)
[1.334s][info][gc,start    ] GC(1) Garbage Collection (Warmup)
[1.334s][info][gc,task     ] GC(1) Using 3 workers
[1.334s][info][gc,phases   ] GC(1) Pause Mark Start 0.003ms
[1.530s][info][gc,phases   ] GC(1) Concurrent Mark 195.857ms
[1.530s][info][gc,phases   ] GC(1) Pause Mark End 0.005ms
[1.530s][info][gc,phases   ] GC(1) Concurrent Mark Free 0.000ms
[1.530s][info][gc,phases   ] GC(1) Concurrent Process Non-Strong References 0.194ms
[1.530s][info][gc,phases   ] GC(1) Concurrent Reset Relocation Set 0.000ms
[1.532s][info][gc,phases   ] GC(1) Concurrent Select Relocation Set 1.796ms
[1.532s][info][gc,phases   ] GC(1) Pause Relocate Start 0.004ms
[1.532s][info][gc,phases   ] GC(1) Concurrent Relocate 0.415ms
[1.532s][info][gc,load     ] GC(1) Load: 1.86/2.44/2.30
[1.532s][info][gc,mmu      ] GC(1) MMU: 2ms/99.7%, 5ms/99.8%, 10ms/99.9%, 20ms/100.0%, 50ms/100.0%, 100ms/100.0%
[1.532s][info][gc,marking  ] GC(1) Mark: 2 stripe(s), 3 proactive flush(es), 1 terminate flush(es), 0 completion(s), 0 continuation(s) 
[1.532s][info][gc,marking  ] GC(1) Mark Stack Usage: 32M
[1.532s][info][gc,nmethod  ] GC(1) NMethods: 352 registered, 0 unregistered
[1.533s][info][gc,metaspace] GC(1) Metaspace: 1M used, 1M committed, 1088M reserved
[1.533s][info][gc,ref      ] GC(1) Soft: 114 encountered, 0 discovered, 0 enqueued
[1.533s][info][gc,ref      ] GC(1) Weak: 205 encountered, 40 discovered, 0 enqueued
[1.533s][info][gc,ref      ] GC(1) Final: 6 encountered, 0 discovered, 0 enqueued
[1.533s][info][gc,ref      ] GC(1) Phantom: 1 encountered, 0 discovered, 0 enqueued
[1.533s][info][gc,reloc    ] GC(1) Small Pages: 1235 / 2470M, Empty: 0M, Relocated: 1M, In-Place: 0
[1.533s][info][gc,reloc    ] GC(1) Medium Pages: 0 / 0M, Empty: 0M, Relocated: 0M, In-Place: 0
[1.533s][info][gc,reloc    ] GC(1) Large Pages: 1 / 280M, Empty: 0M, Relocated: 0M, In-Place: 0
[1.533s][info][gc,reloc    ] GC(1) Forwarding Usage: 0M
[1.533s][info][gc,heap     ] GC(1) Min Capacity: 8M(0%)
[1.533s][info][gc,heap     ] GC(1) Max Capacity: 12288M(100%)
[1.533s][info][gc,heap     ] GC(1) Soft Max Capacity: 12288M(100%)
[1.533s][info][gc,heap     ] GC(1)                Mark Start          Mark End        Relocate Start      Relocate End           High               Low         
[1.533s][info][gc,heap     ] GC(1)  Capacity:     2750M (22%)        3224M (26%)        3228M (26%)        3232M (26%)        3232M (26%)        2750M (22%)    
[1.533s][info][gc,heap     ] GC(1)      Free:     9538M (78%)        9064M (74%)        9060M (74%)        9058M (74%)        9538M (78%)        9056M (74%)    
[1.533s][info][gc,heap     ] GC(1)      Used:     2750M (22%)        3224M (26%)        3228M (26%)        3230M (26%)        3232M (26%)        2750M (22%)    
[1.533s][info][gc,heap     ] GC(1)      Live:         -              2147M (17%)        2147M (17%)        2147M (17%)            -                  -          
[1.533s][info][gc,heap     ] GC(1) Allocated:         -               474M (4%)          478M (4%)          480M (4%)             -                  -          
[1.533s][info][gc,heap     ] GC(1)   Garbage:         -               602M (5%)          602M (5%)          602M (5%)             -                  -          
[1.533s][info][gc,heap     ] GC(1) Reclaimed:         -                  -                 0M (0%)            0M (0%)             -                  -          
[1.533s][info][gc          ] GC(1) Garbage Collection (Warmup) 2750M(22%)->3230M(26%)
[1.737s][info][gc,start    ] GC(2) Garbage Collection (Warmup)
[1.737s][info][gc,task     ] GC(2) Using 3 workers
[1.737s][info][gc,phases   ] GC(2) Pause Mark Start 0.003ms
[2.020s][info][gc,phases   ] GC(2) Concurrent Mark 283.129ms
[2.020s][info][gc,phases   ] GC(2) Pause Mark End 0.005ms
[2.020s][info][gc,phases   ] GC(2) Concurrent Mark Free 0.000ms
[2.021s][info][gc,phases   ] GC(2) Concurrent Process Non-Strong References 0.196ms
[2.021s][info][gc,phases   ] GC(2) Concurrent Reset Relocation Set 0.000ms
[2.022s][info][gc,phases   ] GC(2) Concurrent Select Relocation Set 1.484ms
[2.022s][info][gc,phases   ] GC(2) Pause Relocate Start 0.003ms
[2.023s][info][gc,phases   ] GC(2) Concurrent Relocate 1.114ms
[2.023s][info][gc,load     ] GC(2) Load: 1.87/2.44/2.30
[2.023s][info][gc,mmu      ] GC(2) MMU: 2ms/99.6%, 5ms/99.8%, 10ms/99.9%, 20ms/100.0%, 50ms/100.0%, 100ms/100.0%
[2.023s][info][gc,marking  ] GC(2) Mark: 2 stripe(s), 3 proactive flush(es), 1 terminate flush(es), 0 completion(s), 0 continuation(s) 
[2.023s][info][gc,marking  ] GC(2) Mark Stack Usage: 32M
[2.023s][info][gc,nmethod  ] GC(2) NMethods: 352 registered, 0 unregistered
[2.023s][info][gc,metaspace] GC(2) Metaspace: 1M used, 1M committed, 1088M reserved
[2.023s][info][gc,ref      ] GC(2) Soft: 114 encountered, 0 discovered, 0 enqueued
[2.023s][info][gc,ref      ] GC(2) Weak: 205 encountered, 0 discovered, 0 enqueued
[2.023s][info][gc,ref      ] GC(2) Final: 6 encountered, 0 discovered, 0 enqueued
[2.023s][info][gc,ref      ] GC(2) Phantom: 1 encountered, 0 discovered, 0 enqueued
[2.023s][info][gc,reloc    ] GC(2) Small Pages: 1784 / 3568M, Empty: 0M, Relocated: 6M, In-Place: 0
[2.023s][info][gc,reloc    ] GC(2) Medium Pages: 0 / 0M, Empty: 0M, Relocated: 0M, In-Place: 0
[2.023s][info][gc,reloc    ] GC(2) Large Pages: 1 / 280M, Empty: 0M, Relocated: 0M, In-Place: 0
[2.023s][info][gc,reloc    ] GC(2) Forwarding Usage: 2M
[2.023s][info][gc,heap     ] GC(2) Min Capacity: 8M(0%)
[2.023s][info][gc,heap     ] GC(2) Max Capacity: 12288M(100%)
[2.023s][info][gc,heap     ] GC(2) Soft Max Capacity: 12288M(100%)
[2.023s][info][gc,heap     ] GC(2)                Mark Start          Mark End        Relocate Start      Relocate End           High               Low         
[2.023s][info][gc,heap     ] GC(2)  Capacity:     3848M (31%)        4570M (37%)        4574M (37%)        4582M (37%)        4582M (37%)        3848M (31%)    
[2.023s][info][gc,heap     ] GC(2)      Free:     8440M (69%)        7718M (63%)        7714M (63%)        7714M (63%)        8440M (69%)        7706M (63%)    
[2.023s][info][gc,heap     ] GC(2)      Used:     3848M (31%)        4570M (37%)        4574M (37%)        4574M (37%)        4582M (37%)        3848M (31%)    
[2.023s][info][gc,heap     ] GC(2)      Live:         -              2875M (23%)        2875M (23%)        2875M (23%)            -                  -          
[2.023s][info][gc,heap     ] GC(2) Allocated:         -               722M (6%)          726M (6%)          730M (6%)             -                  -          
[2.023s][info][gc,heap     ] GC(2)   Garbage:         -               972M (8%)          972M (8%)          968M (8%)             -                  -          
[2.023s][info][gc,heap     ] GC(2) Reclaimed:         -                  -                 0M (0%)            4M (0%)             -                  -          
[2.023s][info][gc          ] GC(2) Garbage Collection (Warmup) 3848M(31%)->4574M(37%)
[4.239s][info][gc,start    ] GC(3) Garbage Collection (Allocation Rate)
[4.239s][info][gc,task     ] GC(3) Using 3 workers
[4.240s][info][gc,phases   ] GC(3) Pause Mark Start 0.020ms
[6.640s][info][gc,phases   ] GC(3) Concurrent Mark 2399.807ms
[6.640s][info][gc,phases   ] GC(3) Pause Mark End 0.010ms
[6.640s][info][gc,phases   ] GC(3) Concurrent Mark Free 0.000ms
[6.641s][info][gc,phases   ] GC(3) Concurrent Process Non-Strong References 0.810ms
[6.641s][info][gc,phases   ] GC(3) Concurrent Reset Relocation Set 0.043ms
[6.653s][info][gc          ] Allocation Stall (ForkJoinPool-1-worker-3) 1413.100ms
[6.653s][info][gc          ] Allocation Stall (ForkJoinPool-1-worker-2) 1413.823ms
[6.653s][info][gc          ] Allocation Stall (ForkJoinPool-1-worker-4) 1413.918ms
[6.653s][info][gc          ] Allocation Stall (ForkJoinPool-1-worker-9) 1414.090ms
[6.653s][info][gc          ] Allocation Stall (ForkJoinPool-1-worker-10) 1414.043ms
[6.653s][info][gc          ] Allocation Stall (ForkJoinPool-1-worker-7) 1413.197ms
[6.653s][info][gc          ] Allocation Stall (ForkJoinPool-1-worker-8) 1413.816ms
[6.653s][info][gc          ] Allocation Stall (ForkJoinPool-1-worker-5) 1413.145ms
[6.653s][info][gc          ] Allocation Stall (ForkJoinPool-1-worker-11) 1413.940ms
[6.653s][info][gc          ] Allocation Stall (ForkJoinPool-1-worker-6) 1413.961ms
[6.654s][info][gc,phases   ] GC(3) Concurrent Select Relocation Set 13.134ms
[6.654s][info][gc,phases   ] GC(3) Pause Relocate Start 0.004ms
[6.668s][info][gc,phases   ] GC(3) Concurrent Relocate 13.200ms
[6.668s][info][gc,load     ] GC(3) Load: 1.87/2.44/2.30
[6.668s][info][gc,mmu      ] GC(3) MMU: 2ms/99.0%, 5ms/99.6%, 10ms/99.8%, 20ms/99.9%, 50ms/100.0%, 100ms/100.0%
[6.668s][info][gc,marking  ] GC(3) Mark: 2 stripe(s), 4 proactive flush(es), 1 terminate flush(es), 0 completion(s), 0 continuation(s) 
[6.668s][info][gc,marking  ] GC(3) Mark Stack Usage: 480M
[6.668s][info][gc,nmethod  ] GC(3) NMethods: 415 registered, 0 unregistered
[6.668s][info][gc,metaspace] GC(3) Metaspace: 1M used, 1M committed, 1088M reserved
[6.668s][info][gc,ref      ] GC(3) Soft: 115 encountered, 0 discovered, 0 enqueued
[6.668s][info][gc,ref      ] GC(3) Weak: 298 encountered, 234 discovered, 27 enqueued
[6.668s][info][gc,ref      ] GC(3) Final: 6 encountered, 6 discovered, 0 enqueued
[6.668s][info][gc,ref      ] GC(3) Phantom: 3 encountered, 2 discovered, 2 enqueued
[6.668s][info][gc,reloc    ] GC(3) Small Pages: 4147 / 8294M, Empty: 0M, Relocated: 3M, In-Place: 0
[6.668s][info][gc,reloc    ] GC(3) Medium Pages: 0 / 0M, Empty: 0M, Relocated: 0M, In-Place: 0
[6.668s][info][gc,reloc    ] GC(3) Large Pages: 1 / 280M, Empty: 280M, Relocated: 0M, In-Place: 0
[6.668s][info][gc,reloc    ] GC(3) Forwarding Usage: 1M
[6.668s][info][gc,heap     ] GC(3) Min Capacity: 8M(0%)
[6.668s][info][gc,heap     ] GC(3) Max Capacity: 12288M(100%)
[6.668s][info][gc,heap     ] GC(3) Soft Max Capacity: 12288M(100%)
[6.668s][info][gc,heap     ] GC(3)                Mark Start          Mark End        Relocate Start      Relocate End           High               Low         
[6.668s][info][gc,heap     ] GC(3)  Capacity:     8576M (70%)       12288M (100%)      12288M (100%)      12288M (100%)      12288M (100%)       8576M (70%)    
[6.668s][info][gc,heap     ] GC(3)      Free:     3714M (30%)           0M (0%)          276M (2%)          248M (2%)         3714M (30%)           0M (0%)     
[6.668s][info][gc,heap     ] GC(3)      Used:     8574M (70%)       12288M (100%)      12012M (98%)       12040M (98%)       12288M (100%)       8574M (70%)    
[6.668s][info][gc,heap     ] GC(3)      Live:         -              5967M (49%)        5967M (49%)        5967M (49%)            -                  -          
[6.668s][info][gc,heap     ] GC(3) Allocated:         -              3714M (30%)        3718M (30%)        3746M (30%)            -                  -          
[6.668s][info][gc,heap     ] GC(3)   Garbage:         -              2606M (21%)        2326M (19%)        2326M (19%)            -                  -          
[6.668s][info][gc,heap     ] GC(3) Reclaimed:         -                  -               280M (2%)          280M (2%)             -                  -          
[6.668s][info][gc          ] GC(3) Garbage Collection (Allocation Rate) 8574M(70%)->12040M(98%)
[6.738s][info][gc,start    ] GC(4) Garbage Collection (Allocation Stall)
[6.738s][info][gc,ref      ] GC(4) Clearing All SoftReferences
[6.738s][info][gc,task     ] GC(4) Using 3 workers
[6.738s][info][gc,phases   ] GC(4) Pause Mark Start 0.003ms
[9.353s][info][gc,phases   ] GC(4) Concurrent Mark 2615.634ms
[9.354s][info][gc,phases   ] GC(4) Pause Mark End 0.014ms
[9.372s][info][gc,phases   ] GC(4) Concurrent Mark Free 18.361ms
[9.374s][info][gc,phases   ] GC(4) Concurrent Process Non-Strong References 2.122ms
[9.374s][info][gc,phases   ] GC(4) Concurrent Reset Relocation Set 0.007ms
[9.378s][info][gc,phases   ] GC(4) Concurrent Select Relocation Set 3.645ms
[9.378s][info][gc,phases   ] GC(4) Pause Relocate Start 0.005ms
[9.379s][info][gc,phases   ] GC(4) Concurrent Relocate 0.549ms
[9.379s][info][gc,load     ] GC(4) Load: 1.88/2.43/2.30
[9.379s][info][gc,mmu      ] GC(4) MMU: 2ms/99.0%, 5ms/99.6%, 10ms/99.8%, 20ms/99.9%, 50ms/100.0%, 100ms/100.0%
[9.379s][info][gc          ] Allocation Stall (ForkJoinPool-1-worker-9) 2640.733ms
[9.379s][info][gc,marking  ] GC(4) Mark: 2 stripe(s), 2 proactive flush(es), 1 terminate flush(es), 0 completion(s), 0 continuation(s) 
[9.379s][info][gc,marking  ] GC(4) Mark Stack Usage: 32M
[9.379s][info][gc,nmethod  ] GC(4) NMethods: 416 registered, 0 unregistered
[9.379s][info][gc,metaspace] GC(4) Metaspace: 1M used, 1M committed, 1088M reserved
[9.379s][info][gc,ref      ] GC(4) Soft: 96 encountered, 68 discovered, 24 enqueued
[9.379s][info][gc,ref      ] GC(4) Weak: 271 encountered, 94 discovered, 7 enqueued
[9.379s][info][gc,ref      ] GC(4) Final: 6 encountered, 6 discovered, 0 enqueued
[9.379s][info][gc,ref      ] GC(4) Phantom: 1 encountered, 1 discovered, 0 enqueued
[9.379s][info][gc,reloc    ] GC(4) Small Pages: 6143 / 12286M, Empty: 0M, Relocated: 1M, In-Place: 3
[9.379s][info][gc,reloc    ] GC(4) Medium Pages: 0 / 0M, Empty: 0M, Relocated: 0M, In-Place: 0
[9.379s][info][gc,reloc    ] GC(4) Large Pages: 0 / 0M, Empty: 0M, Relocated: 0M, In-Place: 0
[9.379s][info][gc,reloc    ] GC(4) Forwarding Usage: 0M
[9.379s][info][gc,heap     ] GC(4) Min Capacity: 8M(0%)
[9.379s][info][gc,heap     ] GC(4) Max Capacity: 12288M(100%)
[9.379s][info][gc,heap     ] GC(4) Soft Max Capacity: 12288M(100%)
[9.379s][info][gc,heap     ] GC(4)                Mark Start          Mark End        Relocate Start      Relocate End           High               Low         
[9.379s][info][gc,heap     ] GC(4)  Capacity:    12288M (100%)      12288M (100%)      12288M (100%)      12288M (100%)      12288M (100%)      12288M (100%)   
[9.379s][info][gc,heap     ] GC(4)      Free:        2M (0%)            0M (0%)            0M (0%)            0M (0%)            2M (0%)            0M (0%)     
[9.379s][info][gc,heap     ] GC(4)      Used:    12286M (100%)      12288M (100%)      12288M (100%)      12288M (100%)      12288M (100%)      12286M (100%)   
[9.379s][info][gc,heap     ] GC(4)      Live:         -              9940M (81%)        9940M (81%)        9940M (81%)            -                  -          
[9.379s][info][gc,heap     ] GC(4) Allocated:         -                 2M (0%)            2M (0%)            4M (0%)             -                  -          
[9.379s][info][gc,heap     ] GC(4)   Garbage:         -              2345M (19%)        2345M (19%)        2343M (19%)            -                  -          
[9.379s][info][gc,heap     ] GC(4) Reclaimed:         -                  -                 0M (0%)            2M (0%)             -                  -          
[9.379s][info][gc          ] GC(4) Garbage Collection (Allocation Stall) 12286M(100%)->12288M(100%)
[9.379s][info][gc,start    ] GC(5) Garbage Collection (Allocation Stall)
[9.379s][info][gc,ref      ] GC(5) Clearing All SoftReferences
[9.379s][info][gc,task     ] GC(5) Using 3 workers
[9.379s][info][gc,phases   ] GC(5) Pause Mark Start 0.003ms
[10.038s][info][gc,stats    ] === Garbage Collection Statistics =======================================================================================================================
[10.038s][info][gc,stats    ]                                                              Last 10s              Last 10m              Last 10h                Total
[10.038s][info][gc,stats    ]                                                              Avg / Max             Avg / Max             Avg / Max             Avg / Max
[10.038s][info][gc,stats    ]   Collector: Garbage Collection Cycle                   1122.307 / 2641.101   1122.307 / 2641.101   1122.307 / 2641.101   1122.307 / 2641.101    ms
[10.038s][info][gc,stats    ]  Contention: Mark Segment Reset Contention                   153 / 294             153 / 294             153 / 294             153 / 294         ops/s
[10.038s][info][gc,stats    ]  Contention: Mark SeqNum Reset Contention                      0 / 0                 0 / 0                 0 / 0                 0 / 0           ops/s
[10.038s][info][gc,stats    ]    Critical: Allocation Stall                                  1 / 10                1 / 10                1 / 10                1 / 10          ops/s
[10.038s][info][gc,stats    ]    Critical: Allocation Stall                           1525.251 / 2640.733   1525.251 / 2640.733   1525.251 / 2640.733   1525.251 / 2640.733    ms
[10.038s][info][gc,stats    ]    Critical: GC Locker Stall                                   0 / 0                 0 / 0                 0 / 0                 0 / 0           ops/s
[10.038s][info][gc,stats    ]    Critical: GC Locker Stall                               0.000 / 0.000         0.000 / 0.000         0.000 / 0.000         0.000 / 0.000       ms
[10.038s][info][gc,stats    ]    Critical: Relocation Stall                                  0 / 0                 0 / 0                 0 / 0                 0 / 0           ops/s
[10.038s][info][gc,stats    ]    Critical: Relocation Stall                              0.000 / 0.000         0.000 / 0.000         0.000 / 0.000         0.000 / 0.000       ms
[10.038s][info][gc,stats    ]      Memory: Allocation Rate                                1510 / 4858           1510 / 4858           1510 / 4858           1510 / 4858        MB/s
[10.038s][info][gc,stats    ]      Memory: Out Of Memory                                     0 / 0                 0 / 0                 0 / 0                 0 / 0           ops/s
[10.038s][info][gc,stats    ]      Memory: Page Cache Flush                                  0 / 0                 0 / 0                 0 / 0                 0 / 0           MB/s
[10.038s][info][gc,stats    ]      Memory: Page Cache Hit L1                               128 / 912             128 / 912             128 / 912             128 / 912         ops/s
[10.038s][info][gc,stats    ]      Memory: Page Cache Hit L2                                 0 / 0                 0 / 0                 0 / 0                 0 / 0           ops/s
[10.038s][info][gc,stats    ]      Memory: Page Cache Hit L3                                14 / 139              14 / 139              14 / 139              14 / 139         ops/s
[10.038s][info][gc,stats    ]      Memory: Page Cache Miss                                 600 / 1517            600 / 1517            600 / 1517            600 / 1517        ops/s
[10.038s][info][gc,stats    ]      Memory: Uncommit                                          0 / 0                 0 / 0                 0 / 0                 0 / 0           MB/s
[10.038s][info][gc,stats    ]      Memory: Undo Object Allocation Failed                     0 / 0                 0 / 0                 0 / 0                 0 / 0           ops/s
[10.038s][info][gc,stats    ]      Memory: Undo Object Allocation Succeeded                  0 / 0                 0 / 0                 0 / 0                 0 / 0           ops/s
[10.038s][info][gc,stats    ]      Memory: Undo Page Allocation                            112 / 913             112 / 913             112 / 913             112 / 913         ops/s
[10.038s][info][gc,stats    ]       Phase: Concurrent Mark                            1109.568 / 2615.634   1109.568 / 2615.634   1109.568 / 2615.634   1109.568 / 2615.634    ms
[10.038s][info][gc,stats    ]       Phase: Concurrent Mark Continue                      0.000 / 0.000         0.000 / 0.000         0.000 / 0.000         0.000 / 0.000       ms
[10.038s][info][gc,stats    ]       Phase: Concurrent Mark Free                          3.673 / 18.361        3.673 / 18.361        3.673 / 18.361        3.673 / 18.361      ms
[10.038s][info][gc,stats    ]       Phase: Concurrent Process Non-Strong References      0.703 / 2.122         0.703 / 2.122         0.703 / 2.122         0.703 / 2.122       ms
[10.038s][info][gc,stats    ]       Phase: Concurrent Relocate                           3.159 / 13.200        3.159 / 13.200        3.159 / 13.200        3.159 / 13.200      ms
[10.038s][info][gc,stats    ]       Phase: Concurrent Reset Relocation Set               0.010 / 0.043         0.010 / 0.043         0.010 / 0.043         0.010 / 0.043       ms
[10.038s][info][gc,stats    ]       Phase: Concurrent Select Relocation Set              4.558 / 13.134        4.558 / 13.134        4.558 / 13.134        4.558 / 13.134      ms
[10.038s][info][gc,stats    ]       Phase: Pause Mark End                                0.008 / 0.014         0.008 / 0.014         0.008 / 0.014         0.008 / 0.014       ms
[10.038s][info][gc,stats    ]       Phase: Pause Mark Start                              0.006 / 0.020         0.006 / 0.020         0.006 / 0.020         0.006 / 0.020       ms
[10.038s][info][gc,stats    ]       Phase: Pause Relocate Start                          0.004 / 0.005         0.004 / 0.005         0.004 / 0.005         0.004 / 0.005       ms
[10.038s][info][gc,stats    ]    Subphase: Concurrent Classes Purge                      0.020 / 0.044         0.020 / 0.044         0.020 / 0.044         0.020 / 0.044       ms
[10.038s][info][gc,stats    ]    Subphase: Concurrent Classes Unlink                     0.579 / 1.895         0.579 / 1.895         0.579 / 1.895         0.579 / 1.895       ms
[10.038s][info][gc,stats    ]    Subphase: Concurrent Mark                            1107.365 / 2614.684   1107.365 / 2614.684   1107.365 / 2614.684   1107.365 / 2614.684    ms
[10.038s][info][gc,stats    ]    Subphase: Concurrent Mark Try Flush                     0.035 / 0.138         0.035 / 0.138         0.035 / 0.138         0.035 / 0.138       ms
[10.038s][info][gc,stats    ]    Subphase: Concurrent Mark Try Terminate                 0.834 / 1.280         0.834 / 1.280         0.834 / 1.280         0.834 / 1.280       ms
[10.038s][info][gc,stats    ]    Subphase: Concurrent References Enqueue                 0.001 / 0.002         0.001 / 0.002         0.001 / 0.002         0.001 / 0.002       ms
[10.038s][info][gc,stats    ]    Subphase: Concurrent References Process                 0.050 / 0.126         0.050 / 0.126         0.050 / 0.126         0.050 / 0.126       ms
[10.038s][info][gc,stats    ]    Subphase: Concurrent Roots ClassLoaderDataGraph         0.018 / 0.061         0.018 / 0.061         0.018 / 0.061         0.018 / 0.061       ms
[10.038s][info][gc,stats    ]    Subphase: Concurrent Roots CodeCache                    0.000 / 0.000         0.000 / 0.000         0.000 / 0.000         0.000 / 0.000       ms
[10.038s][info][gc,stats    ]    Subphase: Concurrent Roots JavaThreads                  0.485 / 3.438         0.485 / 3.438         0.485 / 3.438         0.485 / 3.438       ms
[10.038s][info][gc,stats    ]    Subphase: Concurrent Roots OopStorageSet                0.022 / 0.158         0.022 / 0.158         0.022 / 0.158         0.022 / 0.158       ms
[10.038s][info][gc,stats    ]    Subphase: Concurrent Weak Roots OopStorageSet           0.025 / 0.037         0.025 / 0.037         0.025 / 0.037         0.025 / 0.037       ms
[10.038s][info][gc,stats    ]    Subphase: Pause Mark Try Complete                       0.000 / 0.000         0.000 / 0.000         0.000 / 0.000         0.000 / 0.000       ms
[10.038s][info][gc,stats    ]      System: Java Threads                                     17 / 23               17 / 23               17 / 23               17 / 23          threads
[10.038s][info][gc,stats    ] =========================================================================================================================================================
[12.705s][info][gc,phases   ] GC(5) Concurrent Mark 3326.448ms
[12.705s][info][gc,phases   ] GC(5) Pause Mark End 0.018ms
[12.706s][info][gc,phases   ] GC(5) Concurrent Mark Free 0.000ms
[12.706s][info][gc,phases   ] GC(5) Concurrent Process Non-Strong References 0.572ms
[12.706s][info][gc,phases   ] GC(5) Concurrent Reset Relocation Set 0.004ms
[12.718s][info][gc,phases   ] GC(5) Concurrent Select Relocation Set 11.775ms
[12.718s][info][gc,phases   ] GC(5) Pause Relocate Start 0.003ms
[12.719s][info][gc,phases   ] GC(5) Concurrent Relocate 0.726ms
[12.719s][info][gc          ] Allocation Stall (ForkJoinPool-1-worker-2) 5980.141ms
[12.719s][info][gc,load     ] GC(5) Load: 1.81/2.40/2.29
[12.719s][info][gc,mmu      ] GC(5) MMU: 2ms/99.0%, 5ms/99.6%, 10ms/99.8%, 20ms/99.9%, 50ms/100.0%, 100ms/100.0%
[12.719s][info][gc,marking  ] GC(5) Mark: 2 stripe(s), 2 proactive flush(es), 1 terminate flush(es), 0 completion(s), 0 continuation(s) 
[12.719s][info][gc,marking  ] GC(5) Mark Stack Usage: 32M
[12.719s][info][gc,nmethod  ] GC(5) NMethods: 416 registered, 0 unregistered
[12.719s][info][gc,metaspace] GC(5) Metaspace: 1M used, 1M committed, 1088M reserved
[12.719s][info][gc,ref      ] GC(5) Soft: 72 encountered, 38 discovered, 0 enqueued
[12.719s][info][gc,ref      ] GC(5) Weak: 264 encountered, 218 discovered, 0 enqueued
[12.719s][info][gc,ref      ] GC(5) Final: 6 encountered, 6 discovered, 0 enqueued
[12.719s][info][gc,ref      ] GC(5) Phantom: 1 encountered, 0 discovered, 0 enqueued
[12.719s][info][gc,reloc    ] GC(5) Small Pages: 6144 / 12288M, Empty: 0M, Relocated: 1M, In-Place: 3
[12.719s][info][gc,reloc    ] GC(5) Medium Pages: 0 / 0M, Empty: 0M, Relocated: 0M, In-Place: 0
[12.719s][info][gc,reloc    ] GC(5) Large Pages: 0 / 0M, Empty: 0M, Relocated: 0M, In-Place: 0
[12.719s][info][gc,reloc    ] GC(5) Forwarding Usage: 0M
[12.719s][info][gc,heap     ] GC(5) Min Capacity: 8M(0%)
[12.719s][info][gc,heap     ] GC(5) Max Capacity: 12288M(100%)
[12.719s][info][gc,heap     ] GC(5) Soft Max Capacity: 12288M(100%)
[12.719s][info][gc,heap     ] GC(5)                Mark Start          Mark End        Relocate Start      Relocate End           High               Low         
[12.719s][info][gc,heap     ] GC(5)  Capacity:    12288M (100%)      12288M (100%)      12288M (100%)      12288M (100%)      12288M (100%)      12288M (100%)   
[12.719s][info][gc,heap     ] GC(5)      Free:        0M (0%)            0M (0%)            0M (0%)            0M (0%)            2M (0%)            0M (0%)     
[12.719s][info][gc,heap     ] GC(5)      Used:    12288M (100%)      12288M (100%)      12288M (100%)      12288M (100%)      12288M (100%)      12286M (100%)   
[12.719s][info][gc,heap     ] GC(5)      Live:         -              9942M (81%)        9942M (81%)        9942M (81%)            -                  -          
[12.719s][info][gc,heap     ] GC(5) Allocated:         -                 0M (0%)            0M (0%)            2M (0%)             -                  -          
[12.719s][info][gc,heap     ] GC(5)   Garbage:         -              2345M (19%)        2345M (19%)        2343M (19%)            -                  -          
[12.719s][info][gc,heap     ] GC(5) Reclaimed:         -                  -                 0M (0%)            2M (0%)             -                  -          
[12.719s][info][gc          ] GC(5) Garbage Collection (Allocation Stall) 12288M(100%)->12288M(100%)
[12.719s][info][gc          ] Allocation Stall (ForkJoinPool-1-worker-3) 5980.159ms
[12.719s][info][gc          ] Allocation Stall (ForkJoinPool-1-worker-5) 5980.145ms
[12.719s][info][gc          ] Allocation Stall (ForkJoinPool-1-worker-4) 5980.175ms
[12.719s][info][gc          ] Allocation Stall (ForkJoinPool-1-worker-10) 5980.257ms
[12.719s][info][gc,start    ] GC(6) Garbage Collection (Allocation Stall)
[12.719s][info][gc,ref      ] GC(6) Clearing All SoftReferences
[12.719s][info][gc,task     ] GC(6) Using 3 workers
[12.719s][info][gc,phases   ] GC(6) Pause Mark Start 0.004ms
[16.187s][info][gc,phases   ] GC(6) Concurrent Mark 3468.046ms
[16.188s][info][gc,phases   ] GC(6) Pause Mark End 0.017ms
[16.188s][info][gc,phases   ] GC(6) Concurrent Mark Free 0.000ms
[16.188s][info][gc,phases   ] GC(6) Concurrent Process Non-Strong References 0.555ms
[16.188s][info][gc,phases   ] GC(6) Concurrent Reset Relocation Set 0.003ms
[16.198s][info][gc,phases   ] GC(6) Concurrent Select Relocation Set 10.116ms
[16.198s][info][gc,phases   ] GC(6) Pause Relocate Start 0.003ms
[16.199s][info][gc,phases   ] GC(6) Concurrent Relocate 0.512ms
[16.199s][info][gc,load     ] GC(6) Load: 1.81/2.40/2.29
[16.199s][info][gc,mmu      ] GC(6) MMU: 2ms/99.0%, 5ms/99.6%, 10ms/99.8%, 20ms/99.9%, 50ms/100.0%, 100ms/100.0%
[16.199s][info][gc,marking  ] GC(6) Mark: 2 stripe(s), 2 proactive flush(es), 1 terminate flush(es), 0 completion(s), 0 continuation(s) 
[16.199s][info][gc,marking  ] GC(6) Mark Stack Usage: 32M
[16.199s][info][gc,nmethod  ] GC(6) NMethods: 416 registered, 0 unregistered
[16.199s][info][gc,metaspace] GC(6) Metaspace: 1M used, 1M committed, 1088M reserved
[16.199s][info][gc,ref      ] GC(6) Soft: 72 encountered, 37 discovered, 0 enqueued
[16.199s][info][gc,ref      ] GC(6) Weak: 264 encountered, 106 discovered, 0 enqueued
[16.199s][info][gc,ref      ] GC(6) Final: 6 encountered, 6 discovered, 0 enqueued
[16.199s][info][gc,ref      ] GC(6) Phantom: 1 encountered, 0 discovered, 0 enqueued
[16.199s][info][gc,reloc    ] GC(6) Small Pages: 6144 / 12288M, Empty: 0M, Relocated: 1M, In-Place: 3
[16.199s][info][gc,reloc    ] GC(6) Medium Pages: 0 / 0M, Empty: 0M, Relocated: 0M, In-Place: 0
[16.199s][info][gc,reloc    ] GC(6) Large Pages: 0 / 0M, Empty: 0M, Relocated: 0M, In-Place: 0
[16.199s][info][gc,reloc    ] GC(6) Forwarding Usage: 0M
[16.199s][info][gc,heap     ] GC(6) Min Capacity: 8M(0%)
[16.199s][info][gc,heap     ] GC(6) Max Capacity: 12288M(100%)
[16.199s][info][gc,heap     ] GC(6) Soft Max Capacity: 12288M(100%)
[16.199s][info][gc,heap     ] GC(6)                Mark Start          Mark End        Relocate Start      Relocate End           High               Low         
[16.199s][info][gc,heap     ] GC(6)  Capacity:    12288M (100%)      12288M (100%)      12288M (100%)      12288M (100%)      12288M (100%)      12288M (100%)   
[16.199s][info][gc,heap     ] GC(6)      Free:        0M (0%)            0M (0%)            0M (0%)            0M (0%)            0M (0%)            0M (0%)     
[16.199s][info][gc,heap     ] GC(6)      Used:    12288M (100%)      12288M (100%)      12288M (100%)      12288M (100%)      12288M (100%)      12288M (100%)   
[16.199s][info][gc,heap     ] GC(6)      Live:         -              9943M (81%)        9943M (81%)        9943M (81%)            -                  -          
[16.199s][info][gc,heap     ] GC(6) Allocated:         -                 0M (0%)            0M (0%)            0M (0%)             -                  -          
[16.199s][info][gc,heap     ] GC(6)   Garbage:         -              2344M (19%)        2344M (19%)        2344M (19%)            -                  -          
[16.199s][info][gc,heap     ] GC(6) Reclaimed:         -                  -                 0M (0%)            0M (0%)             -                  -          
[16.199s][info][gc          ] GC(6) Garbage Collection (Allocation Stall) 12288M(100%)->12288M(100%)
[16.199s][info][gc,start    ] GC(7) Garbage Collection (Allocation Stall)
[16.199s][info][gc          ] Allocation Stall (ForkJoinPool-1-worker-9) 6820.022ms
[16.199s][info][gc,ref      ] GC(7) Clearing All SoftReferences
[16.199s][info][gc,task     ] GC(7) Using 3 workers
[16.199s][info][gc,phases   ] GC(7) Pause Mark Start 0.007ms
[19.648s][info][gc,phases   ] GC(7) Concurrent Mark 3449.385ms
[19.649s][info][gc,phases   ] GC(7) Pause Mark End 0.012ms
[19.649s][info][gc,phases   ] GC(7) Concurrent Mark Free 0.000ms
[19.649s][info][gc,phases   ] GC(7) Concurrent Process Non-Strong References 0.567ms
[19.649s][info][gc,phases   ] GC(7) Concurrent Reset Relocation Set 0.002ms
[19.660s][info][gc,phases   ] GC(7) Concurrent Select Relocation Set 10.931ms
[19.660s][info][gc,phases   ] GC(7) Pause Relocate Start 0.006ms
[19.661s][info][gc,phases   ] GC(7) Concurrent Relocate 0.458ms
[19.661s][info][gc,load     ] GC(7) Load: 1.83/2.40/2.29
[19.661s][info][gc,mmu      ] GC(7) MMU: 2ms/99.0%, 5ms/99.6%, 10ms/99.8%, 20ms/99.9%, 50ms/99.9%, 100ms/100.0%
[19.661s][info][gc,marking  ] GC(7) Mark: 2 stripe(s), 2 proactive flush(es), 1 terminate flush(es), 0 completion(s), 0 continuation(s) 
[19.661s][info][gc,marking  ] GC(7) Mark Stack Usage: 32M
[19.661s][info][gc,nmethod  ] GC(7) NMethods: 416 registered, 0 unregistered
[19.661s][info][gc,metaspace] GC(7) Metaspace: 1M used, 1M committed, 1088M reserved
[19.661s][info][gc,ref      ] GC(7) Soft: 72 encountered, 33 discovered, 0 enqueued
[19.661s][info][gc,ref      ] GC(7) Weak: 264 encountered, 107 discovered, 0 enqueued
[19.661s][info][gc,ref      ] GC(7) Final: 6 encountered, 3 discovered, 0 enqueued
[19.661s][info][gc,ref      ] GC(7) Phantom: 1 encountered, 0 discovered, 0 enqueued
[19.661s][info][gc,reloc    ] GC(7) Small Pages: 6144 / 12288M, Empty: 0M, Relocated: 1M, In-Place: 3
[19.661s][info][gc,reloc    ] GC(7) Medium Pages: 0 / 0M, Empty: 0M, Relocated: 0M, In-Place: 0
[19.661s][info][gc,reloc    ] GC(7) Large Pages: 0 / 0M, Empty: 0M, Relocated: 0M, In-Place: 0
[19.661s][info][gc,reloc    ] GC(7) Forwarding Usage: 0M
[19.661s][info][gc,heap     ] GC(7) Min Capacity: 8M(0%)
[19.661s][info][gc,heap     ] GC(7) Max Capacity: 12288M(100%)
[19.661s][info][gc,heap     ] GC(7) Soft Max Capacity: 12288M(100%)
[19.661s][info][gc,heap     ] GC(7)                Mark Start          Mark End        Relocate Start      Relocate End           High               Low         
[19.661s][info][gc,heap     ] GC(7)  Capacity:    12288M (100%)      12288M (100%)      12288M (100%)      12288M (100%)      12288M (100%)      12288M (100%)   
[19.661s][info][gc,heap     ] GC(7)      Free:        0M (0%)            0M (0%)            0M (0%)            0M (0%)            0M (0%)            0M (0%)     
[19.661s][info][gc,heap     ] GC(7)      Used:    12288M (100%)      12288M (100%)      12288M (100%)      12288M (100%)      12288M (100%)      12288M (100%)   
[19.661s][info][gc,heap     ] GC(7)      Live:         -              9943M (81%)        9943M (81%)        9943M (81%)            -                  -          
[19.661s][info][gc,heap     ] GC(7) Allocated:         -                 0M (0%)            0M (0%)            0M (0%)             -                  -          
[19.661s][info][gc,heap     ] GC(7)   Garbage:         -              2344M (19%)        2344M (19%)        2344M (19%)            -                  -          
[19.661s][info][gc,heap     ] GC(7) Reclaimed:         -                  -                 0M (0%)            0M (0%)             -                  -          
[19.661s][info][gc          ] GC(7) Garbage Collection (Allocation Stall) 12288M(100%)->12288M(100%)
[19.661s][info][gc          ] Allocation Stall (ForkJoinPool-1-worker-10) 6941.681ms
[19.661s][info][gc          ] Allocation Stall (ForkJoinPool-1-worker-2) 6941.700ms
[19.661s][info][gc          ] Allocation Stall (ForkJoinPool-1-worker-3) 6941.709ms
[19.661s][info][gc          ] Allocation Stall (ForkJoinPool-1-worker-5) 6941.710ms
[19.661s][info][gc          ] Allocation Stall (ForkJoinPool-1-worker-4) 6941.710ms
[19.661s][info][gc,start    ] GC(8) Garbage Collection (Allocation Stall)
[19.661s][info][gc          ] Allocation Stall (ForkJoinPool-1-worker-9) 3461.767ms
[19.661s][info][gc,ref      ] GC(8) Clearing All SoftReferences
[19.661s][info][gc          ] Out Of Memory (ForkJoinPool-1-worker-9)
[19.661s][info][gc,task     ] GC(8) Using 3 workers
[19.661s][info][gc,phases   ] GC(8) Pause Mark Start 0.007ms
[20.037s][info][gc,stats    ] === Garbage Collection Statistics =======================================================================================================================
[20.037s][info][gc,stats    ]                                                              Last 10s              Last 10m              Last 10h                Total
[20.037s][info][gc,stats    ]                                                              Avg / Max             Avg / Max             Avg / Max             Avg / Max
[20.037s][info][gc,stats    ]   Collector: Garbage Collection Cycle                   3427.113 / 3479.967   1986.609 / 3479.967   1986.609 / 3479.967   1986.609 / 3479.967    ms
[20.037s][info][gc,stats    ]  Contention: Mark Segment Reset Contention                   224 / 281             189 / 294             189 / 294             189 / 294         ops/s
[20.037s][info][gc,stats    ]  Contention: Mark SeqNum Reset Contention                      0 / 1                 0 / 1                 0 / 1                 0 / 1           ops/s
[20.037s][info][gc,stats    ]    Critical: Allocation Stall                                  1 / 6                 1 / 10                1 / 10                1 / 10          ops/s
[20.037s][info][gc,stats    ]    Critical: Allocation Stall                           6240.931 / 6941.710   3985.606 / 6941.710   3985.606 / 6941.710   3985.606 / 6941.710    ms
[20.037s][info][gc,stats    ]    Critical: GC Locker Stall                                   0 / 0                 0 / 0                 0 / 0                 0 / 0           ops/s
[20.037s][info][gc,stats    ]    Critical: GC Locker Stall                               0.000 / 0.000         0.000 / 0.000         0.000 / 0.000         0.000 / 0.000       ms
[20.037s][info][gc,stats    ]    Critical: Relocation Stall                                  0 / 0                 0 / 0                 0 / 0                 0 / 0           ops/s
[20.037s][info][gc,stats    ]    Critical: Relocation Stall                              0.000 / 0.000         0.000 / 0.000         0.000 / 0.000         0.000 / 0.000       ms
[20.037s][info][gc,stats    ]      Memory: Allocation Rate                                   0 / 2               755 / 4858            755 / 4858            755 / 4858        MB/s
[20.037s][info][gc,stats    ]      Memory: Out Of Memory                                     0 / 1                 0 / 1                 0 / 1                 0 / 1           ops/s
[20.037s][info][gc,stats    ]      Memory: Page Cache Flush                                  0 / 0                 0 / 0                 0 / 0                 0 / 0           MB/s
[20.037s][info][gc,stats    ]      Memory: Page Cache Hit L1                                 0 / 1                64 / 912              64 / 912              64 / 912         ops/s
[20.037s][info][gc,stats    ]      Memory: Page Cache Hit L2                                 0 / 0                 0 / 0                 0 / 0                 0 / 0           ops/s
[20.037s][info][gc,stats    ]      Memory: Page Cache Hit L3                                 0 / 0                 7 / 139               7 / 139               7 / 139         ops/s
[20.037s][info][gc,stats    ]      Memory: Page Cache Miss                                   0 / 0               300 / 1517            300 / 1517            300 / 1517        ops/s
[20.037s][info][gc,stats    ]      Memory: Uncommit                                          0 / 0                 0 / 0                 0 / 0                 0 / 0           MB/s
[20.037s][info][gc,stats    ]      Memory: Undo Object Allocation Failed                     0 / 0                 0 / 0                 0 / 0                 0 / 0           ops/s
[20.037s][info][gc,stats    ]      Memory: Undo Object Allocation Succeeded                  0 / 0                 0 / 0                 0 / 0                 0 / 0           ops/s
[20.037s][info][gc,stats    ]      Memory: Undo Page Allocation                              0 / 0                56 / 913              56 / 913              56 / 913         ops/s
[20.037s][info][gc,stats    ]       Phase: Concurrent Mark                            3414.627 / 3468.046   1973.965 / 3468.046   1973.965 / 3468.046   1973.965 / 3468.046    ms
[20.037s][info][gc,stats    ]       Phase: Concurrent Mark Continue                      0.000 / 0.000         0.000 / 0.000         0.000 / 0.000         0.000 / 0.000       ms
[20.037s][info][gc,stats    ]       Phase: Concurrent Mark Free                          0.000 / 0.000         2.295 / 18.361        2.295 / 18.361        2.295 / 18.361      ms
[20.037s][info][gc,stats    ]       Phase: Concurrent Process Non-Strong References      0.564 / 0.572         0.651 / 2.122         0.651 / 2.122         0.651 / 2.122       ms
[20.037s][info][gc,stats    ]       Phase: Concurrent Relocate                           0.565 / 0.726         2.187 / 13.200        2.187 / 13.200        2.187 / 13.200      ms
[20.037s][info][gc,stats    ]       Phase: Concurrent Reset Relocation Set               0.003 / 0.004         0.007 / 0.043         0.007 / 0.043         0.007 / 0.043       ms
[20.037s][info][gc,stats    ]       Phase: Concurrent Select Relocation Set             10.941 / 11.775        6.952 / 13.134        6.952 / 13.134        6.952 / 13.134      ms
[20.037s][info][gc,stats    ]       Phase: Pause Mark End                                0.016 / 0.018         0.011 / 0.018         0.011 / 0.018         0.011 / 0.018       ms
[20.037s][info][gc,stats    ]       Phase: Pause Mark Start                              0.006 / 0.007         0.006 / 0.020         0.006 / 0.020         0.006 / 0.020       ms
[20.037s][info][gc,stats    ]       Phase: Pause Relocate Start                          0.004 / 0.006         0.004 / 0.006         0.004 / 0.006         0.004 / 0.006       ms
[20.037s][info][gc,stats    ]    Subphase: Concurrent Classes Purge                      0.014 / 0.016         0.017 / 0.044         0.017 / 0.044         0.017 / 0.044       ms
[20.037s][info][gc,stats    ]    Subphase: Concurrent Classes Unlink                     0.486 / 0.494         0.544 / 1.895         0.544 / 1.895         0.544 / 1.895       ms
[20.037s][info][gc,stats    ]    Subphase: Concurrent Mark                            3413.555 / 3467.379   1972.186 / 3467.379   1972.186 / 3467.379   1972.186 / 3467.379    ms
[20.037s][info][gc,stats    ]    Subphase: Concurrent Mark Try Flush                     0.055 / 0.177         0.041 / 0.177         0.041 / 0.177         0.041 / 0.177       ms
[20.037s][info][gc,stats    ]    Subphase: Concurrent Mark Try Terminate                 0.820 / 1.273         0.829 / 1.280         0.829 / 1.280         0.829 / 1.280       ms
[20.037s][info][gc,stats    ]    Subphase: Concurrent References Enqueue                 0.003 / 0.004         0.002 / 0.004         0.002 / 0.004         0.002 / 0.004       ms
[20.037s][info][gc,stats    ]    Subphase: Concurrent References Process                 0.023 / 0.027         0.040 / 0.126         0.040 / 0.126         0.040 / 0.126       ms
[20.037s][info][gc,stats    ]    Subphase: Concurrent Roots ClassLoaderDataGraph         0.009 / 0.024         0.015 / 0.061         0.015 / 0.061         0.015 / 0.061       ms
[20.037s][info][gc,stats    ]    Subphase: Concurrent Roots CodeCache                    0.000 / 0.000         0.000 / 0.000         0.000 / 0.000         0.000 / 0.000       ms
[20.037s][info][gc,stats    ]    Subphase: Concurrent Roots JavaThreads                  0.525 / 0.651         0.499 / 3.438         0.499 / 3.438         0.499 / 3.438       ms
[20.037s][info][gc,stats    ]    Subphase: Concurrent Roots OopStorageSet                0.002 / 0.006         0.015 / 0.158         0.015 / 0.158         0.015 / 0.158       ms
[20.037s][info][gc,stats    ]    Subphase: Concurrent Weak Roots OopStorageSet           0.014 / 0.017         0.021 / 0.037         0.021 / 0.037         0.021 / 0.037       ms
[20.037s][info][gc,stats    ]    Subphase: Pause Mark Try Complete                       0.000 / 0.000         0.000 / 0.000         0.000 / 0.000         0.000 / 0.000       ms
[20.037s][info][gc,stats    ]      System: Java Threads                                     23 / 23               19 / 23               19 / 23               19 / 23          threads
[20.037s][info][gc,stats    ] =========================================================================================================================================================
[23.126s][info][gc,phases   ] GC(8) Concurrent Mark 3465.495ms
[23.127s][info][gc,phases   ] GC(8) Pause Mark End 0.017ms
[23.127s][info][gc,phases   ] GC(8) Concurrent Mark Free 0.000ms
[23.128s][info][gc,phases   ] GC(8) Concurrent Process Non-Strong References 0.585ms
[23.128s][info][gc,phases   ] GC(8) Concurrent Reset Relocation Set 0.008ms
[23.138s][info][gc,phases   ] GC(8) Concurrent Select Relocation Set 10.875ms
[23.138s][info][gc,phases   ] GC(8) Pause Relocate Start 0.003ms
[23.139s][info][gc,phases   ] GC(8) Concurrent Relocate 0.441ms
[23.139s][info][gc,load     ] GC(8) Load: 1.92/2.41/2.29
[23.139s][info][gc,mmu      ] GC(8) MMU: 2ms/99.0%, 5ms/99.6%, 10ms/99.8%, 20ms/99.9%, 50ms/99.9%, 100ms/100.0%
[23.139s][info][gc,marking  ] GC(8) Mark: 2 stripe(s), 5 proactive flush(es), 1 terminate flush(es), 0 completion(s), 0 continuation(s) 
[23.139s][info][gc,marking  ] GC(8) Mark Stack Usage: 32M
[23.139s][info][gc,nmethod  ] GC(8) NMethods: 416 registered, 0 unregistered
[23.139s][info][gc,metaspace] GC(8) Metaspace: 1M used, 1M committed, 1088M reserved
[23.139s][info][gc,ref      ] GC(8) Soft: 72 encountered, 38 discovered, 0 enqueued
[23.139s][info][gc,ref      ] GC(8) Weak: 264 encountered, 202 discovered, 0 enqueued
[23.139s][info][gc,ref      ] GC(8) Final: 6 encountered, 6 discovered, 0 enqueued
[23.139s][info][gc,ref      ] GC(8) Phantom: 1 encountered, 0 discovered, 0 enqueued
[23.139s][info][gc,reloc    ] GC(8) Small Pages: 6144 / 12288M, Empty: 0M, Relocated: 1M, In-Place: 3
[23.139s][info][gc,reloc    ] GC(8) Medium Pages: 0 / 0M, Empty: 0M, Relocated: 0M, In-Place: 0
[23.139s][info][gc,reloc    ] GC(8) Large Pages: 0 / 0M, Empty: 0M, Relocated: 0M, In-Place: 0
[23.139s][info][gc,reloc    ] GC(8) Forwarding Usage: 0M
[23.139s][info][gc,heap     ] GC(8) Min Capacity: 8M(0%)
[23.139s][info][gc,heap     ] GC(8) Max Capacity: 12288M(100%)
[23.139s][info][gc,heap     ] GC(8) Soft Max Capacity: 12288M(100%)
[23.139s][info][gc,heap     ] GC(8)                Mark Start          Mark End        Relocate Start      Relocate End           High               Low         
[23.139s][info][gc,heap     ] GC(8)  Capacity:    12288M (100%)      12288M (100%)      12288M (100%)      12288M (100%)      12288M (100%)      12288M (100%)   
[23.139s][info][gc,heap     ] GC(8)      Free:        0M (0%)            0M (0%)            0M (0%)            0M (0%)            0M (0%)            0M (0%)     
[23.139s][info][gc,heap     ] GC(8)      Used:    12288M (100%)      12288M (100%)      12288M (100%)      12288M (100%)      12288M (100%)      12288M (100%)   
[23.139s][info][gc,heap     ] GC(8)      Live:         -              9943M (81%)        9943M (81%)        9943M (81%)            -                  -          
[23.139s][info][gc,heap     ] GC(8) Allocated:         -                 0M (0%)            0M (0%)            0M (0%)             -                  -          
[23.139s][info][gc,heap     ] GC(8)   Garbage:         -              2344M (19%)        2344M (19%)        2344M (19%)            -                  -          
[23.139s][info][gc,heap     ] GC(8) Reclaimed:         -                  -                 0M (0%)            0M (0%)             -                  -          
[23.139s][info][gc          ] GC(8) Garbage Collection (Allocation Stall) 12288M(100%)->12288M(100%)
[23.139s][info][gc          ] Allocation Stall (ForkJoinPool-1-worker-10) 3478.246ms
[23.139s][info][gc          ] Allocation Stall (ForkJoinPool-1-worker-2) 3478.235ms
[23.139s][info][gc          ] Allocation Stall (ForkJoinPool-1-worker-3) 3478.231ms
[23.139s][info][gc          ] Allocation Stall (ForkJoinPool-1-worker-5) 3478.224ms
[23.139s][info][gc          ] Allocation Stall (ForkJoinPool-1-worker-4) 3478.212ms
[23.139s][info][gc          ] Out Of Memory (ForkJoinPool-1-worker-10)
[23.139s][info][gc          ] Out Of Memory (ForkJoinPool-1-worker-2)
[23.139s][info][gc          ] Out Of Memory (ForkJoinPool-1-worker-3)
[23.139s][info][gc          ] Out Of Memory (ForkJoinPool-1-worker-5)
[23.139s][info][gc,start    ] GC(9) Garbage Collection (Allocation Stall)
[23.139s][info][gc          ] Out Of Memory (ForkJoinPool-1-worker-4)
[23.139s][info][gc,ref      ] GC(9) Clearing All SoftReferences
[23.139s][info][gc,task     ] GC(9) Using 3 workers
[23.139s][info][gc,phases   ] GC(9) Pause Mark Start 0.005ms
[26.555s][info][gc,phases   ] GC(9) Concurrent Mark 3416.136ms
[26.556s][info][gc,phases   ] GC(9) Pause Mark End 0.012ms
[26.556s][info][gc,phases   ] GC(9) Concurrent Mark Free 0.000ms
[26.556s][info][gc,phases   ] GC(9) Concurrent Process Non-Strong References 0.532ms
[26.556s][info][gc,phases   ] GC(9) Concurrent Reset Relocation Set 0.003ms
[26.568s][info][gc,phases   ] GC(9) Concurrent Select Relocation Set 11.561ms
[26.568s][info][gc,phases   ] GC(9) Pause Relocate Start 0.005ms
[26.568s][info][gc,phases   ] GC(9) Concurrent Relocate 0.394ms
[26.568s][info][gc,load     ] GC(9) Load: 1.92/2.41/2.29
[26.568s][info][gc,mmu      ] GC(9) MMU: 2ms/99.0%, 5ms/99.6%, 10ms/99.8%, 20ms/99.9%, 50ms/99.9%, 100ms/100.0%
[26.568s][info][gc,marking  ] GC(9) Mark: 2 stripe(s), 2 proactive flush(es), 1 terminate flush(es), 0 completion(s), 0 continuation(s) 
[26.568s][info][gc,marking  ] GC(9) Mark Stack Usage: 32M
[26.568s][info][gc,nmethod  ] GC(9) NMethods: 416 registered, 0 unregistered
[26.568s][info][gc,metaspace] GC(9) Metaspace: 1M used, 1M committed, 1088M reserved
[26.568s][info][gc,ref      ] GC(9) Soft: 72 encountered, 43 discovered, 0 enqueued
[26.568s][info][gc,ref      ] GC(9) Weak: 264 encountered, 199 discovered, 0 enqueued
[26.568s][info][gc,ref      ] GC(9) Final: 6 encountered, 6 discovered, 0 enqueued
[26.568s][info][gc,ref      ] GC(9) Phantom: 1 encountered, 0 discovered, 0 enqueued
[26.568s][info][gc,reloc    ] GC(9) Small Pages: 6144 / 12288M, Empty: 0M, Relocated: 1M, In-Place: 3
[26.568s][info][gc,reloc    ] GC(9) Medium Pages: 0 / 0M, Empty: 0M, Relocated: 0M, In-Place: 0
[26.568s][info][gc,reloc    ] GC(9) Large Pages: 0 / 0M, Empty: 0M, Relocated: 0M, In-Place: 0
[26.568s][info][gc,reloc    ] GC(9) Forwarding Usage: 0M
[26.568s][info][gc,heap     ] GC(9) Min Capacity: 8M(0%)
[26.568s][info][gc,heap     ] GC(9) Max Capacity: 12288M(100%)
[26.568s][info][gc,heap     ] GC(9) Soft Max Capacity: 12288M(100%)
[26.568s][info][gc,heap     ] GC(9)                Mark Start          Mark End        Relocate Start      Relocate End           High               Low         
[26.568s][info][gc,heap     ] GC(9)  Capacity:    12288M (100%)      12288M (100%)      12288M (100%)      12288M (100%)      12288M (100%)      12288M (100%)   
[26.568s][info][gc,heap     ] GC(9)      Free:        0M (0%)            0M (0%)            0M (0%)            0M (0%)            0M (0%)            0M (0%)     
[26.568s][info][gc,heap     ] GC(9)      Used:    12288M (100%)      12288M (100%)      12288M (100%)      12288M (100%)      12288M (100%)      12288M (100%)   
[26.568s][info][gc,heap     ] GC(9)      Live:         -              9943M (81%)        9943M (81%)        9943M (81%)            -                  -          
[26.568s][info][gc,heap     ] GC(9) Allocated:         -                 0M (0%)            0M (0%)            0M (0%)             -                  -          
[26.568s][info][gc,heap     ] GC(9)   Garbage:         -              2344M (19%)        2344M (19%)        2344M (19%)            -                  -          
[26.568s][info][gc,heap     ] GC(9) Reclaimed:         -                  -                 0M (0%)            0M (0%)             -                  -          
[26.568s][info][gc          ] GC(9) Garbage Collection (Allocation Stall) 12288M(100%)->12288M(100%)
[26.568s][info][gc          ] Allocation Stall (ForkJoinPool-1-worker-9) 6907.194ms
[26.568s][info][gc          ] Allocation Stall (ForkJoinPool-1-worker-4) 3429.030ms
[26.568s][info][gc,start    ] GC(10) Garbage Collection (Allocation Stall)
[26.568s][info][gc,ref      ] GC(10) Clearing All SoftReferences
[26.568s][info][gc,task     ] GC(10) Using 3 workers
[26.568s][info][gc,phases   ] GC(10) Pause Mark Start 0.007ms
[30.037s][info][gc,phases   ] GC(10) Concurrent Mark 3469.010ms
[30.038s][info][gc,stats    ] === Garbage Collection Statistics =======================================================================================================================
[30.038s][info][gc,phases   ] GC(10) Pause Mark End 0.015ms
[30.038s][info][gc,stats    ]                                                              Last 10s              Last 10m              Last 10h                Total
[30.038s][info][gc,stats    ]                                                              Avg / Max             Avg / Max             Avg / Max             Avg / Max
[30.038s][info][gc,phases   ] GC(10) Concurrent Mark Free 0.000ms
[30.038s][info][gc,stats    ]   Collector: Garbage Collection Cycle                   3453.556 / 3478.086   2279.999 / 3479.967   2279.999 / 3479.967   2279.999 / 3479.967    ms
[30.038s][info][gc,stats    ]  Contention: Mark Segment Reset Contention                   227 / 327             201 / 327             201 / 327             201 / 327         ops/s
[30.038s][info][gc,stats    ]  Contention: Mark SeqNum Reset Contention                      0 / 1                 0 / 1                 0 / 1                 0 / 1           ops/s
[30.038s][info][gc,stats    ]    Critical: Allocation Stall                                  0 / 5                 1 / 10                1 / 10                1 / 10          ops/s
[30.038s][info][gc,stats    ]    Critical: Allocation Stall                           3961.053 / 6907.194   3979.877 / 6941.710   3979.877 / 6941.710   3979.877 / 6941.710    ms
[30.038s][info][gc,stats    ]    Critical: GC Locker Stall                                   0 / 0                 0 / 0                 0 / 0                 0 / 0           ops/s
[30.038s][info][gc,stats    ]    Critical: GC Locker Stall                               0.000 / 0.000         0.000 / 0.000         0.000 / 0.000         0.000 / 0.000       ms
[30.038s][info][gc,stats    ]    Critical: Relocation Stall                                  0 / 0                 0 / 0                 0 / 0                 0 / 0           ops/s
[30.038s][info][gc,stats    ]    Critical: Relocation Stall                              0.000 / 0.000         0.000 / 0.000         0.000 / 0.000         0.000 / 0.000       ms
[30.038s][info][gc,stats    ]      Memory: Allocation Rate                                   0 / 0               503 / 4858            503 / 4858            503 / 4858        MB/s
[30.038s][info][gc,stats    ]      Memory: Out Of Memory                                     0 / 5                 0 / 5                 0 / 5                 0 / 5           ops/s
[30.038s][info][gc,stats    ]      Memory: Page Cache Flush                                  0 / 0                 0 / 0                 0 / 0                 0 / 0           MB/s
[30.038s][info][gc,stats    ]      Memory: Page Cache Hit L1                                 0 / 0                42 / 912              42 / 912              42 / 912         ops/s
[30.038s][info][gc,stats    ]      Memory: Page Cache Hit L2                                 0 / 0                 0 / 0                 0 / 0                 0 / 0           ops/s
[30.038s][info][gc,stats    ]      Memory: Page Cache Hit L3                                 0 / 0                 4 / 139               4 / 139               4 / 139         ops/s
[30.038s][info][gc,stats    ]      Memory: Page Cache Miss                                   0 / 0               200 / 1517            200 / 1517            200 / 1517        ops/s
[30.038s][info][gc,stats    ]      Memory: Uncommit                                          0 / 0                 0 / 0                 0 / 0                 0 / 0           MB/s
[30.038s][info][gc,stats    ]      Memory: Undo Object Allocation Failed                     0 / 0                 0 / 0                 0 / 0                 0 / 0           ops/s
[30.038s][info][gc,stats    ]      Memory: Undo Object Allocation Succeeded                  0 / 0                 0 / 0                 0 / 0                 0 / 0           ops/s
[30.038s][info][gc,stats    ]      Memory: Undo Page Allocation                              0 / 0                37 / 913              37 / 913              37 / 913         ops/s
[30.038s][info][gc,stats    ]       Phase: Concurrent Mark                            3450.214 / 3469.010   2376.578 / 3469.010   2376.578 / 3469.010   2376.578 / 3469.010    ms
[30.038s][info][gc,stats    ]       Phase: Concurrent Mark Continue                      0.000 / 0.000         0.000 / 0.000         0.000 / 0.000         0.000 / 0.000       ms
[30.038s][info][gc,stats    ]       Phase: Concurrent Mark Free                          0.000 / 0.000         1.836 / 18.361        1.836 / 18.361        1.836 / 18.361      ms
[30.038s][info][gc,stats    ]       Phase: Concurrent Process Non-Strong References      0.558 / 0.585         0.632 / 2.122         0.632 / 2.122         0.632 / 2.122       ms
[30.038s][info][gc,stats    ]       Phase: Concurrent Relocate                           0.418 / 0.441         1.833 / 13.200        1.833 / 13.200        1.833 / 13.200      ms
[30.038s][info][gc,stats    ]       Phase: Concurrent Reset Relocation Set               0.005 / 0.008         0.007 / 0.043         0.007 / 0.043         0.007 / 0.043       ms
[30.038s][info][gc,stats    ]       Phase: Concurrent Select Relocation Set             11.218 / 11.561        7.805 / 13.134        7.805 / 13.134        7.805 / 13.134      ms
[30.038s][info][gc,stats    ]       Phase: Pause Mark End                                0.015 / 0.017         0.012 / 0.018         0.012 / 0.018         0.012 / 0.018       ms
[30.038s][info][gc,stats    ]       Phase: Pause Mark Start                              0.006 / 0.007         0.006 / 0.020         0.006 / 0.020         0.006 / 0.020       ms
[30.038s][info][gc,stats    ]       Phase: Pause Relocate Start                          0.004 / 0.005         0.004 / 0.006         0.004 / 0.006         0.004 / 0.006       ms
[30.038s][info][gc,stats    ]    Subphase: Concurrent Classes Purge                      0.012 / 0.012         0.016 / 0.044         0.016 / 0.044         0.016 / 0.044       ms
[30.038s][info][gc,stats    ]    Subphase: Concurrent Classes Unlink                     0.475 / 0.504         0.530 / 1.895         0.530 / 1.895         0.530 / 1.895       ms
[30.038s][info][gc,stats    ]    Subphase: Concurrent Mark                            3449.150 / 3468.319   2374.994 / 3468.319   2374.994 / 3468.319   2374.994 / 3468.319    ms
[30.038s][info][gc,stats    ]    Subphase: Concurrent Mark Try Flush                     0.062 / 0.233         0.048 / 0.233         0.048 / 0.233         0.048 / 0.233       ms
[30.038s][info][gc,stats    ]    Subphase: Concurrent Mark Try Terminate                 0.791 / 1.278         0.819 / 1.280         0.819 / 1.280         0.819 / 1.280       ms
[30.038s][info][gc,stats    ]    Subphase: Concurrent References Enqueue                 0.003 / 0.003         0.002 / 0.004         0.002 / 0.004         0.002 / 0.004       ms
[30.038s][info][gc,stats    ]    Subphase: Concurrent References Process                 0.026 / 0.027         0.037 / 0.126         0.037 / 0.126         0.037 / 0.126       ms
[30.038s][info][gc,stats    ]    Subphase: Concurrent Roots ClassLoaderDataGraph         0.011 / 0.023         0.014 / 0.061         0.014 / 0.061         0.014 / 0.061       ms
[30.038s][info][gc,stats    ]    Subphase: Concurrent Roots CodeCache                    0.000 / 0.000         0.000 / 0.000         0.000 / 0.000         0.000 / 0.000       ms
[30.038s][info][gc,stats    ]    Subphase: Concurrent Roots JavaThreads                  0.475 / 0.603         0.495 / 3.438         0.495 / 3.438         0.495 / 3.438       ms
[30.038s][info][gc,stats    ]    Subphase: Concurrent Roots OopStorageSet                0.006 / 0.020         0.014 / 0.158         0.014 / 0.158         0.014 / 0.158       ms
[30.038s][info][gc,stats    ]    Subphase: Concurrent Weak Roots OopStorageSet           0.016 / 0.021         0.020 / 0.037         0.020 / 0.037         0.020 / 0.037       ms
[30.038s][info][gc,stats    ]    Subphase: Pause Mark Try Complete                       0.000 / 0.000         0.000 / 0.000         0.000 / 0.000         0.000 / 0.000       ms
[30.038s][info][gc,stats    ]      System: Java Threads                                     23 / 23               20 / 23               20 / 23               20 / 23          threads
[30.038s][info][gc,stats    ] =========================================================================================================================================================
[30.038s][info][gc,phases   ] GC(10) Concurrent Process Non-Strong References 0.561ms
[30.038s][info][gc,phases   ] GC(10) Concurrent Reset Relocation Set 0.003ms
[30.046s][info][gc,phases   ] GC(10) Concurrent Select Relocation Set 7.817ms
[30.046s][info][gc,phases   ] GC(10) Pause Relocate Start 0.004ms
[30.047s][info][gc,phases   ] GC(10) Concurrent Relocate 0.409ms
[30.047s][info][gc,load     ] GC(10) Load: 2.17/2.45/2.31
[30.047s][info][gc,mmu      ] GC(10) MMU: 2ms/99.0%, 5ms/99.6%, 10ms/99.8%, 20ms/99.9%, 50ms/99.9%, 100ms/100.0%
[30.047s][info][gc,marking  ] GC(10) Mark: 2 stripe(s), 2 proactive flush(es), 1 terminate flush(es), 0 completion(s), 0 continuation(s) 
[30.047s][info][gc,marking  ] GC(10) Mark Stack Usage: 32M
[30.047s][info][gc,nmethod  ] GC(10) NMethods: 416 registered, 0 unregistered
[30.047s][info][gc,metaspace] GC(10) Metaspace: 1M used, 1M committed, 1088M reserved
[30.047s][info][gc,ref      ] GC(10) Soft: 72 encountered, 31 discovered, 0 enqueued
[30.047s][info][gc,ref      ] GC(10) Weak: 264 encountered, 190 discovered, 0 enqueued
[30.047s][info][gc,ref      ] GC(10) Final: 6 encountered, 6 discovered, 0 enqueued
[30.047s][info][gc,ref      ] GC(10) Phantom: 1 encountered, 0 discovered, 0 enqueued
[30.047s][info][gc,reloc    ] GC(10) Small Pages: 6144 / 12288M, Empty: 0M, Relocated: 1M, In-Place: 3
[30.047s][info][gc,reloc    ] GC(10) Medium Pages: 0 / 0M, Empty: 0M, Relocated: 0M, In-Place: 0
[30.047s][info][gc,reloc    ] GC(10) Large Pages: 0 / 0M, Empty: 0M, Relocated: 0M, In-Place: 0
[30.047s][info][gc,reloc    ] GC(10) Forwarding Usage: 0M
[30.047s][info][gc,heap     ] GC(10) Min Capacity: 8M(0%)
[30.047s][info][gc,heap     ] GC(10) Max Capacity: 12288M(100%)
[30.047s][info][gc,heap     ] GC(10) Soft Max Capacity: 12288M(100%)
[30.047s][info][gc,heap     ] GC(10)                Mark Start          Mark End        Relocate Start      Relocate End           High               Low         
[30.047s][info][gc,heap     ] GC(10)  Capacity:    12288M (100%)      12288M (100%)      12288M (100%)      12288M (100%)      12288M (100%)      12288M (100%)   
[30.047s][info][gc,heap     ] GC(10)      Free:        0M (0%)            0M (0%)            0M (0%)            0M (0%)            0M (0%)            0M (0%)     
[30.047s][info][gc,heap     ] GC(10)      Used:    12288M (100%)      12288M (100%)      12288M (100%)      12288M (100%)      12288M (100%)      12288M (100%)   
[30.047s][info][gc,heap     ] GC(10)      Live:         -              9943M (81%)        9943M (81%)        9943M (81%)            -                  -          
[30.047s][info][gc,heap     ] GC(10) Allocated:         -                 0M (0%)            0M (0%)            0M (0%)             -                  -          
[30.047s][info][gc,heap     ] GC(10)   Garbage:         -              2344M (19%)        2344M (19%)        2344M (19%)            -                  -          
[30.047s][info][gc,heap     ] GC(10) Reclaimed:         -                  -                 0M (0%)            0M (0%)             -                  -          
[30.047s][info][gc          ] GC(10) Garbage Collection (Allocation Stall) 12288M(100%)->12288M(100%)
[30.047s][info][gc          ] Allocation Stall (ForkJoinPool-1-worker-2) 6907.470ms
[30.047s][info][gc          ] Allocation Stall (ForkJoinPool-1-worker-3) 6907.486ms
[30.047s][info][gc          ] Allocation Stall (ForkJoinPool-1-worker-5) 6907.476ms
[30.047s][info][gc          ] Allocation Stall (ForkJoinPool-1-worker-10) 6907.493ms
[30.047s][info][gc          ] Allocation Stall (ForkJoinPool-1-worker-9) 3478.563ms
[30.047s][info][gc,start    ] GC(11) Garbage Collection (Allocation Stall)
[30.047s][info][gc          ] Allocation Stall (ForkJoinPool-1-worker-4) 3478.584ms
[30.047s][info][gc          ] Out Of Memory (ForkJoinPool-1-worker-9)
[30.047s][info][gc,ref      ] GC(11) Clearing All SoftReferences
[30.047s][info][gc          ] Out Of Memory (ForkJoinPool-1-worker-4)
[30.047s][info][gc,task     ] GC(11) Using 3 workers
[30.047s][info][gc,phases   ] GC(11) Pause Mark Start 0.005ms
[33.565s][info][gc,phases   ] GC(11) Concurrent Mark 3518.019ms
[33.565s][info][gc,phases   ] GC(11) Pause Mark End 0.014ms
[33.565s][info][gc,phases   ] GC(11) Concurrent Mark Free 0.000ms
[33.566s][info][gc,phases   ] GC(11) Concurrent Process Non-Strong References 0.570ms
[33.566s][info][gc,phases   ] GC(11) Concurrent Reset Relocation Set 0.002ms
[33.574s][info][gc,phases   ] GC(11) Concurrent Select Relocation Set 8.187ms
[33.574s][info][gc,phases   ] GC(11) Pause Relocate Start 0.003ms
[33.574s][info][gc,phases   ] GC(11) Concurrent Relocate 0.392ms
[33.574s][info][gc,load     ] GC(11) Load: 2.23/2.46/2.31
[33.574s][info][gc,mmu      ] GC(11) MMU: 2ms/99.0%, 5ms/99.6%, 10ms/99.8%, 20ms/99.9%, 50ms/99.9%, 100ms/100.0%
[33.574s][info][gc,marking  ] GC(11) Mark: 2 stripe(s), 2 proactive flush(es), 1 terminate flush(es), 0 completion(s), 0 continuation(s) 
[33.574s][info][gc,marking  ] GC(11) Mark Stack Usage: 32M
[33.574s][info][gc,nmethod  ] GC(11) NMethods: 416 registered, 0 unregistered
[33.574s][info][gc,metaspace] GC(11) Metaspace: 1M used, 1M committed, 1088M reserved
[33.574s][info][gc,ref      ] GC(11) Soft: 72 encountered, 41 discovered, 0 enqueued
[33.574s][info][gc,ref      ] GC(11) Weak: 264 encountered, 192 discovered, 0 enqueued
[33.574s][info][gc,ref      ] GC(11) Final: 6 encountered, 5 discovered, 0 enqueued
[33.574s][info][gc,ref      ] GC(11) Phantom: 1 encountered, 0 discovered, 0 enqueued
[33.575s][info][gc,reloc    ] GC(11) Small Pages: 6144 / 12288M, Empty: 0M, Relocated: 1M, In-Place: 3
[33.575s][info][gc,reloc    ] GC(11) Medium Pages: 0 / 0M, Empty: 0M, Relocated: 0M, In-Place: 0
[33.575s][info][gc,reloc    ] GC(11) Large Pages: 0 / 0M, Empty: 0M, Relocated: 0M, In-Place: 0
[33.575s][info][gc,reloc    ] GC(11) Forwarding Usage: 0M
[33.575s][info][gc,heap     ] GC(11) Min Capacity: 8M(0%)
[33.575s][info][gc,heap     ] GC(11) Max Capacity: 12288M(100%)
[33.575s][info][gc,heap     ] GC(11) Soft Max Capacity: 12288M(100%)
[33.575s][info][gc,heap     ] GC(11)                Mark Start          Mark End        Relocate Start      Relocate End           High               Low         
[33.575s][info][gc,heap     ] GC(11)  Capacity:    12288M (100%)      12288M (100%)      12288M (100%)      12288M (100%)      12288M (100%)      12288M (100%)   
[33.575s][info][gc,heap     ] GC(11)      Free:        0M (0%)            0M (0%)            0M (0%)            0M (0%)            0M (0%)            0M (0%)     
[33.575s][info][gc,heap     ] GC(11)      Used:    12288M (100%)      12288M (100%)      12288M (100%)      12288M (100%)      12288M (100%)      12288M (100%)   
[33.575s][info][gc,heap     ] GC(11)      Live:         -              9943M (81%)        9943M (81%)        9943M (81%)            -                  -          
[33.575s][info][gc,heap     ] GC(11) Allocated:         -                 0M (0%)            0M (0%)            0M (0%)             -                  -          
[33.575s][info][gc,heap     ] GC(11)   Garbage:         -              2344M (19%)        2344M (19%)        2344M (19%)            -                  -          
[33.575s][info][gc,heap     ] GC(11) Reclaimed:         -                  -                 0M (0%)            0M (0%)             -                  -          
[33.575s][info][gc          ] GC(11) Garbage Collection (Allocation Stall) 12288M(100%)->12288M(100%)
[33.575s][info][gc          ] Allocation Stall (ForkJoinPool-1-worker-2) 3527.745ms
[33.575s][info][gc          ] Allocation Stall (ForkJoinPool-1-worker-3) 3527.745ms
[33.575s][info][gc          ] Allocation Stall (ForkJoinPool-1-worker-10) 3527.726ms
[33.575s][info][gc,start    ] GC(12) Garbage Collection (Allocation Stall)
[33.575s][info][gc          ] Allocation Stall (ForkJoinPool-1-worker-5) 3527.735ms
[33.575s][info][gc          ] Out Of Memory (ForkJoinPool-1-worker-2)
[33.575s][info][gc          ] Out Of Memory (ForkJoinPool-1-worker-3)
[33.575s][info][gc          ] Out Of Memory (ForkJoinPool-1-worker-10)
[33.575s][info][gc,ref      ] GC(12) Clearing All SoftReferences
[33.575s][info][gc          ] Out Of Memory (ForkJoinPool-1-worker-5)
[33.575s][info][gc,task     ] GC(12) Using 3 workers
[33.575s][info][gc,phases   ] GC(12) Pause Mark Start 0.005ms
[37.037s][info][gc,phases   ] GC(12) Concurrent Mark 3461.938ms
[37.038s][info][gc,phases   ] GC(12) Pause Mark End 0.017ms
[37.038s][info][gc,phases   ] GC(12) Concurrent Mark Free 0.000ms
[37.038s][info][gc,phases   ] GC(12) Concurrent Process Non-Strong References 0.539ms
[37.038s][info][gc,phases   ] GC(12) Concurrent Reset Relocation Set 0.003ms
[37.047s][info][gc,phases   ] GC(12) Concurrent Select Relocation Set 8.614ms
[37.047s][info][gc,phases   ] GC(12) Pause Relocate Start 0.003ms
[37.047s][info][gc,phases   ] GC(12) Concurrent Relocate 0.406ms
[37.047s][info][gc,load     ] GC(12) Load: 2.21/2.45/2.31
[37.047s][info][gc,mmu      ] GC(12) MMU: 2ms/99.0%, 5ms/99.6%, 10ms/99.8%, 20ms/99.9%, 50ms/99.9%, 100ms/100.0%
[37.047s][info][gc,marking  ] GC(12) Mark: 2 stripe(s), 2 proactive flush(es), 1 terminate flush(es), 0 completion(s), 0 continuation(s) 
[37.047s][info][gc,marking  ] GC(12) Mark Stack Usage: 32M
[37.047s][info][gc,nmethod  ] GC(12) NMethods: 416 registered, 0 unregistered
[37.047s][info][gc,metaspace] GC(12) Metaspace: 1M used, 1M committed, 1088M reserved
[37.047s][info][gc,ref      ] GC(12) Soft: 72 encountered, 33 discovered, 0 enqueued
[37.047s][info][gc,ref      ] GC(12) Weak: 264 encountered, 96 discovered, 0 enqueued
[37.047s][info][gc,ref      ] GC(12) Final: 6 encountered, 6 discovered, 0 enqueued
[37.047s][info][gc,ref      ] GC(12) Phantom: 1 encountered, 0 discovered, 0 enqueued
[37.047s][info][gc,reloc    ] GC(12) Small Pages: 6144 / 12288M, Empty: 0M, Relocated: 1M, In-Place: 3
[37.047s][info][gc,reloc    ] GC(12) Medium Pages: 0 / 0M, Empty: 0M, Relocated: 0M, In-Place: 0
[37.047s][info][gc,reloc    ] GC(12) Large Pages: 0 / 0M, Empty: 0M, Relocated: 0M, In-Place: 0
[37.047s][info][gc,reloc    ] GC(12) Forwarding Usage: 0M
[37.047s][info][gc,heap     ] GC(12) Min Capacity: 8M(0%)
[37.047s][info][gc,heap     ] GC(12) Max Capacity: 12288M(100%)
[37.047s][info][gc,heap     ] GC(12) Soft Max Capacity: 12288M(100%)
[37.047s][info][gc,heap     ] GC(12)                Mark Start          Mark End        Relocate Start      Relocate End           High               Low         
[37.047s][info][gc,heap     ] GC(12)  Capacity:    12288M (100%)      12288M (100%)      12288M (100%)      12288M (100%)      12288M (100%)      12288M (100%)   
[37.047s][info][gc,heap     ] GC(12)      Free:        0M (0%)            0M (0%)            0M (0%)            0M (0%)            0M (0%)            0M (0%)     
[37.047s][info][gc,heap     ] GC(12)      Used:    12288M (100%)      12288M (100%)      12288M (100%)      12288M (100%)      12288M (100%)      12288M (100%)   
[37.047s][info][gc,heap     ] GC(12)      Live:         -              9943M (81%)        9943M (81%)        9943M (81%)            -                  -          
[37.047s][info][gc,heap     ] GC(12) Allocated:         -                 0M (0%)            0M (0%)            0M (0%)             -                  -          
[37.047s][info][gc,heap     ] GC(12)   Garbage:         -              2344M (19%)        2344M (19%)        2344M (19%)            -                  -          
[37.047s][info][gc,heap     ] GC(12) Reclaimed:         -                  -                 0M (0%)            0M (0%)             -                  -          
[37.047s][info][gc          ] GC(12) Garbage Collection (Allocation Stall) 12288M(100%)->12288M(100%)
[37.048s][info][gc,start    ] GC(13) Garbage Collection (Allocation Stall)
[37.048s][info][gc,ref      ] GC(13) Clearing All SoftReferences
[37.048s][info][gc,task     ] GC(13) Using 3 workers
[37.048s][info][gc          ] Allocation Stall (ForkJoinPool-1-worker-9) 7000.397ms
[37.048s][info][gc          ] Allocation Stall (ForkJoinPool-1-worker-4) 7000.395ms
[37.048s][info][gc,phases   ] GC(13) Pause Mark Start 0.005ms
[40.038s][info][gc,stats    ] === Garbage Collection Statistics =======================================================================================================================
[40.038s][info][gc,stats    ]                                                              Last 10s              Last 10m              Last 10h                Total
[40.038s][info][gc,stats    ]                                                              Avg / Max             Avg / Max             Avg / Max             Avg / Max
[40.038s][info][gc,stats    ]   Collector: Garbage Collection Cycle                   3492.864 / 3527.535   2559.891 / 3527.535   2559.891 / 3527.535   2559.891 / 3527.535    ms
[40.038s][info][gc,stats    ]  Contention: Mark Segment Reset Contention                   216 / 271             205 / 327             205 / 327             205 / 327         ops/s
[40.038s][info][gc,stats    ]  Contention: Mark SeqNum Reset Contention                      0 / 1                 0 / 1                 0 / 1                 0 / 1           ops/s
[40.038s][info][gc,stats    ]    Critical: Allocation Stall                                  1 / 6                 1 / 10                1 / 10                1 / 10          ops/s
[40.038s][info][gc,stats    ]    Critical: Allocation Stall                           5224.901 / 7000.397   4335.598 / 7000.397   4335.598 / 7000.397   4335.598 / 7000.397    ms
[40.038s][info][gc,stats    ]    Critical: GC Locker Stall                                   0 / 0                 0 / 0                 0 / 0                 0 / 0           ops/s
[40.038s][info][gc,stats    ]    Critical: GC Locker Stall                               0.000 / 0.000         0.000 / 0.000         0.000 / 0.000         0.000 / 0.000       ms
[40.038s][info][gc,stats    ]    Critical: Relocation Stall                                  0 / 0                 0 / 0                 0 / 0                 0 / 0           ops/s
[40.038s][info][gc,stats    ]    Critical: Relocation Stall                              0.000 / 0.000         0.000 / 0.000         0.000 / 0.000         0.000 / 0.000       ms
[40.038s][info][gc,stats    ]      Memory: Allocation Rate                                   0 / 0               377 / 4858            377 / 4858            377 / 4858        MB/s
[40.038s][info][gc,stats    ]      Memory: Out Of Memory                                     0 / 4                 0 / 5                 0 / 5                 0 / 5           ops/s
[40.038s][info][gc,stats    ]      Memory: Page Cache Flush                                  0 / 0                 0 / 0                 0 / 0                 0 / 0           MB/s
[40.038s][info][gc,stats    ]      Memory: Page Cache Hit L1                                 0 / 0                32 / 912              32 / 912              32 / 912         ops/s
[40.038s][info][gc,stats    ]      Memory: Page Cache Hit L2                                 0 / 0                 0 / 0                 0 / 0                 0 / 0           ops/s
[40.038s][info][gc,stats    ]      Memory: Page Cache Hit L3                                 0 / 0                 3 / 139               3 / 139               3 / 139         ops/s
[40.038s][info][gc,stats    ]      Memory: Page Cache Miss                                   0 / 0               150 / 1517            150 / 1517            150 / 1517        ops/s
[40.038s][info][gc,stats    ]      Memory: Uncommit                                          0 / 0                 0 / 0                 0 / 0                 0 / 0           MB/s
[40.038s][info][gc,stats    ]      Memory: Undo Object Allocation Failed                     0 / 0                 0 / 0                 0 / 0                 0 / 0           ops/s
[40.038s][info][gc,stats    ]      Memory: Undo Object Allocation Succeeded                  0 / 0                 0 / 0                 0 / 0                 0 / 0           ops/s
[40.038s][info][gc,stats    ]      Memory: Undo Page Allocation                              0 / 0                28 / 913              28 / 913              28 / 913         ops/s
[40.038s][info][gc,stats    ]       Phase: Concurrent Mark                            3489.979 / 3518.019   2547.871 / 3518.019   2547.871 / 3518.019   2547.871 / 3518.019    ms
[40.038s][info][gc,stats    ]       Phase: Concurrent Mark Continue                      0.000 / 0.000         0.000 / 0.000         0.000 / 0.000         0.000 / 0.000       ms
[40.038s][info][gc,stats    ]       Phase: Concurrent Mark Free                          0.000 / 0.000         1.413 / 18.361        1.413 / 18.361        1.413 / 18.361      ms
[40.038s][info][gc,stats    ]       Phase: Concurrent Process Non-Strong References      0.557 / 0.570         0.615 / 2.122         0.615 / 2.122         0.615 / 2.122       ms
[40.038s][info][gc,stats    ]       Phase: Concurrent Relocate                           0.403 / 0.409         1.503 / 13.200        1.503 / 13.200        1.503 / 13.200      ms
[40.038s][info][gc,stats    ]       Phase: Concurrent Reset Relocation Set               0.003 / 0.003         0.006 / 0.043         0.006 / 0.043         0.006 / 0.043       ms
[40.038s][info][gc,stats    ]       Phase: Concurrent Select Relocation Set              8.206 / 8.614         7.897 / 13.134        7.897 / 13.134        7.897 / 13.134      ms
[40.038s][info][gc,stats    ]       Phase: Pause Mark End                                0.016 / 0.017         0.013 / 0.018         0.013 / 0.018         0.013 / 0.018       ms
[40.038s][info][gc,stats    ]       Phase: Pause Mark Start                              0.005 / 0.005         0.006 / 0.020         0.006 / 0.020         0.006 / 0.020       ms
[40.038s][info][gc,stats    ]       Phase: Pause Relocate Start                          0.003 / 0.004         0.004 / 0.006         0.004 / 0.006         0.004 / 0.006       ms
[40.038s][info][gc,stats    ]    Subphase: Concurrent Classes Purge                      0.013 / 0.013         0.016 / 0.044         0.016 / 0.044         0.016 / 0.044       ms
[40.038s][info][gc,stats    ]    Subphase: Concurrent Classes Unlink                     0.471 / 0.480         0.516 / 1.895         0.516 / 1.895         0.516 / 1.895       ms
[40.038s][info][gc,stats    ]    Subphase: Concurrent Mark                            3487.441 / 3517.476   2546.140 / 3517.476   2546.140 / 3517.476   2546.140 / 3517.476    ms
[40.038s][info][gc,stats    ]    Subphase: Concurrent Mark Try Flush                     0.095 / 0.397         0.055 / 0.397         0.055 / 0.397         0.055 / 0.397       ms
[40.038s][info][gc,stats    ]    Subphase: Concurrent Mark Try Terminate                 0.873 / 1.271         0.829 / 1.280         0.829 / 1.280         0.829 / 1.280       ms
[40.038s][info][gc,stats    ]    Subphase: Concurrent References Enqueue                 0.003 / 0.004         0.002 / 0.004         0.002 / 0.004         0.002 / 0.004       ms
[40.038s][info][gc,stats    ]    Subphase: Concurrent References Process                 0.025 / 0.029         0.034 / 0.126         0.034 / 0.126         0.034 / 0.126       ms
[40.038s][info][gc,stats    ]    Subphase: Concurrent Roots ClassLoaderDataGraph         0.013 / 0.048         0.014 / 0.061         0.014 / 0.061         0.014 / 0.061       ms
[40.038s][info][gc,stats    ]    Subphase: Concurrent Roots CodeCache                    0.000 / 0.000         0.000 / 0.000         0.000 / 0.000         0.000 / 0.000       ms
[40.038s][info][gc,stats    ]    Subphase: Concurrent Roots JavaThreads                  1.543 / 3.593         0.725 / 3.593         0.725 / 3.593         0.725 / 3.593       ms
[40.038s][info][gc,stats    ]    Subphase: Concurrent Roots OopStorageSet                0.003 / 0.007         0.011 / 0.158         0.011 / 0.158         0.011 / 0.158       ms
[40.038s][info][gc,stats    ]    Subphase: Concurrent Weak Roots OopStorageSet           0.016 / 0.022         0.019 / 0.037         0.019 / 0.037         0.019 / 0.037       ms
[40.038s][info][gc,stats    ]    Subphase: Pause Mark Try Complete                       0.000 / 0.000         0.000 / 0.000         0.000 / 0.000         0.000 / 0.000       ms
[40.038s][info][gc,stats    ]      System: Java Threads                                     23 / 23               20 / 23               20 / 23               20 / 23          threads
[40.038s][info][gc,stats    ] =========================================================================================================================================================
[40.485s][info][gc,phases   ] GC(13) Concurrent Mark 3437.508ms
[40.485s][info][gc,phases   ] GC(13) Pause Mark End 0.014ms
[40.485s][info][gc,phases   ] GC(13) Concurrent Mark Free 0.000ms
[40.489s][info][gc,phases   ] GC(13) Concurrent Process Non-Strong References 3.847ms
[40.489s][info][gc,phases   ] GC(13) Concurrent Reset Relocation Set 0.004ms
[40.500s][info][gc,phases   ] GC(13) Concurrent Select Relocation Set 10.406ms
[40.500s][info][gc,phases   ] GC(13) Pause Relocate Start 0.006ms
[40.500s][info][gc,phases   ] GC(13) Concurrent Relocate 0.390ms
[40.500s][info][gc,load     ] GC(13) Load: 2.21/2.45/2.31
[40.500s][info][gc,mmu      ] GC(13) MMU: 2ms/99.0%, 5ms/99.6%, 10ms/99.8%, 20ms/99.9%, 50ms/99.9%, 100ms/100.0%
[40.500s][info][gc,marking  ] GC(13) Mark: 2 stripe(s), 2 proactive flush(es), 1 terminate flush(es), 0 completion(s), 0 continuation(s) 
[40.500s][info][gc,marking  ] GC(13) Mark Stack Usage: 32M
[40.500s][info][gc,nmethod  ] GC(13) NMethods: 416 registered, 0 unregistered
[40.500s][info][gc,metaspace] GC(13) Metaspace: 1M used, 1M committed, 1088M reserved
[40.500s][info][gc,ref      ] GC(13) Soft: 72 encountered, 42 discovered, 0 enqueued
[40.500s][info][gc,ref      ] GC(13) Weak: 264 encountered, 197 discovered, 0 enqueued
[40.500s][info][gc,ref      ] GC(13) Final: 6 encountered, 6 discovered, 0 enqueued
[40.500s][info][gc,ref      ] GC(13) Phantom: 1 encountered, 0 discovered, 0 enqueued
[40.500s][info][gc,reloc    ] GC(13) Small Pages: 6144 / 12288M, Empty: 0M, Relocated: 1M, In-Place: 3
[40.500s][info][gc,reloc    ] GC(13) Medium Pages: 0 / 0M, Empty: 0M, Relocated: 0M, In-Place: 0
[40.500s][info][gc,reloc    ] GC(13) Large Pages: 0 / 0M, Empty: 0M, Relocated: 0M, In-Place: 0
[40.500s][info][gc,reloc    ] GC(13) Forwarding Usage: 0M
[40.500s][info][gc,heap     ] GC(13) Min Capacity: 8M(0%)
[40.500s][info][gc,heap     ] GC(13) Max Capacity: 12288M(100%)
[40.500s][info][gc,heap     ] GC(13) Soft Max Capacity: 12288M(100%)
[40.500s][info][gc,heap     ] GC(13)                Mark Start          Mark End        Relocate Start      Relocate End           High               Low         
[40.500s][info][gc,heap     ] GC(13)  Capacity:    12288M (100%)      12288M (100%)      12288M (100%)      12288M (100%)      12288M (100%)      12288M (100%)   
[40.500s][info][gc,heap     ] GC(13)      Free:        0M (0%)            0M (0%)            0M (0%)            0M (0%)            0M (0%)            0M (0%)     
[40.500s][info][gc,heap     ] GC(13)      Used:    12288M (100%)      12288M (100%)      12288M (100%)      12288M (100%)      12288M (100%)      12288M (100%)   
[40.500s][info][gc,heap     ] GC(13)      Live:         -              9943M (81%)        9943M (81%)        9943M (81%)            -                  -          
[40.500s][info][gc,heap     ] GC(13) Allocated:         -                 0M (0%)            0M (0%)            0M (0%)             -                  -          
[40.500s][info][gc,heap     ] GC(13)   Garbage:         -              2344M (19%)        2344M (19%)        2344M (19%)            -                  -          
[40.500s][info][gc,heap     ] GC(13) Reclaimed:         -                  -                 0M (0%)            0M (0%)             -                  -          
[40.500s][info][gc          ] GC(13) Garbage Collection (Allocation Stall) 12288M(100%)->12288M(100%)
[40.500s][info][gc          ] Allocation Stall (ForkJoinPool-1-worker-3) 6922.165ms
[40.500s][info][gc          ] Allocation Stall (ForkJoinPool-1-worker-4) 3452.558ms
[40.500s][info][gc          ] Allocation Stall (ForkJoinPool-1-worker-5) 6922.148ms
[40.500s][info][gc          ] Allocation Stall (ForkJoinPool-1-worker-10) 6922.154ms
[40.500s][info][gc          ] Allocation Stall (ForkJoinPool-1-worker-2) 6922.173ms
[40.500s][info][gc          ] Allocation Stall (ForkJoinPool-1-worker-9) 3452.582ms
[40.500s][info][gc,start    ] GC(14) Garbage Collection (Allocation Stall)
[40.500s][info][gc          ] Out Of Memory (ForkJoinPool-1-worker-4)
[40.500s][info][gc          ] Out Of Memory (ForkJoinPool-1-worker-9)
[40.500s][info][gc,ref      ] GC(14) Clearing All SoftReferences
[40.500s][info][gc,task     ] GC(14) Using 3 workers
[40.500s][info][gc,phases   ] GC(14) Pause Mark Start 0.010ms
[43.985s][info][gc,phases   ] GC(14) Concurrent Mark 3484.286ms
[43.985s][info][gc,phases   ] GC(14) Pause Mark End 0.014ms
[43.985s][info][gc,phases   ] GC(14) Concurrent Mark Free 0.000ms
[43.986s][info][gc,phases   ] GC(14) Concurrent Process Non-Strong References 0.572ms
[43.986s][info][gc,phases   ] GC(14) Concurrent Reset Relocation Set 0.002ms
[43.996s][info][gc,phases   ] GC(14) Concurrent Select Relocation Set 10.026ms
[43.996s][info][gc,phases   ] GC(14) Pause Relocate Start 0.003ms
[43.996s][info][gc,phases   ] GC(14) Concurrent Relocate 0.411ms
[43.996s][info][gc,load     ] GC(14) Load: 2.20/2.44/2.31
[43.996s][info][gc,mmu      ] GC(14) MMU: 2ms/99.0%, 5ms/99.6%, 10ms/99.8%, 20ms/99.8%, 50ms/99.9%, 100ms/100.0%
[43.996s][info][gc,marking  ] GC(14) Mark: 2 stripe(s), 2 proactive flush(es), 1 terminate flush(es), 0 completion(s), 0 continuation(s) 
[43.996s][info][gc,marking  ] GC(14) Mark Stack Usage: 32M
[43.996s][info][gc,nmethod  ] GC(14) NMethods: 416 registered, 0 unregistered
[43.996s][info][gc,metaspace] GC(14) Metaspace: 1M used, 1M committed, 1088M reserved
[43.996s][info][gc,ref      ] GC(14) Soft: 72 encountered, 35 discovered, 0 enqueued
[43.996s][info][gc,ref      ] GC(14) Weak: 264 encountered, 197 discovered, 0 enqueued
[43.996s][info][gc,ref      ] GC(14) Final: 6 encountered, 6 discovered, 0 enqueued
[43.996s][info][gc,ref      ] GC(14) Phantom: 1 encountered, 0 discovered, 0 enqueued
[43.996s][info][gc,reloc    ] GC(14) Small Pages: 6144 / 12288M, Empty: 0M, Relocated: 1M, In-Place: 3
[43.996s][info][gc,reloc    ] GC(14) Medium Pages: 0 / 0M, Empty: 0M, Relocated: 0M, In-Place: 0
[43.996s][info][gc,reloc    ] GC(14) Large Pages: 0 / 0M, Empty: 0M, Relocated: 0M, In-Place: 0
[43.996s][info][gc,reloc    ] GC(14) Forwarding Usage: 0M
[43.996s][info][gc,heap     ] GC(14) Min Capacity: 8M(0%)
[43.996s][info][gc,heap     ] GC(14) Max Capacity: 12288M(100%)
[43.996s][info][gc,heap     ] GC(14) Soft Max Capacity: 12288M(100%)
[43.996s][info][gc,heap     ] GC(14)                Mark Start          Mark End        Relocate Start      Relocate End           High               Low         
[43.996s][info][gc,heap     ] GC(14)  Capacity:    12288M (100%)      12288M (100%)      12288M (100%)      12288M (100%)      12288M (100%)      12288M (100%)   
[43.996s][info][gc,heap     ] GC(14)      Free:        0M (0%)            0M (0%)            0M (0%)            0M (0%)            0M (0%)            0M (0%)     
[43.996s][info][gc,heap     ] GC(14)      Used:    12288M (100%)      12288M (100%)      12288M (100%)      12288M (100%)      12288M (100%)      12288M (100%)   
[43.996s][info][gc,heap     ] GC(14)      Live:         -              9943M (81%)        9943M (81%)        9943M (81%)            -                  -          
[43.996s][info][gc,heap     ] GC(14) Allocated:         -                 0M (0%)            0M (0%)            0M (0%)             -                  -          
[43.996s][info][gc,heap     ] GC(14)   Garbage:         -              2344M (19%)        2344M (19%)        2344M (19%)            -                  -          
[43.996s][info][gc,heap     ] GC(14) Reclaimed:         -                  -                 0M (0%)            0M (0%)             -                  -          
[43.996s][info][gc          ] GC(14) Garbage Collection (Allocation Stall) 12288M(100%)->12288M(100%)
[43.996s][info][gc          ] Allocation Stall (ForkJoinPool-1-worker-3) 3496.193ms
[43.996s][info][gc          ] Allocation Stall (ForkJoinPool-1-worker-2) 3496.157ms
[43.996s][info][gc          ] Allocation Stall (ForkJoinPool-1-worker-5) 3496.162ms
[43.997s][info][gc          ] Allocation Stall (ForkJoinPool-1-worker-10) 3496.158ms
[43.997s][info][gc,start    ] GC(15) Garbage Collection (Allocation Stall)
[43.997s][info][gc          ] Out Of Memory (ForkJoinPool-1-worker-3)
[43.997s][info][gc          ] Out Of Memory (ForkJoinPool-1-worker-2)
[43.997s][info][gc          ] Out Of Memory (ForkJoinPool-1-worker-5)
[43.997s][info][gc          ] Out Of Memory (ForkJoinPool-1-worker-10)
[43.997s][info][gc,ref      ] GC(15) Clearing All SoftReferences
[43.997s][info][gc,task     ] GC(15) Using 3 workers
[43.997s][info][gc,phases   ] GC(15) Pause Mark Start 0.005ms
[47.477s][info][gc,phases   ] GC(15) Concurrent Mark 3479.993ms
[47.477s][info][gc,phases   ] GC(15) Pause Mark End 0.014ms
[47.477s][info][gc,phases   ] GC(15) Concurrent Mark Free 0.000ms
[47.477s][info][gc,phases   ] GC(15) Concurrent Process Non-Strong References 0.559ms
[47.477s][info][gc,phases   ] GC(15) Concurrent Reset Relocation Set 0.002ms
[47.484s][info][gc,phases   ] GC(15) Concurrent Select Relocation Set 6.814ms
[47.484s][info][gc,phases   ] GC(15) Pause Relocate Start 0.004ms
[47.485s][info][gc,phases   ] GC(15) Concurrent Relocate 0.407ms
[47.485s][info][gc,load     ] GC(15) Load: 2.34/2.47/2.32
[47.485s][info][gc,mmu      ] GC(15) MMU: 2ms/99.0%, 5ms/99.6%, 10ms/99.8%, 20ms/99.8%, 50ms/99.9%, 100ms/100.0%
[47.485s][info][gc,marking  ] GC(15) Mark: 2 stripe(s), 3 proactive flush(es), 1 terminate flush(es), 0 completion(s), 0 continuation(s) 
[47.485s][info][gc,marking  ] GC(15) Mark Stack Usage: 32M
[47.485s][info][gc,nmethod  ] GC(15) NMethods: 416 registered, 0 unregistered
[47.485s][info][gc,metaspace] GC(15) Metaspace: 1M used, 1M committed, 1088M reserved
[47.485s][info][gc,ref      ] GC(15) Soft: 72 encountered, 43 discovered, 0 enqueued
[47.485s][info][gc,ref      ] GC(15) Weak: 264 encountered, 193 discovered, 0 enqueued
[47.485s][info][gc,ref      ] GC(15) Final: 6 encountered, 6 discovered, 0 enqueued
[47.485s][info][gc,ref      ] GC(15) Phantom: 1 encountered, 0 discovered, 0 enqueued
[47.485s][info][gc,reloc    ] GC(15) Small Pages: 6144 / 12288M, Empty: 0M, Relocated: 1M, In-Place: 3
[47.485s][info][gc,reloc    ] GC(15) Medium Pages: 0 / 0M, Empty: 0M, Relocated: 0M, In-Place: 0
[47.485s][info][gc,reloc    ] GC(15) Large Pages: 0 / 0M, Empty: 0M, Relocated: 0M, In-Place: 0
[47.485s][info][gc,reloc    ] GC(15) Forwarding Usage: 0M
[47.485s][info][gc,heap     ] GC(15) Min Capacity: 8M(0%)
[47.485s][info][gc,heap     ] GC(15) Max Capacity: 12288M(100%)
[47.485s][info][gc,heap     ] GC(15) Soft Max Capacity: 12288M(100%)
[47.485s][info][gc,heap     ] GC(15)                Mark Start          Mark End        Relocate Start      Relocate End           High               Low         
[47.485s][info][gc,heap     ] GC(15)  Capacity:    12288M (100%)      12288M (100%)      12288M (100%)      12288M (100%)      12288M (100%)      12288M (100%)   
[47.485s][info][gc,heap     ] GC(15)      Free:        0M (0%)            0M (0%)            0M (0%)            0M (0%)            0M (0%)            0M (0%)     
[47.485s][info][gc,heap     ] GC(15)      Used:    12288M (100%)      12288M (100%)      12288M (100%)      12288M (100%)      12288M (100%)      12288M (100%)   
[47.485s][info][gc,heap     ] GC(15)      Live:         -              9943M (81%)        9943M (81%)        9943M (81%)            -                  -          
[47.485s][info][gc,heap     ] GC(15) Allocated:         -                 0M (0%)            0M (0%)            0M (0%)             -                  -          
[47.485s][info][gc,heap     ] GC(15)   Garbage:         -              2344M (19%)        2344M (19%)        2344M (19%)            -                  -          
[47.485s][info][gc,heap     ] GC(15) Reclaimed:         -                  -                 0M (0%)            0M (0%)             -                  -          
[47.485s][info][gc          ] GC(15) Garbage Collection (Allocation Stall) 12288M(100%)->12288M(100%)
[47.485s][info][gc          ] Allocation Stall (ForkJoinPool-1-worker-9) 6984.170ms
[47.485s][info][gc          ] Allocation Stall (ForkJoinPool-1-worker-4) 6984.186ms
[47.485s][info][gc,start    ] GC(16) Garbage Collection (Allocation Stall)
[47.485s][info][gc,ref      ] GC(16) Clearing All SoftReferences
[47.485s][info][gc,task     ] GC(16) Using 3 workers
[47.485s][info][gc,phases   ] GC(16) Pause Mark Start 0.004ms
[50.037s][info][gc,stats    ] === Garbage Collection Statistics =======================================================================================================================
[50.040s][info][gc,stats    ]                                                              Last 10s              Last 10m              Last 10h                Total
[50.040s][info][gc,stats    ]                                                              Avg / Max             Avg / Max             Avg / Max             Avg / Max
[50.040s][info][gc,stats    ]   Collector: Garbage Collection Cycle                   3478.849 / 3495.995   2732.195 / 3527.535   2732.195 / 3527.535   2732.195 / 3527.535    ms
[50.040s][info][gc,stats    ]  Contention: Mark Segment Reset Contention                   220 / 281             208 / 327             208 / 327             208 / 327         ops/s
[50.040s][info][gc,stats    ]  Contention: Mark SeqNum Reset Contention                      0 / 1                 0 / 1                 0 / 1                 0 / 1           ops/s
[50.040s][info][gc,stats    ]    Critical: Allocation Stall                                  1 / 6                 1 / 10                1 / 10                1 / 10          ops/s
[50.040s][info][gc,stats    ]    Critical: Allocation Stall                           5212.234 / 6984.186   4530.406 / 7000.397   4530.406 / 7000.397   4530.406 / 7000.397    ms
[50.040s][info][gc,stats    ]    Critical: GC Locker Stall                                   0 / 0                 0 / 0                 0 / 0                 0 / 0           ops/s
[50.040s][info][gc,stats    ]    Critical: GC Locker Stall                               0.000 / 0.000         0.000 / 0.000         0.000 / 0.000         0.000 / 0.000       ms
[50.040s][info][gc,stats    ]    Critical: Relocation Stall                                  0 / 0                 0 / 0                 0 / 0                 0 / 0           ops/s
[50.040s][info][gc,stats    ]    Critical: Relocation Stall                              0.000 / 0.000         0.000 / 0.000         0.000 / 0.000         0.000 / 0.000       ms
[50.040s][info][gc,stats    ]      Memory: Allocation Rate                                   0 / 0               302 / 4858            302 / 4858            302 / 4858        MB/s
[50.040s][info][gc,stats    ]      Memory: Out Of Memory                                     0 / 4                 0 / 5                 0 / 5                 0 / 5           ops/s
[50.040s][info][gc,stats    ]      Memory: Page Cache Flush                                  0 / 0                 0 / 0                 0 / 0                 0 / 0           MB/s
[50.040s][info][gc,stats    ]      Memory: Page Cache Hit L1                                 0 / 0                25 / 912              25 / 912              25 / 912         ops/s
[50.040s][info][gc,stats    ]      Memory: Page Cache Hit L2                                 0 / 0                 0 / 0                 0 / 0                 0 / 0           ops/s
[50.040s][info][gc,stats    ]      Memory: Page Cache Hit L3                                 0 / 0                 2 / 139               2 / 139               2 / 139         ops/s
[50.040s][info][gc,stats    ]      Memory: Page Cache Miss                                   0 / 0               120 / 1517            120 / 1517            120 / 1517        ops/s
[50.040s][info][gc,stats    ]      Memory: Uncommit                                          0 / 0                 0 / 0                 0 / 0                 0 / 0           MB/s
[50.040s][info][gc,stats    ]      Memory: Undo Object Allocation Failed                     0 / 0                 0 / 0                 0 / 0                 0 / 0           ops/s
[50.040s][info][gc,stats    ]      Memory: Undo Object Allocation Succeeded                  0 / 0                 0 / 0                 0 / 0                 0 / 0           ops/s
[50.040s][info][gc,stats    ]      Memory: Undo Page Allocation                              0 / 0                22 / 913              22 / 913              22 / 913         ops/s
[50.040s][info][gc,stats    ]       Phase: Concurrent Mark                            3467.263 / 3484.286   2720.257 / 3518.019   2720.257 / 3518.019   2720.257 / 3518.019    ms
[50.040s][info][gc,stats    ]       Phase: Concurrent Mark Continue                      0.000 / 0.000         0.000 / 0.000         0.000 / 0.000         0.000 / 0.000       ms
[50.040s][info][gc,stats    ]       Phase: Concurrent Mark Free                          0.000 / 0.000         1.148 / 18.361        1.148 / 18.361        1.148 / 18.361      ms
[50.040s][info][gc,stats    ]       Phase: Concurrent Process Non-Strong References      1.660 / 3.847         0.811 / 3.847         0.811 / 3.847         0.811 / 3.847       ms
[50.040s][info][gc,stats    ]       Phase: Concurrent Relocate                           0.403 / 0.411         1.297 / 13.200        1.297 / 13.200        1.297 / 13.200      ms
[50.040s][info][gc,stats    ]       Phase: Concurrent Reset Relocation Set               0.003 / 0.004         0.005 / 0.043         0.005 / 0.043         0.005 / 0.043       ms
[50.040s][info][gc,stats    ]       Phase: Concurrent Select Relocation Set              9.082 / 10.406        8.120 / 13.134        8.120 / 13.134        8.120 / 13.134      ms
[50.040s][info][gc,stats    ]       Phase: Pause Mark End                                0.014 / 0.014         0.013 / 0.018         0.013 / 0.018         0.013 / 0.018       ms
[50.040s][info][gc,stats    ]       Phase: Pause Mark Start                              0.006 / 0.010         0.006 / 0.020         0.006 / 0.020         0.006 / 0.020       ms
[50.040s][info][gc,stats    ]       Phase: Pause Relocate Start                          0.004 / 0.006         0.004 / 0.006         0.004 / 0.006         0.004 / 0.006       ms
[50.040s][info][gc,stats    ]    Subphase: Concurrent Classes Purge                      0.013 / 0.013         0.015 / 0.044         0.015 / 0.044         0.015 / 0.044       ms
[50.040s][info][gc,stats    ]    Subphase: Concurrent Classes Unlink                     1.580 / 3.767         0.716 / 3.767         0.716 / 3.767         0.716 / 3.767       ms
[50.040s][info][gc,stats    ]    Subphase: Concurrent Mark                            3466.256 / 3483.825   2718.662 / 3517.476   2718.662 / 3517.476   2718.662 / 3517.476    ms
[50.040s][info][gc,stats    ]    Subphase: Concurrent Mark Try Flush                     0.066 / 0.185         0.056 / 0.397         0.056 / 0.397         0.056 / 0.397       ms
[50.040s][info][gc,stats    ]    Subphase: Concurrent Mark Try Terminate                 0.762 / 1.277         0.818 / 1.280         0.818 / 1.280         0.818 / 1.280       ms
[50.040s][info][gc,stats    ]    Subphase: Concurrent References Enqueue                 0.004 / 0.005         0.003 / 0.005         0.003 / 0.005         0.003 / 0.005       ms
[50.040s][info][gc,stats    ]    Subphase: Concurrent References Process                 0.024 / 0.027         0.032 / 0.126         0.032 / 0.126         0.032 / 0.126       ms
[50.041s][info][gc,stats    ]    Subphase: Concurrent Roots ClassLoaderDataGraph         0.009 / 0.030         0.013 / 0.061         0.013 / 0.061         0.013 / 0.061       ms
[50.041s][info][gc,stats    ]    Subphase: Concurrent Roots CodeCache                    0.000 / 0.000         0.000 / 0.000         0.000 / 0.000         0.000 / 0.000       ms
[50.041s][info][gc,stats    ]    Subphase: Concurrent Roots JavaThreads                  0.376 / 0.458         0.662 / 3.593         0.662 / 3.593         0.662 / 3.593       ms
[50.041s][info][gc,stats    ]    Subphase: Concurrent Roots OopStorageSet                0.003 / 0.006         0.010 / 0.158         0.010 / 0.158         0.010 / 0.158       ms
[50.041s][info][gc,stats    ]    Subphase: Concurrent Weak Roots OopStorageSet           0.014 / 0.019         0.018 / 0.037         0.018 / 0.037         0.018 / 0.037       ms
[50.041s][info][gc,stats    ]    Subphase: Pause Mark Try Complete                       0.000 / 0.000         0.000 / 0.000         0.000 / 0.000         0.000 / 0.000       ms
[50.041s][info][gc,stats    ]      System: Java Threads                                     23 / 23               21 / 23               21 / 23               21 / 23          threads
[50.041s][info][gc,stats    ] =========================================================================================================================================================
[50.889s][info][gc,phases   ] GC(16) Concurrent Mark 3403.719ms
[50.889s][info][gc,phases   ] GC(16) Pause Mark End 0.014ms
[50.889s][info][gc,phases   ] GC(16) Concurrent Mark Free 0.000ms
[50.889s][info][gc,phases   ] GC(16) Concurrent Process Non-Strong References 0.651ms
[50.892s][info][gc,phases   ] GC(16) Concurrent Reset Relocation Set 2.868ms
[50.900s][info][gc,phases   ] GC(16) Concurrent Select Relocation Set 7.705ms
[50.900s][info][gc,phases   ] GC(16) Pause Relocate Start 0.003ms
[50.900s][info][gc,phases   ] GC(16) Concurrent Relocate 0.398ms
[50.900s][info][gc,load     ] GC(16) Load: 2.34/2.47/2.32
[50.900s][info][gc,mmu      ] GC(16) MMU: 2ms/99.0%, 5ms/99.6%, 10ms/99.8%, 20ms/99.8%, 50ms/99.9%, 100ms/100.0%
[50.900s][info][gc,marking  ] GC(16) Mark: 2 stripe(s), 2 proactive flush(es), 1 terminate flush(es), 0 completion(s), 0 continuation(s) 
[50.900s][info][gc,marking  ] GC(16) Mark Stack Usage: 32M
[50.900s][info][gc,nmethod  ] GC(16) NMethods: 416 registered, 0 unregistered
[50.900s][info][gc,metaspace] GC(16) Metaspace: 1M used, 1M committed, 1088M reserved
[50.900s][info][gc,ref      ] GC(16) Soft: 72 encountered, 38 discovered, 0 enqueued
[50.900s][info][gc,ref      ] GC(16) Weak: 264 encountered, 190 discovered, 0 enqueued
[50.900s][info][gc,ref      ] GC(16) Final: 6 encountered, 6 discovered, 0 enqueued
[50.900s][info][gc,ref      ] GC(16) Phantom: 1 encountered, 0 discovered, 0 enqueued
[50.900s][info][gc,reloc    ] GC(16) Small Pages: 6144 / 12288M, Empty: 0M, Relocated: 1M, In-Place: 3
[50.900s][info][gc,reloc    ] GC(16) Medium Pages: 0 / 0M, Empty: 0M, Relocated: 0M, In-Place: 0
[50.900s][info][gc,reloc    ] GC(16) Large Pages: 0 / 0M, Empty: 0M, Relocated: 0M, In-Place: 0
[50.900s][info][gc,reloc    ] GC(16) Forwarding Usage: 0M
[50.900s][info][gc,heap     ] GC(16) Min Capacity: 8M(0%)
[50.900s][info][gc,heap     ] GC(16) Max Capacity: 12288M(100%)
[50.900s][info][gc,heap     ] GC(16) Soft Max Capacity: 12288M(100%)
[50.900s][info][gc,heap     ] GC(16)                Mark Start          Mark End        Relocate Start      Relocate End           High               Low         
[50.900s][info][gc,heap     ] GC(16)  Capacity:    12288M (100%)      12288M (100%)      12288M (100%)      12288M (100%)      12288M (100%)      12288M (100%)   
[50.900s][info][gc,heap     ] GC(16)      Free:        0M (0%)            0M (0%)            0M (0%)            0M (0%)            0M (0%)            0M (0%)     
[50.900s][info][gc,heap     ] GC(16)      Used:    12288M (100%)      12288M (100%)      12288M (100%)      12288M (100%)      12288M (100%)      12288M (100%)   
[50.900s][info][gc,heap     ] GC(16)      Live:         -              9943M (81%)        9943M (81%)        9943M (81%)            -                  -          
[50.900s][info][gc,heap     ] GC(16) Allocated:         -                 0M (0%)            0M (0%)            0M (0%)             -                  -          
[50.900s][info][gc,heap     ] GC(16)   Garbage:         -              2344M (19%)        2344M (19%)        2344M (19%)            -                  -          
[50.900s][info][gc,heap     ] GC(16) Reclaimed:         -                  -                 0M (0%)            0M (0%)             -                  -          
[50.900s][info][gc          ] GC(16) Garbage Collection (Allocation Stall) 12288M(100%)->12288M(100%)
[50.901s][info][gc          ] Allocation Stall (ForkJoinPool-1-worker-9) 3415.738ms
[50.901s][info][gc          ] Allocation Stall (ForkJoinPool-1-worker-3) 6903.636ms
[50.901s][info][gc          ] Out Of Memory (ForkJoinPool-1-worker-9)
[50.901s][info][gc          ] Allocation Stall (ForkJoinPool-1-worker-2) 6903.633ms
[50.901s][info][gc          ] Allocation Stall (ForkJoinPool-1-worker-5) 6903.648ms
[50.901s][info][gc          ] Allocation Stall (ForkJoinPool-1-worker-10) 6903.638ms
[50.901s][info][gc,start    ] GC(17) Garbage Collection (Allocation Stall)
[50.901s][info][gc          ] Allocation Stall (ForkJoinPool-1-worker-4) 3415.777ms
[50.901s][info][gc,ref      ] GC(17) Clearing All SoftReferences
[50.901s][info][gc          ] Out Of Memory (ForkJoinPool-1-worker-4)
[50.901s][info][gc,task     ] GC(17) Using 3 workers
[50.901s][info][gc,phases   ] GC(17) Pause Mark Start 0.009ms
[54.322s][info][gc,phases   ] GC(17) Concurrent Mark 3420.844ms
[54.322s][info][gc,phases   ] GC(17) Pause Mark End 0.015ms
[54.322s][info][gc,phases   ] GC(17) Concurrent Mark Free 0.000ms
[54.322s][info][gc,phases   ] GC(17) Concurrent Process Non-Strong References 0.539ms
[54.322s][info][gc,phases   ] GC(17) Concurrent Reset Relocation Set 0.006ms
[54.332s][info][gc,phases   ] GC(17) Concurrent Select Relocation Set 10.163ms
[54.332s][info][gc,phases   ] GC(17) Pause Relocate Start 0.004ms
[54.333s][info][gc,phases   ] GC(17) Concurrent Relocate 0.403ms
[54.333s][info][gc,load     ] GC(17) Load: 2.31/2.46/2.31
[54.333s][info][gc,mmu      ] GC(17) MMU: 2ms/99.0%, 5ms/99.6%, 10ms/99.8%, 20ms/99.8%, 50ms/99.9%, 100ms/100.0%
[54.333s][info][gc,marking  ] GC(17) Mark: 2 stripe(s), 2 proactive flush(es), 1 terminate flush(es), 0 completion(s), 0 continuation(s) 
[54.333s][info][gc,marking  ] GC(17) Mark Stack Usage: 32M
[54.333s][info][gc,nmethod  ] GC(17) NMethods: 416 registered, 0 unregistered
[54.333s][info][gc,metaspace] GC(17) Metaspace: 1M used, 1M committed, 1088M reserved
[54.333s][info][gc,ref      ] GC(17) Soft: 72 encountered, 40 discovered, 0 enqueued
[54.333s][info][gc,ref      ] GC(17) Weak: 264 encountered, 201 discovered, 0 enqueued
[54.333s][info][gc,ref      ] GC(17) Final: 6 encountered, 6 discovered, 0 enqueued
[54.333s][info][gc,ref      ] GC(17) Phantom: 1 encountered, 0 discovered, 0 enqueued
[54.333s][info][gc,reloc    ] GC(17) Small Pages: 6144 / 12288M, Empty: 0M, Relocated: 1M, In-Place: 3
[54.333s][info][gc,reloc    ] GC(17) Medium Pages: 0 / 0M, Empty: 0M, Relocated: 0M, In-Place: 0
[54.333s][info][gc,reloc    ] GC(17) Large Pages: 0 / 0M, Empty: 0M, Relocated: 0M, In-Place: 0
[54.333s][info][gc,reloc    ] GC(17) Forwarding Usage: 0M
[54.333s][info][gc,heap     ] GC(17) Min Capacity: 8M(0%)
[54.333s][info][gc,heap     ] GC(17) Max Capacity: 12288M(100%)
[54.333s][info][gc,heap     ] GC(17) Soft Max Capacity: 12288M(100%)
[54.333s][info][gc,heap     ] GC(17)                Mark Start          Mark End        Relocate Start      Relocate End           High               Low         
[54.333s][info][gc,heap     ] GC(17)  Capacity:    12288M (100%)      12288M (100%)      12288M (100%)      12288M (100%)      12288M (100%)      12288M (100%)   
[54.333s][info][gc,heap     ] GC(17)      Free:        0M (0%)            0M (0%)            0M (0%)            0M (0%)            0M (0%)            0M (0%)     
[54.333s][info][gc,heap     ] GC(17)      Used:    12288M (100%)      12288M (100%)      12288M (100%)      12288M (100%)      12288M (100%)      12288M (100%)   
[54.333s][info][gc,heap     ] GC(17)      Live:         -              9943M (81%)        9943M (81%)        9943M (81%)            -                  -          
[54.333s][info][gc,heap     ] GC(17) Allocated:         -                 0M (0%)            0M (0%)            0M (0%)             -                  -          
[54.333s][info][gc,heap     ] GC(17)   Garbage:         -              2344M (19%)        2344M (19%)        2344M (19%)            -                  -          
[54.333s][info][gc,heap     ] GC(17) Reclaimed:         -                  -                 0M (0%)            0M (0%)             -                  -          
[54.333s][info][gc          ] GC(17) Garbage Collection (Allocation Stall) 12288M(100%)->12288M(100%)
[54.333s][info][gc,start    ] GC(18) Garbage Collection (Allocation Stall)
[54.333s][info][gc,ref      ] GC(18) Clearing All SoftReferences
[54.333s][info][gc,task     ] GC(18) Using 3 workers
[54.333s][info][gc          ] Allocation Stall (ForkJoinPool-1-worker-10) 3432.420ms
[54.333s][info][gc          ] Allocation Stall (ForkJoinPool-1-worker-5) 3432.440ms
[54.333s][info][gc          ] Allocation Stall (ForkJoinPool-1-worker-2) 3432.468ms
[54.333s][info][gc          ] Allocation Stall (ForkJoinPool-1-worker-3) 3432.492ms
[54.333s][info][gc          ] Out Of Memory (ForkJoinPool-1-worker-10)
[54.333s][info][gc          ] Out Of Memory (ForkJoinPool-1-worker-5)
[54.333s][info][gc          ] Out Of Memory (ForkJoinPool-1-worker-2)
[54.333s][info][gc          ] Out Of Memory (ForkJoinPool-1-worker-3)
[54.333s][info][gc,phases   ] GC(18) Pause Mark Start 0.006ms
[57.799s][info][gc,phases   ] GC(18) Concurrent Mark 3465.752ms
[57.800s][info][gc,phases   ] GC(18) Pause Mark End 0.015ms
[57.800s][info][gc,phases   ] GC(18) Concurrent Mark Free 0.000ms
[57.800s][info][gc,phases   ] GC(18) Concurrent Process Non-Strong References 0.595ms
[57.800s][info][gc,phases   ] GC(18) Concurrent Reset Relocation Set 0.004ms
[57.807s][info][gc,phases   ] GC(18) Concurrent Select Relocation Set 6.395ms
[57.807s][info][gc,phases   ] GC(18) Pause Relocate Start 0.003ms
[57.807s][info][gc,phases   ] GC(18) Concurrent Relocate 0.397ms
[57.807s][info][gc,load     ] GC(18) Load: 2.53/2.50/2.33
[57.807s][info][gc,mmu      ] GC(18) MMU: 2ms/99.0%, 5ms/99.6%, 10ms/99.8%, 20ms/99.8%, 50ms/99.9%, 100ms/100.0%
[57.807s][info][gc,marking  ] GC(18) Mark: 2 stripe(s), 3 proactive flush(es), 1 terminate flush(es), 0 completion(s), 0 continuation(s) 
[57.807s][info][gc,marking  ] GC(18) Mark Stack Usage: 32M
[57.807s][info][gc,nmethod  ] GC(18) NMethods: 416 registered, 0 unregistered
[57.807s][info][gc,metaspace] GC(18) Metaspace: 1M used, 1M committed, 1088M reserved
[57.807s][info][gc,ref      ] GC(18) Soft: 72 encountered, 44 discovered, 0 enqueued
[57.807s][info][gc,ref      ] GC(18) Weak: 264 encountered, 207 discovered, 0 enqueued
[57.807s][info][gc,ref      ] GC(18) Final: 6 encountered, 6 discovered, 0 enqueued
[57.807s][info][gc,ref      ] GC(18) Phantom: 1 encountered, 0 discovered, 0 enqueued
[57.807s][info][gc,reloc    ] GC(18) Small Pages: 6144 / 12288M, Empty: 0M, Relocated: 1M, In-Place: 3
[57.807s][info][gc,reloc    ] GC(18) Medium Pages: 0 / 0M, Empty: 0M, Relocated: 0M, In-Place: 0
[57.807s][info][gc,reloc    ] GC(18) Large Pages: 0 / 0M, Empty: 0M, Relocated: 0M, In-Place: 0
[57.807s][info][gc,reloc    ] GC(18) Forwarding Usage: 0M
[57.807s][info][gc,heap     ] GC(18) Min Capacity: 8M(0%)
[57.807s][info][gc,heap     ] GC(18) Max Capacity: 12288M(100%)
[57.807s][info][gc,heap     ] GC(18) Soft Max Capacity: 12288M(100%)
[57.807s][info][gc,heap     ] GC(18)                Mark Start          Mark End        Relocate Start      Relocate End           High               Low         
[57.807s][info][gc,heap     ] GC(18)  Capacity:    12288M (100%)      12288M (100%)      12288M (100%)      12288M (100%)      12288M (100%)      12288M (100%)   
[57.807s][info][gc,heap     ] GC(18)      Free:        0M (0%)            0M (0%)            0M (0%)            0M (0%)            0M (0%)            0M (0%)     
[57.807s][info][gc,heap     ] GC(18)      Used:    12288M (100%)      12288M (100%)      12288M (100%)      12288M (100%)      12288M (100%)      12288M (100%)   
[57.807s][info][gc,heap     ] GC(18)      Live:         -              9943M (81%)        9943M (81%)        9943M (81%)            -                  -          
[57.807s][info][gc,heap     ] GC(18) Allocated:         -                 0M (0%)            0M (0%)            0M (0%)             -                  -          
[57.807s][info][gc,heap     ] GC(18)   Garbage:         -              2344M (19%)        2344M (19%)        2344M (19%)            -                  -          
[57.807s][info][gc,heap     ] GC(18) Reclaimed:         -                  -                 0M (0%)            0M (0%)             -                  -          
[57.807s][info][gc          ] GC(18) Garbage Collection (Allocation Stall) 12288M(100%)->12288M(100%)
[57.808s][info][gc          ] Allocation Stall (ForkJoinPool-1-worker-9) 6906.613ms
[57.808s][info][gc,start    ] GC(19) Garbage Collection (Allocation Stall)
[57.808s][info][gc          ] Allocation Stall (ForkJoinPool-1-worker-4) 6906.579ms
[57.808s][info][gc,ref      ] GC(19) Clearing All SoftReferences
[57.808s][info][gc,task     ] GC(19) Using 3 workers
[57.808s][info][gc,phases   ] GC(19) Pause Mark Start 0.004ms
[60.037s][info][gc,stats    ] === Garbage Collection Statistics =======================================================================================================================
[60.041s][info][gc,stats    ]                                                              Last 10s              Last 10m              Last 10h                Total
[60.041s][info][gc,stats    ]                                                              Avg / Max             Avg / Max             Avg / Max             Avg / Max
[60.041s][info][gc,stats    ]   Collector: Garbage Collection Cycle                   3440.706 / 3474.285   2844.066 / 3527.535   2844.066 / 3527.535   2844.066 / 3527.535    ms
[60.041s][info][gc,stats    ]  Contention: Mark Segment Reset Contention                   210 / 264             208 / 327             208 / 327             208 / 327         ops/s
[60.041s][info][gc,stats    ]  Contention: Mark SeqNum Reset Contention                      0 / 0                 0 / 1                 0 / 1                 0 / 1           ops/s
[60.041s][info][gc,stats    ]    Critical: Allocation Stall                                  1 / 6                 1 / 10                1 / 10                1 / 10          ops/s
[60.041s][info][gc,stats    ]    Critical: Allocation Stall                           5165.757 / 6906.613   4645.924 / 7000.397   4645.924 / 7000.397   4645.924 / 7000.397    ms
[60.041s][info][gc,stats    ]    Critical: GC Locker Stall                                   0 / 0                 0 / 0                 0 / 0                 0 / 0           ops/s
[60.041s][info][gc,stats    ]    Critical: GC Locker Stall                               0.000 / 0.000         0.000 / 0.000         0.000 / 0.000         0.000 / 0.000       ms
[60.041s][info][gc,stats    ]    Critical: Relocation Stall                                  0 / 0                 0 / 0                 0 / 0                 0 / 0           ops/s
[60.041s][info][gc,stats    ]    Critical: Relocation Stall                              0.000 / 0.000         0.000 / 0.000         0.000 / 0.000         0.000 / 0.000       ms
[60.041s][info][gc,stats    ]      Memory: Allocation Rate                                   0 / 0               251 / 4858            251 / 4858            251 / 4858        MB/s
[60.041s][info][gc,stats    ]      Memory: Out Of Memory                                     0 / 4                 0 / 5                 0 / 5                 0 / 5           ops/s
[60.041s][info][gc,stats    ]      Memory: Page Cache Flush                                  0 / 0                 0 / 0                 0 / 0                 0 / 0           MB/s
[60.041s][info][gc,stats    ]      Memory: Page Cache Hit L1                                 0 / 0                21 / 912              21 / 912              21 / 912         ops/s
[60.041s][info][gc,stats    ]      Memory: Page Cache Hit L2                                 0 / 0                 0 / 0                 0 / 0                 0 / 0           ops/s
[60.041s][info][gc,stats    ]      Memory: Page Cache Hit L3                                 0 / 0                 2 / 139               2 / 139               2 / 139         ops/s
[60.041s][info][gc,stats    ]      Memory: Page Cache Miss                                   0 / 0               100 / 1517            100 / 1517            100 / 1517        ops/s
[60.041s][info][gc,stats    ]      Memory: Uncommit                                          0 / 0                 0 / 0                 0 / 0                 0 / 0           MB/s
[60.041s][info][gc,stats    ]      Memory: Undo Object Allocation Failed                     0 / 0                 0 / 0                 0 / 0                 0 / 0           ops/s
[60.041s][info][gc,stats    ]      Memory: Undo Object Allocation Succeeded                  0 / 0                 0 / 0                 0 / 0                 0 / 0           ops/s
[60.041s][info][gc,stats    ]      Memory: Undo Page Allocation                              0 / 0                18 / 913              18 / 913              18 / 913         ops/s
[60.041s][info][gc,stats    ]       Phase: Concurrent Mark                            3430.105 / 3465.752   2832.338 / 3518.019   2832.338 / 3518.019   2832.338 / 3518.019    ms
[60.041s][info][gc,stats    ]       Phase: Concurrent Mark Continue                      0.000 / 0.000         0.000 / 0.000         0.000 / 0.000         0.000 / 0.000       ms
[60.041s][info][gc,stats    ]       Phase: Concurrent Mark Free                          0.000 / 0.000         0.967 / 18.361        0.967 / 18.361        0.967 / 18.361      ms
[60.041s][info][gc,stats    ]       Phase: Concurrent Process Non-Strong References      0.595 / 0.651         0.777 / 3.847         0.777 / 3.847         0.777 / 3.847       ms
[60.041s][info][gc,stats    ]       Phase: Concurrent Relocate                           0.399 / 0.403         1.155 / 13.200        1.155 / 13.200        1.155 / 13.200      ms
[60.041s][info][gc,stats    ]       Phase: Concurrent Reset Relocation Set               0.959 / 2.868         0.156 / 2.868         0.156 / 2.868         0.156 / 2.868       ms
[60.041s][info][gc,stats    ]       Phase: Concurrent Select Relocation Set              8.088 / 10.163        8.115 / 13.134        8.115 / 13.134        8.115 / 13.134      ms
[60.041s][info][gc,stats    ]       Phase: Pause Mark End                                0.014 / 0.015         0.013 / 0.018         0.013 / 0.018         0.013 / 0.018       ms
[60.041s][info][gc,stats    ]       Phase: Pause Mark Start                              0.006 / 0.009         0.006 / 0.020         0.006 / 0.020         0.006 / 0.020       ms
[60.041s][info][gc,stats    ]       Phase: Pause Relocate Start                          0.003 / 0.004         0.004 / 0.006         0.004 / 0.006         0.004 / 0.006       ms
[60.041s][info][gc,stats    ]    Subphase: Concurrent Classes Purge                      0.013 / 0.013         0.015 / 0.044         0.015 / 0.044         0.015 / 0.044       ms
[60.041s][info][gc,stats    ]    Subphase: Concurrent Classes Unlink                     0.494 / 0.514         0.681 / 3.767         0.681 / 3.767         0.681 / 3.767       ms
[60.041s][info][gc,stats    ]    Subphase: Concurrent Mark                            3429.216 / 3465.270   2830.855 / 3517.476   2830.855 / 3517.476   2830.855 / 3517.476    ms
[60.041s][info][gc,stats    ]    Subphase: Concurrent Mark Try Flush                     0.045 / 0.144         0.055 / 0.397         0.055 / 0.397         0.055 / 0.397       ms
[60.041s][info][gc,stats    ]    Subphase: Concurrent Mark Try Terminate                 0.845 / 1.280         0.822 / 1.280         0.822 / 1.280         0.822 / 1.280       ms
[60.041s][info][gc,stats    ]    Subphase: Concurrent References Enqueue                 0.022 / 0.060         0.006 / 0.060         0.006 / 0.060         0.006 / 0.060       ms
[60.041s][info][gc,stats    ]    Subphase: Concurrent References Process                 0.025 / 0.025         0.031 / 0.126         0.031 / 0.126         0.031 / 0.126       ms
[60.041s][info][gc,stats    ]    Subphase: Concurrent Roots ClassLoaderDataGraph         0.010 / 0.024         0.012 / 0.061         0.012 / 0.061         0.012 / 0.061       ms
[60.041s][info][gc,stats    ]    Subphase: Concurrent Roots CodeCache                    0.000 / 0.000         0.000 / 0.000         0.000 / 0.000         0.000 / 0.000       ms
[60.041s][info][gc,stats    ]    Subphase: Concurrent Roots JavaThreads                  0.338 / 0.375         0.613 / 3.593         0.613 / 3.593         0.613 / 3.593       ms
[60.041s][info][gc,stats    ]    Subphase: Concurrent Roots OopStorageSet                0.003 / 0.006         0.009 / 0.158         0.009 / 0.158         0.009 / 0.158       ms
[60.041s][info][gc,stats    ]    Subphase: Concurrent Weak Roots OopStorageSet           0.016 / 0.020         0.018 / 0.037         0.018 / 0.037         0.018 / 0.037       ms
[60.041s][info][gc,stats    ]    Subphase: Pause Mark Try Complete                       0.000 / 0.000         0.000 / 0.000         0.000 / 0.000         0.000 / 0.000       ms
[60.041s][info][gc,stats    ]      System: Java Threads                                     23 / 23               21 / 23               21 / 23               21 / 23          threads
[60.041s][info][gc,stats    ] =========================================================================================================================================================
[61.207s][info][gc,phases   ] GC(19) Concurrent Mark 3399.820ms
[61.207s][info][gc,phases   ] GC(19) Pause Mark End 0.011ms
[61.207s][info][gc,phases   ] GC(19) Concurrent Mark Free 0.000ms
[61.208s][info][gc,phases   ] GC(19) Concurrent Process Non-Strong References 0.560ms
[61.208s][info][gc,phases   ] GC(19) Concurrent Reset Relocation Set 0.004ms
[61.216s][info][gc,phases   ] GC(19) Concurrent Select Relocation Set 7.550ms
[61.216s][info][gc,phases   ] GC(19) Pause Relocate Start 0.005ms
[61.216s][info][gc,phases   ] GC(19) Concurrent Relocate 0.406ms
[61.216s][info][gc,load     ] GC(19) Load: 2.53/2.50/2.33
[61.216s][info][gc,mmu      ] GC(19) MMU: 2ms/99.0%, 5ms/99.6%, 10ms/99.8%, 20ms/99.8%, 50ms/99.9%, 100ms/100.0%
[61.216s][info][gc,marking  ] GC(19) Mark: 2 stripe(s), 3 proactive flush(es), 1 terminate flush(es), 0 completion(s), 0 continuation(s) 
[61.216s][info][gc,marking  ] GC(19) Mark Stack Usage: 32M
[61.216s][info][gc,nmethod  ] GC(19) NMethods: 416 registered, 0 unregistered
[61.216s][info][gc,metaspace] GC(19) Metaspace: 1M used, 1M committed, 1088M reserved
[61.216s][info][gc,ref      ] GC(19) Soft: 72 encountered, 43 discovered, 0 enqueued
[61.216s][info][gc,ref      ] GC(19) Weak: 264 encountered, 204 discovered, 0 enqueued
[61.216s][info][gc,ref      ] GC(19) Final: 6 encountered, 6 discovered, 0 enqueued
[61.216s][info][gc,ref      ] GC(19) Phantom: 1 encountered, 0 discovered, 0 enqueued
[61.216s][info][gc,reloc    ] GC(19) Small Pages: 6144 / 12288M, Empty: 0M, Relocated: 1M, In-Place: 3
[61.216s][info][gc,reloc    ] GC(19) Medium Pages: 0 / 0M, Empty: 0M, Relocated: 0M, In-Place: 0
[61.216s][info][gc,reloc    ] GC(19) Large Pages: 0 / 0M, Empty: 0M, Relocated: 0M, In-Place: 0
[61.216s][info][gc,reloc    ] GC(19) Forwarding Usage: 0M
[61.216s][info][gc,heap     ] GC(19) Min Capacity: 8M(0%)
[61.216s][info][gc,heap     ] GC(19) Max Capacity: 12288M(100%)
[61.216s][info][gc,heap     ] GC(19) Soft Max Capacity: 12288M(100%)
[61.216s][info][gc,heap     ] GC(19)                Mark Start          Mark End        Relocate Start      Relocate End           High               Low         
[61.216s][info][gc,heap     ] GC(19)  Capacity:    12288M (100%)      12288M (100%)      12288M (100%)      12288M (100%)      12288M (100%)      12288M (100%)   
[61.216s][info][gc,heap     ] GC(19)      Free:        0M (0%)            0M (0%)            0M (0%)            0M (0%)            0M (0%)            0M (0%)     
[61.216s][info][gc,heap     ] GC(19)      Used:    12288M (100%)      12288M (100%)      12288M (100%)      12288M (100%)      12288M (100%)      12288M (100%)   
[61.216s][info][gc,heap     ] GC(19)      Live:         -              9943M (81%)        9943M (81%)        9943M (81%)            -                  -          
[61.216s][info][gc,heap     ] GC(19) Allocated:         -                 0M (0%)            0M (0%)            0M (0%)             -                  -          
[61.216s][info][gc,heap     ] GC(19)   Garbage:         -              2344M (19%)        2344M (19%)        2344M (19%)            -                  -          
[61.216s][info][gc,heap     ] GC(19) Reclaimed:         -                  -                 0M (0%)            0M (0%)             -                  -          
[61.216s][info][gc          ] GC(19) Garbage Collection (Allocation Stall) 12288M(100%)->12288M(100%)
[61.216s][info][gc          ] Allocation Stall (ForkJoinPool-1-worker-9) 3408.750ms
[61.216s][info][gc          ] Allocation Stall (ForkJoinPool-1-worker-2) 6882.917ms
[61.216s][info][gc          ] Allocation Stall (ForkJoinPool-1-worker-3) 6882.909ms
[61.216s][info][gc          ] Allocation Stall (ForkJoinPool-1-worker-5) 6882.922ms
[61.216s][info][gc          ] Allocation Stall (ForkJoinPool-1-worker-10) 6882.919ms
[61.216s][info][gc          ] Out Of Memory (ForkJoinPool-1-worker-9)
[61.216s][info][gc,start    ] GC(20) Garbage Collection (Allocation Stall)
[61.216s][info][gc          ] Allocation Stall (ForkJoinPool-1-worker-4) 3408.798ms
[61.216s][info][gc,ref      ] GC(20) Clearing All SoftReferences
[61.216s][info][gc          ] Out Of Memory (ForkJoinPool-1-worker-4)
[61.216s][info][gc,task     ] GC(20) Using 3 workers
[61.216s][info][gc,phases   ] GC(20) Pause Mark Start 0.004ms
[64.623s][info][gc,phases   ] GC(20) Concurrent Mark 3406.210ms
[64.623s][info][gc,phases   ] GC(20) Pause Mark End 0.014ms
[64.623s][info][gc,phases   ] GC(20) Concurrent Mark Free 0.000ms
[64.623s][info][gc,phases   ] GC(20) Concurrent Process Non-Strong References 0.551ms
[64.623s][info][gc,phases   ] GC(20) Concurrent Reset Relocation Set 0.004ms
[64.636s][info][gc,phases   ] GC(20) Concurrent Select Relocation Set 12.442ms
[64.636s][info][gc,phases   ] GC(20) Pause Relocate Start 0.003ms
[64.636s][info][gc,phases   ] GC(20) Concurrent Relocate 0.409ms
[64.636s][info][gc,load     ] GC(20) Load: 2.57/2.51/2.33
[64.636s][info][gc,mmu      ] GC(20) MMU: 2ms/99.0%, 5ms/99.6%, 10ms/99.8%, 20ms/99.8%, 50ms/99.9%, 100ms/100.0%
[64.636s][info][gc,marking  ] GC(20) Mark: 2 stripe(s), 2 proactive flush(es), 1 terminate flush(es), 0 completion(s), 0 continuation(s) 
[64.636s][info][gc,marking  ] GC(20) Mark Stack Usage: 32M
[64.636s][info][gc,nmethod  ] GC(20) NMethods: 416 registered, 0 unregistered
[64.636s][info][gc,metaspace] GC(20) Metaspace: 1M used, 1M committed, 1088M reserved
[64.636s][info][gc,ref      ] GC(20) Soft: 72 encountered, 29 discovered, 0 enqueued
[64.636s][info][gc,ref      ] GC(20) Weak: 264 encountered, 107 discovered, 0 enqueued
[64.636s][info][gc,ref      ] GC(20) Final: 6 encountered, 6 discovered, 0 enqueued
[64.636s][info][gc,ref      ] GC(20) Phantom: 1 encountered, 0 discovered, 0 enqueued
[64.636s][info][gc,reloc    ] GC(20) Small Pages: 6144 / 12288M, Empty: 0M, Relocated: 1M, In-Place: 3
[64.636s][info][gc,reloc    ] GC(20) Medium Pages: 0 / 0M, Empty: 0M, Relocated: 0M, In-Place: 0
[64.636s][info][gc,reloc    ] GC(20) Large Pages: 0 / 0M, Empty: 0M, Relocated: 0M, In-Place: 0
[64.636s][info][gc,reloc    ] GC(20) Forwarding Usage: 0M
[64.636s][info][gc,heap     ] GC(20) Min Capacity: 8M(0%)
[64.636s][info][gc,heap     ] GC(20) Max Capacity: 12288M(100%)
[64.636s][info][gc,heap     ] GC(20) Soft Max Capacity: 12288M(100%)
[64.636s][info][gc,heap     ] GC(20)                Mark Start          Mark End        Relocate Start      Relocate End           High               Low         
[64.636s][info][gc,heap     ] GC(20)  Capacity:    12288M (100%)      12288M (100%)      12288M (100%)      12288M (100%)      12288M (100%)      12288M (100%)   
[64.636s][info][gc,heap     ] GC(20)      Free:        0M (0%)            0M (0%)            0M (0%)            0M (0%)            0M (0%)            0M (0%)     
[64.636s][info][gc,heap     ] GC(20)      Used:    12288M (100%)      12288M (100%)      12288M (100%)      12288M (100%)      12288M (100%)      12288M (100%)   
[64.636s][info][gc,heap     ] GC(20)      Live:         -              9943M (81%)        9943M (81%)        9943M (81%)            -                  -          
[64.636s][info][gc,heap     ] GC(20) Allocated:         -                 0M (0%)            0M (0%)            0M (0%)             -                  -          
[64.636s][info][gc,heap     ] GC(20)   Garbage:         -              2344M (19%)        2344M (19%)        2344M (19%)            -                  -          
[64.636s][info][gc,heap     ] GC(20) Reclaimed:         -                  -                 0M (0%)            0M (0%)             -                  -          
[64.636s][info][gc          ] GC(20) Garbage Collection (Allocation Stall) 12288M(100%)->12288M(100%)
[64.636s][info][gc,start    ] GC(21) Garbage Collection (Allocation Stall)
[64.636s][info][gc          ] Allocation Stall (ForkJoinPool-1-worker-10) 3420.099ms
[64.636s][info][gc          ] Allocation Stall (ForkJoinPool-1-worker-3) 3420.110ms
[64.636s][info][gc          ] Allocation Stall (ForkJoinPool-1-worker-5) 3420.108ms
[64.636s][info][gc          ] Allocation Stall (ForkJoinPool-1-worker-2) 3420.128ms
[64.636s][info][gc,ref      ] GC(21) Clearing All SoftReferences
[64.636s][info][gc          ] Out Of Memory (ForkJoinPool-1-worker-10)
[64.636s][info][gc          ] Out Of Memory (ForkJoinPool-1-worker-3)
[64.636s][info][gc          ] Out Of Memory (ForkJoinPool-1-worker-5)
[64.636s][info][gc          ] Out Of Memory (ForkJoinPool-1-worker-2)
[64.637s][info][gc,task     ] GC(21) Using 3 workers
[64.637s][info][gc,phases   ] GC(21) Pause Mark Start 0.006ms
[68.113s][info][gc,phases   ] GC(21) Concurrent Mark 3476.092ms
[68.113s][info][gc,phases   ] GC(21) Pause Mark End 0.011ms
[68.113s][info][gc,phases   ] GC(21) Concurrent Mark Free 0.000ms
[68.114s][info][gc,phases   ] GC(21) Concurrent Process Non-Strong References 0.536ms
[68.114s][info][gc,phases   ] GC(21) Concurrent Reset Relocation Set 0.009ms
[68.123s][info][gc,phases   ] GC(21) Concurrent Select Relocation Set 8.746ms
[68.123s][info][gc,phases   ] GC(21) Pause Relocate Start 0.003ms
[68.123s][info][gc,phases   ] GC(21) Concurrent Relocate 0.399ms
[68.123s][info][gc,load     ] GC(21) Load: 2.52/2.50/2.33
[68.123s][info][gc,mmu      ] GC(21) MMU: 2ms/99.0%, 5ms/99.6%, 10ms/99.8%, 20ms/99.8%, 50ms/99.9%, 100ms/100.0%
[68.123s][info][gc,marking  ] GC(21) Mark: 2 stripe(s), 2 proactive flush(es), 1 terminate flush(es), 0 completion(s), 0 continuation(s) 
[68.123s][info][gc,marking  ] GC(21) Mark Stack Usage: 32M
[68.123s][info][gc,nmethod  ] GC(21) NMethods: 416 registered, 0 unregistered
[68.123s][info][gc,metaspace] GC(21) Metaspace: 1M used, 1M committed, 1088M reserved
[68.123s][info][gc,ref      ] GC(21) Soft: 72 encountered, 29 discovered, 0 enqueued
[68.123s][info][gc,ref      ] GC(21) Weak: 264 encountered, 111 discovered, 0 enqueued
[68.123s][info][gc,ref      ] GC(21) Final: 6 encountered, 6 discovered, 0 enqueued
[68.123s][info][gc,ref      ] GC(21) Phantom: 1 encountered, 0 discovered, 0 enqueued
[68.123s][info][gc,reloc    ] GC(21) Small Pages: 6144 / 12288M, Empty: 0M, Relocated: 1M, In-Place: 3
[68.123s][info][gc,reloc    ] GC(21) Medium Pages: 0 / 0M, Empty: 0M, Relocated: 0M, In-Place: 0
[68.123s][info][gc,reloc    ] GC(21) Large Pages: 0 / 0M, Empty: 0M, Relocated: 0M, In-Place: 0
[68.123s][info][gc,reloc    ] GC(21) Forwarding Usage: 0M
[68.123s][info][gc,heap     ] GC(21) Min Capacity: 8M(0%)
[68.123s][info][gc,heap     ] GC(21) Max Capacity: 12288M(100%)
[68.123s][info][gc,heap     ] GC(21) Soft Max Capacity: 12288M(100%)
[68.123s][info][gc,heap     ] GC(21)                Mark Start          Mark End        Relocate Start      Relocate End           High               Low         
[68.123s][info][gc,heap     ] GC(21)  Capacity:    12288M (100%)      12288M (100%)      12288M (100%)      12288M (100%)      12288M (100%)      12288M (100%)   
[68.123s][info][gc,heap     ] GC(21)      Free:        0M (0%)            0M (0%)            0M (0%)            0M (0%)            0M (0%)            0M (0%)     
[68.123s][info][gc,heap     ] GC(21)      Used:    12288M (100%)      12288M (100%)      12288M (100%)      12288M (100%)      12288M (100%)      12288M (100%)   
[68.123s][info][gc,heap     ] GC(21)      Live:         -              9943M (81%)        9943M (81%)        9943M (81%)            -                  -          
[68.123s][info][gc,heap     ] GC(21) Allocated:         -                 0M (0%)            0M (0%)            0M (0%)             -                  -          
[68.123s][info][gc,heap     ] GC(21)   Garbage:         -              2344M (19%)        2344M (19%)        2344M (19%)            -                  -          
[68.123s][info][gc,heap     ] GC(21) Reclaimed:         -                  -                 0M (0%)            0M (0%)             -                  -          
[68.123s][info][gc          ] GC(21) Garbage Collection (Allocation Stall) 12288M(100%)->12288M(100%)
[68.123s][info][gc          ] Allocation Stall (ForkJoinPool-1-worker-4) 6906.629ms
[68.123s][info][gc          ] Allocation Stall (ForkJoinPool-1-worker-9) 6906.532ms
[68.123s][info][gc,start    ] GC(22) Garbage Collection (Allocation Stall)
[68.123s][info][gc,ref      ] GC(22) Clearing All SoftReferences
[68.123s][info][gc,task     ] GC(22) Using 3 workers
[68.123s][info][gc,phases   ] GC(22) Pause Mark Start 0.004ms
[70.037s][info][gc,stats    ] === Garbage Collection Statistics =======================================================================================================================
[70.037s][info][gc,stats    ]                                                              Last 10s              Last 10m              Last 10h                Total
[70.037s][info][gc,stats    ]                                                              Avg / Max             Avg / Max             Avg / Max             Avg / Max
[70.037s][info][gc,stats    ]   Collector: Garbage Collection Cycle                   3438.335 / 3486.520   2925.102 / 3527.535   2925.102 / 3527.535   2925.102 / 3527.535    ms
[70.037s][info][gc,stats    ]  Contention: Mark Segment Reset Contention                   218 / 298             210 / 327             210 / 327             210 / 327         ops/s
[70.037s][info][gc,stats    ]  Contention: Mark SeqNum Reset Contention                      0 / 0                 0 / 1                 0 / 1                 0 / 1           ops/s
[70.037s][info][gc,stats    ]    Critical: Allocation Stall                                  1 / 6                 1 / 10                1 / 10                1 / 10          ops/s
[70.037s][info][gc,stats    ]    Critical: Allocation Stall                           5153.568 / 6906.629   4724.024 / 7000.397   4724.024 / 7000.397   4724.024 / 7000.397    ms
[70.037s][info][gc,stats    ]    Critical: GC Locker Stall                                   0 / 0                 0 / 0                 0 / 0                 0 / 0           ops/s
[70.037s][info][gc,stats    ]    Critical: GC Locker Stall                               0.000 / 0.000         0.000 / 0.000         0.000 / 0.000         0.000 / 0.000       ms
[70.037s][info][gc,stats    ]    Critical: Relocation Stall                                  0 / 0                 0 / 0                 0 / 0                 0 / 0           ops/s
[70.037s][info][gc,stats    ]    Critical: Relocation Stall                              0.000 / 0.000         0.000 / 0.000         0.000 / 0.000         0.000 / 0.000       ms
[70.037s][info][gc,stats    ]      Memory: Allocation Rate                                   0 / 0               215 / 4858            215 / 4858            215 / 4858        MB/s
[70.037s][info][gc,stats    ]      Memory: Out Of Memory                                     0 / 4                 0 / 5                 0 / 5                 0 / 5           ops/s
[70.037s][info][gc,stats    ]      Memory: Page Cache Flush                                  0 / 0                 0 / 0                 0 / 0                 0 / 0           MB/s
[70.037s][info][gc,stats    ]      Memory: Page Cache Hit L1                                 0 / 0                18 / 912              18 / 912              18 / 912         ops/s
[70.037s][info][gc,stats    ]      Memory: Page Cache Hit L2                                 0 / 0                 0 / 0                 0 / 0                 0 / 0           ops/s
[70.037s][info][gc,stats    ]      Memory: Page Cache Hit L3                                 0 / 0                 2 / 139               2 / 139               2 / 139         ops/s
[70.037s][info][gc,stats    ]      Memory: Page Cache Miss                                   0 / 0                85 / 1517             85 / 1517             85 / 1517        ops/s
[70.037s][info][gc,stats    ]      Memory: Uncommit                                          0 / 0                 0 / 0                 0 / 0                 0 / 0           MB/s
[70.037s][info][gc,stats    ]      Memory: Undo Object Allocation Failed                     0 / 0                 0 / 0                 0 / 0                 0 / 0           ops/s
[70.037s][info][gc,stats    ]      Memory: Undo Object Allocation Succeeded                  0 / 0                 0 / 0                 0 / 0                 0 / 0           ops/s
[70.037s][info][gc,stats    ]      Memory: Undo Page Allocation                              0 / 0                16 / 913              16 / 913              16 / 913         ops/s
[70.037s][info][gc,stats    ]       Phase: Concurrent Mark                            3427.374 / 3476.092   2913.479 / 3518.019   2913.479 / 3518.019   2913.479 / 3518.019    ms
[70.037s][info][gc,stats    ]       Phase: Concurrent Mark Continue                      0.000 / 0.000         0.000 / 0.000         0.000 / 0.000         0.000 / 0.000       ms
[70.037s][info][gc,stats    ]       Phase: Concurrent Mark Free                          0.000 / 0.000         0.835 / 18.361        0.835 / 18.361        0.835 / 18.361      ms
[70.037s][info][gc,stats    ]       Phase: Concurrent Process Non-Strong References      0.549 / 0.560         0.746 / 3.847         0.746 / 3.847         0.746 / 3.847       ms
[70.037s][info][gc,stats    ]       Phase: Concurrent Relocate                           0.405 / 0.409         1.053 / 13.200        1.053 / 13.200        1.053 / 13.200      ms
[70.037s][info][gc,stats    ]       Phase: Concurrent Reset Relocation Set               0.005 / 0.009         0.135 / 2.868         0.135 / 2.868         0.135 / 2.868       ms
[70.037s][info][gc,stats    ]       Phase: Concurrent Select Relocation Set              9.579 / 12.442        8.314 / 13.134        8.314 / 13.134        8.314 / 13.134      ms
[70.037s][info][gc,stats    ]       Phase: Pause Mark End                                0.012 / 0.014         0.013 / 0.018         0.013 / 0.018         0.013 / 0.018       ms
[70.037s][info][gc,stats    ]       Phase: Pause Mark Start                              0.005 / 0.006         0.006 / 0.020         0.006 / 0.020         0.006 / 0.020       ms
[70.037s][info][gc,stats    ]       Phase: Pause Relocate Start                          0.004 / 0.005         0.004 / 0.006         0.004 / 0.006         0.004 / 0.006       ms
[70.038s][info][gc,stats    ]    Subphase: Concurrent Classes Purge                      0.012 / 0.013         0.014 / 0.044         0.014 / 0.044         0.014 / 0.044       ms
[70.038s][info][gc,stats    ]    Subphase: Concurrent Classes Unlink                     0.474 / 0.479         0.652 / 3.767         0.652 / 3.767         0.652 / 3.767       ms
[70.038s][info][gc,stats    ]    Subphase: Concurrent Mark                            3426.542 / 3475.628   2912.085 / 3517.476   2912.085 / 3517.476   2912.085 / 3517.476    ms
[70.038s][info][gc,stats    ]    Subphase: Concurrent Mark Try Flush                     0.041 / 0.132         0.053 / 0.397         0.053 / 0.397         0.053 / 0.397       ms
[70.038s][info][gc,stats    ]    Subphase: Concurrent Mark Try Terminate                 0.865 / 1.273         0.828 / 1.280         0.828 / 1.280         0.828 / 1.280       ms
[70.038s][info][gc,stats    ]    Subphase: Concurrent References Enqueue                 0.003 / 0.003         0.005 / 0.060         0.005 / 0.060         0.005 / 0.060       ms
[70.038s][info][gc,stats    ]    Subphase: Concurrent References Process                 0.022 / 0.028         0.030 / 0.126         0.030 / 0.126         0.030 / 0.126       ms
[70.038s][info][gc,stats    ]    Subphase: Concurrent Roots ClassLoaderDataGraph         0.010 / 0.031         0.012 / 0.061         0.012 / 0.061         0.012 / 0.061       ms
[70.038s][info][gc,stats    ]    Subphase: Concurrent Roots CodeCache                    0.000 / 0.000         0.000 / 0.000         0.000 / 0.000         0.000 / 0.000       ms
[70.038s][info][gc,stats    ]    Subphase: Concurrent Roots JavaThreads                  0.309 / 0.339         0.572 / 3.593         0.572 / 3.593         0.572 / 3.593       ms
[70.038s][info][gc,stats    ]    Subphase: Concurrent Roots OopStorageSet                0.003 / 0.005         0.008 / 0.158         0.008 / 0.158         0.008 / 0.158       ms
[70.038s][info][gc,stats    ]    Subphase: Concurrent Weak Roots OopStorageSet           0.015 / 0.020         0.017 / 0.037         0.017 / 0.037         0.017 / 0.037       ms
[70.038s][info][gc,stats    ]    Subphase: Pause Mark Try Complete                       0.000 / 0.000         0.000 / 0.000         0.000 / 0.000         0.000 / 0.000       ms
[70.038s][info][gc,stats    ]      System: Java Threads                                     21 / 23               21 / 23               21 / 23               21 / 23          threads
[70.038s][info][gc,stats    ] =========================================================================================================================================================
[71.566s][info][gc,phases   ] GC(22) Concurrent Mark 3443.156ms
[71.566s][info][gc,phases   ] GC(22) Pause Mark End 0.017ms
[71.566s][info][gc,phases   ] GC(22) Concurrent Mark Free 0.000ms
[71.567s][info][gc,phases   ] GC(22) Concurrent Process Non-Strong References 0.581ms
[71.567s][info][gc,phases   ] GC(22) Concurrent Reset Relocation Set 0.002ms
[71.577s][info][gc,phases   ] GC(22) Concurrent Select Relocation Set 10.000ms
[71.577s][info][gc,phases   ] GC(22) Pause Relocate Start 0.003ms
[71.578s][info][gc,phases   ] GC(22) Concurrent Relocate 0.420ms
[71.578s][info][gc,load     ] GC(22) Load: 2.52/2.50/2.33
[71.578s][info][gc,mmu      ] GC(22) MMU: 2ms/99.0%, 5ms/99.6%, 10ms/99.8%, 20ms/99.8%, 50ms/99.9%, 100ms/100.0%
[71.578s][info][gc,marking  ] GC(22) Mark: 2 stripe(s), 3 proactive flush(es), 1 terminate flush(es), 0 completion(s), 0 continuation(s) 
[71.578s][info][gc,marking  ] GC(22) Mark Stack Usage: 32M
[71.578s][info][gc,nmethod  ] GC(22) NMethods: 416 registered, 0 unregistered
[71.578s][info][gc,metaspace] GC(22) Metaspace: 1M used, 1M committed, 1088M reserved
[71.578s][info][gc,ref      ] GC(22) Soft: 72 encountered, 38 discovered, 0 enqueued
[71.578s][info][gc,ref      ] GC(22) Weak: 264 encountered, 87 discovered, 0 enqueued
[71.578s][info][gc,ref      ] GC(22) Final: 6 encountered, 3 discovered, 0 enqueued
[71.578s][info][gc,ref      ] GC(22) Phantom: 1 encountered, 0 discovered, 0 enqueued
[71.578s][info][gc,reloc    ] GC(22) Small Pages: 6144 / 12288M, Empty: 0M, Relocated: 1M, In-Place: 3
[71.578s][info][gc,reloc    ] GC(22) Medium Pages: 0 / 0M, Empty: 0M, Relocated: 0M, In-Place: 0
[71.578s][info][gc,reloc    ] GC(22) Large Pages: 0 / 0M, Empty: 0M, Relocated: 0M, In-Place: 0
[71.578s][info][gc,reloc    ] GC(22) Forwarding Usage: 0M
[71.578s][info][gc,heap     ] GC(22) Min Capacity: 8M(0%)
[71.578s][info][gc,heap     ] GC(22) Max Capacity: 12288M(100%)
[71.578s][info][gc,heap     ] GC(22) Soft Max Capacity: 12288M(100%)
[71.578s][info][gc,heap     ] GC(22)                Mark Start          Mark End        Relocate Start      Relocate End           High               Low         
[71.578s][info][gc,heap     ] GC(22)  Capacity:    12288M (100%)      12288M (100%)      12288M (100%)      12288M (100%)      12288M (100%)      12288M (100%)   
[71.578s][info][gc,heap     ] GC(22)      Free:        0M (0%)            0M (0%)            0M (0%)            0M (0%)            0M (0%)            0M (0%)     
[71.578s][info][gc,heap     ] GC(22)      Used:    12288M (100%)      12288M (100%)      12288M (100%)      12288M (100%)      12288M (100%)      12288M (100%)   
[71.578s][info][gc,heap     ] GC(22)      Live:         -              9943M (81%)        9943M (81%)        9943M (81%)            -                  -          
[71.578s][info][gc,heap     ] GC(22) Allocated:         -                 0M (0%)            0M (0%)            0M (0%)             -                  -          
[71.578s][info][gc,heap     ] GC(22)   Garbage:         -              2344M (19%)        2344M (19%)        2344M (19%)            -                  -          
[71.578s][info][gc,heap     ] GC(22) Reclaimed:         -                  -                 0M (0%)            0M (0%)             -                  -          
[71.578s][info][gc          ] GC(22) Garbage Collection (Allocation Stall) 12288M(100%)->12288M(100%)
[71.578s][info][gc          ] Allocation Stall (ForkJoinPool-1-worker-4) 3454.563ms
[71.578s][info][gc          ] Allocation Stall (ForkJoinPool-1-worker-9) 3454.561ms
[71.578s][info][gc          ] Out Of Memory (ForkJoinPool-1-worker-4)
[71.578s][info][gc          ] Out Of Memory (ForkJoinPool-1-worker-9)
[71.578s][info][gc,start    ] GC(23) Garbage Collection (Allocation Stall)
[71.578s][info][gc,ref      ] GC(23) Clearing All SoftReferences
[71.578s][info][gc,task     ] GC(23) Using 3 workers
[71.578s][info][gc,phases   ] GC(23) Pause Mark Start 0.005ms
[75.010s][info][gc,phases   ] GC(23) Concurrent Mark 3432.471ms
[75.011s][info][gc,phases   ] GC(23) Pause Mark End 0.011ms
[75.011s][info][gc,phases   ] GC(23) Concurrent Mark Free 0.000ms
[75.013s][info][gc,phases   ] GC(23) Concurrent Process Non-Strong References 2.413ms
[75.013s][info][gc,phases   ] GC(23) Concurrent Reset Relocation Set 0.003ms
[75.020s][info][gc,phases   ] GC(23) Concurrent Select Relocation Set 6.342ms
[75.020s][info][gc,phases   ] GC(23) Pause Relocate Start 0.005ms
[75.020s][info][gc,phases   ] GC(23) Concurrent Relocate 0.392ms
[75.020s][info][gc,load     ] GC(23) Load: 2.72/2.54/2.35
[75.020s][info][gc,mmu      ] GC(23) MMU: 2ms/99.0%, 5ms/99.6%, 10ms/99.8%, 20ms/99.8%, 50ms/99.9%, 100ms/100.0%
[75.020s][info][gc,marking  ] GC(23) Mark: 2 stripe(s), 1 proactive flush(es), 1 terminate flush(es), 0 completion(s), 0 continuation(s) 
[75.020s][info][gc,marking  ] GC(23) Mark Stack Usage: 32M
[75.020s][info][gc,nmethod  ] GC(23) NMethods: 416 registered, 0 unregistered
[75.020s][info][gc,metaspace] GC(23) Metaspace: 1M used, 1M committed, 1088M reserved
[75.020s][info][gc,ref      ] GC(23) Soft: 72 encountered, 40 discovered, 0 enqueued
[75.020s][info][gc,ref      ] GC(23) Weak: 264 encountered, 110 discovered, 0 enqueued
[75.020s][info][gc,ref      ] GC(23) Final: 6 encountered, 6 discovered, 0 enqueued
[75.020s][info][gc,ref      ] GC(23) Phantom: 1 encountered, 0 discovered, 0 enqueued
[75.020s][info][gc,reloc    ] GC(23) Small Pages: 6144 / 12288M, Empty: 0M, Relocated: 1M, In-Place: 3
[75.020s][info][gc,reloc    ] GC(23) Medium Pages: 0 / 0M, Empty: 0M, Relocated: 0M, In-Place: 0
[75.020s][info][gc,reloc    ] GC(23) Large Pages: 0 / 0M, Empty: 0M, Relocated: 0M, In-Place: 0
[75.020s][info][gc,reloc    ] GC(23) Forwarding Usage: 0M
[75.020s][info][gc,heap     ] GC(23) Min Capacity: 8M(0%)
[75.020s][info][gc,heap     ] GC(23) Max Capacity: 12288M(100%)
[75.020s][info][gc,heap     ] GC(23) Soft Max Capacity: 12288M(100%)
[75.020s][info][gc,heap     ] GC(23)                Mark Start          Mark End        Relocate Start      Relocate End           High               Low         
[75.020s][info][gc,heap     ] GC(23)  Capacity:    12288M (100%)      12288M (100%)      12288M (100%)      12288M (100%)      12288M (100%)      12288M (100%)   
[75.020s][info][gc,heap     ] GC(23)      Free:        0M (0%)            0M (0%)            0M (0%)            0M (0%)            0M (0%)            0M (0%)     
[75.020s][info][gc,heap     ] GC(23)      Used:    12288M (100%)      12288M (100%)      12288M (100%)      12288M (100%)      12288M (100%)      12288M (100%)   
[75.020s][info][gc,heap     ] GC(23)      Live:         -              9943M (81%)        9943M (81%)        9943M (81%)            -                  -          
[75.020s][info][gc,heap     ] GC(23) Allocated:         -                 0M (0%)            0M (0%)            0M (0%)             -                  -          
[75.020s][info][gc,heap     ] GC(23)   Garbage:         -              2344M (19%)        2344M (19%)        2344M (19%)            -                  -          
[75.020s][info][gc,heap     ] GC(23) Reclaimed:         -                  -                 0M (0%)            0M (0%)             -                  -          
[75.020s][info][gc          ] GC(23) Garbage Collection (Allocation Stall) 12288M(100%)->12288M(100%)
[75.020s][info][gc          ] Allocation Stall (ForkJoinPool-1-worker-9) 3442.328ms
[75.020s][info][gc,start    ] GC(24) Garbage Collection (Allocation Stall)
[75.020s][info][gc,ref      ] GC(24) Clearing All SoftReferences
[75.020s][info][gc,task     ] GC(24) Using 3 workers
[75.020s][info][gc,phases   ] GC(24) Pause Mark Start 0.005ms
[78.471s][info][gc,phases   ] GC(24) Concurrent Mark 3450.914ms
[78.471s][info][gc,phases   ] GC(24) Pause Mark End 0.015ms
[78.471s][info][gc,phases   ] GC(24) Concurrent Mark Free 0.000ms
[78.472s][info][gc,phases   ] GC(24) Concurrent Process Non-Strong References 0.580ms
[78.472s][info][gc,phases   ] GC(24) Concurrent Reset Relocation Set 0.003ms
[78.480s][info][gc,phases   ] GC(24) Concurrent Select Relocation Set 8.330ms
[78.480s][info][gc,phases   ] GC(24) Pause Relocate Start 0.003ms
[78.481s][info][gc,phases   ] GC(24) Concurrent Relocate 0.423ms
[78.481s][info][gc,load     ] GC(24) Load: 2.74/2.55/2.35
[78.481s][info][gc,mmu      ] GC(24) MMU: 2ms/99.0%, 5ms/99.6%, 10ms/99.8%, 20ms/99.8%, 50ms/99.9%, 100ms/100.0%
[78.481s][info][gc,marking  ] GC(24) Mark: 2 stripe(s), 2 proactive flush(es), 1 terminate flush(es), 0 completion(s), 0 continuation(s) 
[78.481s][info][gc,marking  ] GC(24) Mark Stack Usage: 32M
[78.481s][info][gc,nmethod  ] GC(24) NMethods: 416 registered, 0 unregistered
[78.481s][info][gc,metaspace] GC(24) Metaspace: 1M used, 1M committed, 1088M reserved
[78.481s][info][gc,ref      ] GC(24) Soft: 72 encountered, 37 discovered, 0 enqueued
[78.481s][info][gc,ref      ] GC(24) Weak: 264 encountered, 113 discovered, 0 enqueued
[78.481s][info][gc,ref      ] GC(24) Final: 6 encountered, 6 discovered, 0 enqueued
[78.481s][info][gc,ref      ] GC(24) Phantom: 1 encountered, 0 discovered, 0 enqueued
[78.481s][info][gc,reloc    ] GC(24) Small Pages: 6144 / 12288M, Empty: 0M, Relocated: 1M, In-Place: 3
[78.481s][info][gc,reloc    ] GC(24) Medium Pages: 0 / 0M, Empty: 0M, Relocated: 0M, In-Place: 0
[78.481s][info][gc,reloc    ] GC(24) Large Pages: 0 / 0M, Empty: 0M, Relocated: 0M, In-Place: 0
[78.481s][info][gc,reloc    ] GC(24) Forwarding Usage: 0M
[78.481s][info][gc,heap     ] GC(24) Min Capacity: 8M(0%)
[78.481s][info][gc,heap     ] GC(24) Max Capacity: 12288M(100%)
[78.481s][info][gc,heap     ] GC(24) Soft Max Capacity: 12288M(100%)
[78.481s][info][gc,heap     ] GC(24)                Mark Start          Mark End        Relocate Start      Relocate End           High               Low         
[78.481s][info][gc,heap     ] GC(24)  Capacity:    12288M (100%)      12288M (100%)      12288M (100%)      12288M (100%)      12288M (100%)      12288M (100%)   
[78.481s][info][gc,heap     ] GC(24)      Free:        0M (0%)            0M (0%)            0M (0%)            0M (0%)            0M (0%)            0M (0%)     
[78.481s][info][gc,heap     ] GC(24)      Used:    12288M (100%)      12288M (100%)      12288M (100%)      12288M (100%)      12288M (100%)      12288M (100%)   
[78.481s][info][gc,heap     ] GC(24)      Live:         -              9943M (81%)        9943M (81%)        9943M (81%)            -                  -          
[78.481s][info][gc,heap     ] GC(24) Allocated:         -                 0M (0%)            0M (0%)            0M (0%)             -                  -          
[78.481s][info][gc,heap     ] GC(24)   Garbage:         -              2344M (19%)        2344M (19%)        2344M (19%)            -                  -          
[78.481s][info][gc,heap     ] GC(24) Reclaimed:         -                  -                 0M (0%)            0M (0%)             -                  -          
[78.481s][info][gc          ] GC(24) Garbage Collection (Allocation Stall) 12288M(100%)->12288M(100%)
[78.481s][info][gc          ] Allocation Stall (ForkJoinPool-1-worker-9) 3460.672ms
[78.481s][info][gc          ] Out Of Memory (ForkJoinPool-1-worker-9)
[78.532s][info][gc,start    ] GC(25) Garbage Collection (Allocation Rate)
[78.532s][info][gc,task     ] GC(25) Using 3 workers
[78.532s][info][gc,phases   ] GC(25) Pause Mark Start 0.009ms
[80.037s][info][gc,stats    ] === Garbage Collection Statistics =======================================================================================================================
[80.037s][info][gc,stats    ]                                                              Last 10s              Last 10m              Last 10h                Total
[80.037s][info][gc,stats    ]                                                              Avg / Max             Avg / Max             Avg / Max             Avg / Max
[80.037s][info][gc,stats    ]   Collector: Garbage Collection Cycle                   3452.326 / 3460.477   2988.369 / 3527.535   2988.369 / 3527.535   2988.369 / 3527.535    ms
[80.037s][info][gc,stats    ]  Contention: Mark Segment Reset Contention                   218 / 314             211 / 327             211 / 327             211 / 327         ops/s
[80.037s][info][gc,stats    ]  Contention: Mark SeqNum Reset Contention                      0 / 0                 0 / 1                 0 / 1                 0 / 1           ops/s
[80.037s][info][gc,stats    ]    Critical: Allocation Stall                                  0 / 2                 1 / 10                1 / 10                1 / 10          ops/s
[80.037s][info][gc,stats    ]    Critical: Allocation Stall                           3453.031 / 3460.672   4662.024 / 7000.397   4662.024 / 7000.397   4662.024 / 7000.397    ms
[80.037s][info][gc,stats    ]    Critical: GC Locker Stall                                   0 / 0                 0 / 0                 0 / 0                 0 / 0           ops/s
[80.037s][info][gc,stats    ]    Critical: GC Locker Stall                               0.000 / 0.000         0.000 / 0.000         0.000 / 0.000         0.000 / 0.000       ms
[80.037s][info][gc,stats    ]    Critical: Relocation Stall                                  0 / 0                 0 / 0                 0 / 0                 0 / 0           ops/s
[80.037s][info][gc,stats    ]    Critical: Relocation Stall                              0.000 / 0.000         0.000 / 0.000         0.000 / 0.000         0.000 / 0.000       ms
[80.037s][info][gc,stats    ]      Memory: Allocation Rate                                   0 / 0               188 / 4858            188 / 4858            188 / 4858        MB/s
[80.037s][info][gc,stats    ]      Memory: Out Of Memory                                     0 / 2                 0 / 5                 0 / 5                 0 / 5           ops/s
[80.037s][info][gc,stats    ]      Memory: Page Cache Flush                                  0 / 0                 0 / 0                 0 / 0                 0 / 0           MB/s
[80.037s][info][gc,stats    ]      Memory: Page Cache Hit L1                                 0 / 0                16 / 912              16 / 912              16 / 912         ops/s
[80.037s][info][gc,stats    ]      Memory: Page Cache Hit L2                                 0 / 0                 0 / 0                 0 / 0                 0 / 0           ops/s
[80.037s][info][gc,stats    ]      Memory: Page Cache Hit L3                                 0 / 0                 1 / 139               1 / 139               1 / 139         ops/s
[80.037s][info][gc,stats    ]      Memory: Page Cache Miss                                   0 / 0                75 / 1517             75 / 1517             75 / 1517        ops/s
[80.037s][info][gc,stats    ]      Memory: Uncommit                                          0 / 0                 0 / 0                 0 / 0                 0 / 0           MB/s
[80.037s][info][gc,stats    ]      Memory: Undo Object Allocation Failed                     0 / 0                 0 / 0                 0 / 0                 0 / 0           ops/s
[80.037s][info][gc,stats    ]      Memory: Undo Object Allocation Succeeded                  0 / 0                 0 / 0                 0 / 0                 0 / 0           ops/s
[80.037s][info][gc,stats    ]      Memory: Undo Page Allocation                              0 / 0                14 / 913              14 / 913              14 / 913         ops/s
[80.037s][info][gc,stats    ]       Phase: Concurrent Mark                            3442.180 / 3450.914   2976.923 / 3518.019   2976.923 / 3518.019   2976.923 / 3518.019    ms
[80.037s][info][gc,stats    ]       Phase: Concurrent Mark Continue                      0.000 / 0.000         0.000 / 0.000         0.000 / 0.000         0.000 / 0.000       ms
[80.037s][info][gc,stats    ]       Phase: Concurrent Mark Free                          0.000 / 0.000         0.735 / 18.361        0.735 / 18.361        0.735 / 18.361      ms
[80.037s][info][gc,stats    ]       Phase: Concurrent Process Non-Strong References      1.191 / 2.413         0.799 / 3.847         0.799 / 3.847         0.799 / 3.847       ms
[80.037s][info][gc,stats    ]       Phase: Concurrent Relocate                           0.412 / 0.423         0.976 / 13.200        0.976 / 13.200        0.976 / 13.200      ms
[80.037s][info][gc,stats    ]       Phase: Concurrent Reset Relocation Set               0.003 / 0.003         0.120 / 2.868         0.120 / 2.868         0.120 / 2.868       ms
[80.037s][info][gc,stats    ]       Phase: Concurrent Select Relocation Set              8.224 / 10.000        8.303 / 13.134        8.303 / 13.134        8.303 / 13.134      ms
[80.037s][info][gc,stats    ]       Phase: Pause Mark End                                0.014 / 0.017         0.013 / 0.018         0.013 / 0.018         0.013 / 0.018       ms
[80.037s][info][gc,stats    ]       Phase: Pause Mark Start                              0.006 / 0.009         0.006 / 0.020         0.006 / 0.020         0.006 / 0.020       ms
[80.037s][info][gc,stats    ]       Phase: Pause Relocate Start                          0.004 / 0.005         0.004 / 0.006         0.004 / 0.006         0.004 / 0.006       ms
[80.037s][info][gc,stats    ]    Subphase: Concurrent Classes Purge                      0.012 / 0.013         0.014 / 0.044         0.014 / 0.044         0.014 / 0.044       ms
[80.037s][info][gc,stats    ]    Subphase: Concurrent Classes Unlink                     1.109 / 2.324         0.707 / 3.767         0.707 / 3.767         0.707 / 3.767       ms
[80.037s][info][gc,stats    ]    Subphase: Concurrent Mark                            3441.349 / 3450.481   2975.597 / 3517.476   2975.597 / 3517.476   2975.597 / 3517.476    ms
[80.037s][info][gc,stats    ]    Subphase: Concurrent Mark Try Flush                     0.033 / 0.104         0.051 / 0.397         0.051 / 0.397         0.051 / 0.397       ms
[80.037s][info][gc,stats    ]    Subphase: Concurrent Mark Try Terminate                 0.841 / 1.274         0.830 / 1.280         0.830 / 1.280         0.830 / 1.280       ms
[80.037s][info][gc,stats    ]    Subphase: Concurrent References Enqueue                 0.003 / 0.005         0.005 / 0.060         0.005 / 0.060         0.005 / 0.060       ms
[80.037s][info][gc,stats    ]    Subphase: Concurrent References Process                 0.026 / 0.029         0.029 / 0.126         0.029 / 0.126         0.029 / 0.126       ms
[80.037s][info][gc,stats    ]    Subphase: Concurrent Roots ClassLoaderDataGraph         0.630 / 3.733         0.070 / 3.733         0.070 / 3.733         0.070 / 3.733       ms
[80.037s][info][gc,stats    ]    Subphase: Concurrent Roots CodeCache                    0.000 / 0.000         0.000 / 0.000         0.000 / 0.000         0.000 / 0.000       ms
[80.037s][info][gc,stats    ]    Subphase: Concurrent Roots JavaThreads                  1.432 / 4.907         0.673 / 4.907         0.673 / 4.907         0.673 / 4.907       ms
[80.037s][info][gc,stats    ]    Subphase: Concurrent Roots OopStorageSet                0.003 / 0.005         0.007 / 0.158         0.007 / 0.158         0.007 / 0.158       ms
[80.037s][info][gc,stats    ]    Subphase: Concurrent Weak Roots OopStorageSet           0.015 / 0.020         0.017 / 0.037         0.017 / 0.037         0.017 / 0.037       ms
[80.037s][info][gc,stats    ]    Subphase: Pause Mark Try Complete                       0.000 / 0.000         0.000 / 0.000         0.000 / 0.000         0.000 / 0.000       ms
[80.037s][info][gc,stats    ]      System: Java Threads                                     18 / 19               21 / 23               21 / 23               21 / 23          threads
[80.037s][info][gc,stats    ] =========================================================================================================================================================
[81.989s][info][gc,phases   ] GC(25) Concurrent Mark 3456.993ms
[81.990s][info][gc,phases   ] GC(25) Pause Mark End 0.013ms
[81.990s][info][gc,phases   ] GC(25) Concurrent Mark Free 0.000ms
[81.990s][info][gc,phases   ] GC(25) Concurrent Process Non-Strong References 0.570ms
[81.990s][info][gc,phases   ] GC(25) Concurrent Reset Relocation Set 0.003ms
[82.002s][info][gc,phases   ] GC(25) Concurrent Select Relocation Set 11.610ms
[82.002s][info][gc,phases   ] GC(25) Pause Relocate Start 0.006ms
[82.003s][info][gc,phases   ] GC(25) Concurrent Relocate 0.413ms
[82.003s][info][gc,load     ] GC(25) Load: 2.68/2.54/2.35
[82.003s][info][gc,mmu      ] GC(25) MMU: 2ms/99.0%, 5ms/99.6%, 10ms/99.8%, 20ms/99.8%, 50ms/99.9%, 100ms/100.0%
[82.003s][info][gc,marking  ] GC(25) Mark: 2 stripe(s), 2 proactive flush(es), 1 terminate flush(es), 0 completion(s), 0 continuation(s) 
[82.003s][info][gc,marking  ] GC(25) Mark Stack Usage: 32M
[82.003s][info][gc,nmethod  ] GC(25) NMethods: 416 registered, 0 unregistered
[82.003s][info][gc,metaspace] GC(25) Metaspace: 1M used, 1M committed, 1088M reserved
[82.003s][info][gc,ref      ] GC(25) Soft: 72 encountered, 35 discovered, 0 enqueued
[82.003s][info][gc,ref      ] GC(25) Weak: 264 encountered, 189 discovered, 0 enqueued
[82.003s][info][gc,ref      ] GC(25) Final: 6 encountered, 6 discovered, 0 enqueued
[82.003s][info][gc,ref      ] GC(25) Phantom: 1 encountered, 0 discovered, 0 enqueued
[82.003s][info][gc,reloc    ] GC(25) Small Pages: 6144 / 12288M, Empty: 0M, Relocated: 1M, In-Place: 3
[82.003s][info][gc,reloc    ] GC(25) Medium Pages: 0 / 0M, Empty: 0M, Relocated: 0M, In-Place: 0
[82.003s][info][gc,reloc    ] GC(25) Large Pages: 0 / 0M, Empty: 0M, Relocated: 0M, In-Place: 0
[82.003s][info][gc,reloc    ] GC(25) Forwarding Usage: 0M
[82.003s][info][gc,heap     ] GC(25) Min Capacity: 8M(0%)
[82.003s][info][gc,heap     ] GC(25) Max Capacity: 12288M(100%)
[82.003s][info][gc,heap     ] GC(25) Soft Max Capacity: 12288M(100%)
[82.003s][info][gc,heap     ] GC(25)                Mark Start          Mark End        Relocate Start      Relocate End           High               Low         
[82.003s][info][gc,heap     ] GC(25)  Capacity:    12288M (100%)      12288M (100%)      12288M (100%)      12288M (100%)      12288M (100%)      12288M (100%)   
[82.003s][info][gc,heap     ] GC(25)      Free:        0M (0%)            0M (0%)            0M (0%)            0M (0%)            0M (0%)            0M (0%)     
[82.003s][info][gc,heap     ] GC(25)      Used:    12288M (100%)      12288M (100%)      12288M (100%)      12288M (100%)      12288M (100%)      12288M (100%)   
[82.003s][info][gc,heap     ] GC(25)      Live:         -              9943M (81%)        9943M (81%)        9943M (81%)            -                  -          
[82.003s][info][gc,heap     ] GC(25) Allocated:         -                 0M (0%)            0M (0%)            0M (0%)             -                  -          
[82.003s][info][gc,heap     ] GC(25)   Garbage:         -              2344M (19%)        2344M (19%)        2344M (19%)            -                  -          
[82.003s][info][gc,heap     ] GC(25) Reclaimed:         -                  -                 0M (0%)            0M (0%)             -                  -          
[82.003s][info][gc          ] GC(25) Garbage Collection (Allocation Rate) 12288M(100%)->12288M(100%)
[82.037s][info][gc,start    ] GC(26) Garbage Collection (Allocation Rate)
[82.037s][info][gc,task     ] GC(26) Using 3 workers
[82.037s][info][gc,phases   ] GC(26) Pause Mark Start 0.006ms
[85.528s][info][gc,phases   ] GC(26) Concurrent Mark 3491.148ms
[85.528s][info][gc,phases   ] GC(26) Pause Mark End 0.015ms
[85.528s][info][gc,phases   ] GC(26) Concurrent Mark Free 0.000ms
[85.529s][info][gc,phases   ] GC(26) Concurrent Process Non-Strong References 0.548ms
[85.529s][info][gc,phases   ] GC(26) Concurrent Reset Relocation Set 0.005ms
[85.540s][info][gc,phases   ] GC(26) Concurrent Select Relocation Set 11.465ms
[85.540s][info][gc,phases   ] GC(26) Pause Relocate Start 0.003ms
[85.541s][info][gc,phases   ] GC(26) Concurrent Relocate 0.413ms
[85.541s][info][gc,load     ] GC(26) Load: 2.68/2.54/2.35
[85.541s][info][gc,mmu      ] GC(26) MMU: 2ms/99.0%, 5ms/99.6%, 10ms/99.8%, 20ms/99.8%, 50ms/99.9%, 100ms/100.0%
[85.541s][info][gc,marking  ] GC(26) Mark: 2 stripe(s), 1 proactive flush(es), 1 terminate flush(es), 0 completion(s), 0 continuation(s) 
[85.541s][info][gc,marking  ] GC(26) Mark Stack Usage: 32M
[85.541s][info][gc,nmethod  ] GC(26) NMethods: 416 registered, 0 unregistered
[85.541s][info][gc,metaspace] GC(26) Metaspace: 1M used, 1M committed, 1088M reserved
[85.541s][info][gc,ref      ] GC(26) Soft: 72 encountered, 37 discovered, 0 enqueued
[85.541s][info][gc,ref      ] GC(26) Weak: 264 encountered, 109 discovered, 0 enqueued
[85.541s][info][gc,ref      ] GC(26) Final: 6 encountered, 6 discovered, 0 enqueued
[85.541s][info][gc,ref      ] GC(26) Phantom: 1 encountered, 0 discovered, 0 enqueued
[85.541s][info][gc,reloc    ] GC(26) Small Pages: 6144 / 12288M, Empty: 0M, Relocated: 1M, In-Place: 3
[85.541s][info][gc,reloc    ] GC(26) Medium Pages: 0 / 0M, Empty: 0M, Relocated: 0M, In-Place: 0
[85.541s][info][gc,reloc    ] GC(26) Large Pages: 0 / 0M, Empty: 0M, Relocated: 0M, In-Place: 0
[85.541s][info][gc,reloc    ] GC(26) Forwarding Usage: 0M
[85.541s][info][gc,heap     ] GC(26) Min Capacity: 8M(0%)
[85.541s][info][gc,heap     ] GC(26) Max Capacity: 12288M(100%)
[85.541s][info][gc,heap     ] GC(26) Soft Max Capacity: 12288M(100%)
[85.541s][info][gc,heap     ] GC(26)                Mark Start          Mark End        Relocate Start      Relocate End           High               Low         
[85.541s][info][gc,heap     ] GC(26)  Capacity:    12288M (100%)      12288M (100%)      12288M (100%)      12288M (100%)      12288M (100%)      12288M (100%)   
[85.541s][info][gc,heap     ] GC(26)      Free:        0M (0%)            0M (0%)            0M (0%)            0M (0%)            0M (0%)            0M (0%)     
[85.541s][info][gc,heap     ] GC(26)      Used:    12288M (100%)      12288M (100%)      12288M (100%)      12288M (100%)      12288M (100%)      12288M (100%)   
[85.541s][info][gc,heap     ] GC(26)      Live:         -              9943M (81%)        9943M (81%)        9943M (81%)            -                  -          
[85.541s][info][gc,heap     ] GC(26) Allocated:         -                 0M (0%)            0M (0%)            0M (0%)             -                  -          
[85.541s][info][gc,heap     ] GC(26)   Garbage:         -              2344M (19%)        2344M (19%)        2344M (19%)            -                  -          
[85.541s][info][gc,heap     ] GC(26) Reclaimed:         -                  -                 0M (0%)            0M (0%)             -                  -          
[85.541s][info][gc          ] GC(26) Garbage Collection (Allocation Rate) 12288M(100%)->12288M(100%)
[85.637s][info][gc,start    ] GC(27) Garbage Collection (Allocation Rate)
[85.637s][info][gc,task     ] GC(27) Using 3 workers
[85.637s][info][gc,phases   ] GC(27) Pause Mark Start 0.017ms
[89.192s][info][gc,phases   ] GC(27) Concurrent Mark 3554.808ms
[89.193s][info][gc,phases   ] GC(27) Pause Mark End 0.014ms
[89.193s][info][gc,phases   ] GC(27) Concurrent Mark Free 0.000ms
[89.193s][info][gc,phases   ] GC(27) Concurrent Process Non-Strong References 0.553ms
[89.193s][info][gc,phases   ] GC(27) Concurrent Reset Relocation Set 0.006ms
[89.206s][info][gc,phases   ] GC(27) Concurrent Select Relocation Set 12.348ms
[89.206s][info][gc,phases   ] GC(27) Pause Relocate Start 0.003ms
[89.206s][info][gc,phases   ] GC(27) Concurrent Relocate 0.405ms
[89.206s][info][gc,load     ] GC(27) Load: 2.79/2.56/2.36
[89.206s][info][gc,mmu      ] GC(27) MMU: 2ms/99.0%, 5ms/99.6%, 10ms/99.8%, 20ms/99.8%, 50ms/99.9%, 100ms/100.0%
[89.206s][info][gc,marking  ] GC(27) Mark: 2 stripe(s), 2 proactive flush(es), 1 terminate flush(es), 0 completion(s), 0 continuation(s) 
[89.206s][info][gc,marking  ] GC(27) Mark Stack Usage: 32M
[89.206s][info][gc,nmethod  ] GC(27) NMethods: 416 registered, 0 unregistered
[89.206s][info][gc,metaspace] GC(27) Metaspace: 1M used, 1M committed, 1088M reserved
[89.206s][info][gc,ref      ] GC(27) Soft: 72 encountered, 32 discovered, 0 enqueued
[89.206s][info][gc,ref      ] GC(27) Weak: 264 encountered, 185 discovered, 0 enqueued
[89.206s][info][gc,ref      ] GC(27) Final: 6 encountered, 6 discovered, 0 enqueued
[89.206s][info][gc,ref      ] GC(27) Phantom: 1 encountered, 0 discovered, 0 enqueued
[89.206s][info][gc,reloc    ] GC(27) Small Pages: 6144 / 12288M, Empty: 0M, Relocated: 1M, In-Place: 3
[89.206s][info][gc,reloc    ] GC(27) Medium Pages: 0 / 0M, Empty: 0M, Relocated: 0M, In-Place: 0
[89.206s][info][gc,reloc    ] GC(27) Large Pages: 0 / 0M, Empty: 0M, Relocated: 0M, In-Place: 0
[89.206s][info][gc,reloc    ] GC(27) Forwarding Usage: 0M
[89.206s][info][gc,heap     ] GC(27) Min Capacity: 8M(0%)
[89.206s][info][gc,heap     ] GC(27) Max Capacity: 12288M(100%)
[89.206s][info][gc,heap     ] GC(27) Soft Max Capacity: 12288M(100%)
[89.206s][info][gc,heap     ] GC(27)                Mark Start          Mark End        Relocate Start      Relocate End           High               Low         
[89.206s][info][gc,heap     ] GC(27)  Capacity:    12288M (100%)      12288M (100%)      12288M (100%)      12288M (100%)      12288M (100%)      12288M (100%)   
[89.206s][info][gc,heap     ] GC(27)      Free:        0M (0%)            0M (0%)            0M (0%)            0M (0%)            0M (0%)            0M (0%)     
[89.206s][info][gc,heap     ] GC(27)      Used:    12288M (100%)      12288M (100%)      12288M (100%)      12288M (100%)      12288M (100%)      12288M (100%)   
[89.206s][info][gc,heap     ] GC(27)      Live:         -              9943M (81%)        9943M (81%)        9943M (81%)            -                  -          
[89.206s][info][gc,heap     ] GC(27) Allocated:         -                 0M (0%)            0M (0%)            0M (0%)             -                  -          
[89.206s][info][gc,heap     ] GC(27)   Garbage:         -              2344M (19%)        2344M (19%)        2344M (19%)            -                  -          
[89.206s][info][gc,heap     ] GC(27) Reclaimed:         -                  -                 0M (0%)            0M (0%)             -                  -          
[89.206s][info][gc          ] GC(27) Garbage Collection (Allocation Rate) 12288M(100%)->12288M(100%)
[89.238s][info][gc,start    ] GC(28) Garbage Collection (Allocation Rate)
[89.238s][info][gc,task     ] GC(28) Using 3 workers
[89.238s][info][gc,phases   ] GC(28) Pause Mark Start 0.006ms
[90.038s][info][gc,stats    ] === Garbage Collection Statistics =======================================================================================================================
[90.038s][info][gc,stats    ]                                                              Last 10s              Last 10m              Last 10h                Total
[90.038s][info][gc,stats    ]                                                              Avg / Max             Avg / Max             Avg / Max             Avg / Max
[90.038s][info][gc,stats    ]   Collector: Garbage Collection Cycle                   3514.245 / 3568.760   3044.713 / 3568.760   3044.713 / 3568.760   3044.713 / 3568.760    ms
[90.038s][info][gc,stats    ]  Contention: Mark Segment Reset Contention                   210 / 288             211 / 327             211 / 327             211 / 327         ops/s
[90.038s][info][gc,stats    ]  Contention: Mark SeqNum Reset Contention                      0 / 1                 0 / 1                 0 / 1                 0 / 1           ops/s
[90.038s][info][gc,stats    ]    Critical: Allocation Stall                                  0 / 0                 0 / 10                0 / 10                0 / 10          ops/s
[90.038s][info][gc,stats    ]    Critical: Allocation Stall                              0.000 / 0.000      4662.024 / 7000.397   4662.024 / 7000.397   4662.024 / 7000.397    ms
[90.038s][info][gc,stats    ]    Critical: GC Locker Stall                                   0 / 0                 0 / 0                 0 / 0                 0 / 0           ops/s
[90.038s][info][gc,stats    ]    Critical: GC Locker Stall                               0.000 / 0.000         0.000 / 0.000         0.000 / 0.000         0.000 / 0.000       ms
[90.038s][info][gc,stats    ]    Critical: Relocation Stall                                  0 / 0                 0 / 0                 0 / 0                 0 / 0           ops/s
[90.038s][info][gc,stats    ]    Critical: Relocation Stall                              0.000 / 0.000         0.000 / 0.000         0.000 / 0.000         0.000 / 0.000       ms
[90.038s][info][gc,stats    ]      Memory: Allocation Rate                                   0 / 0               167 / 4858            167 / 4858            167 / 4858        MB/s
[90.038s][info][gc,stats    ]      Memory: Out Of Memory                                     0 / 0                 0 / 5                 0 / 5                 0 / 5           ops/s
[90.038s][info][gc,stats    ]      Memory: Page Cache Flush                                  0 / 0                 0 / 0                 0 / 0                 0 / 0           MB/s
[90.038s][info][gc,stats    ]      Memory: Page Cache Hit L1                                 0 / 0                14 / 912              14 / 912              14 / 912         ops/s
[90.038s][info][gc,stats    ]      Memory: Page Cache Hit L2                                 0 / 0                 0 / 0                 0 / 0                 0 / 0           ops/s
[90.038s][info][gc,stats    ]      Memory: Page Cache Hit L3                                 0 / 0                 1 / 139               1 / 139               1 / 139         ops/s
[90.038s][info][gc,stats    ]      Memory: Page Cache Miss                                   0 / 0                66 / 1517             66 / 1517             66 / 1517        ops/s
[90.038s][info][gc,stats    ]      Memory: Uncommit                                          0 / 0                 0 / 0                 0 / 0                 0 / 0           MB/s
[90.038s][info][gc,stats    ]      Memory: Undo Object Allocation Failed                     0 / 0                 0 / 0                 0 / 0                 0 / 0           ops/s
[90.038s][info][gc,stats    ]      Memory: Undo Object Allocation Succeeded                  0 / 0                 0 / 0                 0 / 0                 0 / 0           ops/s
[90.038s][info][gc,stats    ]      Memory: Undo Page Allocation                              0 / 0                12 / 913              12 / 913              12 / 913         ops/s
[90.038s][info][gc,stats    ]       Phase: Concurrent Mark                            3500.983 / 3554.808   3033.073 / 3554.808   3033.073 / 3554.808   3033.073 / 3554.808    ms
[90.038s][info][gc,stats    ]       Phase: Concurrent Mark Continue                      0.000 / 0.000         0.000 / 0.000         0.000 / 0.000         0.000 / 0.000       ms
[90.038s][info][gc,stats    ]       Phase: Concurrent Mark Free                          0.000 / 0.000         0.656 / 18.361        0.656 / 18.361        0.656 / 18.361      ms
[90.038s][info][gc,stats    ]       Phase: Concurrent Process Non-Strong References      0.557 / 0.570         0.773 / 3.847         0.773 / 3.847         0.773 / 3.847       ms
[90.038s][info][gc,stats    ]       Phase: Concurrent Relocate                           0.410 / 0.413         0.915 / 13.200        0.915 / 13.200        0.915 / 13.200      ms
[90.038s][info][gc,stats    ]       Phase: Concurrent Reset Relocation Set               0.004 / 0.006         0.107 / 2.868         0.107 / 2.868         0.107 / 2.868       ms
[90.038s][info][gc,stats    ]       Phase: Concurrent Select Relocation Set             11.807 / 12.348        8.679 / 13.134        8.679 / 13.134        8.679 / 13.134      ms
[90.038s][info][gc,stats    ]       Phase: Pause Mark End                                0.014 / 0.015         0.013 / 0.018         0.013 / 0.018         0.013 / 0.018       ms
[90.038s][info][gc,stats    ]       Phase: Pause Mark Start                              0.010 / 0.017         0.006 / 0.020         0.006 / 0.020         0.006 / 0.020       ms
[90.038s][info][gc,stats    ]       Phase: Pause Relocate Start                          0.004 / 0.006         0.004 / 0.006         0.004 / 0.006         0.004 / 0.006       ms
[90.038s][info][gc,stats    ]    Subphase: Concurrent Classes Purge                      0.012 / 0.012         0.014 / 0.044         0.014 / 0.044         0.014 / 0.044       ms
[90.038s][info][gc,stats    ]    Subphase: Concurrent Classes Unlink                     0.478 / 0.497         0.683 / 3.767         0.683 / 3.767         0.683 / 3.767       ms
[90.038s][info][gc,stats    ]    Subphase: Concurrent Mark                            3498.552 / 3554.221   3031.627 / 3554.221   3031.627 / 3554.221   3031.627 / 3554.221    ms
[90.038s][info][gc,stats    ]    Subphase: Concurrent Mark Try Flush                     0.045 / 0.106         0.051 / 0.397         0.051 / 0.397         0.051 / 0.397       ms
[90.038s][info][gc,stats    ]    Subphase: Concurrent Mark Try Terminate                 0.885 / 1.280         0.837 / 1.280         0.837 / 1.280         0.837 / 1.280       ms
[90.038s][info][gc,stats    ]    Subphase: Concurrent References Enqueue                 0.003 / 0.004         0.005 / 0.060         0.005 / 0.060         0.005 / 0.060       ms
[90.038s][info][gc,stats    ]    Subphase: Concurrent References Process                 0.025 / 0.028         0.029 / 0.126         0.029 / 0.126         0.029 / 0.126       ms
[90.038s][info][gc,stats    ]    Subphase: Concurrent Roots ClassLoaderDataGraph         0.015 / 0.063         0.064 / 3.733         0.064 / 3.733         0.064 / 3.733       ms
[90.038s][info][gc,stats    ]    Subphase: Concurrent Roots CodeCache                    0.000 / 0.000         0.000 / 0.000         0.000 / 0.000         0.000 / 0.000       ms
[90.038s][info][gc,stats    ]    Subphase: Concurrent Roots JavaThreads                  0.431 / 0.486         0.648 / 4.907         0.648 / 4.907         0.648 / 4.907       ms
[90.038s][info][gc,stats    ]    Subphase: Concurrent Roots OopStorageSet                0.003 / 0.007         0.007 / 0.158         0.007 / 0.158         0.007 / 0.158       ms
[90.038s][info][gc,stats    ]    Subphase: Concurrent Weak Roots OopStorageSet           0.013 / 0.018         0.017 / 0.037         0.017 / 0.037         0.017 / 0.037       ms
[90.038s][info][gc,stats    ]    Subphase: Pause Mark Try Complete                       0.000 / 0.000         0.000 / 0.000         0.000 / 0.000         0.000 / 0.000       ms
[90.038s][info][gc,stats    ]      System: Java Threads                                     17 / 17               20 / 23               20 / 23               20 / 23          threads
[90.038s][info][gc,stats    ] =========================================================================================================================================================
[92.769s][info][gc,phases   ] GC(28) Concurrent Mark 3531.239ms
[92.769s][info][gc,phases   ] GC(28) Pause Mark End 0.015ms
[92.769s][info][gc,phases   ] GC(28) Concurrent Mark Free 0.000ms
[92.770s][info][gc,phases   ] GC(28) Concurrent Process Non-Strong References 0.603ms
[92.770s][info][gc,phases   ] GC(28) Concurrent Reset Relocation Set 0.003ms
[92.776s][info][gc,phases   ] GC(28) Concurrent Select Relocation Set 5.919ms
[92.776s][info][gc,phases   ] GC(28) Pause Relocate Start 0.003ms
[92.776s][info][gc,phases   ] GC(28) Concurrent Relocate 0.410ms
[92.777s][info][gc,load     ] GC(28) Load: 2.72/2.55/2.36
[92.777s][info][gc,mmu      ] GC(28) MMU: 2ms/99.0%, 5ms/99.6%, 10ms/99.8%, 20ms/99.8%, 50ms/99.9%, 100ms/100.0%
[92.777s][info][gc,marking  ] GC(28) Mark: 2 stripe(s), 2 proactive flush(es), 1 terminate flush(es), 0 completion(s), 0 continuation(s) 
[92.777s][info][gc,marking  ] GC(28) Mark Stack Usage: 32M
[92.777s][info][gc,nmethod  ] GC(28) NMethods: 416 registered, 0 unregistered
[92.777s][info][gc,metaspace] GC(28) Metaspace: 1M used, 1M committed, 1088M reserved
[92.777s][info][gc,ref      ] GC(28) Soft: 72 encountered, 29 discovered, 0 enqueued
[92.777s][info][gc,ref      ] GC(28) Weak: 264 encountered, 86 discovered, 0 enqueued
[92.777s][info][gc,ref      ] GC(28) Final: 6 encountered, 6 discovered, 0 enqueued
[92.777s][info][gc,ref      ] GC(28) Phantom: 1 encountered, 0 discovered, 0 enqueued
[92.777s][info][gc,reloc    ] GC(28) Small Pages: 6144 / 12288M, Empty: 0M, Relocated: 1M, In-Place: 3
[92.777s][info][gc,reloc    ] GC(28) Medium Pages: 0 / 0M, Empty: 0M, Relocated: 0M, In-Place: 0
[92.777s][info][gc,reloc    ] GC(28) Large Pages: 0 / 0M, Empty: 0M, Relocated: 0M, In-Place: 0
[92.777s][info][gc,reloc    ] GC(28) Forwarding Usage: 0M
[92.777s][info][gc,heap     ] GC(28) Min Capacity: 8M(0%)
[92.777s][info][gc,heap     ] GC(28) Max Capacity: 12288M(100%)
[92.777s][info][gc,heap     ] GC(28) Soft Max Capacity: 12288M(100%)
[92.777s][info][gc,heap     ] GC(28)                Mark Start          Mark End        Relocate Start      Relocate End           High               Low         
[92.777s][info][gc,heap     ] GC(28)  Capacity:    12288M (100%)      12288M (100%)      12288M (100%)      12288M (100%)      12288M (100%)      12288M (100%)   
[92.777s][info][gc,heap     ] GC(28)      Free:        0M (0%)            0M (0%)            0M (0%)            0M (0%)            0M (0%)            0M (0%)     
[92.777s][info][gc,heap     ] GC(28)      Used:    12288M (100%)      12288M (100%)      12288M (100%)      12288M (100%)      12288M (100%)      12288M (100%)   
[92.777s][info][gc,heap     ] GC(28)      Live:         -              9943M (81%)        9943M (81%)        9943M (81%)            -                  -          
[92.777s][info][gc,heap     ] GC(28) Allocated:         -                 0M (0%)            0M (0%)            0M (0%)             -                  -          
[92.777s][info][gc,heap     ] GC(28)   Garbage:         -              2344M (19%)        2344M (19%)        2344M (19%)            -                  -          
[92.777s][info][gc,heap     ] GC(28) Reclaimed:         -                  -                 0M (0%)            0M (0%)             -                  -          
[92.777s][info][gc          ] GC(28) Garbage Collection (Allocation Rate) 12288M(100%)->12288M(100%)
[92.838s][info][gc,start    ] GC(29) Garbage Collection (Allocation Rate)
[92.838s][info][gc,task     ] GC(29) Using 3 workers
[92.838s][info][gc,phases   ] GC(29) Pause Mark Start 0.011ms
[96.406s][info][gc,phases   ] GC(29) Concurrent Mark 3567.752ms
[96.406s][info][gc,phases   ] GC(29) Pause Mark End 0.017ms
[96.406s][info][gc,phases   ] GC(29) Concurrent Mark Free 0.000ms
[96.407s][info][gc,phases   ] GC(29) Concurrent Process Non-Strong References 0.633ms
[96.407s][info][gc,phases   ] GC(29) Concurrent Reset Relocation Set 0.002ms
[96.415s][info][gc,phases   ] GC(29) Concurrent Select Relocation Set 7.801ms
[96.415s][info][gc,phases   ] GC(29) Pause Relocate Start 0.005ms
[96.415s][info][gc,phases   ] GC(29) Concurrent Relocate 0.432ms
[96.415s][info][gc,load     ] GC(29) Load: 2.72/2.55/2.36
[96.415s][info][gc,mmu      ] GC(29) MMU: 2ms/99.0%, 5ms/99.6%, 10ms/99.8%, 20ms/99.8%, 50ms/99.9%, 100ms/100.0%
[96.415s][info][gc,marking  ] GC(29) Mark: 2 stripe(s), 2 proactive flush(es), 1 terminate flush(es), 0 completion(s), 0 continuation(s) 
[96.415s][info][gc,marking  ] GC(29) Mark Stack Usage: 32M
[96.415s][info][gc,nmethod  ] GC(29) NMethods: 416 registered, 0 unregistered
[96.415s][info][gc,metaspace] GC(29) Metaspace: 1M used, 1M committed, 1088M reserved
[96.415s][info][gc,ref      ] GC(29) Soft: 72 encountered, 34 discovered, 0 enqueued
[96.415s][info][gc,ref      ] GC(29) Weak: 264 encountered, 72 discovered, 0 enqueued
[96.415s][info][gc,ref      ] GC(29) Final: 6 encountered, 1 discovered, 0 enqueued
[96.415s][info][gc,ref      ] GC(29) Phantom: 1 encountered, 0 discovered, 0 enqueued
[96.415s][info][gc,reloc    ] GC(29) Small Pages: 6144 / 12288M, Empty: 0M, Relocated: 1M, In-Place: 3
[96.415s][info][gc,reloc    ] GC(29) Medium Pages: 0 / 0M, Empty: 0M, Relocated: 0M, In-Place: 0
[96.415s][info][gc,reloc    ] GC(29) Large Pages: 0 / 0M, Empty: 0M, Relocated: 0M, In-Place: 0
[96.415s][info][gc,reloc    ] GC(29) Forwarding Usage: 0M
[96.415s][info][gc,heap     ] GC(29) Min Capacity: 8M(0%)
[96.415s][info][gc,heap     ] GC(29) Max Capacity: 12288M(100%)
[96.415s][info][gc,heap     ] GC(29) Soft Max Capacity: 12288M(100%)
[96.415s][info][gc,heap     ] GC(29)                Mark Start          Mark End        Relocate Start      Relocate End           High               Low         
[96.415s][info][gc,heap     ] GC(29)  Capacity:    12288M (100%)      12288M (100%)      12288M (100%)      12288M (100%)      12288M (100%)      12288M (100%)   
[96.415s][info][gc,heap     ] GC(29)      Free:        0M (0%)            0M (0%)            0M (0%)            0M (0%)            0M (0%)            0M (0%)     
[96.415s][info][gc,heap     ] GC(29)      Used:    12288M (100%)      12288M (100%)      12288M (100%)      12288M (100%)      12288M (100%)      12288M (100%)   
[96.415s][info][gc,heap     ] GC(29)      Live:         -              9943M (81%)        9943M (81%)        9943M (81%)            -                  -          
[96.415s][info][gc,heap     ] GC(29) Allocated:         -                 0M (0%)            0M (0%)            0M (0%)             -                  -          
[96.415s][info][gc,heap     ] GC(29)   Garbage:         -              2344M (19%)        2344M (19%)        2344M (19%)            -                  -          
[96.415s][info][gc,heap     ] GC(29) Reclaimed:         -                  -                 0M (0%)            0M (0%)             -                  -          
[96.415s][info][gc          ] GC(29) Garbage Collection (Allocation Rate) 12288M(100%)->12288M(100%)
[96.438s][info][gc,start    ] GC(30) Garbage Collection (Allocation Rate)
[96.438s][info][gc,task     ] GC(30) Using 3 workers
[96.438s][info][gc,phases   ] GC(30) Pause Mark Start 0.005ms
[99.924s][info][gc,phases   ] GC(30) Concurrent Mark 3486.337ms
[99.924s][info][gc,phases   ] GC(30) Pause Mark End 0.016ms
[99.924s][info][gc,phases   ] GC(30) Concurrent Mark Free 0.000ms
[99.925s][info][gc,phases   ] GC(30) Concurrent Process Non-Strong References 0.548ms
[99.925s][info][gc,phases   ] GC(30) Concurrent Reset Relocation Set 0.003ms
[99.935s][info][gc,phases   ] GC(30) Concurrent Select Relocation Set 10.326ms
[99.935s][info][gc,phases   ] GC(30) Pause Relocate Start 0.003ms
[99.936s][info][gc,phases   ] GC(30) Concurrent Relocate 0.399ms
[99.936s][info][gc,load     ] GC(30) Load: 2.75/2.56/2.36
[99.936s][info][gc,mmu      ] GC(30) MMU: 2ms/99.0%, 5ms/99.6%, 10ms/99.8%, 20ms/99.8%, 50ms/99.9%, 100ms/100.0%
[99.936s][info][gc,marking  ] GC(30) Mark: 2 stripe(s), 2 proactive flush(es), 1 terminate flush(es), 0 completion(s), 0 continuation(s) 
[99.936s][info][gc,marking  ] GC(30) Mark Stack Usage: 32M
[99.936s][info][gc,nmethod  ] GC(30) NMethods: 416 registered, 0 unregistered
[99.936s][info][gc,metaspace] GC(30) Metaspace: 1M used, 1M committed, 1088M reserved
[99.936s][info][gc,ref      ] GC(30) Soft: 72 encountered, 37 discovered, 0 enqueued
[99.936s][info][gc,ref      ] GC(30) Weak: 264 encountered, 197 discovered, 0 enqueued
[99.936s][info][gc,ref      ] GC(30) Final: 6 encountered, 6 discovered, 0 enqueued
[99.936s][info][gc,ref      ] GC(30) Phantom: 1 encountered, 0 discovered, 0 enqueued
[99.936s][info][gc,reloc    ] GC(30) Small Pages: 6144 / 12288M, Empty: 0M, Relocated: 1M, In-Place: 3
[99.936s][info][gc,reloc    ] GC(30) Medium Pages: 0 / 0M, Empty: 0M, Relocated: 0M, In-Place: 0
[99.936s][info][gc,reloc    ] GC(30) Large Pages: 0 / 0M, Empty: 0M, Relocated: 0M, In-Place: 0
[99.936s][info][gc,reloc    ] GC(30) Forwarding Usage: 0M
[99.936s][info][gc,heap     ] GC(30) Min Capacity: 8M(0%)
[99.936s][info][gc,heap     ] GC(30) Max Capacity: 12288M(100%)
[99.936s][info][gc,heap     ] GC(30) Soft Max Capacity: 12288M(100%)
[99.936s][info][gc,heap     ] GC(30)                Mark Start          Mark End        Relocate Start      Relocate End           High               Low         
[99.936s][info][gc,heap     ] GC(30)  Capacity:    12288M (100%)      12288M (100%)      12288M (100%)      12288M (100%)      12288M (100%)      12288M (100%)   
[99.936s][info][gc,heap     ] GC(30)      Free:        0M (0%)            0M (0%)            0M (0%)            0M (0%)            0M (0%)            0M (0%)     
[99.936s][info][gc,heap     ] GC(30)      Used:    12288M (100%)      12288M (100%)      12288M (100%)      12288M (100%)      12288M (100%)      12288M (100%)   
[99.936s][info][gc,heap     ] GC(30)      Live:         -              9943M (81%)        9943M (81%)        9943M (81%)            -                  -          
[99.936s][info][gc,heap     ] GC(30) Allocated:         -                 0M (0%)            0M (0%)            0M (0%)             -                  -          
[99.936s][info][gc,heap     ] GC(30)   Garbage:         -              2344M (19%)        2344M (19%)        2344M (19%)            -                  -          
[99.936s][info][gc,heap     ] GC(30) Reclaimed:         -                  -                 0M (0%)            0M (0%)             -                  -          
[99.936s][info][gc          ] GC(30) Garbage Collection (Allocation Rate) 12288M(100%)->12288M(100%)
[99.936s][info][gc,start    ] GC(31) Garbage Collection (Allocation Stall)
[99.936s][info][gc,ref      ] GC(31) Clearing All SoftReferences
[99.936s][info][gc,task     ] GC(31) Using 3 workers
[99.936s][info][gc,phases   ] GC(31) Pause Mark Start 0.008ms
[100.037s][info][gc,stats    ] === Garbage Collection Statistics =======================================================================================================================
[100.037s][info][gc,stats    ]                                                              Last 10s              Last 10m              Last 10h                Total
[100.037s][info][gc,stats    ]                                                              Avg / Max             Avg / Max             Avg / Max             Avg / Max
[100.037s][info][gc,stats    ]   Collector: Garbage Collection Cycle                   3537.867 / 3577.264   3092.437 / 3577.264   3092.437 / 3577.264   3092.437 / 3577.264    ms
[100.037s][info][gc,stats    ]  Contention: Mark Segment Reset Contention                   207 / 273             210 / 327             210 / 327             210 / 327         ops/s
[100.037s][info][gc,stats    ]  Contention: Mark SeqNum Reset Contention                      0 / 1                 0 / 1                 0 / 1                 0 / 1           ops/s
[100.037s][info][gc,stats    ]    Critical: Allocation Stall                                  0 / 0                 0 / 10                0 / 10                0 / 10          ops/s
[100.037s][info][gc,stats    ]    Critical: Allocation Stall                              0.000 / 0.000      4662.024 / 7000.397   4662.024 / 7000.397   4662.024 / 7000.397    ms
[100.037s][info][gc,stats    ]    Critical: GC Locker Stall                                   0 / 0                 0 / 0                 0 / 0                 0 / 0           ops/s
[100.037s][info][gc,stats    ]    Critical: GC Locker Stall                               0.000 / 0.000         0.000 / 0.000         0.000 / 0.000         0.000 / 0.000       ms
[100.037s][info][gc,stats    ]    Critical: Relocation Stall                                  0 / 0                 0 / 0                 0 / 0                 0 / 0           ops/s
[100.037s][info][gc,stats    ]    Critical: Relocation Stall                              0.000 / 0.000         0.000 / 0.000         0.000 / 0.000         0.000 / 0.000       ms
[100.037s][info][gc,stats    ]      Memory: Allocation Rate                                   0 / 0               151 / 4858            151 / 4858            151 / 4858        MB/s
[100.037s][info][gc,stats    ]      Memory: Out Of Memory                                     0 / 0                 0 / 5                 0 / 5                 0 / 5           ops/s
[100.037s][info][gc,stats    ]      Memory: Page Cache Flush                                  0 / 0                 0 / 0                 0 / 0                 0 / 0           MB/s
[100.037s][info][gc,stats    ]      Memory: Page Cache Hit L1                                 0 / 0                12 / 912              12 / 912              12 / 912         ops/s
[100.037s][info][gc,stats    ]      Memory: Page Cache Hit L2                                 0 / 0                 0 / 0                 0 / 0                 0 / 0           ops/s
[100.037s][info][gc,stats    ]      Memory: Page Cache Hit L3                                 0 / 0                 1 / 139               1 / 139               1 / 139         ops/s
[100.037s][info][gc,stats    ]      Memory: Page Cache Miss                                   0 / 0                60 / 1517             60 / 1517             60 / 1517        ops/s
[100.037s][info][gc,stats    ]      Memory: Uncommit                                          0 / 0                 0 / 0                 0 / 0                 0 / 0           MB/s
[100.037s][info][gc,stats    ]      Memory: Undo Object Allocation Failed                     0 / 0                 0 / 0                 0 / 0                 0 / 0           ops/s
[100.037s][info][gc,stats    ]      Memory: Undo Object Allocation Succeeded                  0 / 0                 0 / 0                 0 / 0                 0 / 0           ops/s
[100.037s][info][gc,stats    ]      Memory: Undo Page Allocation                              0 / 0                11 / 913              11 / 913              11 / 913         ops/s
[100.037s][info][gc,stats    ]       Phase: Concurrent Mark                            3528.443 / 3567.752   3081.012 / 3567.752   3081.012 / 3567.752   3081.012 / 3567.752    ms
[100.037s][info][gc,stats    ]       Phase: Concurrent Mark Continue                      0.000 / 0.000         0.000 / 0.000         0.000 / 0.000         0.000 / 0.000       ms
[100.037s][info][gc,stats    ]       Phase: Concurrent Mark Free                          0.000 / 0.000         0.593 / 18.361        0.593 / 18.361        0.593 / 18.361      ms
[100.037s][info][gc,stats    ]       Phase: Concurrent Process Non-Strong References      0.595 / 0.633         0.756 / 3.847         0.756 / 3.847         0.756 / 3.847       ms
[100.037s][info][gc,stats    ]       Phase: Concurrent Relocate                           0.413 / 0.432         0.867 / 13.200        0.867 / 13.200        0.867 / 13.200      ms
[100.037s][info][gc,stats    ]       Phase: Concurrent Reset Relocation Set               0.003 / 0.003         0.097 / 2.868         0.097 / 2.868         0.097 / 2.868       ms
[100.037s][info][gc,stats    ]       Phase: Concurrent Select Relocation Set              8.015 / 10.326        8.615 / 13.134        8.615 / 13.134        8.615 / 13.134      ms
[100.037s][info][gc,stats    ]       Phase: Pause Mark End                                0.016 / 0.017         0.014 / 0.018         0.014 / 0.018         0.014 / 0.018       ms
[100.037s][info][gc,stats    ]       Phase: Pause Mark Start                              0.008 / 0.011         0.006 / 0.020         0.006 / 0.020         0.006 / 0.020       ms
[100.037s][info][gc,stats    ]       Phase: Pause Relocate Start                          0.004 / 0.005         0.004 / 0.006         0.004 / 0.006         0.004 / 0.006       ms
[100.037s][info][gc,stats    ]    Subphase: Concurrent Classes Purge                      0.013 / 0.014         0.014 / 0.044         0.014 / 0.044         0.014 / 0.044       ms
[100.037s][info][gc,stats    ]    Subphase: Concurrent Classes Unlink                     0.504 / 0.543         0.665 / 3.767         0.665 / 3.767         0.665 / 3.767       ms
[100.037s][info][gc,stats    ]    Subphase: Concurrent Mark                            3524.238 / 3557.391   3079.299 / 3557.391   3079.299 / 3557.391   3079.299 / 3557.391    ms
[100.037s][info][gc,stats    ]    Subphase: Concurrent Mark Try Flush                     0.046 / 0.119         0.050 / 0.397         0.050 / 0.397         0.050 / 0.397       ms
[100.037s][info][gc,stats    ]    Subphase: Concurrent Mark Try Terminate                 0.817 / 1.273         0.835 / 1.280         0.835 / 1.280         0.835 / 1.280       ms
[100.037s][info][gc,stats    ]    Subphase: Concurrent References Enqueue                 0.005 / 0.005         0.005 / 0.060         0.005 / 0.060         0.005 / 0.060       ms
[100.037s][info][gc,stats    ]    Subphase: Concurrent References Process                 0.032 / 0.042         0.029 / 0.126         0.029 / 0.126         0.029 / 0.126       ms
[100.037s][info][gc,stats    ]    Subphase: Concurrent Roots ClassLoaderDataGraph         0.012 / 0.046         0.058 / 3.733         0.058 / 3.733         0.058 / 3.733       ms
[100.037s][info][gc,stats    ]    Subphase: Concurrent Roots CodeCache                    0.000 / 0.000         0.000 / 0.000         0.000 / 0.000         0.000 / 0.000       ms
[100.037s][info][gc,stats    ]    Subphase: Concurrent Roots JavaThreads                  3.655 / 10.235        0.932 / 10.235        0.932 / 10.235        0.932 / 10.235      ms
[100.037s][info][gc,stats    ]    Subphase: Concurrent Roots OopStorageSet                0.003 / 0.006         0.007 / 0.158         0.007 / 0.158         0.007 / 0.158       ms
[100.037s][info][gc,stats    ]    Subphase: Concurrent Weak Roots OopStorageSet           0.015 / 0.025         0.017 / 0.037         0.017 / 0.037         0.017 / 0.037       ms
[100.037s][info][gc,stats    ]    Subphase: Pause Mark Try Complete                       0.000 / 0.000         0.000 / 0.000         0.000 / 0.000         0.000 / 0.000       ms
[100.037s][info][gc,stats    ]      System: Java Threads                                     17 / 17               20 / 23               20 / 23               20 / 23          threads
[100.037s][info][gc,stats    ] =========================================================================================================================================================
[103.373s][info][gc,phases   ] GC(31) Concurrent Mark 3437.185ms
[103.373s][info][gc,phases   ] GC(31) Pause Mark End 0.014ms
[103.373s][info][gc,phases   ] GC(31) Concurrent Mark Free 0.000ms
[103.377s][info][gc,phases   ] GC(31) Concurrent Process Non-Strong References 3.666ms
[103.377s][info][gc,phases   ] GC(31) Concurrent Reset Relocation Set 0.004ms
[103.386s][info][gc,phases   ] GC(31) Concurrent Select Relocation Set 8.514ms
[103.386s][info][gc,phases   ] GC(31) Pause Relocate Start 0.008ms
[103.386s][info][gc,phases   ] GC(31) Concurrent Relocate 0.406ms
[103.386s][info][gc,load     ] GC(31) Load: 2.77/2.57/2.36
[103.386s][info][gc,mmu      ] GC(31) MMU: 2ms/99.0%, 5ms/99.6%, 10ms/99.8%, 20ms/99.8%, 50ms/99.9%, 100ms/100.0%
[103.386s][info][gc,marking  ] GC(31) Mark: 2 stripe(s), 1 proactive flush(es), 1 terminate flush(es), 0 completion(s), 0 continuation(s) 
[103.386s][info][gc,marking  ] GC(31) Mark Stack Usage: 32M
[103.386s][info][gc,nmethod  ] GC(31) NMethods: 416 registered, 0 unregistered
[103.386s][info][gc,metaspace] GC(31) Metaspace: 1M used, 1M committed, 1088M reserved
[103.386s][info][gc,ref      ] GC(31) Soft: 72 encountered, 30 discovered, 0 enqueued
[103.386s][info][gc,ref      ] GC(31) Weak: 264 encountered, 112 discovered, 0 enqueued
[103.386s][info][gc,ref      ] GC(31) Final: 6 encountered, 6 discovered, 0 enqueued
[103.386s][info][gc,ref      ] GC(31) Phantom: 1 encountered, 0 discovered, 0 enqueued
[103.386s][info][gc,reloc    ] GC(31) Small Pages: 6144 / 12288M, Empty: 0M, Relocated: 1M, In-Place: 3
[103.386s][info][gc,reloc    ] GC(31) Medium Pages: 0 / 0M, Empty: 0M, Relocated: 0M, In-Place: 0
[103.386s][info][gc,reloc    ] GC(31) Large Pages: 0 / 0M, Empty: 0M, Relocated: 0M, In-Place: 0
[103.386s][info][gc,reloc    ] GC(31) Forwarding Usage: 0M
[103.386s][info][gc,heap     ] GC(31) Min Capacity: 8M(0%)
[103.386s][info][gc,heap     ] GC(31) Max Capacity: 12288M(100%)
[103.386s][info][gc,heap     ] GC(31) Soft Max Capacity: 12288M(100%)
[103.386s][info][gc,heap     ] GC(31)                Mark Start          Mark End        Relocate Start      Relocate End           High               Low         
[103.386s][info][gc,heap     ] GC(31)  Capacity:    12288M (100%)      12288M (100%)      12288M (100%)      12288M (100%)      12288M (100%)      12288M (100%)   
[103.386s][info][gc,heap     ] GC(31)      Free:        0M (0%)            0M (0%)            0M (0%)            0M (0%)            0M (0%)            0M (0%)     
[103.386s][info][gc,heap     ] GC(31)      Used:    12288M (100%)      12288M (100%)      12288M (100%)      12288M (100%)      12288M (100%)      12288M (100%)   
[103.386s][info][gc,heap     ] GC(31)      Live:         -              9943M (81%)        9943M (81%)        9943M (81%)            -                  -          
[103.386s][info][gc,heap     ] GC(31) Allocated:         -                 0M (0%)            0M (0%)            0M (0%)             -                  -          
[103.386s][info][gc,heap     ] GC(31)   Garbage:         -              2344M (19%)        2344M (19%)        2344M (19%)            -                  -          
[103.386s][info][gc,heap     ] GC(31) Reclaimed:         -                  -                 0M (0%)            0M (0%)             -                  -          
[103.386s][info][gc          ] GC(31) Garbage Collection (Allocation Stall) 12288M(100%)->12288M(100%)
[103.386s][info][gc          ] Allocation Stall (Signal Dispatcher) 4504.438ms
[103.386s][info][gc,start    ] GC(32) Garbage Collection (Allocation Stall)
[103.386s][info][gc,ref      ] GC(32) Clearing All SoftReferences
[103.386s][info][gc,task     ] GC(32) Using 3 workers
[103.386s][info][gc,phases   ] GC(32) Pause Mark Start 0.005ms
[106.925s][info][gc,phases   ] GC(32) Concurrent Mark 3539.135ms
[106.926s][info][gc,phases   ] GC(32) Pause Mark End 0.015ms
[106.926s][info][gc,phases   ] GC(32) Concurrent Mark Free 0.000ms
[106.926s][info][gc,phases   ] GC(32) Concurrent Process Non-Strong References 0.566ms
[106.926s][info][gc,phases   ] GC(32) Concurrent Reset Relocation Set 0.003ms
[106.936s][info][gc,phases   ] GC(32) Concurrent Select Relocation Set 9.880ms
[106.936s][info][gc,phases   ] GC(32) Pause Relocate Start 0.003ms
[106.936s][info][gc,phases   ] GC(32) Concurrent Relocate 0.402ms
[106.936s][info][gc,load     ] GC(32) Load: 2.78/2.58/2.37
[106.936s][info][gc,mmu      ] GC(32) MMU: 2ms/99.0%, 5ms/99.6%, 10ms/99.8%, 20ms/99.8%, 50ms/99.9%, 100ms/100.0%
[106.936s][info][gc,marking  ] GC(32) Mark: 2 stripe(s), 2 proactive flush(es), 1 terminate flush(es), 0 completion(s), 0 continuation(s) 
[106.936s][info][gc,marking  ] GC(32) Mark Stack Usage: 32M
[106.936s][info][gc,nmethod  ] GC(32) NMethods: 416 registered, 0 unregistered
[106.936s][info][gc,metaspace] GC(32) Metaspace: 1M used, 1M committed, 1088M reserved
[106.937s][info][gc,ref      ] GC(32) Soft: 72 encountered, 32 discovered, 0 enqueued
[106.937s][info][gc,ref      ] GC(32) Weak: 264 encountered, 85 discovered, 0 enqueued
[106.937s][info][gc,ref      ] GC(32) Final: 6 encountered, 6 discovered, 0 enqueued
[106.937s][info][gc,ref      ] GC(32) Phantom: 1 encountered, 0 discovered, 0 enqueued
[106.937s][info][gc,reloc    ] GC(32) Small Pages: 6144 / 12288M, Empty: 0M, Relocated: 1M, In-Place: 3
[106.937s][info][gc,reloc    ] GC(32) Medium Pages: 0 / 0M, Empty: 0M, Relocated: 0M, In-Place: 0
[106.937s][info][gc,reloc    ] GC(32) Large Pages: 0 / 0M, Empty: 0M, Relocated: 0M, In-Place: 0
[106.937s][info][gc,reloc    ] GC(32) Forwarding Usage: 0M
[106.937s][info][gc,heap     ] GC(32) Min Capacity: 8M(0%)
[106.937s][info][gc,heap     ] GC(32) Max Capacity: 12288M(100%)
[106.937s][info][gc,heap     ] GC(32) Soft Max Capacity: 12288M(100%)
[106.937s][info][gc,heap     ] GC(32)                Mark Start          Mark End        Relocate Start      Relocate End           High               Low         
[106.937s][info][gc,heap     ] GC(32)  Capacity:    12288M (100%)      12288M (100%)      12288M (100%)      12288M (100%)      12288M (100%)      12288M (100%)   
[106.937s][info][gc,heap     ] GC(32)      Free:        0M (0%)            0M (0%)            0M (0%)            0M (0%)            0M (0%)            0M (0%)     
[106.937s][info][gc,heap     ] GC(32)      Used:    12288M (100%)      12288M (100%)      12288M (100%)      12288M (100%)      12288M (100%)      12288M (100%)   
[106.937s][info][gc,heap     ] GC(32)      Live:         -              9943M (81%)        9943M (81%)        9943M (81%)            -                  -          
[106.937s][info][gc,heap     ] GC(32) Allocated:         -                 0M (0%)            0M (0%)            0M (0%)             -                  -          
[106.937s][info][gc,heap     ] GC(32)   Garbage:         -              2344M (19%)        2344M (19%)        2344M (19%)            -                  -          
[106.937s][info][gc,heap     ] GC(32) Reclaimed:         -                  -                 0M (0%)            0M (0%)             -                  -          
[106.937s][info][gc          ] GC(32) Garbage Collection (Allocation Stall) 12288M(100%)->12288M(100%)
[106.937s][info][gc          ] Allocation Stall (Signal Dispatcher) 3550.392ms
[106.937s][info][gc          ] Out Of Memory (Signal Dispatcher)
[106.938s][info][gc,start    ] GC(33) Garbage Collection (Allocation Rate)
[106.938s][info][gc,task     ] GC(33) Using 3 workers
[106.938s][info][gc,phases   ] GC(33) Pause Mark Start 0.005ms
[110.037s][info][gc,stats    ] === Garbage Collection Statistics =======================================================================================================================
[110.037s][info][gc,stats    ]                                                              Last 10s              Last 10m              Last 10h                Total
[110.038s][info][gc,stats    ]                                                              Avg / Max             Avg / Max             Avg / Max             Avg / Max
[110.038s][info][gc,stats    ]   Collector: Garbage Collection Cycle                   3500.283 / 3550.200   3117.155 / 3577.264   3117.155 / 3577.264   3117.155 / 3577.264    ms
[110.038s][info][gc,stats    ]  Contention: Mark Segment Reset Contention                   215 / 263             211 / 327             211 / 327             211 / 327         ops/s
[110.038s][info][gc,stats    ]  Contention: Mark SeqNum Reset Contention                      0 / 1                 0 / 1                 0 / 1                 0 / 1           ops/s
[110.038s][info][gc,stats    ]    Critical: Allocation Stall                                  0 / 1                 0 / 10                0 / 10                0 / 10          ops/s
[110.038s][info][gc,stats    ]    Critical: Allocation Stall                           4027.415 / 4504.438   4646.914 / 7000.397   4646.914 / 7000.397   4646.914 / 7000.397    ms
[110.038s][info][gc,stats    ]    Critical: GC Locker Stall                                   0 / 0                 0 / 0                 0 / 0                 0 / 0           ops/s
[110.038s][info][gc,stats    ]    Critical: GC Locker Stall                               0.000 / 0.000         0.000 / 0.000         0.000 / 0.000         0.000 / 0.000       ms
[110.038s][info][gc,stats    ]    Critical: Relocation Stall                                  0 / 0                 0 / 0                 0 / 0                 0 / 0           ops/s
[110.038s][info][gc,stats    ]    Critical: Relocation Stall                              0.000 / 0.000         0.000 / 0.000         0.000 / 0.000         0.000 / 0.000       ms
[110.038s][info][gc,stats    ]      Memory: Allocation Rate                                   0 / 0               137 / 4858            137 / 4858            137 / 4858        MB/s
[110.038s][info][gc,stats    ]      Memory: Out Of Memory                                     0 / 1                 0 / 5                 0 / 5                 0 / 5           ops/s
[110.038s][info][gc,stats    ]      Memory: Page Cache Flush                                  0 / 0                 0 / 0                 0 / 0                 0 / 0           MB/s
[110.038s][info][gc,stats    ]      Memory: Page Cache Hit L1                                 0 / 0                11 / 912              11 / 912              11 / 912         ops/s
[110.038s][info][gc,stats    ]      Memory: Page Cache Hit L2                                 0 / 0                 0 / 0                 0 / 0                 0 / 0           ops/s
[110.038s][info][gc,stats    ]      Memory: Page Cache Hit L3                                 0 / 0                 1 / 139               1 / 139               1 / 139         ops/s
[110.038s][info][gc,stats    ]      Memory: Page Cache Miss                                   0 / 0                54 / 1517             54 / 1517             54 / 1517        ops/s
[110.038s][info][gc,stats    ]      Memory: Uncommit                                          0 / 0                 0 / 0                 0 / 0                 0 / 0           MB/s
[110.038s][info][gc,stats    ]      Memory: Undo Object Allocation Failed                     0 / 0                 0 / 0                 0 / 0                 0 / 0           ops/s
[110.038s][info][gc,stats    ]      Memory: Undo Object Allocation Succeeded                  0 / 0                 0 / 0                 0 / 0                 0 / 0           ops/s
[110.038s][info][gc,stats    ]      Memory: Undo Page Allocation                              0 / 0                10 / 913              10 / 913              10 / 913         ops/s
[110.038s][info][gc,stats    ]       Phase: Concurrent Mark                            3488.160 / 3539.135   3105.687 / 3567.752   3105.687 / 3567.752   3105.687 / 3567.752    ms
[110.038s][info][gc,stats    ]       Phase: Concurrent Mark Continue                      0.000 / 0.000         0.000 / 0.000         0.000 / 0.000         0.000 / 0.000       ms
[110.038s][info][gc,stats    ]       Phase: Concurrent Mark Free                          0.000 / 0.000         0.557 / 18.361        0.557 / 18.361        0.557 / 18.361      ms
[110.038s][info][gc,stats    ]       Phase: Concurrent Process Non-Strong References      2.116 / 3.666         0.838 / 3.847         0.838 / 3.847         0.838 / 3.847       ms
[110.038s][info][gc,stats    ]       Phase: Concurrent Relocate                           0.404 / 0.406         0.838 / 13.200        0.838 / 13.200        0.838 / 13.200      ms
[110.038s][info][gc,stats    ]       Phase: Concurrent Reset Relocation Set               0.003 / 0.004         0.091 / 2.868         0.091 / 2.868         0.091 / 2.868       ms
[110.038s][info][gc,stats    ]       Phase: Concurrent Select Relocation Set              9.197 / 9.880         8.650 / 13.134        8.650 / 13.134        8.650 / 13.134      ms
[110.038s][info][gc,stats    ]       Phase: Pause Mark End                                0.015 / 0.015         0.014 / 0.018         0.014 / 0.018         0.014 / 0.018       ms
[110.038s][info][gc,stats    ]       Phase: Pause Mark Start                              0.005 / 0.005         0.006 / 0.020         0.006 / 0.020         0.006 / 0.020       ms
[110.038s][info][gc,stats    ]       Phase: Pause Relocate Start                          0.006 / 0.008         0.004 / 0.008         0.004 / 0.008         0.004 / 0.008       ms
[110.038s][info][gc,stats    ]    Subphase: Concurrent Classes Purge                      0.013 / 0.014         0.014 / 0.044         0.014 / 0.044         0.014 / 0.044       ms
[110.038s][info][gc,stats    ]    Subphase: Concurrent Classes Unlink                     2.035 / 3.581         0.748 / 3.767         0.748 / 3.767         0.748 / 3.767       ms
[110.038s][info][gc,stats    ]    Subphase: Concurrent Mark                            3487.256 / 3538.742   3104.024 / 3557.391   3104.024 / 3557.391   3104.024 / 3557.391    ms
[110.038s][info][gc,stats    ]    Subphase: Concurrent Mark Try Flush                     0.068 / 0.148         0.051 / 0.397         0.051 / 0.397         0.051 / 0.397       ms
[110.038s][info][gc,stats    ]    Subphase: Concurrent Mark Try Terminate                 0.875 / 1.275         0.837 / 1.280         0.837 / 1.280         0.837 / 1.280       ms
[110.038s][info][gc,stats    ]    Subphase: Concurrent References Enqueue                 0.004 / 0.004         0.005 / 0.060         0.005 / 0.060         0.005 / 0.060       ms
[110.038s][info][gc,stats    ]    Subphase: Concurrent References Process                 0.020 / 0.023         0.029 / 0.126         0.029 / 0.126         0.029 / 0.126       ms
[110.038s][info][gc,stats    ]    Subphase: Concurrent Roots ClassLoaderDataGraph         0.011 / 0.026         0.055 / 3.733         0.055 / 3.733         0.055 / 3.733       ms
[110.038s][info][gc,stats    ]    Subphase: Concurrent Roots CodeCache                    0.000 / 0.000         0.000 / 0.000         0.000 / 0.000         0.000 / 0.000       ms
[110.038s][info][gc,stats    ]    Subphase: Concurrent Roots JavaThreads                  0.312 / 0.341         0.896 / 10.235        0.896 / 10.235        0.896 / 10.235      ms
[110.038s][info][gc,stats    ]    Subphase: Concurrent Roots OopStorageSet                0.002 / 0.005         0.006 / 0.158         0.006 / 0.158         0.006 / 0.158       ms
[110.038s][info][gc,stats    ]    Subphase: Concurrent Weak Roots OopStorageSet           0.016 / 0.018         0.017 / 0.037         0.017 / 0.037         0.017 / 0.037       ms
[110.038s][info][gc,stats    ]    Subphase: Pause Mark Try Complete                       0.000 / 0.000         0.000 / 0.000         0.000 / 0.000         0.000 / 0.000       ms
[110.038s][info][gc,stats    ]      System: Java Threads                                     17 / 17               20 / 23               20 / 23               20 / 23          threads
[110.038s][info][gc,stats    ] =========================================================================================================================================================
[110.408s][info][gc,phases   ] GC(33) Concurrent Mark 3470.245ms
[110.408s][info][gc,phases   ] GC(33) Pause Mark End 0.014ms
[110.408s][info][gc,phases   ] GC(33) Concurrent Mark Free 0.000ms
[110.409s][info][gc,phases   ] GC(33) Concurrent Process Non-Strong References 0.567ms
[110.409s][info][gc,phases   ] GC(33) Concurrent Reset Relocation Set 0.006ms
[110.421s][info][gc,phases   ] GC(33) Concurrent Select Relocation Set 12.842ms
[110.421s][info][gc,phases   ] GC(33) Pause Relocate Start 0.005ms
[110.422s][info][gc,phases   ] GC(33) Concurrent Relocate 0.439ms
[110.422s][info][gc,load     ] GC(33) Load: 2.78/2.58/2.37
[110.422s][info][gc,mmu      ] GC(33) MMU: 2ms/99.0%, 5ms/99.6%, 10ms/99.8%, 20ms/99.8%, 50ms/99.9%, 100ms/100.0%
[110.422s][info][gc,marking  ] GC(33) Mark: 2 stripe(s), 2 proactive flush(es), 1 terminate flush(es), 0 completion(s), 0 continuation(s) 
[110.422s][info][gc,marking  ] GC(33) Mark Stack Usage: 32M
[110.422s][info][gc,nmethod  ] GC(33) NMethods: 416 registered, 0 unregistered
[110.422s][info][gc,metaspace] GC(33) Metaspace: 1M used, 1M committed, 1088M reserved
[110.422s][info][gc,ref      ] GC(33) Soft: 72 encountered, 41 discovered, 0 enqueued
[110.422s][info][gc,ref      ] GC(33) Weak: 264 encountered, 112 discovered, 0 enqueued
[110.422s][info][gc,ref      ] GC(33) Final: 6 encountered, 6 discovered, 0 enqueued
[110.422s][info][gc,ref      ] GC(33) Phantom: 1 encountered, 0 discovered, 0 enqueued
[110.422s][info][gc,reloc    ] GC(33) Small Pages: 6144 / 12288M, Empty: 0M, Relocated: 1M, In-Place: 3
[110.422s][info][gc,reloc    ] GC(33) Medium Pages: 0 / 0M, Empty: 0M, Relocated: 0M, In-Place: 0
[110.422s][info][gc,reloc    ] GC(33) Large Pages: 0 / 0M, Empty: 0M, Relocated: 0M, In-Place: 0
[110.422s][info][gc,reloc    ] GC(33) Forwarding Usage: 0M
[110.422s][info][gc,heap     ] GC(33) Min Capacity: 8M(0%)
[110.422s][info][gc,heap     ] GC(33) Max Capacity: 12288M(100%)
[110.422s][info][gc,heap     ] GC(33) Soft Max Capacity: 12288M(100%)
[110.422s][info][gc,heap     ] GC(33)                Mark Start          Mark End        Relocate Start      Relocate End           High               Low         
[110.422s][info][gc,heap     ] GC(33)  Capacity:    12288M (100%)      12288M (100%)      12288M (100%)      12288M (100%)      12288M (100%)      12288M (100%)   
[110.422s][info][gc,heap     ] GC(33)      Free:        0M (0%)            0M (0%)            0M (0%)            0M (0%)            0M (0%)            0M (0%)     
[110.422s][info][gc,heap     ] GC(33)      Used:    12288M (100%)      12288M (100%)      12288M (100%)      12288M (100%)      12288M (100%)      12288M (100%)   
[110.422s][info][gc,heap     ] GC(33)      Live:         -              9943M (81%)        9943M (81%)        9943M (81%)            -                  -          
[110.422s][info][gc,heap     ] GC(33) Allocated:         -                 0M (0%)            0M (0%)            0M (0%)             -                  -          
[110.422s][info][gc,heap     ] GC(33)   Garbage:         -              2344M (19%)        2344M (19%)        2344M (19%)            -                  -          
[110.422s][info][gc,heap     ] GC(33) Reclaimed:         -                  -                 0M (0%)            0M (0%)             -                  -          
[110.422s][info][gc          ] GC(33) Garbage Collection (Allocation Rate) 12288M(100%)->12288M(100%)
[110.438s][info][gc,start    ] GC(34) Garbage Collection (Allocation Rate)
[110.438s][info][gc,task     ] GC(34) Using 3 workers
[110.438s][info][gc,phases   ] GC(34) Pause Mark Start 0.005ms
[113.886s][info][gc,phases   ] GC(34) Concurrent Mark 3448.622ms
[113.886s][info][gc,phases   ] GC(34) Pause Mark End 0.014ms
[113.886s][info][gc,phases   ] GC(34) Concurrent Mark Free 0.000ms
[113.887s][info][gc,phases   ] GC(34) Concurrent Process Non-Strong References 0.592ms
[113.887s][info][gc,phases   ] GC(34) Concurrent Reset Relocation Set 0.003ms
[113.894s][info][gc,phases   ] GC(34) Concurrent Select Relocation Set 6.850ms
[113.894s][info][gc,phases   ] GC(34) Pause Relocate Start 0.003ms
[113.894s][info][gc,phases   ] GC(34) Concurrent Relocate 0.407ms
[113.894s][info][gc,load     ] GC(34) Load: 2.72/2.57/2.36
[113.894s][info][gc,mmu      ] GC(34) MMU: 2ms/99.0%, 5ms/99.6%, 10ms/99.8%, 20ms/99.8%, 50ms/99.9%, 100ms/100.0%
[113.894s][info][gc,marking  ] GC(34) Mark: 2 stripe(s), 2 proactive flush(es), 1 terminate flush(es), 0 completion(s), 0 continuation(s) 
[113.894s][info][gc,marking  ] GC(34) Mark Stack Usage: 32M
[113.894s][info][gc,nmethod  ] GC(34) NMethods: 416 registered, 0 unregistered
[113.894s][info][gc,metaspace] GC(34) Metaspace: 1M used, 1M committed, 1088M reserved
[113.894s][info][gc,ref      ] GC(34) Soft: 72 encountered, 29 discovered, 0 enqueued
[113.894s][info][gc,ref      ] GC(34) Weak: 264 encountered, 144 discovered, 0 enqueued
[113.894s][info][gc,ref      ] GC(34) Final: 6 encountered, 6 discovered, 0 enqueued
[113.894s][info][gc,ref      ] GC(34) Phantom: 1 encountered, 0 discovered, 0 enqueued
[113.894s][info][gc,reloc    ] GC(34) Small Pages: 6144 / 12288M, Empty: 0M, Relocated: 1M, In-Place: 3
[113.894s][info][gc,reloc    ] GC(34) Medium Pages: 0 / 0M, Empty: 0M, Relocated: 0M, In-Place: 0
[113.894s][info][gc,reloc    ] GC(34) Large Pages: 0 / 0M, Empty: 0M, Relocated: 0M, In-Place: 0
[113.894s][info][gc,reloc    ] GC(34) Forwarding Usage: 0M
[113.894s][info][gc,heap     ] GC(34) Min Capacity: 8M(0%)
[113.894s][info][gc,heap     ] GC(34) Max Capacity: 12288M(100%)
[113.894s][info][gc,heap     ] GC(34) Soft Max Capacity: 12288M(100%)
[113.894s][info][gc,heap     ] GC(34)                Mark Start          Mark End        Relocate Start      Relocate End           High               Low         
[113.894s][info][gc,heap     ] GC(34)  Capacity:    12288M (100%)      12288M (100%)      12288M (100%)      12288M (100%)      12288M (100%)      12288M (100%)   
[113.894s][info][gc,heap     ] GC(34)      Free:        0M (0%)            0M (0%)            0M (0%)            0M (0%)            0M (0%)            0M (0%)     
[113.894s][info][gc,heap     ] GC(34)      Used:    12288M (100%)      12288M (100%)      12288M (100%)      12288M (100%)      12288M (100%)      12288M (100%)   
[113.894s][info][gc,heap     ] GC(34)      Live:         -              9943M (81%)        9943M (81%)        9943M (81%)            -                  -          
[113.894s][info][gc,heap     ] GC(34) Allocated:         -                 0M (0%)            0M (0%)            0M (0%)             -                  -          
[113.894s][info][gc,heap     ] GC(34)   Garbage:         -              2344M (19%)        2344M (19%)        2344M (19%)            -                  -          
[113.894s][info][gc,heap     ] GC(34) Reclaimed:         -                  -                 0M (0%)            0M (0%)             -                  -          
[113.894s][info][gc          ] GC(34) Garbage Collection (Allocation Rate) 12288M(100%)->12288M(100%)
[113.937s][info][gc,start    ] GC(35) Garbage Collection (Allocation Rate)
[113.938s][info][gc,task     ] GC(35) Using 3 workers
[113.938s][info][gc,phases   ] GC(35) Pause Mark Start 0.006ms
[117.468s][info][gc,phases   ] GC(35) Concurrent Mark 3530.823ms
[117.469s][info][gc,phases   ] GC(35) Pause Mark End 0.014ms
[117.469s][info][gc,phases   ] GC(35) Concurrent Mark Free 0.000ms
[117.469s][info][gc,phases   ] GC(35) Concurrent Process Non-Strong References 0.615ms
[117.469s][info][gc,phases   ] GC(35) Concurrent Reset Relocation Set 0.003ms
[117.481s][info][gc,phases   ] GC(35) Concurrent Select Relocation Set 11.017ms
[117.481s][info][gc,phases   ] GC(35) Pause Relocate Start 0.006ms
[117.481s][info][gc,phases   ] GC(35) Concurrent Relocate 0.416ms
[117.481s][info][gc,load     ] GC(35) Load: 2.74/2.57/2.37
[117.481s][info][gc,mmu      ] GC(35) MMU: 2ms/99.0%, 5ms/99.6%, 10ms/99.8%, 20ms/99.8%, 50ms/99.9%, 100ms/100.0%
[117.481s][info][gc,marking  ] GC(35) Mark: 2 stripe(s), 2 proactive flush(es), 1 terminate flush(es), 0 completion(s), 0 continuation(s) 
[117.481s][info][gc,marking  ] GC(35) Mark Stack Usage: 32M
[117.481s][info][gc,nmethod  ] GC(35) NMethods: 416 registered, 0 unregistered
[117.481s][info][gc,metaspace] GC(35) Metaspace: 1M used, 1M committed, 1088M reserved
[117.481s][info][gc,ref      ] GC(35) Soft: 72 encountered, 23 discovered, 0 enqueued
[117.481s][info][gc,ref      ] GC(35) Weak: 264 encountered, 112 discovered, 0 enqueued
[117.481s][info][gc,ref      ] GC(35) Final: 6 encountered, 6 discovered, 0 enqueued
[117.481s][info][gc,ref      ] GC(35) Phantom: 1 encountered, 0 discovered, 0 enqueued
[117.481s][info][gc,reloc    ] GC(35) Small Pages: 6144 / 12288M, Empty: 0M, Relocated: 1M, In-Place: 3
[117.481s][info][gc,reloc    ] GC(35) Medium Pages: 0 / 0M, Empty: 0M, Relocated: 0M, In-Place: 0
[117.481s][info][gc,reloc    ] GC(35) Large Pages: 0 / 0M, Empty: 0M, Relocated: 0M, In-Place: 0
[117.481s][info][gc,reloc    ] GC(35) Forwarding Usage: 0M
[117.481s][info][gc,heap     ] GC(35) Min Capacity: 8M(0%)
[117.481s][info][gc,heap     ] GC(35) Max Capacity: 12288M(100%)
[117.481s][info][gc,heap     ] GC(35) Soft Max Capacity: 12288M(100%)
[117.481s][info][gc,heap     ] GC(35)                Mark Start          Mark End        Relocate Start      Relocate End           High               Low         
[117.481s][info][gc,heap     ] GC(35)  Capacity:    12288M (100%)      12288M (100%)      12288M (100%)      12288M (100%)      12288M (100%)      12288M (100%)   
[117.481s][info][gc,heap     ] GC(35)      Free:        0M (0%)            0M (0%)            0M (0%)            0M (0%)            0M (0%)            0M (0%)     
[117.481s][info][gc,heap     ] GC(35)      Used:    12288M (100%)      12288M (100%)      12288M (100%)      12288M (100%)      12288M (100%)      12288M (100%)   
[117.481s][info][gc,heap     ] GC(35)      Live:         -              9943M (81%)        9943M (81%)        9943M (81%)            -                  -          
[117.481s][info][gc,heap     ] GC(35) Allocated:         -                 0M (0%)            0M (0%)            0M (0%)             -                  -          
[117.481s][info][gc,heap     ] GC(35)   Garbage:         -              2344M (19%)        2344M (19%)        2344M (19%)            -                  -          
[117.481s][info][gc,heap     ] GC(35) Reclaimed:         -                  -                 0M (0%)            0M (0%)             -                  -          
[117.481s][info][gc          ] GC(35) Garbage Collection (Allocation Rate) 12288M(100%)->12288M(100%)
[117.538s][info][gc,start    ] GC(36) Garbage Collection (Allocation Rate)
[117.538s][info][gc,task     ] GC(36) Using 3 workers
[117.538s][info][gc,phases   ] GC(36) Pause Mark Start 0.008ms
[120.037s][info][gc,stats    ] === Garbage Collection Statistics =======================================================================================================================
[120.037s][info][gc,stats    ]                                                              Last 10s              Last 10m              Last 10h                Total
[120.037s][info][gc,stats    ]                                                              Avg / Max             Avg / Max             Avg / Max             Avg / Max
[120.037s][info][gc,stats    ]   Collector: Garbage Collection Cycle                   3494.872 / 3543.507   3148.632 / 3577.264   3148.632 / 3577.264   3148.632 / 3577.264    ms
[120.037s][info][gc,stats    ]  Contention: Mark Segment Reset Contention                   210 / 272             211 / 327             211 / 327             211 / 327         ops/s
[120.037s][info][gc,stats    ]  Contention: Mark SeqNum Reset Contention                      0 / 1                 0 / 1                 0 / 1                 0 / 1           ops/s
[120.037s][info][gc,stats    ]    Critical: Allocation Stall                                  0 / 0                 0 / 10                0 / 10                0 / 10          ops/s
[120.037s][info][gc,stats    ]    Critical: Allocation Stall                              0.000 / 0.000      4646.914 / 7000.397   4646.914 / 7000.397   4646.914 / 7000.397    ms
[120.037s][info][gc,stats    ]    Critical: GC Locker Stall                                   0 / 0                 0 / 0                 0 / 0                 0 / 0           ops/s
[120.037s][info][gc,stats    ]    Critical: GC Locker Stall                               0.000 / 0.000         0.000 / 0.000         0.000 / 0.000         0.000 / 0.000       ms
[120.037s][info][gc,stats    ]    Critical: Relocation Stall                                  0 / 0                 0 / 0                 0 / 0                 0 / 0           ops/s
[120.037s][info][gc,stats    ]    Critical: Relocation Stall                              0.000 / 0.000         0.000 / 0.000         0.000 / 0.000         0.000 / 0.000       ms
[120.037s][info][gc,stats    ]      Memory: Allocation Rate                                   0 / 0               125 / 4858            125 / 4858            125 / 4858        MB/s
[120.037s][info][gc,stats    ]      Memory: Out Of Memory                                     0 / 0                 0 / 5                 0 / 5                 0 / 5           ops/s
[120.037s][info][gc,stats    ]      Memory: Page Cache Flush                                  0 / 0                 0 / 0                 0 / 0                 0 / 0           MB/s
[120.037s][info][gc,stats    ]      Memory: Page Cache Hit L1                                 0 / 0                10 / 912              10 / 912              10 / 912         ops/s
[120.037s][info][gc,stats    ]      Memory: Page Cache Hit L2                                 0 / 0                 0 / 0                 0 / 0                 0 / 0           ops/s
[120.037s][info][gc,stats    ]      Memory: Page Cache Hit L3                                 0 / 0                 1 / 139               1 / 139               1 / 139         ops/s
[120.037s][info][gc,stats    ]      Memory: Page Cache Miss                                   0 / 0                50 / 1517             50 / 1517             50 / 1517        ops/s
[120.037s][info][gc,stats    ]      Memory: Uncommit                                          0 / 0                 0 / 0                 0 / 0                 0 / 0           MB/s
[120.037s][info][gc,stats    ]      Memory: Undo Object Allocation Failed                     0 / 0                 0 / 0                 0 / 0                 0 / 0           ops/s
[120.037s][info][gc,stats    ]      Memory: Undo Object Allocation Succeeded                  0 / 0                 0 / 0                 0 / 0                 0 / 0           ops/s
[120.037s][info][gc,stats    ]      Memory: Undo Page Allocation                              0 / 0                 9 / 913               9 / 913               9 / 913         ops/s
[120.037s][info][gc,stats    ]       Phase: Concurrent Mark                            3483.230 / 3530.823   3137.149 / 3567.752   3137.149 / 3567.752   3137.149 / 3567.752    ms
[120.037s][info][gc,stats    ]       Phase: Concurrent Mark Continue                      0.000 / 0.000         0.000 / 0.000         0.000 / 0.000         0.000 / 0.000       ms
[120.037s][info][gc,stats    ]       Phase: Concurrent Mark Free                          0.000 / 0.000         0.510 / 18.361        0.510 / 18.361        0.510 / 18.361      ms
[120.037s][info][gc,stats    ]       Phase: Concurrent Process Non-Strong References      0.591 / 0.615         0.818 / 3.847         0.818 / 3.847         0.818 / 3.847       ms
[120.037s][info][gc,stats    ]       Phase: Concurrent Relocate                           0.421 / 0.439         0.804 / 13.200        0.804 / 13.200        0.804 / 13.200      ms
[120.037s][info][gc,stats    ]       Phase: Concurrent Reset Relocation Set               0.004 / 0.006         0.084 / 2.868         0.084 / 2.868         0.084 / 2.868       ms
[120.037s][info][gc,stats    ]       Phase: Concurrent Select Relocation Set             10.237 / 12.842        8.782 / 13.134        8.782 / 13.134        8.782 / 13.134      ms
[120.037s][info][gc,stats    ]       Phase: Pause Mark End                                0.014 / 0.014         0.014 / 0.018         0.014 / 0.018         0.014 / 0.018       ms
[120.037s][info][gc,stats    ]       Phase: Pause Mark Start                              0.006 / 0.008         0.006 / 0.020         0.006 / 0.020         0.006 / 0.020       ms
[120.037s][info][gc,stats    ]       Phase: Pause Relocate Start                          0.005 / 0.006         0.004 / 0.008         0.004 / 0.008         0.004 / 0.008       ms
[120.037s][info][gc,stats    ]    Subphase: Concurrent Classes Purge                      0.013 / 0.014         0.014 / 0.044         0.014 / 0.044         0.014 / 0.044       ms
[120.037s][info][gc,stats    ]    Subphase: Concurrent Classes Unlink                     0.504 / 0.525         0.728 / 3.767         0.728 / 3.767         0.728 / 3.767       ms
[120.037s][info][gc,stats    ]    Subphase: Concurrent Mark                            3482.312 / 3530.311   3135.548 / 3557.391   3135.548 / 3557.391   3135.548 / 3557.391    ms
[120.037s][info][gc,stats    ]    Subphase: Concurrent Mark Try Flush                     0.042 / 0.113         0.050 / 0.397         0.050 / 0.397         0.050 / 0.397       ms
[120.037s][info][gc,stats    ]    Subphase: Concurrent Mark Try Terminate                 0.820 / 1.277         0.836 / 1.280         0.836 / 1.280         0.836 / 1.280       ms
[120.037s][info][gc,stats    ]    Subphase: Concurrent References Enqueue                 0.003 / 0.003         0.005 / 0.060         0.005 / 0.060         0.005 / 0.060       ms
[120.037s][info][gc,stats    ]    Subphase: Concurrent References Process                 0.027 / 0.030         0.029 / 0.126         0.029 / 0.126         0.029 / 0.126       ms
[120.037s][info][gc,stats    ]    Subphase: Concurrent Roots ClassLoaderDataGraph         0.015 / 0.040         0.052 / 3.733         0.052 / 3.733         0.052 / 3.733       ms
[120.037s][info][gc,stats    ]    Subphase: Concurrent Roots CodeCache                    0.000 / 0.000         0.000 / 0.000         0.000 / 0.000         0.000 / 0.000       ms
[120.037s][info][gc,stats    ]    Subphase: Concurrent Roots JavaThreads                  0.442 / 0.554         0.858 / 10.235        0.858 / 10.235        0.858 / 10.235      ms
[120.037s][info][gc,stats    ]    Subphase: Concurrent Roots OopStorageSet                0.005 / 0.011         0.006 / 0.158         0.006 / 0.158         0.006 / 0.158       ms
[120.037s][info][gc,stats    ]    Subphase: Concurrent Weak Roots OopStorageSet           0.016 / 0.021         0.016 / 0.037         0.016 / 0.037         0.016 / 0.037       ms
[120.037s][info][gc,stats    ]    Subphase: Pause Mark Try Complete                       0.000 / 0.000         0.000 / 0.000         0.000 / 0.000         0.000 / 0.000       ms
[120.037s][info][gc,stats    ]      System: Java Threads                                     17 / 17               19 / 23               19 / 23               19 / 23          threads
[120.037s][info][gc,stats    ] =========================================================================================================================================================
[121.077s][info][gc,phases   ] GC(36) Concurrent Mark 3539.518ms
[121.077s][info][gc,phases   ] GC(36) Pause Mark End 0.014ms
[121.077s][info][gc,phases   ] GC(36) Concurrent Mark Free 0.000ms
[121.078s][info][gc,phases   ] GC(36) Concurrent Process Non-Strong References 0.554ms
[121.078s][info][gc,phases   ] GC(36) Concurrent Reset Relocation Set 0.003ms
[121.085s][info][gc,phases   ] GC(36) Concurrent Select Relocation Set 7.125ms
[121.085s][info][gc,phases   ] GC(36) Pause Relocate Start 0.003ms
[121.086s][info][gc,phases   ] GC(36) Concurrent Relocate 0.403ms
[121.086s][info][gc,load     ] GC(36) Load: 2.74/2.57/2.37
[121.086s][info][gc,mmu      ] GC(36) MMU: 2ms/99.0%, 5ms/99.6%, 10ms/99.8%, 20ms/99.8%, 50ms/99.9%, 100ms/100.0%
[121.086s][info][gc,marking  ] GC(36) Mark: 2 stripe(s), 4 proactive flush(es), 1 terminate flush(es), 0 completion(s), 0 continuation(s) 
[121.086s][info][gc,marking  ] GC(36) Mark Stack Usage: 32M
[121.086s][info][gc,nmethod  ] GC(36) NMethods: 416 registered, 0 unregistered
[121.086s][info][gc,metaspace] GC(36) Metaspace: 1M used, 1M committed, 1088M reserved
[121.086s][info][gc,ref      ] GC(36) Soft: 72 encountered, 32 discovered, 0 enqueued
[121.086s][info][gc,ref      ] GC(36) Weak: 264 encountered, 126 discovered, 0 enqueued
[121.086s][info][gc,ref      ] GC(36) Final: 6 encountered, 6 discovered, 0 enqueued
[121.086s][info][gc,ref      ] GC(36) Phantom: 1 encountered, 0 discovered, 0 enqueued
[121.086s][info][gc,reloc    ] GC(36) Small Pages: 6144 / 12288M, Empty: 0M, Relocated: 1M, In-Place: 3
[121.086s][info][gc,reloc    ] GC(36) Medium Pages: 0 / 0M, Empty: 0M, Relocated: 0M, In-Place: 0
[121.086s][info][gc,reloc    ] GC(36) Large Pages: 0 / 0M, Empty: 0M, Relocated: 0M, In-Place: 0
[121.086s][info][gc,reloc    ] GC(36) Forwarding Usage: 0M
[121.086s][info][gc,heap     ] GC(36) Min Capacity: 8M(0%)
[121.086s][info][gc,heap     ] GC(36) Max Capacity: 12288M(100%)
[121.086s][info][gc,heap     ] GC(36) Soft Max Capacity: 12288M(100%)
[121.086s][info][gc,heap     ] GC(36)                Mark Start          Mark End        Relocate Start      Relocate End           High               Low         
[121.086s][info][gc,heap     ] GC(36)  Capacity:    12288M (100%)      12288M (100%)      12288M (100%)      12288M (100%)      12288M (100%)      12288M (100%)   
[121.086s][info][gc,heap     ] GC(36)      Free:        0M (0%)            0M (0%)            0M (0%)            0M (0%)            0M (0%)            0M (0%)     
[121.086s][info][gc,heap     ] GC(36)      Used:    12288M (100%)      12288M (100%)      12288M (100%)      12288M (100%)      12288M (100%)      12288M (100%)   
[121.086s][info][gc,heap     ] GC(36)      Live:         -              9943M (81%)        9943M (81%)        9943M (81%)            -                  -          
[121.086s][info][gc,heap     ] GC(36) Allocated:         -                 0M (0%)            0M (0%)            0M (0%)             -                  -          
[121.086s][info][gc,heap     ] GC(36)   Garbage:         -              2344M (19%)        2344M (19%)        2344M (19%)            -                  -          
[121.086s][info][gc,heap     ] GC(36) Reclaimed:         -                  -                 0M (0%)            0M (0%)             -                  -          
[121.086s][info][gc          ] GC(36) Garbage Collection (Allocation Rate) 12288M(100%)->12288M(100%)
[121.086s][info][gc,start    ] GC(37) Garbage Collection (Allocation Stall)
[121.086s][info][gc,ref      ] GC(37) Clearing All SoftReferences
[121.086s][info][gc,task     ] GC(37) Using 3 workers
[121.086s][info][gc,phases   ] GC(37) Pause Mark Start 0.004ms
[124.505s][info][gc,phases   ] GC(37) Concurrent Mark 3419.567ms
[124.505s][info][gc,phases   ] GC(37) Pause Mark End 0.014ms
[124.505s][info][gc,phases   ] GC(37) Concurrent Mark Free 0.000ms
[124.506s][info][gc,phases   ] GC(37) Concurrent Process Non-Strong References 0.592ms
[124.506s][info][gc,phases   ] GC(37) Concurrent Reset Relocation Set 0.003ms
[124.515s][info][gc,phases   ] GC(37) Concurrent Select Relocation Set 9.370ms
[124.515s][info][gc,phases   ] GC(37) Pause Relocate Start 0.005ms
[124.516s][info][gc,phases   ] GC(37) Concurrent Relocate 0.422ms
[124.516s][info][gc,load     ] GC(37) Load: 3.00/2.63/2.39
[124.516s][info][gc,mmu      ] GC(37) MMU: 2ms/99.0%, 5ms/99.6%, 10ms/99.8%, 20ms/99.8%, 50ms/99.9%, 100ms/100.0%
[124.516s][info][gc,marking  ] GC(37) Mark: 2 stripe(s), 2 proactive flush(es), 1 terminate flush(es), 0 completion(s), 0 continuation(s) 
[124.516s][info][gc,marking  ] GC(37) Mark Stack Usage: 32M
[124.516s][info][gc,nmethod  ] GC(37) NMethods: 416 registered, 0 unregistered
[124.516s][info][gc,metaspace] GC(37) Metaspace: 1M used, 1M committed, 1088M reserved
[124.516s][info][gc,ref      ] GC(37) Soft: 72 encountered, 39 discovered, 0 enqueued
[124.516s][info][gc,ref      ] GC(37) Weak: 264 encountered, 193 discovered, 0 enqueued
[124.516s][info][gc,ref      ] GC(37) Final: 6 encountered, 6 discovered, 0 enqueued
[124.516s][info][gc,ref      ] GC(37) Phantom: 1 encountered, 0 discovered, 0 enqueued
[124.516s][info][gc,reloc    ] GC(37) Small Pages: 6144 / 12288M, Empty: 0M, Relocated: 1M, In-Place: 3
[124.516s][info][gc,reloc    ] GC(37) Medium Pages: 0 / 0M, Empty: 0M, Relocated: 0M, In-Place: 0
[124.516s][info][gc,reloc    ] GC(37) Large Pages: 0 / 0M, Empty: 0M, Relocated: 0M, In-Place: 0
[124.516s][info][gc,reloc    ] GC(37) Forwarding Usage: 0M
[124.516s][info][gc,heap     ] GC(37) Min Capacity: 8M(0%)
[124.516s][info][gc,heap     ] GC(37) Max Capacity: 12288M(100%)
[124.516s][info][gc,heap     ] GC(37) Soft Max Capacity: 12288M(100%)
[124.516s][info][gc,heap     ] GC(37)                Mark Start          Mark End        Relocate Start      Relocate End           High               Low         
[124.516s][info][gc,heap     ] GC(37)  Capacity:    12288M (100%)      12288M (100%)      12288M (100%)      12288M (100%)      12288M (100%)      12288M (100%)   
[124.516s][info][gc,heap     ] GC(37)      Free:        0M (0%)            0M (0%)            0M (0%)            0M (0%)            0M (0%)            0M (0%)     
[124.516s][info][gc,heap     ] GC(37)      Used:    12288M (100%)      12288M (100%)      12288M (100%)      12288M (100%)      12288M (100%)      12288M (100%)   
[124.516s][info][gc,heap     ] GC(37)      Live:         -              9943M (81%)        9943M (81%)        9943M (81%)            -                  -          
[124.516s][info][gc,heap     ] GC(37) Allocated:         -                 0M (0%)            0M (0%)            0M (0%)             -                  -          
[124.516s][info][gc,heap     ] GC(37)   Garbage:         -              2344M (19%)        2344M (19%)        2344M (19%)            -                  -          
[124.516s][info][gc,heap     ] GC(37) Reclaimed:         -                  -                 0M (0%)            0M (0%)             -                  -          
[124.516s][info][gc          ] GC(37) Garbage Collection (Allocation Stall) 12288M(100%)->12288M(100%)
[124.516s][info][gc          ] Allocation Stall (Signal Dispatcher) 6156.494ms
[124.516s][info][gc,start    ] GC(38) Garbage Collection (Allocation Stall)
[124.516s][info][gc,ref      ] GC(38) Clearing All SoftReferences
[124.516s][info][gc,task     ] GC(38) Using 3 workers
[124.516s][info][gc,phases   ] GC(38) Pause Mark Start 0.004ms
[128.115s][info][gc,phases   ] GC(38) Concurrent Mark 3598.743ms
[128.115s][info][gc,phases   ] GC(38) Pause Mark End 0.011ms
[128.115s][info][gc,phases   ] GC(38) Concurrent Mark Free 0.000ms
[128.119s][info][gc,phases   ] GC(38) Concurrent Process Non-Strong References 3.603ms
[128.119s][info][gc,phases   ] GC(38) Concurrent Reset Relocation Set 0.006ms
[128.127s][info][gc,phases   ] GC(38) Concurrent Select Relocation Set 7.623ms
[128.127s][info][gc,phases   ] GC(38) Pause Relocate Start 0.003ms
[128.127s][info][gc,phases   ] GC(38) Concurrent Relocate 0.404ms
[128.127s][info][gc,load     ] GC(38) Load: 2.92/2.62/2.39
[128.127s][info][gc,mmu      ] GC(38) MMU: 2ms/99.0%, 5ms/99.6%, 10ms/99.8%, 20ms/99.8%, 50ms/99.9%, 100ms/100.0%
[128.127s][info][gc,marking  ] GC(38) Mark: 2 stripe(s), 1 proactive flush(es), 1 terminate flush(es), 0 completion(s), 0 continuation(s) 
[128.127s][info][gc,marking  ] GC(38) Mark Stack Usage: 32M
[128.127s][info][gc,nmethod  ] GC(38) NMethods: 416 registered, 0 unregistered
[128.127s][info][gc,metaspace] GC(38) Metaspace: 1M used, 1M committed, 1088M reserved
[128.127s][info][gc,ref      ] GC(38) Soft: 72 encountered, 41 discovered, 0 enqueued
[128.127s][info][gc,ref      ] GC(38) Weak: 264 encountered, 121 discovered, 0 enqueued
[128.127s][info][gc,ref      ] GC(38) Final: 6 encountered, 3 discovered, 0 enqueued
[128.127s][info][gc,ref      ] GC(38) Phantom: 1 encountered, 0 discovered, 0 enqueued
[128.127s][info][gc,reloc    ] GC(38) Small Pages: 6144 / 12288M, Empty: 0M, Relocated: 1M, In-Place: 3
[128.127s][info][gc,reloc    ] GC(38) Medium Pages: 0 / 0M, Empty: 0M, Relocated: 0M, In-Place: 0
[128.127s][info][gc,reloc    ] GC(38) Large Pages: 0 / 0M, Empty: 0M, Relocated: 0M, In-Place: 0
[128.127s][info][gc,reloc    ] GC(38) Forwarding Usage: 0M
[128.127s][info][gc,heap     ] GC(38) Min Capacity: 8M(0%)
[128.127s][info][gc,heap     ] GC(38) Max Capacity: 12288M(100%)
[128.127s][info][gc,heap     ] GC(38) Soft Max Capacity: 12288M(100%)
[128.127s][info][gc,heap     ] GC(38)                Mark Start          Mark End        Relocate Start      Relocate End           High               Low         
[128.127s][info][gc,heap     ] GC(38)  Capacity:    12288M (100%)      12288M (100%)      12288M (100%)      12288M (100%)      12288M (100%)      12288M (100%)   
[128.127s][info][gc,heap     ] GC(38)      Free:        0M (0%)            0M (0%)            0M (0%)            0M (0%)            0M (0%)            0M (0%)     
[128.127s][info][gc,heap     ] GC(38)      Used:    12288M (100%)      12288M (100%)      12288M (100%)      12288M (100%)      12288M (100%)      12288M (100%)   
[128.127s][info][gc,heap     ] GC(38)      Live:         -              9943M (81%)        9943M (81%)        9943M (81%)            -                  -          
[128.127s][info][gc,heap     ] GC(38) Allocated:         -                 0M (0%)            0M (0%)            0M (0%)             -                  -          
[128.127s][info][gc,heap     ] GC(38)   Garbage:         -              2344M (19%)        2344M (19%)        2344M (19%)            -                  -          
[128.127s][info][gc,heap     ] GC(38) Reclaimed:         -                  -                 0M (0%)            0M (0%)             -                  -          
[128.127s][info][gc          ] GC(38) Garbage Collection (Allocation Stall) 12288M(100%)->12288M(100%)
[128.127s][info][gc          ] Allocation Stall (Signal Dispatcher) 3611.151ms
[128.127s][info][gc          ] Out Of Memory (Signal Dispatcher)
[128.137s][info][gc,start    ] GC(39) Garbage Collection (Allocation Rate)
[128.137s][info][gc,task     ] GC(39) Using 3 workers
[128.137s][info][gc,phases   ] GC(39) Pause Mark Start 0.005ms
[130.038s][info][gc,stats    ] === Garbage Collection Statistics =======================================================================================================================
[130.038s][info][gc,stats    ]                                                              Last 10s              Last 10m              Last 10h                Total
[130.038s][info][gc,stats    ]                                                              Avg / Max             Avg / Max             Avg / Max             Avg / Max
[130.038s][info][gc,stats    ]   Collector: Garbage Collection Cycle                   3529.673 / 3610.971   3177.943 / 3610.971   3177.943 / 3610.971   3177.943 / 3610.971    ms
[130.038s][info][gc,stats    ]  Contention: Mark Segment Reset Contention                   213 / 324             211 / 327             211 / 327             211 / 327         ops/s
[130.038s][info][gc,stats    ]  Contention: Mark SeqNum Reset Contention                      0 / 1                 0 / 1                 0 / 1                 0 / 1           ops/s
[130.038s][info][gc,stats    ]    Critical: Allocation Stall                                  0 / 1                 0 / 10                0 / 10                0 / 10          ops/s
[130.038s][info][gc,stats    ]    Critical: Allocation Stall                           4883.822 / 6156.494   4652.424 / 7000.397   4652.424 / 7000.397   4652.424 / 7000.397    ms
[130.038s][info][gc,stats    ]    Critical: GC Locker Stall                                   0 / 0                 0 / 0                 0 / 0                 0 / 0           ops/s
[130.038s][info][gc,stats    ]    Critical: GC Locker Stall                               0.000 / 0.000         0.000 / 0.000         0.000 / 0.000         0.000 / 0.000       ms
[130.038s][info][gc,stats    ]    Critical: Relocation Stall                                  0 / 0                 0 / 0                 0 / 0                 0 / 0           ops/s
[130.038s][info][gc,stats    ]    Critical: Relocation Stall                              0.000 / 0.000         0.000 / 0.000         0.000 / 0.000         0.000 / 0.000       ms
[130.038s][info][gc,stats    ]      Memory: Allocation Rate                                   0 / 0               116 / 4858            116 / 4858            116 / 4858        MB/s
[130.038s][info][gc,stats    ]      Memory: Out Of Memory                                     0 / 1                 0 / 5                 0 / 5                 0 / 5           ops/s
[130.038s][info][gc,stats    ]      Memory: Page Cache Flush                                  0 / 0                 0 / 0                 0 / 0                 0 / 0           MB/s
[130.038s][info][gc,stats    ]      Memory: Page Cache Hit L1                                 0 / 0                 9 / 912               9 / 912               9 / 912         ops/s
[130.038s][info][gc,stats    ]      Memory: Page Cache Hit L2                                 0 / 0                 0 / 0                 0 / 0                 0 / 0           ops/s
[130.038s][info][gc,stats    ]      Memory: Page Cache Hit L3                                 0 / 0                 1 / 139               1 / 139               1 / 139         ops/s
[130.038s][info][gc,stats    ]      Memory: Page Cache Miss                                   0 / 0                46 / 1517             46 / 1517             46 / 1517        ops/s
[130.038s][info][gc,stats    ]      Memory: Uncommit                                          0 / 0                 0 / 0                 0 / 0                 0 / 0           MB/s
[130.038s][info][gc,stats    ]      Memory: Undo Object Allocation Failed                     0 / 0                 0 / 0                 0 / 0                 0 / 0           ops/s
[130.038s][info][gc,stats    ]      Memory: Undo Object Allocation Succeeded                  0 / 0                 0 / 0                 0 / 0                 0 / 0           ops/s
[130.038s][info][gc,stats    ]      Memory: Undo Page Allocation                              0 / 0                 8 / 913               8 / 913               8 / 913         ops/s
[130.038s][info][gc,stats    ]       Phase: Concurrent Mark                            3519.276 / 3598.743   3166.544 / 3598.743   3166.544 / 3598.743   3166.544 / 3598.743    ms
[130.038s][info][gc,stats    ]       Phase: Concurrent Mark Continue                      0.000 / 0.000         0.000 / 0.000         0.000 / 0.000         0.000 / 0.000       ms
[130.038s][info][gc,stats    ]       Phase: Concurrent Mark Free                          0.000 / 0.000         0.471 / 18.361        0.471 / 18.361        0.471 / 18.361      ms
[130.038s][info][gc,stats    ]       Phase: Concurrent Process Non-Strong References      1.583 / 3.603         0.877 / 3.847         0.877 / 3.847         0.877 / 3.847       ms
[130.038s][info][gc,stats    ]       Phase: Concurrent Relocate                           0.410 / 0.422         0.773 / 13.200        0.773 / 13.200        0.773 / 13.200      ms
[130.038s][info][gc,stats    ]       Phase: Concurrent Reset Relocation Set               0.004 / 0.006         0.078 / 2.868         0.078 / 2.868         0.078 / 2.868       ms
[130.038s][info][gc,stats    ]       Phase: Concurrent Select Relocation Set              8.040 / 9.370         8.725 / 13.134        8.725 / 13.134        8.725 / 13.134      ms
[130.038s][info][gc,stats    ]       Phase: Pause Mark End                                0.013 / 0.014         0.014 / 0.018         0.014 / 0.018         0.014 / 0.018       ms
[130.038s][info][gc,stats    ]       Phase: Pause Mark Start                              0.005 / 0.005         0.006 / 0.020         0.006 / 0.020         0.006 / 0.020       ms
[130.038s][info][gc,stats    ]       Phase: Pause Relocate Start                          0.004 / 0.005         0.004 / 0.008         0.004 / 0.008         0.004 / 0.008       ms
[130.038s][info][gc,stats    ]    Subphase: Concurrent Classes Purge                      0.012 / 0.013         0.014 / 0.044         0.014 / 0.044         0.014 / 0.044       ms
[130.038s][info][gc,stats    ]    Subphase: Concurrent Classes Unlink                     1.503 / 3.524         0.788 / 3.767         0.788 / 3.767         0.788 / 3.767       ms
[130.038s][info][gc,stats    ]    Subphase: Concurrent Mark                            3518.335 / 3598.300   3164.993 / 3598.300   3164.993 / 3598.300   3164.993 / 3598.300    ms
[130.038s][info][gc,stats    ]    Subphase: Concurrent Mark Try Flush                     0.040 / 0.145         0.050 / 0.397         0.050 / 0.397         0.050 / 0.397       ms
[130.038s][info][gc,stats    ]    Subphase: Concurrent Mark Try Terminate                 0.820 / 1.278         0.835 / 1.280         0.835 / 1.280         0.835 / 1.280       ms
[130.038s][info][gc,stats    ]    Subphase: Concurrent References Enqueue                 0.005 / 0.007         0.005 / 0.060         0.005 / 0.060         0.005 / 0.060       ms
[130.038s][info][gc,stats    ]    Subphase: Concurrent References Process                 0.023 / 0.026         0.028 / 0.126         0.028 / 0.126         0.028 / 0.126       ms
[130.038s][info][gc,stats    ]    Subphase: Concurrent Roots ClassLoaderDataGraph         0.009 / 0.026         0.049 / 3.733         0.049 / 3.733         0.049 / 3.733       ms
[130.038s][info][gc,stats    ]    Subphase: Concurrent Roots CodeCache                    0.000 / 0.000         0.000 / 0.000         0.000 / 0.000         0.000 / 0.000       ms
[130.038s][info][gc,stats    ]    Subphase: Concurrent Roots JavaThreads                  0.332 / 0.382         0.819 / 10.235        0.819 / 10.235        0.819 / 10.235      ms
[130.038s][info][gc,stats    ]    Subphase: Concurrent Roots OopStorageSet                0.002 / 0.005         0.006 / 0.158         0.006 / 0.158         0.006 / 0.158       ms
[130.038s][info][gc,stats    ]    Subphase: Concurrent Weak Roots OopStorageSet           0.016 / 0.019         0.016 / 0.037         0.016 / 0.037         0.016 / 0.037       ms
[130.038s][info][gc,stats    ]    Subphase: Pause Mark Try Complete                       0.000 / 0.000         0.000 / 0.000         0.000 / 0.000         0.000 / 0.000       ms
[130.038s][info][gc,stats    ]      System: Java Threads                                     17 / 17               19 / 23               19 / 23               19 / 23          threads
[130.038s][info][gc,stats    ] =========================================================================================================================================================
[131.663s][info][gc,phases   ] GC(39) Concurrent Mark 3525.620ms
[131.663s][info][gc,phases   ] GC(39) Pause Mark End 0.016ms
[131.663s][info][gc,phases   ] GC(39) Concurrent Mark Free 0.000ms
[131.664s][info][gc,phases   ] GC(39) Concurrent Process Non-Strong References 0.549ms
[131.664s][info][gc,phases   ] GC(39) Concurrent Reset Relocation Set 0.007ms
[131.675s][info][gc,phases   ] GC(39) Concurrent Select Relocation Set 11.279ms
[131.675s][info][gc,phases   ] GC(39) Pause Relocate Start 0.006ms
[131.675s][info][gc,phases   ] GC(39) Concurrent Relocate 0.378ms
[131.675s][info][gc,load     ] GC(39) Load: 2.92/2.62/2.39
[131.675s][info][gc,mmu      ] GC(39) MMU: 2ms/99.0%, 5ms/99.6%, 10ms/99.8%, 20ms/99.8%, 50ms/99.9%, 100ms/100.0%
[131.675s][info][gc,marking  ] GC(39) Mark: 2 stripe(s), 1 proactive flush(es), 1 terminate flush(es), 0 completion(s), 0 continuation(s) 
[131.675s][info][gc,marking  ] GC(39) Mark Stack Usage: 32M
[131.675s][info][gc,nmethod  ] GC(39) NMethods: 416 registered, 0 unregistered
[131.675s][info][gc,metaspace] GC(39) Metaspace: 1M used, 1M committed, 1088M reserved
[131.675s][info][gc,ref      ] GC(39) Soft: 72 encountered, 25 discovered, 0 enqueued
[131.675s][info][gc,ref      ] GC(39) Weak: 264 encountered, 172 discovered, 0 enqueued
[131.675s][info][gc,ref      ] GC(39) Final: 6 encountered, 6 discovered, 0 enqueued
[131.675s][info][gc,ref      ] GC(39) Phantom: 1 encountered, 0 discovered, 0 enqueued
[131.675s][info][gc,reloc    ] GC(39) Small Pages: 6144 / 12288M, Empty: 0M, Relocated: 1M, In-Place: 3
[131.675s][info][gc,reloc    ] GC(39) Medium Pages: 0 / 0M, Empty: 0M, Relocated: 0M, In-Place: 0
[131.675s][info][gc,reloc    ] GC(39) Large Pages: 0 / 0M, Empty: 0M, Relocated: 0M, In-Place: 0
[131.675s][info][gc,reloc    ] GC(39) Forwarding Usage: 0M
[131.675s][info][gc,heap     ] GC(39) Min Capacity: 8M(0%)
[131.675s][info][gc,heap     ] GC(39) Max Capacity: 12288M(100%)
[131.675s][info][gc,heap     ] GC(39) Soft Max Capacity: 12288M(100%)
[131.675s][info][gc,heap     ] GC(39)                Mark Start          Mark End        Relocate Start      Relocate End           High               Low         
[131.675s][info][gc,heap     ] GC(39)  Capacity:    12288M (100%)      12288M (100%)      12288M (100%)      12288M (100%)      12288M (100%)      12288M (100%)   
[131.675s][info][gc,heap     ] GC(39)      Free:        0M (0%)            0M (0%)            0M (0%)            0M (0%)            0M (0%)            0M (0%)     
[131.675s][info][gc,heap     ] GC(39)      Used:    12288M (100%)      12288M (100%)      12288M (100%)      12288M (100%)      12288M (100%)      12288M (100%)   
[131.675s][info][gc,heap     ] GC(39)      Live:         -              9943M (81%)        9943M (81%)        9943M (81%)            -                  -          
[131.675s][info][gc,heap     ] GC(39) Allocated:         -                 0M (0%)            0M (0%)            0M (0%)             -                  -          
[131.675s][info][gc,heap     ] GC(39)   Garbage:         -              2344M (19%)        2344M (19%)        2344M (19%)            -                  -          
[131.675s][info][gc,heap     ] GC(39) Reclaimed:         -                  -                 0M (0%)            0M (0%)             -                  -          
[131.675s][info][gc          ] GC(39) Garbage Collection (Allocation Rate) 12288M(100%)->12288M(100%)
[131.737s][info][gc,start    ] GC(40) Garbage Collection (Allocation Rate)
[131.737s][info][gc,task     ] GC(40) Using 3 workers
[131.737s][info][gc,phases   ] GC(40) Pause Mark Start 0.006ms
[135.321s][info][gc,phases   ] GC(40) Concurrent Mark 3583.498ms
[135.321s][info][gc,phases   ] GC(40) Pause Mark End 0.017ms
[135.321s][info][gc,phases   ] GC(40) Concurrent Mark Free 0.000ms
[135.322s][info][gc,phases   ] GC(40) Concurrent Process Non-Strong References 0.548ms
[135.322s][info][gc,phases   ] GC(40) Concurrent Reset Relocation Set 0.004ms
[135.334s][info][gc,phases   ] GC(40) Concurrent Select Relocation Set 11.666ms
[135.334s][info][gc,phases   ] GC(40) Pause Relocate Start 0.004ms
[135.334s][info][gc,phases   ] GC(40) Concurrent Relocate 0.381ms
[135.334s][info][gc,load     ] GC(40) Load: 2.85/2.61/2.38
[135.334s][info][gc,mmu      ] GC(40) MMU: 2ms/99.0%, 5ms/99.6%, 10ms/99.8%, 20ms/99.8%, 50ms/99.9%, 100ms/100.0%
[135.334s][info][gc,marking  ] GC(40) Mark: 2 stripe(s), 1 proactive flush(es), 1 terminate flush(es), 0 completion(s), 0 continuation(s) 
[135.334s][info][gc,marking  ] GC(40) Mark Stack Usage: 32M
[135.334s][info][gc,nmethod  ] GC(40) NMethods: 416 registered, 0 unregistered
[135.334s][info][gc,metaspace] GC(40) Metaspace: 1M used, 1M committed, 1088M reserved
[135.334s][info][gc,ref      ] GC(40) Soft: 72 encountered, 42 discovered, 0 enqueued
[135.334s][info][gc,ref      ] GC(40) Weak: 264 encountered, 198 discovered, 0 enqueued
[135.334s][info][gc,ref      ] GC(40) Final: 6 encountered, 6 discovered, 0 enqueued
[135.334s][info][gc,ref      ] GC(40) Phantom: 1 encountered, 0 discovered, 0 enqueued
[135.334s][info][gc,reloc    ] GC(40) Small Pages: 6144 / 12288M, Empty: 0M, Relocated: 1M, In-Place: 3
[135.334s][info][gc,reloc    ] GC(40) Medium Pages: 0 / 0M, Empty: 0M, Relocated: 0M, In-Place: 0
[135.334s][info][gc,reloc    ] GC(40) Large Pages: 0 / 0M, Empty: 0M, Relocated: 0M, In-Place: 0
[135.334s][info][gc,reloc    ] GC(40) Forwarding Usage: 0M
[135.334s][info][gc,heap     ] GC(40) Min Capacity: 8M(0%)
[135.334s][info][gc,heap     ] GC(40) Max Capacity: 12288M(100%)
[135.334s][info][gc,heap     ] GC(40) Soft Max Capacity: 12288M(100%)
[135.334s][info][gc,heap     ] GC(40)                Mark Start          Mark End        Relocate Start      Relocate End           High               Low         
[135.334s][info][gc,heap     ] GC(40)  Capacity:    12288M (100%)      12288M (100%)      12288M (100%)      12288M (100%)      12288M (100%)      12288M (100%)   
[135.334s][info][gc,heap     ] GC(40)      Free:        0M (0%)            0M (0%)            0M (0%)            0M (0%)            0M (0%)            0M (0%)     
[135.334s][info][gc,heap     ] GC(40)      Used:    12288M (100%)      12288M (100%)      12288M (100%)      12288M (100%)      12288M (100%)      12288M (100%)   
[135.334s][info][gc,heap     ] GC(40)      Live:         -              9943M (81%)        9943M (81%)        9943M (81%)            -                  -          
[135.334s][info][gc,heap     ] GC(40) Allocated:         -                 0M (0%)            0M (0%)            0M (0%)             -                  -          
[135.334s][info][gc,heap     ] GC(40)   Garbage:         -              2344M (19%)        2344M (19%)        2344M (19%)            -                  -          
[135.334s][info][gc,heap     ] GC(40) Reclaimed:         -                  -                 0M (0%)            0M (0%)             -                  -          
[135.334s][info][gc          ] GC(40) Garbage Collection (Allocation Rate) 12288M(100%)->12288M(100%)
[135.334s][info][gc,start    ] GC(41) Garbage Collection (Allocation Rate)
[135.334s][info][gc,task     ] GC(41) Using 3 workers
[135.334s][info][gc,phases   ] GC(41) Pause Mark Start 0.005ms
[138.866s][info][gc,phases   ] GC(41) Concurrent Mark 3531.612ms
[138.866s][info][gc,phases   ] GC(41) Pause Mark End 0.013ms
[138.866s][info][gc,phases   ] GC(41) Concurrent Mark Free 0.000ms
[138.867s][info][gc,phases   ] GC(41) Concurrent Process Non-Strong References 0.569ms
[138.867s][info][gc,phases   ] GC(41) Concurrent Reset Relocation Set 0.003ms
[138.878s][info][gc,phases   ] GC(41) Concurrent Select Relocation Set 11.770ms
[138.878s][info][gc,phases   ] GC(41) Pause Relocate Start 0.004ms
[138.879s][info][gc,phases   ] GC(41) Concurrent Relocate 0.400ms
[138.879s][info][gc,load     ] GC(41) Load: 3.02/2.65/2.40
[138.879s][info][gc,mmu      ] GC(41) MMU: 2ms/99.0%, 5ms/99.6%, 10ms/99.8%, 20ms/99.8%, 50ms/99.9%, 100ms/100.0%
[138.879s][info][gc,marking  ] GC(41) Mark: 2 stripe(s), 3 proactive flush(es), 1 terminate flush(es), 0 completion(s), 0 continuation(s) 
[138.879s][info][gc,marking  ] GC(41) Mark Stack Usage: 32M
[138.879s][info][gc,nmethod  ] GC(41) NMethods: 416 registered, 0 unregistered
[138.879s][info][gc,metaspace] GC(41) Metaspace: 1M used, 1M committed, 1088M reserved
[138.879s][info][gc,ref      ] GC(41) Soft: 72 encountered, 32 discovered, 0 enqueued
[138.879s][info][gc,ref      ] GC(41) Weak: 264 encountered, 120 discovered, 0 enqueued
[138.879s][info][gc,ref      ] GC(41) Final: 6 encountered, 6 discovered, 0 enqueued
[138.879s][info][gc,ref      ] GC(41) Phantom: 1 encountered, 0 discovered, 0 enqueued
[138.879s][info][gc,reloc    ] GC(41) Small Pages: 6144 / 12288M, Empty: 0M, Relocated: 1M, In-Place: 3
[138.879s][info][gc,reloc    ] GC(41) Medium Pages: 0 / 0M, Empty: 0M, Relocated: 0M, In-Place: 0
[138.879s][info][gc,reloc    ] GC(41) Large Pages: 0 / 0M, Empty: 0M, Relocated: 0M, In-Place: 0
[138.879s][info][gc,reloc    ] GC(41) Forwarding Usage: 0M
[138.879s][info][gc,heap     ] GC(41) Min Capacity: 8M(0%)
[138.879s][info][gc,heap     ] GC(41) Max Capacity: 12288M(100%)
[138.879s][info][gc,heap     ] GC(41) Soft Max Capacity: 12288M(100%)
[138.879s][info][gc,heap     ] GC(41)                Mark Start          Mark End        Relocate Start      Relocate End           High               Low         
[138.879s][info][gc,heap     ] GC(41)  Capacity:    12288M (100%)      12288M (100%)      12288M (100%)      12288M (100%)      12288M (100%)      12288M (100%)   
[138.879s][info][gc,heap     ] GC(41)      Free:        0M (0%)            0M (0%)            0M (0%)            0M (0%)            0M (0%)            0M (0%)     
[138.879s][info][gc,heap     ] GC(41)      Used:    12288M (100%)      12288M (100%)      12288M (100%)      12288M (100%)      12288M (100%)      12288M (100%)   
[138.879s][info][gc,heap     ] GC(41)      Live:         -              9943M (81%)        9943M (81%)        9943M (81%)            -                  -          
[138.879s][info][gc,heap     ] GC(41) Allocated:         -                 0M (0%)            0M (0%)            0M (0%)             -                  -          
[138.879s][info][gc,heap     ] GC(41)   Garbage:         -              2344M (19%)        2344M (19%)        2344M (19%)            -                  -          
[138.879s][info][gc,heap     ] GC(41) Reclaimed:         -                  -                 0M (0%)            0M (0%)             -                  -          
[138.879s][info][gc          ] GC(41) Garbage Collection (Allocation Rate) 12288M(100%)->12288M(100%)
[138.938s][info][gc,start    ] GC(42) Garbage Collection (Allocation Rate)
[138.938s][info][gc,task     ] GC(42) Using 3 workers
[138.938s][info][gc,phases   ] GC(42) Pause Mark Start 0.007ms
[140.038s][info][gc,stats    ] === Garbage Collection Statistics =======================================================================================================================
[140.038s][info][gc,stats    ]                                                              Last 10s              Last 10m              Last 10h                Total
[140.038s][info][gc,stats    ]                                                              Avg / Max             Avg / Max             Avg / Max             Avg / Max
[140.038s][info][gc,stats    ]   Collector: Garbage Collection Cycle                   3559.814 / 3596.715   3205.219 / 3610.971   3205.219 / 3610.971   3205.219 / 3610.971    ms
[140.038s][info][gc,stats    ]  Contention: Mark Segment Reset Contention                   223 / 294             212 / 327             212 / 327             212 / 327         ops/s
[140.038s][info][gc,stats    ]  Contention: Mark SeqNum Reset Contention                      0 / 1                 0 / 1                 0 / 1                 0 / 1           ops/s
[140.038s][info][gc,stats    ]    Critical: Allocation Stall                                  0 / 0                 0 / 10                0 / 10                0 / 10          ops/s
[140.038s][info][gc,stats    ]    Critical: Allocation Stall                              0.000 / 0.000      4652.424 / 7000.397   4652.424 / 7000.397   4652.424 / 7000.397    ms
[140.038s][info][gc,stats    ]    Critical: GC Locker Stall                                   0 / 0                 0 / 0                 0 / 0                 0 / 0           ops/s
[140.038s][info][gc,stats    ]    Critical: GC Locker Stall                               0.000 / 0.000         0.000 / 0.000         0.000 / 0.000         0.000 / 0.000       ms
[140.038s][info][gc,stats    ]    Critical: Relocation Stall                                  0 / 0                 0 / 0                 0 / 0                 0 / 0           ops/s
[140.038s][info][gc,stats    ]    Critical: Relocation Stall                              0.000 / 0.000         0.000 / 0.000         0.000 / 0.000         0.000 / 0.000       ms
[140.038s][info][gc,stats    ]      Memory: Allocation Rate                                   0 / 0               107 / 4858            107 / 4858            107 / 4858        MB/s
[140.038s][info][gc,stats    ]      Memory: Out Of Memory                                     0 / 0                 0 / 5                 0 / 5                 0 / 5           ops/s
[140.038s][info][gc,stats    ]      Memory: Page Cache Flush                                  0 / 0                 0 / 0                 0 / 0                 0 / 0           MB/s
[140.038s][info][gc,stats    ]      Memory: Page Cache Hit L1                                 0 / 0                 9 / 912               9 / 912               9 / 912         ops/s
[140.038s][info][gc,stats    ]      Memory: Page Cache Hit L2                                 0 / 0                 0 / 0                 0 / 0                 0 / 0           ops/s
[140.038s][info][gc,stats    ]      Memory: Page Cache Hit L3                                 0 / 0                 1 / 139               1 / 139               1 / 139         ops/s
[140.038s][info][gc,stats    ]      Memory: Page Cache Miss                                   0 / 0                42 / 1517             42 / 1517             42 / 1517        ops/s
[140.038s][info][gc,stats    ]      Memory: Uncommit                                          0 / 0                 0 / 0                 0 / 0                 0 / 0           MB/s
[140.038s][info][gc,stats    ]      Memory: Undo Object Allocation Failed                     0 / 0                 0 / 0                 0 / 0                 0 / 0           ops/s
[140.038s][info][gc,stats    ]      Memory: Undo Object Allocation Succeeded                  0 / 0                 0 / 0                 0 / 0                 0 / 0           ops/s
[140.038s][info][gc,stats    ]      Memory: Undo Page Allocation                              0 / 0                 8 / 913               8 / 913               8 / 913         ops/s
[140.038s][info][gc,stats    ]       Phase: Concurrent Mark                            3546.910 / 3583.498   3193.713 / 3598.743   3193.713 / 3598.743   3193.713 / 3598.743    ms
[140.038s][info][gc,stats    ]       Phase: Concurrent Mark Continue                      0.000 / 0.000         0.000 / 0.000         0.000 / 0.000         0.000 / 0.000       ms
[140.038s][info][gc,stats    ]       Phase: Concurrent Mark Free                          0.000 / 0.000         0.437 / 18.361        0.437 / 18.361        0.437 / 18.361      ms
[140.038s][info][gc,stats    ]       Phase: Concurrent Process Non-Strong References      0.555 / 0.569         0.854 / 3.847         0.854 / 3.847         0.854 / 3.847       ms
[140.038s][info][gc,stats    ]       Phase: Concurrent Relocate                           0.386 / 0.400         0.746 / 13.200        0.746 / 13.200        0.746 / 13.200      ms
[140.038s][info][gc,stats    ]       Phase: Concurrent Reset Relocation Set               0.005 / 0.007         0.073 / 2.868         0.073 / 2.868         0.073 / 2.868       ms
[140.038s][info][gc,stats    ]       Phase: Concurrent Select Relocation Set             11.572 / 11.770        8.928 / 13.134        8.928 / 13.134        8.928 / 13.134      ms
[140.038s][info][gc,stats    ]       Phase: Pause Mark End                                0.015 / 0.017         0.014 / 0.018         0.014 / 0.018         0.014 / 0.018       ms
[140.038s][info][gc,stats    ]       Phase: Pause Mark Start                              0.006 / 0.007         0.006 / 0.020         0.006 / 0.020         0.006 / 0.020       ms
[140.038s][info][gc,stats    ]       Phase: Pause Relocate Start                          0.005 / 0.006         0.004 / 0.008         0.004 / 0.008         0.004 / 0.008       ms
[140.038s][info][gc,stats    ]    Subphase: Concurrent Classes Purge                      0.013 / 0.013         0.013 / 0.044         0.013 / 0.044         0.013 / 0.044       ms
[140.038s][info][gc,stats    ]    Subphase: Concurrent Classes Unlink                     0.476 / 0.493         0.765 / 3.767         0.765 / 3.767         0.765 / 3.767       ms
[140.038s][info][gc,stats    ]    Subphase: Concurrent Mark                            3546.050 / 3582.967   3192.211 / 3598.300   3192.211 / 3598.300   3192.211 / 3598.300    ms
[140.038s][info][gc,stats    ]    Subphase: Concurrent Mark Try Flush                     0.044 / 0.113         0.049 / 0.397         0.049 / 0.397         0.049 / 0.397       ms
[140.038s][info][gc,stats    ]    Subphase: Concurrent Mark Try Terminate                 0.842 / 1.279         0.835 / 1.280         0.835 / 1.280         0.835 / 1.280       ms
[140.038s][info][gc,stats    ]    Subphase: Concurrent References Enqueue                 0.003 / 0.003         0.004 / 0.060         0.004 / 0.060         0.004 / 0.060       ms
[140.038s][info][gc,stats    ]    Subphase: Concurrent References Process                 0.023 / 0.024         0.028 / 0.126         0.028 / 0.126         0.028 / 0.126       ms
[140.038s][info][gc,stats    ]    Subphase: Concurrent Roots ClassLoaderDataGraph         0.010 / 0.035         0.046 / 3.733         0.046 / 3.733         0.046 / 3.733       ms
[140.038s][info][gc,stats    ]    Subphase: Concurrent Roots CodeCache                    0.000 / 0.000         0.000 / 0.000         0.000 / 0.000         0.000 / 0.000       ms
[140.038s][info][gc,stats    ]    Subphase: Concurrent Roots JavaThreads                  0.401 / 0.551         0.789 / 10.235        0.789 / 10.235        0.789 / 10.235      ms
[140.038s][info][gc,stats    ]    Subphase: Concurrent Roots OopStorageSet                0.002 / 0.005         0.006 / 0.158         0.006 / 0.158         0.006 / 0.158       ms
[140.038s][info][gc,stats    ]    Subphase: Concurrent Weak Roots OopStorageSet           0.015 / 0.021         0.016 / 0.037         0.016 / 0.037         0.016 / 0.037       ms
[140.038s][info][gc,stats    ]    Subphase: Pause Mark Try Complete                       0.000 / 0.000         0.000 / 0.000         0.000 / 0.000         0.000 / 0.000       ms
[140.038s][info][gc,stats    ]      System: Java Threads                                     17 / 17               19 / 23               19 / 23               19 / 23          threads
[140.038s][info][gc,stats    ] =========================================================================================================================================================
[142.498s][info][gc,phases   ] GC(42) Concurrent Mark 3560.448ms
[142.499s][info][gc,phases   ] GC(42) Pause Mark End 0.018ms
[142.499s][info][gc,phases   ] GC(42) Concurrent Mark Free 0.000ms
[142.499s][info][gc,phases   ] GC(42) Concurrent Process Non-Strong References 0.620ms
[142.500s][info][gc,phases   ] GC(42) Concurrent Reset Relocation Set 0.003ms
[142.510s][info][gc,phases   ] GC(42) Concurrent Select Relocation Set 10.500ms
[142.510s][info][gc,phases   ] GC(42) Pause Relocate Start 0.008ms
[142.511s][info][gc,phases   ] GC(42) Concurrent Relocate 0.427ms
[142.511s][info][gc,load     ] GC(42) Load: 3.10/2.67/2.41
[142.511s][info][gc,mmu      ] GC(42) MMU: 2ms/99.0%, 5ms/99.6%, 10ms/99.8%, 20ms/99.8%, 50ms/99.9%, 100ms/100.0%
[142.511s][info][gc,marking  ] GC(42) Mark: 2 stripe(s), 2 proactive flush(es), 1 terminate flush(es), 0 completion(s), 0 continuation(s) 
[142.511s][info][gc,marking  ] GC(42) Mark Stack Usage: 32M
[142.511s][info][gc,nmethod  ] GC(42) NMethods: 416 registered, 0 unregistered
[142.511s][info][gc,metaspace] GC(42) Metaspace: 1M used, 1M committed, 1088M reserved
[142.511s][info][gc,ref      ] GC(42) Soft: 72 encountered, 33 discovered, 0 enqueued
[142.511s][info][gc,ref      ] GC(42) Weak: 264 encountered, 190 discovered, 0 enqueued
[142.511s][info][gc,ref      ] GC(42) Final: 6 encountered, 6 discovered, 0 enqueued
[142.511s][info][gc,ref      ] GC(42) Phantom: 1 encountered, 0 discovered, 0 enqueued
[142.511s][info][gc,reloc    ] GC(42) Small Pages: 6144 / 12288M, Empty: 0M, Relocated: 1M, In-Place: 3
[142.511s][info][gc,reloc    ] GC(42) Medium Pages: 0 / 0M, Empty: 0M, Relocated: 0M, In-Place: 0
[142.511s][info][gc,reloc    ] GC(42) Large Pages: 0 / 0M, Empty: 0M, Relocated: 0M, In-Place: 0
[142.511s][info][gc,reloc    ] GC(42) Forwarding Usage: 0M
[142.511s][info][gc,heap     ] GC(42) Min Capacity: 8M(0%)
[142.511s][info][gc,heap     ] GC(42) Max Capacity: 12288M(100%)
[142.511s][info][gc,heap     ] GC(42) Soft Max Capacity: 12288M(100%)
[142.511s][info][gc,heap     ] GC(42)                Mark Start          Mark End        Relocate Start      Relocate End           High               Low         
[142.511s][info][gc,heap     ] GC(42)  Capacity:    12288M (100%)      12288M (100%)      12288M (100%)      12288M (100%)      12288M (100%)      12288M (100%)   
[142.511s][info][gc,heap     ] GC(42)      Free:        0M (0%)            0M (0%)            0M (0%)            0M (0%)            0M (0%)            0M (0%)     
[142.511s][info][gc,heap     ] GC(42)      Used:    12288M (100%)      12288M (100%)      12288M (100%)      12288M (100%)      12288M (100%)      12288M (100%)   
[142.511s][info][gc,heap     ] GC(42)      Live:         -              9943M (81%)        9943M (81%)        9943M (81%)            -                  -          
[142.511s][info][gc,heap     ] GC(42) Allocated:         -                 0M (0%)            0M (0%)            0M (0%)             -                  -          
[142.511s][info][gc,heap     ] GC(42)   Garbage:         -              2344M (19%)        2344M (19%)        2344M (19%)            -                  -          
[142.511s][info][gc,heap     ] GC(42) Reclaimed:         -                  -                 0M (0%)            0M (0%)             -                  -          
[142.511s][info][gc          ] GC(42) Garbage Collection (Allocation Rate) 12288M(100%)->12288M(100%)
[142.511s][info][gc,start    ] GC(43) Garbage Collection (Allocation Stall)
[142.511s][info][gc,ref      ] GC(43) Clearing All SoftReferences
[142.511s][info][gc,task     ] GC(43) Using 3 workers
[142.511s][info][gc,phases   ] GC(43) Pause Mark Start 0.007ms
[145.969s][info][gc,phases   ] GC(43) Concurrent Mark 3457.981ms
[145.969s][info][gc,phases   ] GC(43) Pause Mark End 0.018ms
[145.969s][info][gc,phases   ] GC(43) Concurrent Mark Free 0.000ms
[145.973s][info][gc,phases   ] GC(43) Concurrent Process Non-Strong References 3.731ms
[145.973s][info][gc,phases   ] GC(43) Concurrent Reset Relocation Set 0.004ms
[145.981s][info][gc,phases   ] GC(43) Concurrent Select Relocation Set 8.406ms
[145.981s][info][gc,phases   ] GC(43) Pause Relocate Start 0.004ms
[145.981s][info][gc,phases   ] GC(43) Concurrent Relocate 0.395ms
[145.981s][info][gc,load     ] GC(43) Load: 3.10/2.67/2.41
[145.981s][info][gc,mmu      ] GC(43) MMU: 2ms/99.0%, 5ms/99.6%, 10ms/99.8%, 20ms/99.8%, 50ms/99.9%, 100ms/100.0%
[145.981s][info][gc,marking  ] GC(43) Mark: 2 stripe(s), 2 proactive flush(es), 1 terminate flush(es), 0 completion(s), 0 continuation(s) 
[145.981s][info][gc,marking  ] GC(43) Mark Stack Usage: 32M
[145.981s][info][gc,nmethod  ] GC(43) NMethods: 416 registered, 0 unregistered
[145.982s][info][gc,metaspace] GC(43) Metaspace: 1M used, 1M committed, 1088M reserved
[145.982s][info][gc,ref      ] GC(43) Soft: 72 encountered, 38 discovered, 0 enqueued
[145.982s][info][gc,ref      ] GC(43) Weak: 264 encountered, 82 discovered, 0 enqueued
[145.982s][info][gc,ref      ] GC(43) Final: 6 encountered, 3 discovered, 0 enqueued
[145.982s][info][gc,ref      ] GC(43) Phantom: 1 encountered, 0 discovered, 0 enqueued
[145.982s][info][gc,reloc    ] GC(43) Small Pages: 6144 / 12288M, Empty: 0M, Relocated: 1M, In-Place: 3
[145.982s][info][gc,reloc    ] GC(43) Medium Pages: 0 / 0M, Empty: 0M, Relocated: 0M, In-Place: 0
[145.982s][info][gc,reloc    ] GC(43) Large Pages: 0 / 0M, Empty: 0M, Relocated: 0M, In-Place: 0
[145.982s][info][gc,reloc    ] GC(43) Forwarding Usage: 0M
[145.982s][info][gc,heap     ] GC(43) Min Capacity: 8M(0%)
[145.982s][info][gc,heap     ] GC(43) Max Capacity: 12288M(100%)
[145.982s][info][gc,heap     ] GC(43) Soft Max Capacity: 12288M(100%)
[145.982s][info][gc,heap     ] GC(43)                Mark Start          Mark End        Relocate Start      Relocate End           High               Low         
[145.982s][info][gc,heap     ] GC(43)  Capacity:    12288M (100%)      12288M (100%)      12288M (100%)      12288M (100%)      12288M (100%)      12288M (100%)   
[145.982s][info][gc,heap     ] GC(43)      Free:        0M (0%)            0M (0%)            0M (0%)            0M (0%)            0M (0%)            0M (0%)     
[145.982s][info][gc,heap     ] GC(43)      Used:    12288M (100%)      12288M (100%)      12288M (100%)      12288M (100%)      12288M (100%)      12288M (100%)   
[145.982s][info][gc,heap     ] GC(43)      Live:         -              9943M (81%)        9943M (81%)        9943M (81%)            -                  -          
[145.982s][info][gc,heap     ] GC(43) Allocated:         -                 0M (0%)            0M (0%)            0M (0%)             -                  -          
[145.982s][info][gc,heap     ] GC(43)   Garbage:         -              2344M (19%)        2344M (19%)        2344M (19%)            -                  -          
[145.982s][info][gc,heap     ] GC(43) Reclaimed:         -                  -                 0M (0%)            0M (0%)             -                  -          
[145.982s][info][gc          ] GC(43) Garbage Collection (Allocation Stall) 12288M(100%)->12288M(100%)
[145.982s][info][gc          ] Allocation Stall (Signal Dispatcher) 6808.838ms
[145.982s][info][gc,start    ] GC(44) Garbage Collection (Allocation Stall)
[145.982s][info][gc,ref      ] GC(44) Clearing All SoftReferences
[145.982s][info][gc,task     ] GC(44) Using 3 workers
[145.982s][info][gc,phases   ] GC(44) Pause Mark Start 0.004ms
[149.447s][info][gc,phases   ] GC(44) Concurrent Mark 3465.493ms
[149.448s][info][gc,phases   ] GC(44) Pause Mark End 0.024ms
[149.448s][info][gc,phases   ] GC(44) Concurrent Mark Free 0.000ms
[149.449s][info][gc,phases   ] GC(44) Concurrent Process Non-Strong References 0.902ms
[149.449s][info][gc,phases   ] GC(44) Concurrent Reset Relocation Set 0.009ms
[149.461s][info][gc,phases   ] GC(44) Concurrent Select Relocation Set 12.455ms
[149.461s][info][gc,phases   ] GC(44) Pause Relocate Start 0.004ms
[149.462s][info][gc,phases   ] GC(44) Concurrent Relocate 0.429ms
[149.462s][info][gc,load     ] GC(44) Load: 3.25/2.71/2.42
[149.462s][info][gc,mmu      ] GC(44) MMU: 2ms/98.8%, 5ms/99.5%, 10ms/99.8%, 20ms/99.8%, 50ms/99.9%, 100ms/100.0%
[149.462s][info][gc,marking  ] GC(44) Mark: 2 stripe(s), 2 proactive flush(es), 1 terminate flush(es), 0 completion(s), 0 continuation(s) 
[149.462s][info][gc,marking  ] GC(44) Mark Stack Usage: 32M
[149.462s][info][gc,nmethod  ] GC(44) NMethods: 416 registered, 0 unregistered
[149.462s][info][gc,metaspace] GC(44) Metaspace: 1M used, 1M committed, 1088M reserved
[149.462s][info][gc,ref      ] GC(44) Soft: 72 encountered, 38 discovered, 0 enqueued
[149.462s][info][gc,ref      ] GC(44) Weak: 264 encountered, 102 discovered, 0 enqueued
[149.462s][info][gc,ref      ] GC(44) Final: 6 encountered, 6 discovered, 0 enqueued
[149.462s][info][gc,ref      ] GC(44) Phantom: 1 encountered, 0 discovered, 0 enqueued
[149.462s][info][gc,reloc    ] GC(44) Small Pages: 6144 / 12288M, Empty: 0M, Relocated: 1M, In-Place: 3
[149.462s][info][gc,reloc    ] GC(44) Medium Pages: 0 / 0M, Empty: 0M, Relocated: 0M, In-Place: 0
[149.462s][info][gc,reloc    ] GC(44) Large Pages: 0 / 0M, Empty: 0M, Relocated: 0M, In-Place: 0
[149.462s][info][gc,reloc    ] GC(44) Forwarding Usage: 0M
[149.462s][info][gc,heap     ] GC(44) Min Capacity: 8M(0%)
[149.462s][info][gc,heap     ] GC(44) Max Capacity: 12288M(100%)
[149.462s][info][gc,heap     ] GC(44) Soft Max Capacity: 12288M(100%)
[149.462s][info][gc,heap     ] GC(44)                Mark Start          Mark End        Relocate Start      Relocate End           High               Low         
[149.462s][info][gc,heap     ] GC(44)  Capacity:    12288M (100%)      12288M (100%)      12288M (100%)      12288M (100%)      12288M (100%)      12288M (100%)   
[149.462s][info][gc,heap     ] GC(44)      Free:        0M (0%)            0M (0%)            0M (0%)            0M (0%)            0M (0%)            0M (0%)     
[149.462s][info][gc,heap     ] GC(44)      Used:    12288M (100%)      12288M (100%)      12288M (100%)      12288M (100%)      12288M (100%)      12288M (100%)   
[149.462s][info][gc,heap     ] GC(44)      Live:         -              9943M (81%)        9943M (81%)        9943M (81%)            -                  -          
[149.462s][info][gc,heap     ] GC(44) Allocated:         -                 0M (0%)            0M (0%)            0M (0%)             -                  -          
[149.462s][info][gc,heap     ] GC(44)   Garbage:         -              2344M (19%)        2344M (19%)        2344M (19%)            -                  -          
[149.462s][info][gc,heap     ] GC(44) Reclaimed:         -                  -                 0M (0%)            0M (0%)             -                  -          
[149.462s][info][gc          ] GC(44) Garbage Collection (Allocation Stall) 12288M(100%)->12288M(100%)
[149.462s][info][gc          ] Allocation Stall (Signal Dispatcher) 3480.086ms
[149.462s][info][gc          ] Out Of Memory (Signal Dispatcher)
[149.538s][info][gc,start    ] GC(45) Garbage Collection (Allocation Rate)
[149.538s][info][gc,task     ] GC(45) Using 3 workers
[149.538s][info][gc,phases   ] GC(45) Pause Mark Start 0.011ms
[150.038s][info][gc,stats    ] === Garbage Collection Statistics =======================================================================================================================
[150.038s][info][gc,stats    ]                                                              Last 10s              Last 10m              Last 10h                Total
[150.038s][info][gc,stats    ]                                                              Avg / Max             Avg / Max             Avg / Max             Avg / Max
[150.038s][info][gc,stats    ]   Collector: Garbage Collection Cycle                   3507.763 / 3572.630   3225.389 / 3610.971   3225.389 / 3610.971   3225.389 / 3610.971    ms
[150.038s][info][gc,stats    ]  Contention: Mark Segment Reset Contention                   220 / 291             212 / 327             212 / 327             212 / 327         ops/s
[150.038s][info][gc,stats    ]  Contention: Mark SeqNum Reset Contention                      0 / 1                 0 / 1                 0 / 1                 0 / 1           ops/s
[150.038s][info][gc,stats    ]    Critical: Allocation Stall                                  0 / 1                 0 / 10                0 / 10                0 / 10          ops/s
[150.038s][info][gc,stats    ]    Critical: Allocation Stall                           5144.462 / 6808.838   4663.606 / 7000.397   4663.606 / 7000.397   4663.606 / 7000.397    ms
[150.038s][info][gc,stats    ]    Critical: GC Locker Stall                                   0 / 0                 0 / 0                 0 / 0                 0 / 0           ops/s
[150.038s][info][gc,stats    ]    Critical: GC Locker Stall                               0.000 / 0.000         0.000 / 0.000         0.000 / 0.000         0.000 / 0.000       ms
[150.038s][info][gc,stats    ]    Critical: Relocation Stall                                  0 / 0                 0 / 0                 0 / 0                 0 / 0           ops/s
[150.038s][info][gc,stats    ]    Critical: Relocation Stall                              0.000 / 0.000         0.000 / 0.000         0.000 / 0.000         0.000 / 0.000       ms
[150.038s][info][gc,stats    ]      Memory: Allocation Rate                                   0 / 0               100 / 4858            100 / 4858            100 / 4858        MB/s
[150.038s][info][gc,stats    ]      Memory: Out Of Memory                                     0 / 1                 0 / 5                 0 / 5                 0 / 5           ops/s
[150.038s][info][gc,stats    ]      Memory: Page Cache Flush                                  0 / 0                 0 / 0                 0 / 0                 0 / 0           MB/s
[150.038s][info][gc,stats    ]      Memory: Page Cache Hit L1                                 0 / 0                 8 / 912               8 / 912               8 / 912         ops/s
[150.038s][info][gc,stats    ]      Memory: Page Cache Hit L2                                 0 / 0                 0 / 0                 0 / 0                 0 / 0           ops/s
[150.038s][info][gc,stats    ]      Memory: Page Cache Hit L3                                 0 / 0                 0 / 139               0 / 139               0 / 139         ops/s
[150.038s][info][gc,stats    ]      Memory: Page Cache Miss                                   0 / 0                40 / 1517             40 / 1517             40 / 1517        ops/s
[150.038s][info][gc,stats    ]      Memory: Uncommit                                          0 / 0                 0 / 0                 0 / 0                 0 / 0           MB/s
[150.038s][info][gc,stats    ]      Memory: Undo Object Allocation Failed                     0 / 0                 0 / 0                 0 / 0                 0 / 0           ops/s
[150.038s][info][gc,stats    ]      Memory: Undo Object Allocation Succeeded                  0 / 0                 0 / 0                 0 / 0                 0 / 0           ops/s
[150.038s][info][gc,stats    ]      Memory: Undo Page Allocation                              0 / 0                 7 / 913               7 / 913               7 / 913         ops/s
[150.038s][info][gc,stats    ]       Phase: Concurrent Mark                            3494.641 / 3560.448   3213.774 / 3598.743   3213.774 / 3598.743   3213.774 / 3598.743    ms
[150.038s][info][gc,stats    ]       Phase: Concurrent Mark Continue                      0.000 / 0.000         0.000 / 0.000         0.000 / 0.000         0.000 / 0.000       ms
[150.038s][info][gc,stats    ]       Phase: Concurrent Mark Free                          0.000 / 0.000         0.408 / 18.361        0.408 / 18.361        0.408 / 18.361      ms
[150.038s][info][gc,stats    ]       Phase: Concurrent Process Non-Strong References      1.751 / 3.731         0.914 / 3.847         0.914 / 3.847         0.914 / 3.847       ms
[150.038s][info][gc,stats    ]       Phase: Concurrent Relocate                           0.417 / 0.429         0.724 / 13.200        0.724 / 13.200        0.724 / 13.200      ms
[150.038s][info][gc,stats    ]       Phase: Concurrent Reset Relocation Set               0.005 / 0.009         0.068 / 2.868         0.068 / 2.868         0.068 / 2.868       ms
[150.038s][info][gc,stats    ]       Phase: Concurrent Select Relocation Set             10.454 / 12.455        9.030 / 13.134        9.030 / 13.134        9.030 / 13.134      ms
[150.038s][info][gc,stats    ]       Phase: Pause Mark End                                0.020 / 0.024         0.014 / 0.024         0.014 / 0.024         0.014 / 0.024       ms
[150.038s][info][gc,stats    ]       Phase: Pause Mark Start                              0.008 / 0.011         0.006 / 0.020         0.006 / 0.020         0.006 / 0.020       ms
[150.038s][info][gc,stats    ]       Phase: Pause Relocate Start                          0.005 / 0.008         0.004 / 0.008         0.004 / 0.008         0.004 / 0.008       ms
[150.038s][info][gc,stats    ]    Subphase: Concurrent Classes Purge                      0.013 / 0.014         0.013 / 0.044         0.013 / 0.044         0.013 / 0.044       ms
[150.038s][info][gc,stats    ]    Subphase: Concurrent Classes Unlink                     1.665 / 3.653         0.825 / 3.767         0.825 / 3.767         0.825 / 3.767       ms
[150.038s][info][gc,stats    ]    Subphase: Concurrent Mark                            3493.734 / 3559.850   3212.313 / 3598.300   3212.313 / 3598.300   3212.313 / 3598.300    ms
[150.038s][info][gc,stats    ]    Subphase: Concurrent Mark Try Flush                     0.577 / 4.806         0.083 / 4.806         0.083 / 4.806         0.083 / 4.806       ms
[150.038s][info][gc,stats    ]    Subphase: Concurrent Mark Try Terminate                 0.903 / 1.272         0.841 / 1.280         0.841 / 1.280         0.841 / 1.280       ms
[150.038s][info][gc,stats    ]    Subphase: Concurrent References Enqueue                 0.004 / 0.005         0.004 / 0.060         0.004 / 0.060         0.004 / 0.060       ms
[150.038s][info][gc,stats    ]    Subphase: Concurrent References Process                 0.024 / 0.025         0.027 / 0.126         0.027 / 0.126         0.027 / 0.126       ms
[150.038s][info][gc,stats    ]    Subphase: Concurrent Roots ClassLoaderDataGraph         0.012 / 0.041         0.043 / 3.733         0.043 / 3.733         0.043 / 3.733       ms
[150.038s][info][gc,stats    ]    Subphase: Concurrent Roots CodeCache                    0.000 / 0.000         0.000 / 0.000         0.000 / 0.000         0.000 / 0.000       ms
[150.038s][info][gc,stats    ]    Subphase: Concurrent Roots JavaThreads                  0.405 / 0.632         0.764 / 10.235        0.764 / 10.235        0.764 / 10.235      ms
[150.038s][info][gc,stats    ]    Subphase: Concurrent Roots OopStorageSet                0.003 / 0.006         0.005 / 0.158         0.005 / 0.158         0.005 / 0.158       ms
[150.038s][info][gc,stats    ]    Subphase: Concurrent Weak Roots OopStorageSet           0.016 / 0.024         0.016 / 0.037         0.016 / 0.037         0.016 / 0.037       ms
[150.038s][info][gc,stats    ]    Subphase: Pause Mark Try Complete                       0.000 / 0.000         0.000 / 0.000         0.000 / 0.000         0.000 / 0.000       ms
[150.038s][info][gc,stats    ]      System: Java Threads                                     17 / 17               19 / 23               19 / 23               19 / 23          threads
[150.038s][info][gc,stats    ] =========================================================================================================================================================
[153.236s][info][gc,phases   ] GC(45) Concurrent Mark 3698.421ms
[153.237s][info][gc,phases   ] GC(45) Pause Mark End 0.014ms
[153.237s][info][gc,phases   ] GC(45) Concurrent Mark Free 0.000ms
[153.237s][info][gc,phases   ] GC(45) Concurrent Process Non-Strong References 0.528ms
[153.237s][info][gc,phases   ] GC(45) Concurrent Reset Relocation Set 0.004ms
[153.248s][info][gc,phases   ] GC(45) Concurrent Select Relocation Set 11.109ms
[153.248s][info][gc,phases   ] GC(45) Pause Relocate Start 0.003ms
[153.249s][info][gc,phases   ] GC(45) Concurrent Relocate 0.440ms
[153.249s][info][gc,load     ] GC(45) Load: 3.07/2.68/2.41
[153.249s][info][gc,mmu      ] GC(45) MMU: 2ms/98.8%, 5ms/99.5%, 10ms/99.8%, 20ms/99.8%, 50ms/99.9%, 100ms/100.0%
[153.249s][info][gc,marking  ] GC(45) Mark: 2 stripe(s), 2 proactive flush(es), 1 terminate flush(es), 0 completion(s), 0 continuation(s) 
[153.249s][info][gc,marking  ] GC(45) Mark Stack Usage: 32M
[153.249s][info][gc,nmethod  ] GC(45) NMethods: 416 registered, 0 unregistered
[153.249s][info][gc,metaspace] GC(45) Metaspace: 1M used, 1M committed, 1088M reserved
[153.249s][info][gc,ref      ] GC(45) Soft: 72 encountered, 42 discovered, 0 enqueued
[153.249s][info][gc,ref      ] GC(45) Weak: 264 encountered, 70 discovered, 0 enqueued
[153.249s][info][gc,ref      ] GC(45) Final: 6 encountered, 2 discovered, 0 enqueued
[153.249s][info][gc,ref      ] GC(45) Phantom: 1 encountered, 0 discovered, 0 enqueued
[153.249s][info][gc,reloc    ] GC(45) Small Pages: 6144 / 12288M, Empty: 0M, Relocated: 1M, In-Place: 3
[153.249s][info][gc,reloc    ] GC(45) Medium Pages: 0 / 0M, Empty: 0M, Relocated: 0M, In-Place: 0
[153.249s][info][gc,reloc    ] GC(45) Large Pages: 0 / 0M, Empty: 0M, Relocated: 0M, In-Place: 0
[153.249s][info][gc,reloc    ] GC(45) Forwarding Usage: 0M
[153.249s][info][gc,heap     ] GC(45) Min Capacity: 8M(0%)
[153.249s][info][gc,heap     ] GC(45) Max Capacity: 12288M(100%)
[153.249s][info][gc,heap     ] GC(45) Soft Max Capacity: 12288M(100%)
[153.249s][info][gc,heap     ] GC(45)                Mark Start          Mark End        Relocate Start      Relocate End           High               Low         
[153.249s][info][gc,heap     ] GC(45)  Capacity:    12288M (100%)      12288M (100%)      12288M (100%)      12288M (100%)      12288M (100%)      12288M (100%)   
[153.249s][info][gc,heap     ] GC(45)      Free:        0M (0%)            0M (0%)            0M (0%)            0M (0%)            0M (0%)            0M (0%)     
[153.249s][info][gc,heap     ] GC(45)      Used:    12288M (100%)      12288M (100%)      12288M (100%)      12288M (100%)      12288M (100%)      12288M (100%)   
[153.249s][info][gc,heap     ] GC(45)      Live:         -              9943M (81%)        9943M (81%)        9943M (81%)            -                  -          
[153.249s][info][gc,heap     ] GC(45) Allocated:         -                 0M (0%)            0M (0%)            0M (0%)             -                  -          
[153.249s][info][gc,heap     ] GC(45)   Garbage:         -              2344M (19%)        2344M (19%)        2344M (19%)            -                  -          
[153.249s][info][gc,heap     ] GC(45) Reclaimed:         -                  -                 0M (0%)            0M (0%)             -                  -          
[153.249s][info][gc          ] GC(45) Garbage Collection (Allocation Rate) 12288M(100%)->12288M(100%)
[153.337s][info][gc,start    ] GC(46) Garbage Collection (Allocation Rate)
[153.337s][info][gc,task     ] GC(46) Using 3 workers
[153.337s][info][gc,phases   ] GC(46) Pause Mark Start 0.010ms
[157.457s][info][gc,phases   ] GC(46) Concurrent Mark 4120.007ms
[157.458s][info][gc,phases   ] GC(46) Pause Mark End 0.016ms
[157.458s][info][gc,phases   ] GC(46) Concurrent Mark Free 0.000ms
[157.458s][info][gc,phases   ] GC(46) Concurrent Process Non-Strong References 0.608ms
[157.458s][info][gc,phases   ] GC(46) Concurrent Reset Relocation Set 0.005ms
[157.470s][info][gc,phases   ] GC(46) Concurrent Select Relocation Set 11.436ms
[157.470s][info][gc,phases   ] GC(46) Pause Relocate Start 0.004ms
[157.470s][info][gc,phases   ] GC(46) Concurrent Relocate 0.407ms
[157.470s][info][gc,load     ] GC(46) Load: 3.46/2.77/2.45
[157.470s][info][gc,mmu      ] GC(46) MMU: 2ms/98.8%, 5ms/99.5%, 10ms/99.8%, 20ms/99.8%, 50ms/99.9%, 100ms/100.0%
[157.470s][info][gc,marking  ] GC(46) Mark: 2 stripe(s), 1 proactive flush(es), 1 terminate flush(es), 0 completion(s), 0 continuation(s) 
[157.470s][info][gc,marking  ] GC(46) Mark Stack Usage: 32M
[157.470s][info][gc,nmethod  ] GC(46) NMethods: 416 registered, 0 unregistered
[157.470s][info][gc,metaspace] GC(46) Metaspace: 1M used, 1M committed, 1088M reserved
[157.470s][info][gc,ref      ] GC(46) Soft: 72 encountered, 35 discovered, 0 enqueued
[157.470s][info][gc,ref      ] GC(46) Weak: 264 encountered, 202 discovered, 0 enqueued
[157.470s][info][gc,ref      ] GC(46) Final: 6 encountered, 6 discovered, 0 enqueued
[157.470s][info][gc,ref      ] GC(46) Phantom: 1 encountered, 0 discovered, 0 enqueued
[157.470s][info][gc,reloc    ] GC(46) Small Pages: 6144 / 12288M, Empty: 0M, Relocated: 1M, In-Place: 3
[157.470s][info][gc,reloc    ] GC(46) Medium Pages: 0 / 0M, Empty: 0M, Relocated: 0M, In-Place: 0
[157.470s][info][gc,reloc    ] GC(46) Large Pages: 0 / 0M, Empty: 0M, Relocated: 0M, In-Place: 0
[157.470s][info][gc,reloc    ] GC(46) Forwarding Usage: 0M
[157.470s][info][gc,heap     ] GC(46) Min Capacity: 8M(0%)
[157.470s][info][gc,heap     ] GC(46) Max Capacity: 12288M(100%)
[157.470s][info][gc,heap     ] GC(46) Soft Max Capacity: 12288M(100%)
[157.470s][info][gc,heap     ] GC(46)                Mark Start          Mark End        Relocate Start      Relocate End           High               Low         
[157.470s][info][gc,heap     ] GC(46)  Capacity:    12288M (100%)      12288M (100%)      12288M (100%)      12288M (100%)      12288M (100%)      12288M (100%)   
[157.470s][info][gc,heap     ] GC(46)      Free:        0M (0%)            0M (0%)            0M (0%)            0M (0%)            0M (0%)            0M (0%)     
[157.470s][info][gc,heap     ] GC(46)      Used:    12288M (100%)      12288M (100%)      12288M (100%)      12288M (100%)      12288M (100%)      12288M (100%)   
[157.470s][info][gc,heap     ] GC(46)      Live:         -              9943M (81%)        9943M (81%)        9943M (81%)            -                  -          
[157.470s][info][gc,heap     ] GC(46) Allocated:         -                 0M (0%)            0M (0%)            0M (0%)             -                  -          
[157.470s][info][gc,heap     ] GC(46)   Garbage:         -              2344M (19%)        2344M (19%)        2344M (19%)            -                  -          
[157.470s][info][gc,heap     ] GC(46) Reclaimed:         -                  -                 0M (0%)            0M (0%)             -                  -          
[157.470s][info][gc          ] GC(46) Garbage Collection (Allocation Rate) 12288M(100%)->12288M(100%)
[157.538s][info][gc,start    ] GC(47) Garbage Collection (Allocation Rate)
[157.538s][info][gc,task     ] GC(47) Using 3 workers
[157.538s][info][gc,phases   ] GC(47) Pause Mark Start 0.012ms
[160.037s][info][gc,stats    ] === Garbage Collection Statistics =======================================================================================================================
[160.037s][info][gc,stats    ]                                                              Last 10s              Last 10m              Last 10h                Total
[160.037s][info][gc,stats    ]                                                              Avg / Max             Avg / Max             Avg / Max             Avg / Max
[160.037s][info][gc,stats    ]   Collector: Garbage Collection Cycle                   3921.900 / 4132.978   3255.028 / 4132.978   3255.028 / 4132.978   3255.028 / 4132.978    ms
[160.037s][info][gc,stats    ]  Contention: Mark Segment Reset Contention                   200 / 280             211 / 327             211 / 327             211 / 327         ops/s
[160.037s][info][gc,stats    ]  Contention: Mark SeqNum Reset Contention                      0 / 2                 0 / 2                 0 / 2                 0 / 2           ops/s
[160.037s][info][gc,stats    ]    Critical: Allocation Stall                                  0 / 0                 0 / 10                0 / 10                0 / 10          ops/s
[160.037s][info][gc,stats    ]    Critical: Allocation Stall                              0.000 / 0.000      4663.606 / 7000.397   4663.606 / 7000.397   4663.606 / 7000.397    ms
[160.037s][info][gc,stats    ]    Critical: GC Locker Stall                                   0 / 0                 0 / 0                 0 / 0                 0 / 0           ops/s
[160.037s][info][gc,stats    ]    Critical: GC Locker Stall                               0.000 / 0.000         0.000 / 0.000         0.000 / 0.000         0.000 / 0.000       ms
[160.037s][info][gc,stats    ]    Critical: Relocation Stall                                  0 / 0                 0 / 0                 0 / 0                 0 / 0           ops/s
[160.037s][info][gc,stats    ]    Critical: Relocation Stall                              0.000 / 0.000         0.000 / 0.000         0.000 / 0.000         0.000 / 0.000       ms
[160.037s][info][gc,stats    ]      Memory: Allocation Rate                                   0 / 0                94 / 4858             94 / 4858             94 / 4858        MB/s
[160.037s][info][gc,stats    ]      Memory: Out Of Memory                                     0 / 0                 0 / 5                 0 / 5                 0 / 5           ops/s
[160.037s][info][gc,stats    ]      Memory: Page Cache Flush                                  0 / 0                 0 / 0                 0 / 0                 0 / 0           MB/s
[160.037s][info][gc,stats    ]      Memory: Page Cache Hit L1                                 0 / 0                 8 / 912               8 / 912               8 / 912         ops/s
[160.037s][info][gc,stats    ]      Memory: Page Cache Hit L2                                 0 / 0                 0 / 0                 0 / 0                 0 / 0           ops/s
[160.037s][info][gc,stats    ]      Memory: Page Cache Hit L3                                 0 / 0                 0 / 139               0 / 139               0 / 139         ops/s
[160.037s][info][gc,stats    ]      Memory: Page Cache Miss                                   0 / 0                37 / 1517             37 / 1517             37 / 1517        ops/s
[160.037s][info][gc,stats    ]      Memory: Uncommit                                          0 / 0                 0 / 0                 0 / 0                 0 / 0           MB/s
[160.037s][info][gc,stats    ]      Memory: Undo Object Allocation Failed                     0 / 0                 0 / 0                 0 / 0                 0 / 0           ops/s
[160.037s][info][gc,stats    ]      Memory: Undo Object Allocation Succeeded                  0 / 0                 0 / 0                 0 / 0                 0 / 0           ops/s
[160.037s][info][gc,stats    ]      Memory: Undo Page Allocation                              0 / 0                 7 / 913               7 / 913               7 / 913         ops/s
[160.037s][info][gc,stats    ]       Phase: Concurrent Mark                            3909.214 / 4120.007   3243.368 / 4120.007   3243.368 / 4120.007   3243.368 / 4120.007    ms
[160.037s][info][gc,stats    ]       Phase: Concurrent Mark Continue                      0.000 / 0.000         0.000 / 0.000         0.000 / 0.000         0.000 / 0.000       ms
[160.037s][info][gc,stats    ]       Phase: Concurrent Mark Free                          0.000 / 0.000         0.391 / 18.361        0.391 / 18.361        0.391 / 18.361      ms
[160.037s][info][gc,stats    ]       Phase: Concurrent Process Non-Strong References      0.568 / 0.608         0.899 / 3.847         0.899 / 3.847         0.899 / 3.847       ms
[160.037s][info][gc,stats    ]       Phase: Concurrent Relocate                           0.423 / 0.440         0.711 / 13.200        0.711 / 13.200        0.711 / 13.200      ms
[160.037s][info][gc,stats    ]       Phase: Concurrent Reset Relocation Set               0.004 / 0.005         0.065 / 2.868         0.065 / 2.868         0.065 / 2.868       ms
[160.037s][info][gc,stats    ]       Phase: Concurrent Select Relocation Set             11.273 / 11.436        9.126 / 13.134        9.126 / 13.134        9.126 / 13.134      ms
[160.038s][info][gc,stats    ]       Phase: Pause Mark End                                0.015 / 0.016         0.014 / 0.024         0.014 / 0.024         0.014 / 0.024       ms
[160.038s][info][gc,stats    ]       Phase: Pause Mark Start                              0.011 / 0.012         0.006 / 0.020         0.006 / 0.020         0.006 / 0.020       ms
[160.038s][info][gc,stats    ]       Phase: Pause Relocate Start                          0.004 / 0.004         0.004 / 0.008         0.004 / 0.008         0.004 / 0.008       ms
[160.038s][info][gc,stats    ]    Subphase: Concurrent Classes Purge                      0.012 / 0.013         0.013 / 0.044         0.013 / 0.044         0.013 / 0.044       ms
[160.038s][info][gc,stats    ]    Subphase: Concurrent Classes Unlink                     0.474 / 0.499         0.810 / 3.767         0.810 / 3.767         0.810 / 3.767       ms
[160.038s][info][gc,stats    ]    Subphase: Concurrent Mark                            3908.010 / 4119.134   3241.917 / 4119.134   3241.917 / 4119.134   3241.917 / 4119.134    ms
[160.038s][info][gc,stats    ]    Subphase: Concurrent Mark Try Flush                     0.047 / 0.100         0.081 / 4.806         0.081 / 4.806         0.081 / 4.806       ms
[160.038s][info][gc,stats    ]    Subphase: Concurrent Mark Try Terminate                 0.875 / 1.270         0.842 / 1.280         0.842 / 1.280         0.842 / 1.280       ms
[160.038s][info][gc,stats    ]    Subphase: Concurrent References Enqueue                 0.003 / 0.003         0.004 / 0.060         0.004 / 0.060         0.004 / 0.060       ms
[160.038s][info][gc,stats    ]    Subphase: Concurrent References Process                 0.032 / 0.045         0.028 / 0.126         0.028 / 0.126         0.028 / 0.126       ms
[160.038s][info][gc,stats    ]    Subphase: Concurrent Roots ClassLoaderDataGraph         0.017 / 0.043         0.042 / 3.733         0.042 / 3.733         0.042 / 3.733       ms
[160.038s][info][gc,stats    ]    Subphase: Concurrent Roots CodeCache                    0.000 / 0.000         0.000 / 0.000         0.000 / 0.000         0.000 / 0.000       ms
[160.038s][info][gc,stats    ]    Subphase: Concurrent Roots JavaThreads                  0.609 / 0.735         0.757 / 10.235        0.757 / 10.235        0.757 / 10.235      ms
[160.038s][info][gc,stats    ]    Subphase: Concurrent Roots OopStorageSet                0.003 / 0.006         0.005 / 0.158         0.005 / 0.158         0.005 / 0.158       ms
[160.038s][info][gc,stats    ]    Subphase: Concurrent Weak Roots OopStorageSet           0.017 / 0.021         0.016 / 0.037         0.016 / 0.037         0.016 / 0.037       ms
[160.038s][info][gc,stats    ]    Subphase: Pause Mark Try Complete                       0.000 / 0.000         0.000 / 0.000         0.000 / 0.000         0.000 / 0.000       ms
[160.038s][info][gc,stats    ]      System: Java Threads                                     17 / 17               19 / 23               19 / 23               19 / 23          threads
[160.038s][info][gc,stats    ] =========================================================================================================================================================
[161.310s][info][gc,phases   ] GC(47) Concurrent Mark 3771.449ms
[161.310s][info][gc,phases   ] GC(47) Pause Mark End 0.016ms
[161.310s][info][gc,phases   ] GC(47) Concurrent Mark Free 0.000ms
[161.310s][info][gc,phases   ] GC(47) Concurrent Process Non-Strong References 0.641ms
[161.310s][info][gc,phases   ] GC(47) Concurrent Reset Relocation Set 0.003ms
[161.326s][info][gc,phases   ] GC(47) Concurrent Select Relocation Set 15.317ms
[161.326s][info][gc,phases   ] GC(47) Pause Relocate Start 0.006ms
[161.326s][info][gc,phases   ] GC(47) Concurrent Relocate 0.515ms
[161.326s][info][gc,load     ] GC(47) Load: 3.46/2.77/2.45
[161.326s][info][gc,mmu      ] GC(47) MMU: 2ms/98.8%, 5ms/99.5%, 10ms/99.8%, 20ms/99.8%, 50ms/99.9%, 100ms/100.0%
[161.326s][info][gc,marking  ] GC(47) Mark: 2 stripe(s), 1 proactive flush(es), 1 terminate flush(es), 0 completion(s), 0 continuation(s) 
[161.326s][info][gc,marking  ] GC(47) Mark Stack Usage: 32M
[161.326s][info][gc,nmethod  ] GC(47) NMethods: 416 registered, 0 unregistered
[161.326s][info][gc,metaspace] GC(47) Metaspace: 1M used, 1M committed, 1088M reserved
[161.326s][info][gc,ref      ] GC(47) Soft: 72 encountered, 41 discovered, 0 enqueued
[161.326s][info][gc,ref      ] GC(47) Weak: 264 encountered, 91 discovered, 0 enqueued
[161.326s][info][gc,ref      ] GC(47) Final: 6 encountered, 4 discovered, 0 enqueued
[161.326s][info][gc,ref      ] GC(47) Phantom: 1 encountered, 0 discovered, 0 enqueued
[161.326s][info][gc,reloc    ] GC(47) Small Pages: 6144 / 12288M, Empty: 0M, Relocated: 1M, In-Place: 3
[161.326s][info][gc,reloc    ] GC(47) Medium Pages: 0 / 0M, Empty: 0M, Relocated: 0M, In-Place: 0
[161.326s][info][gc,reloc    ] GC(47) Large Pages: 0 / 0M, Empty: 0M, Relocated: 0M, In-Place: 0
[161.326s][info][gc,reloc    ] GC(47) Forwarding Usage: 0M
[161.326s][info][gc,heap     ] GC(47) Min Capacity: 8M(0%)
[161.326s][info][gc,heap     ] GC(47) Max Capacity: 12288M(100%)
[161.326s][info][gc,heap     ] GC(47) Soft Max Capacity: 12288M(100%)
[161.326s][info][gc,heap     ] GC(47)                Mark Start          Mark End        Relocate Start      Relocate End           High               Low         
[161.326s][info][gc,heap     ] GC(47)  Capacity:    12288M (100%)      12288M (100%)      12288M (100%)      12288M (100%)      12288M (100%)      12288M (100%)   
[161.326s][info][gc,heap     ] GC(47)      Free:        0M (0%)            0M (0%)            0M (0%)            0M (0%)            0M (0%)            0M (0%)     
[161.326s][info][gc,heap     ] GC(47)      Used:    12288M (100%)      12288M (100%)      12288M (100%)      12288M (100%)      12288M (100%)      12288M (100%)   
[161.326s][info][gc,heap     ] GC(47)      Live:         -              9943M (81%)        9943M (81%)        9943M (81%)            -                  -          
[161.326s][info][gc,heap     ] GC(47) Allocated:         -                 0M (0%)            0M (0%)            0M (0%)             -                  -          
[161.326s][info][gc,heap     ] GC(47)   Garbage:         -              2344M (19%)        2344M (19%)        2344M (19%)            -                  -          
[161.326s][info][gc,heap     ] GC(47) Reclaimed:         -                  -                 0M (0%)            0M (0%)             -                  -          
[161.326s][info][gc          ] GC(47) Garbage Collection (Allocation Rate) 12288M(100%)->12288M(100%)
[161.337s][info][gc,start    ] GC(48) Garbage Collection (Allocation Rate)
[161.337s][info][gc,task     ] GC(48) Using 3 workers
[161.337s][info][gc,phases   ] GC(48) Pause Mark Start 0.007ms
[165.322s][info][gc,phases   ] GC(48) Concurrent Mark 3984.399ms
[165.322s][info][gc,phases   ] GC(48) Pause Mark End 0.014ms
[165.322s][info][gc,phases   ] GC(48) Concurrent Mark Free 0.000ms
[165.322s][info][gc,phases   ] GC(48) Concurrent Process Non-Strong References 0.545ms
[165.322s][info][gc,phases   ] GC(48) Concurrent Reset Relocation Set 0.003ms
[165.334s][info][gc,phases   ] GC(48) Concurrent Select Relocation Set 11.607ms
[165.334s][info][gc,phases   ] GC(48) Pause Relocate Start 0.005ms
[165.335s][info][gc,phases   ] GC(48) Concurrent Relocate 0.463ms
[165.335s][info][gc,load     ] GC(48) Load: 3.59/2.80/2.46
[165.335s][info][gc,mmu      ] GC(48) MMU: 2ms/98.8%, 5ms/99.5%, 10ms/99.8%, 20ms/99.8%, 50ms/99.9%, 100ms/100.0%
[165.335s][info][gc,marking  ] GC(48) Mark: 2 stripe(s), 3 proactive flush(es), 1 terminate flush(es), 0 completion(s), 0 continuation(s) 
[165.335s][info][gc,marking  ] GC(48) Mark Stack Usage: 32M
[165.335s][info][gc,nmethod  ] GC(48) NMethods: 416 registered, 0 unregistered
[165.335s][info][gc,metaspace] GC(48) Metaspace: 1M used, 1M committed, 1088M reserved
[165.335s][info][gc,ref      ] GC(48) Soft: 72 encountered, 27 discovered, 0 enqueued
[165.335s][info][gc,ref      ] GC(48) Weak: 264 encountered, 115 discovered, 0 enqueued
[165.335s][info][gc,ref      ] GC(48) Final: 6 encountered, 6 discovered, 0 enqueued
[165.335s][info][gc,ref      ] GC(48) Phantom: 1 encountered, 0 discovered, 0 enqueued
[165.335s][info][gc,reloc    ] GC(48) Small Pages: 6144 / 12288M, Empty: 0M, Relocated: 1M, In-Place: 3
[165.335s][info][gc,reloc    ] GC(48) Medium Pages: 0 / 0M, Empty: 0M, Relocated: 0M, In-Place: 0
[165.335s][info][gc,reloc    ] GC(48) Large Pages: 0 / 0M, Empty: 0M, Relocated: 0M, In-Place: 0
[165.335s][info][gc,reloc    ] GC(48) Forwarding Usage: 0M
[165.335s][info][gc,heap     ] GC(48) Min Capacity: 8M(0%)
[165.335s][info][gc,heap     ] GC(48) Max Capacity: 12288M(100%)
[165.335s][info][gc,heap     ] GC(48) Soft Max Capacity: 12288M(100%)
[165.335s][info][gc,heap     ] GC(48)                Mark Start          Mark End        Relocate Start      Relocate End           High               Low         
[165.335s][info][gc,heap     ] GC(48)  Capacity:    12288M (100%)      12288M (100%)      12288M (100%)      12288M (100%)      12288M (100%)      12288M (100%)   
[165.335s][info][gc,heap     ] GC(48)      Free:        0M (0%)            0M (0%)            0M (0%)            0M (0%)            0M (0%)            0M (0%)     
[165.335s][info][gc,heap     ] GC(48)      Used:    12288M (100%)      12288M (100%)      12288M (100%)      12288M (100%)      12288M (100%)      12288M (100%)   
[165.335s][info][gc,heap     ] GC(48)      Live:         -              9943M (81%)        9943M (81%)        9943M (81%)            -                  -          
[165.335s][info][gc,heap     ] GC(48) Allocated:         -                 0M (0%)            0M (0%)            0M (0%)             -                  -          
[165.335s][info][gc,heap     ] GC(48)   Garbage:         -              2344M (19%)        2344M (19%)        2344M (19%)            -                  -          
[165.335s][info][gc,heap     ] GC(48) Reclaimed:         -                  -                 0M (0%)            0M (0%)             -                  -          
[165.335s][info][gc          ] GC(48) Garbage Collection (Allocation Rate) 12288M(100%)->12288M(100%)
[165.335s][info][gc,start    ] GC(49) Garbage Collection (Allocation Rate)
[165.335s][info][gc,task     ] GC(49) Using 3 workers
[165.335s][info][gc,phases   ] GC(49) Pause Mark Start 0.006ms
[169.168s][info][gc,phases   ] GC(49) Concurrent Mark 3833.317ms
[169.169s][info][gc,phases   ] GC(49) Pause Mark End 0.016ms
[169.169s][info][gc,phases   ] GC(49) Concurrent Mark Free 0.000ms
[169.169s][info][gc,phases   ] GC(49) Concurrent Process Non-Strong References 0.659ms
[169.169s][info][gc,phases   ] GC(49) Concurrent Reset Relocation Set 0.004ms
[169.181s][info][gc,phases   ] GC(49) Concurrent Select Relocation Set 12.112ms
[169.181s][info][gc,phases   ] GC(49) Pause Relocate Start 0.005ms
[169.182s][info][gc,phases   ] GC(49) Concurrent Relocate 0.560ms
[169.182s][info][gc,load     ] GC(49) Load: 3.86/2.87/2.49
[169.182s][info][gc,mmu      ] GC(49) MMU: 2ms/98.8%, 5ms/99.5%, 10ms/99.8%, 20ms/99.8%, 50ms/99.9%, 100ms/100.0%
[169.182s][info][gc,marking  ] GC(49) Mark: 2 stripe(s), 1 proactive flush(es), 1 terminate flush(es), 0 completion(s), 0 continuation(s) 
[169.182s][info][gc,marking  ] GC(49) Mark Stack Usage: 32M
[169.182s][info][gc,nmethod  ] GC(49) NMethods: 416 registered, 0 unregistered
[169.182s][info][gc,metaspace] GC(49) Metaspace: 1M used, 1M committed, 1088M reserved
[169.182s][info][gc,ref      ] GC(49) Soft: 72 encountered, 39 discovered, 0 enqueued
[169.182s][info][gc,ref      ] GC(49) Weak: 264 encountered, 204 discovered, 0 enqueued
[169.182s][info][gc,ref      ] GC(49) Final: 6 encountered, 6 discovered, 0 enqueued
[169.182s][info][gc,ref      ] GC(49) Phantom: 1 encountered, 0 discovered, 0 enqueued
[169.182s][info][gc,reloc    ] GC(49) Small Pages: 6144 / 12288M, Empty: 0M, Relocated: 1M, In-Place: 3
[169.182s][info][gc,reloc    ] GC(49) Medium Pages: 0 / 0M, Empty: 0M, Relocated: 0M, In-Place: 0
[169.182s][info][gc,reloc    ] GC(49) Large Pages: 0 / 0M, Empty: 0M, Relocated: 0M, In-Place: 0
[169.182s][info][gc,reloc    ] GC(49) Forwarding Usage: 0M
[169.182s][info][gc,heap     ] GC(49) Min Capacity: 8M(0%)
[169.182s][info][gc,heap     ] GC(49) Max Capacity: 12288M(100%)
[169.182s][info][gc,heap     ] GC(49) Soft Max Capacity: 12288M(100%)
[169.182s][info][gc,heap     ] GC(49)                Mark Start          Mark End        Relocate Start      Relocate End           High               Low         
[169.182s][info][gc,heap     ] GC(49)  Capacity:    12288M (100%)      12288M (100%)      12288M (100%)      12288M (100%)      12288M (100%)      12288M (100%)   
[169.182s][info][gc,heap     ] GC(49)      Free:        0M (0%)            0M (0%)            0M (0%)            0M (0%)            0M (0%)            0M (0%)     
[169.182s][info][gc,heap     ] GC(49)      Used:    12288M (100%)      12288M (100%)      12288M (100%)      12288M (100%)      12288M (100%)      12288M (100%)   
[169.182s][info][gc,heap     ] GC(49)      Live:         -              9943M (81%)        9943M (81%)        9943M (81%)            -                  -          
[169.182s][info][gc,heap     ] GC(49) Allocated:         -                 0M (0%)            0M (0%)            0M (0%)             -                  -          
[169.182s][info][gc,heap     ] GC(49)   Garbage:         -              2344M (19%)        2344M (19%)        2344M (19%)            -                  -          
[169.182s][info][gc,heap     ] GC(49) Reclaimed:         -                  -                 0M (0%)            0M (0%)             -                  -          
[169.182s][info][gc          ] GC(49) Garbage Collection (Allocation Rate) 12288M(100%)->12288M(100%)
[169.238s][info][gc,start    ] GC(50) Garbage Collection (Allocation Rate)
[169.238s][info][gc,task     ] GC(50) Using 3 workers
[169.238s][info][gc,phases   ] GC(50) Pause Mark Start 0.010ms
[170.039s][info][gc,stats    ] === Garbage Collection Statistics =======================================================================================================================
[170.039s][info][gc,stats    ]                                                              Last 10s              Last 10m              Last 10h                Total
[170.039s][info][gc,stats    ]                                                              Avg / Max             Avg / Max             Avg / Max             Avg / Max
[170.039s][info][gc,stats    ]   Collector: Garbage Collection Cycle                   3877.518 / 3997.361   3292.377 / 4132.978   3292.377 / 4132.978   3292.377 / 4132.978    ms
[170.039s][info][gc,stats    ]  Contention: Mark Segment Reset Contention                   186 / 246             210 / 327             210 / 327             210 / 327         ops/s
[170.039s][info][gc,stats    ]  Contention: Mark SeqNum Reset Contention                      0 / 1                 0 / 2                 0 / 2                 0 / 2           ops/s
[170.039s][info][gc,stats    ]    Critical: Allocation Stall                                  0 / 0                 0 / 10                0 / 10                0 / 10          ops/s
[170.039s][info][gc,stats    ]    Critical: Allocation Stall                              0.000 / 0.000      4663.606 / 7000.397   4663.606 / 7000.397   4663.606 / 7000.397    ms
[170.039s][info][gc,stats    ]    Critical: GC Locker Stall                                   0 / 0                 0 / 0                 0 / 0                 0 / 0           ops/s
[170.039s][info][gc,stats    ]    Critical: GC Locker Stall                               0.000 / 0.000         0.000 / 0.000         0.000 / 0.000         0.000 / 0.000       ms
[170.039s][info][gc,stats    ]    Critical: Relocation Stall                                  0 / 0                 0 / 0                 0 / 0                 0 / 0           ops/s
[170.039s][info][gc,stats    ]    Critical: Relocation Stall                              0.000 / 0.000         0.000 / 0.000         0.000 / 0.000         0.000 / 0.000       ms
[170.039s][info][gc,stats    ]      Memory: Allocation Rate                                   0 / 0                88 / 4858             88 / 4858             88 / 4858        MB/s
[170.039s][info][gc,stats    ]      Memory: Out Of Memory                                     0 / 0                 0 / 5                 0 / 5                 0 / 5           ops/s
[170.039s][info][gc,stats    ]      Memory: Page Cache Flush                                  0 / 0                 0 / 0                 0 / 0                 0 / 0           MB/s
[170.039s][info][gc,stats    ]      Memory: Page Cache Hit L1                                 0 / 0                 7 / 912               7 / 912               7 / 912         ops/s
[170.039s][info][gc,stats    ]      Memory: Page Cache Hit L2                                 0 / 0                 0 / 0                 0 / 0                 0 / 0           ops/s
[170.039s][info][gc,stats    ]      Memory: Page Cache Hit L3                                 0 / 0                 0 / 139               0 / 139               0 / 139         ops/s
[170.039s][info][gc,stats    ]      Memory: Page Cache Miss                                   0 / 0                35 / 1517             35 / 1517             35 / 1517        ops/s
[170.039s][info][gc,stats    ]      Memory: Uncommit                                          0 / 0                 0 / 0                 0 / 0                 0 / 0           MB/s
[170.039s][info][gc,stats    ]      Memory: Undo Object Allocation Failed                     0 / 0                 0 / 0                 0 / 0                 0 / 0           ops/s
[170.039s][info][gc,stats    ]      Memory: Undo Object Allocation Succeeded                  0 / 0                 0 / 0                 0 / 0                 0 / 0           ops/s
[170.039s][info][gc,stats    ]      Memory: Undo Page Allocation                              0 / 0                 6 / 913               6 / 913               6 / 913         ops/s
[170.039s][info][gc,stats    ]       Phase: Concurrent Mark                            3863.055 / 3984.399   3280.549 / 4120.007   3280.549 / 4120.007   3280.549 / 4120.007    ms
[170.039s][info][gc,stats    ]       Phase: Concurrent Mark Continue                      0.000 / 0.000         0.000 / 0.000         0.000 / 0.000         0.000 / 0.000       ms
[170.039s][info][gc,stats    ]       Phase: Concurrent Mark Free                          0.000 / 0.000         0.367 / 18.361        0.367 / 18.361        0.367 / 18.361      ms
[170.039s][info][gc,stats    ]       Phase: Concurrent Process Non-Strong References      0.615 / 0.659         0.882 / 3.847         0.882 / 3.847         0.882 / 3.847       ms
[170.039s][info][gc,stats    ]       Phase: Concurrent Relocate                           0.513 / 0.560         0.699 / 13.200        0.699 / 13.200        0.699 / 13.200      ms
[170.039s][info][gc,stats    ]       Phase: Concurrent Reset Relocation Set               0.003 / 0.004         0.062 / 2.868         0.062 / 2.868         0.062 / 2.868       ms
[170.039s][info][gc,stats    ]       Phase: Concurrent Select Relocation Set             13.012 / 15.317        9.359 / 15.317        9.359 / 15.317        9.359 / 15.317      ms
[170.039s][info][gc,stats    ]       Phase: Pause Mark End                                0.015 / 0.016         0.014 / 0.024         0.014 / 0.024         0.014 / 0.024       ms
[170.039s][info][gc,stats    ]       Phase: Pause Mark Start                              0.007 / 0.010         0.007 / 0.020         0.007 / 0.020         0.007 / 0.020       ms
[170.039s][info][gc,stats    ]       Phase: Pause Relocate Start                          0.005 / 0.006         0.004 / 0.008         0.004 / 0.008         0.004 / 0.008       ms
[170.039s][info][gc,stats    ]    Subphase: Concurrent Classes Purge                      0.013 / 0.016         0.013 / 0.044         0.013 / 0.044         0.013 / 0.044       ms
[170.039s][info][gc,stats    ]    Subphase: Concurrent Classes Unlink                     0.536 / 0.571         0.794 / 3.767         0.794 / 3.767         0.794 / 3.767       ms
[170.039s][info][gc,stats    ]    Subphase: Concurrent Mark                            3862.037 / 3983.827   3279.124 / 4119.134   3279.124 / 4119.134   3279.124 / 4119.134    ms
[170.039s][info][gc,stats    ]    Subphase: Concurrent Mark Try Flush                     0.055 / 0.127         0.080 / 4.806         0.080 / 4.806         0.080 / 4.806       ms
[170.039s][info][gc,stats    ]    Subphase: Concurrent Mark Try Terminate                 0.760 / 1.273         0.838 / 1.280         0.838 / 1.280         0.838 / 1.280       ms
[170.039s][info][gc,stats    ]    Subphase: Concurrent References Enqueue                 0.003 / 0.004         0.004 / 0.060         0.004 / 0.060         0.004 / 0.060       ms
[170.039s][info][gc,stats    ]    Subphase: Concurrent References Process                 0.023 / 0.025         0.027 / 0.126         0.027 / 0.126         0.027 / 0.126       ms
[170.039s][info][gc,stats    ]    Subphase: Concurrent Roots ClassLoaderDataGraph         0.014 / 0.038         0.041 / 3.733         0.041 / 3.733         0.041 / 3.733       ms
[170.039s][info][gc,stats    ]    Subphase: Concurrent Roots CodeCache                    0.000 / 0.000         0.000 / 0.000         0.000 / 0.000         0.000 / 0.000       ms
[170.039s][info][gc,stats    ]    Subphase: Concurrent Roots JavaThreads                  0.514 / 0.776         0.743 / 10.235        0.743 / 10.235        0.743 / 10.235      ms
[170.039s][info][gc,stats    ]    Subphase: Concurrent Roots OopStorageSet                0.003 / 0.007         0.005 / 0.158         0.005 / 0.158         0.005 / 0.158       ms
[170.039s][info][gc,stats    ]    Subphase: Concurrent Weak Roots OopStorageSet           0.015 / 0.020         0.016 / 0.037         0.016 / 0.037         0.016 / 0.037       ms
[170.039s][info][gc,stats    ]    Subphase: Pause Mark Try Complete                       0.000 / 0.000         0.000 / 0.000         0.000 / 0.000         0.000 / 0.000       ms
[170.039s][info][gc,stats    ]      System: Java Threads                                     17 / 17               19 / 23               19 / 23               19 / 23          threads
[170.039s][info][gc,stats    ] =========================================================================================================================================================
[173.096s][info][gc,phases   ] GC(50) Concurrent Mark 3857.810ms
[173.096s][info][gc,phases   ] GC(50) Pause Mark End 0.016ms
[173.096s][info][gc,phases   ] GC(50) Concurrent Mark Free 0.000ms
[173.097s][info][gc,phases   ] GC(50) Concurrent Process Non-Strong References 0.580ms
[173.097s][info][gc,phases   ] GC(50) Concurrent Reset Relocation Set 0.003ms
[173.111s][info][gc,phases   ] GC(50) Concurrent Select Relocation Set 14.355ms
[173.111s][info][gc,phases   ] GC(50) Pause Relocate Start 0.004ms
[173.112s][info][gc,phases   ] GC(50) Concurrent Relocate 0.468ms
[173.112s][info][gc,load     ] GC(50) Load: 3.87/2.89/2.50
[173.112s][info][gc,mmu      ] GC(50) MMU: 2ms/98.8%, 5ms/99.5%, 10ms/99.8%, 20ms/99.8%, 50ms/99.9%, 100ms/100.0%
[173.112s][info][gc,marking  ] GC(50) Mark: 2 stripe(s), 2 proactive flush(es), 1 terminate flush(es), 0 completion(s), 0 continuation(s) 
[173.112s][info][gc,marking  ] GC(50) Mark Stack Usage: 32M
[173.112s][info][gc,nmethod  ] GC(50) NMethods: 416 registered, 0 unregistered
[173.112s][info][gc,metaspace] GC(50) Metaspace: 1M used, 1M committed, 1088M reserved
[173.112s][info][gc,ref      ] GC(50) Soft: 72 encountered, 24 discovered, 0 enqueued
[173.112s][info][gc,ref      ] GC(50) Weak: 264 encountered, 127 discovered, 0 enqueued
[173.112s][info][gc,ref      ] GC(50) Final: 6 encountered, 6 discovered, 0 enqueued
[173.112s][info][gc,ref      ] GC(50) Phantom: 1 encountered, 0 discovered, 0 enqueued
[173.112s][info][gc,reloc    ] GC(50) Small Pages: 6144 / 12288M, Empty: 0M, Relocated: 1M, In-Place: 3
[173.112s][info][gc,reloc    ] GC(50) Medium Pages: 0 / 0M, Empty: 0M, Relocated: 0M, In-Place: 0
[173.112s][info][gc,reloc    ] GC(50) Large Pages: 0 / 0M, Empty: 0M, Relocated: 0M, In-Place: 0
[173.112s][info][gc,reloc    ] GC(50) Forwarding Usage: 0M
[173.112s][info][gc,heap     ] GC(50) Min Capacity: 8M(0%)
[173.112s][info][gc,heap     ] GC(50) Max Capacity: 12288M(100%)
[173.112s][info][gc,heap     ] GC(50) Soft Max Capacity: 12288M(100%)
[173.112s][info][gc,heap     ] GC(50)                Mark Start          Mark End        Relocate Start      Relocate End           High               Low         
[173.112s][info][gc,heap     ] GC(50)  Capacity:    12288M (100%)      12288M (100%)      12288M (100%)      12288M (100%)      12288M (100%)      12288M (100%)   
[173.112s][info][gc,heap     ] GC(50)      Free:        0M (0%)            0M (0%)            0M (0%)            0M (0%)            0M (0%)            0M (0%)     
[173.112s][info][gc,heap     ] GC(50)      Used:    12288M (100%)      12288M (100%)      12288M (100%)      12288M (100%)      12288M (100%)      12288M (100%)   
[173.112s][info][gc,heap     ] GC(50)      Live:         -              9943M (81%)        9943M (81%)        9943M (81%)            -                  -          
[173.112s][info][gc,heap     ] GC(50) Allocated:         -                 0M (0%)            0M (0%)            0M (0%)             -                  -          
[173.112s][info][gc,heap     ] GC(50)   Garbage:         -              2344M (19%)        2344M (19%)        2344M (19%)            -                  -          
[173.112s][info][gc,heap     ] GC(50) Reclaimed:         -                  -                 0M (0%)            0M (0%)             -                  -          
[173.112s][info][gc          ] GC(50) Garbage Collection (Allocation Rate) 12288M(100%)->12288M(100%)
[173.137s][info][gc,start    ] GC(51) Garbage Collection (Allocation Rate)
[173.137s][info][gc,task     ] GC(51) Using 3 workers
[173.137s][info][gc,phases   ] GC(51) Pause Mark Start 0.007ms
[177.233s][info][gc,phases   ] GC(51) Concurrent Mark 4096.059ms
[177.233s][info][gc,phases   ] GC(51) Pause Mark End 0.017ms
[177.233s][info][gc,phases   ] GC(51) Concurrent Mark Free 0.000ms
[177.234s][info][gc,phases   ] GC(51) Concurrent Process Non-Strong References 0.599ms
[177.234s][info][gc,phases   ] GC(51) Concurrent Reset Relocation Set 0.003ms
[177.243s][info][gc,phases   ] GC(51) Concurrent Select Relocation Set 9.076ms
[177.243s][info][gc,phases   ] GC(51) Pause Relocate Start 0.005ms
[177.244s][info][gc,phases   ] GC(51) Concurrent Relocate 0.510ms
[177.244s][info][gc,load     ] GC(51) Load: 3.72/2.88/2.49
[177.244s][info][gc,mmu      ] GC(51) MMU: 2ms/98.8%, 5ms/99.5%, 10ms/99.8%, 20ms/99.8%, 50ms/99.9%, 100ms/100.0%
[177.244s][info][gc,marking  ] GC(51) Mark: 2 stripe(s), 2 proactive flush(es), 1 terminate flush(es), 0 completion(s), 0 continuation(s) 
[177.244s][info][gc,marking  ] GC(51) Mark Stack Usage: 32M
[177.244s][info][gc,nmethod  ] GC(51) NMethods: 416 registered, 0 unregistered
[177.244s][info][gc,metaspace] GC(51) Metaspace: 1M used, 1M committed, 1088M reserved
[177.244s][info][gc,ref      ] GC(51) Soft: 72 encountered, 42 discovered, 0 enqueued
[177.244s][info][gc,ref      ] GC(51) Weak: 264 encountered, 204 discovered, 0 enqueued
[177.244s][info][gc,ref      ] GC(51) Final: 6 encountered, 6 discovered, 0 enqueued
[177.244s][info][gc,ref      ] GC(51) Phantom: 1 encountered, 0 discovered, 0 enqueued
[177.244s][info][gc,reloc    ] GC(51) Small Pages: 6144 / 12288M, Empty: 0M, Relocated: 1M, In-Place: 3
[177.244s][info][gc,reloc    ] GC(51) Medium Pages: 0 / 0M, Empty: 0M, Relocated: 0M, In-Place: 0
[177.244s][info][gc,reloc    ] GC(51) Large Pages: 0 / 0M, Empty: 0M, Relocated: 0M, In-Place: 0
[177.244s][info][gc,reloc    ] GC(51) Forwarding Usage: 0M
[177.244s][info][gc,heap     ] GC(51) Min Capacity: 8M(0%)
[177.244s][info][gc,heap     ] GC(51) Max Capacity: 12288M(100%)
[177.244s][info][gc,heap     ] GC(51) Soft Max Capacity: 12288M(100%)
[177.244s][info][gc,heap     ] GC(51)                Mark Start          Mark End        Relocate Start      Relocate End           High               Low         
[177.244s][info][gc,heap     ] GC(51)  Capacity:    12288M (100%)      12288M (100%)      12288M (100%)      12288M (100%)      12288M (100%)      12288M (100%)   
[177.244s][info][gc,heap     ] GC(51)      Free:        0M (0%)            0M (0%)            0M (0%)            0M (0%)            0M (0%)            0M (0%)     
[177.244s][info][gc,heap     ] GC(51)      Used:    12288M (100%)      12288M (100%)      12288M (100%)      12288M (100%)      12288M (100%)      12288M (100%)   
[177.244s][info][gc,heap     ] GC(51)      Live:         -              9943M (81%)        9943M (81%)        9943M (81%)            -                  -          
[177.244s][info][gc,heap     ] GC(51) Allocated:         -                 0M (0%)            0M (0%)            0M (0%)             -                  -          
[177.244s][info][gc,heap     ] GC(51)   Garbage:         -              2344M (19%)        2344M (19%)        2344M (19%)            -                  -          
[177.244s][info][gc,heap     ] GC(51) Reclaimed:         -                  -                 0M (0%)            0M (0%)             -                  -          
[177.244s][info][gc          ] GC(51) Garbage Collection (Allocation Rate) 12288M(100%)->12288M(100%)
[177.337s][info][gc,start    ] GC(52) Garbage Collection (Allocation Rate)
[177.337s][info][gc,task     ] GC(52) Using 3 workers
[177.338s][info][gc,phases   ] GC(52) Pause Mark Start 0.018ms
[180.038s][info][gc,stats    ] === Garbage Collection Statistics =======================================================================================================================
[180.038s][info][gc,stats    ]                                                              Last 10s              Last 10m              Last 10h                Total
[180.038s][info][gc,stats    ]                                                              Avg / Max             Avg / Max             Avg / Max             Avg / Max
[180.038s][info][gc,stats    ]   Collector: Garbage Collection Cycle                   3990.243 / 4106.551   3319.218 / 4132.978   3319.218 / 4132.978   3319.218 / 4132.978    ms
[180.038s][info][gc,stats    ]  Contention: Mark Segment Reset Contention                   202 / 264             209 / 327             209 / 327             209 / 327         ops/s
[180.038s][info][gc,stats    ]  Contention: Mark SeqNum Reset Contention                      0 / 0                 0 / 2                 0 / 2                 0 / 2           ops/s
[180.038s][info][gc,stats    ]    Critical: Allocation Stall                                  0 / 0                 0 / 10                0 / 10                0 / 10          ops/s
[180.038s][info][gc,stats    ]    Critical: Allocation Stall                              0.000 / 0.000      4663.606 / 7000.397   4663.606 / 7000.397   4663.606 / 7000.397    ms
[180.038s][info][gc,stats    ]    Critical: GC Locker Stall                                   0 / 0                 0 / 0                 0 / 0                 0 / 0           ops/s
[180.038s][info][gc,stats    ]    Critical: GC Locker Stall                               0.000 / 0.000         0.000 / 0.000         0.000 / 0.000         0.000 / 0.000       ms
[180.038s][info][gc,stats    ]    Critical: Relocation Stall                                  0 / 0                 0 / 0                 0 / 0                 0 / 0           ops/s
[180.038s][info][gc,stats    ]    Critical: Relocation Stall                              0.000 / 0.000         0.000 / 0.000         0.000 / 0.000         0.000 / 0.000       ms
[180.038s][info][gc,stats    ]      Memory: Allocation Rate                                   0 / 0                83 / 4858             83 / 4858             83 / 4858        MB/s
[180.038s][info][gc,stats    ]      Memory: Out Of Memory                                     0 / 0                 0 / 5                 0 / 5                 0 / 5           ops/s
[180.038s][info][gc,stats    ]      Memory: Page Cache Flush                                  0 / 0                 0 / 0                 0 / 0                 0 / 0           MB/s
[180.038s][info][gc,stats    ]      Memory: Page Cache Hit L1                                 0 / 0                 7 / 912               7 / 912               7 / 912         ops/s
[180.038s][info][gc,stats    ]      Memory: Page Cache Hit L2                                 0 / 0                 0 / 0                 0 / 0                 0 / 0           ops/s
[180.038s][info][gc,stats    ]      Memory: Page Cache Hit L3                                 0 / 0                 0 / 139               0 / 139               0 / 139         ops/s
[180.038s][info][gc,stats    ]      Memory: Page Cache Miss                                   0 / 0                33 / 1517             33 / 1517             33 / 1517        ops/s
[180.038s][info][gc,stats    ]      Memory: Uncommit                                          0 / 0                 0 / 0                 0 / 0                 0 / 0           MB/s
[180.038s][info][gc,stats    ]      Memory: Undo Object Allocation Failed                     0 / 0                 0 / 0                 0 / 0                 0 / 0           ops/s
[180.038s][info][gc,stats    ]      Memory: Undo Object Allocation Succeeded                  0 / 0                 0 / 0                 0 / 0                 0 / 0           ops/s
[180.038s][info][gc,stats    ]      Memory: Undo Page Allocation                              0 / 0                 6 / 913               6 / 913               6 / 913         ops/s
[180.038s][info][gc,stats    ]       Phase: Concurrent Mark                            3976.934 / 4096.059   3307.333 / 4120.007   3307.333 / 4120.007   3307.333 / 4120.007    ms
[180.038s][info][gc,stats    ]       Phase: Concurrent Mark Continue                      0.000 / 0.000         0.000 / 0.000         0.000 / 0.000         0.000 / 0.000       ms
[180.038s][info][gc,stats    ]       Phase: Concurrent Mark Free                          0.000 / 0.000         0.353 / 18.361        0.353 / 18.361        0.353 / 18.361      ms
[180.038s][info][gc,stats    ]       Phase: Concurrent Process Non-Strong References      0.590 / 0.599         0.871 / 3.847         0.871 / 3.847         0.871 / 3.847       ms
[180.038s][info][gc,stats    ]       Phase: Concurrent Relocate                           0.489 / 0.510         0.691 / 13.200        0.691 / 13.200        0.691 / 13.200      ms
[180.038s][info][gc,stats    ]       Phase: Concurrent Reset Relocation Set               0.003 / 0.003         0.059 / 2.868         0.059 / 2.868         0.059 / 2.868       ms
[180.038s][info][gc,stats    ]       Phase: Concurrent Select Relocation Set             11.715 / 14.355        9.449 / 15.317        9.449 / 15.317        9.449 / 15.317      ms
[180.038s][info][gc,stats    ]       Phase: Pause Mark End                                0.017 / 0.017         0.014 / 0.024         0.014 / 0.024         0.014 / 0.024       ms
[180.038s][info][gc,stats    ]       Phase: Pause Mark Start                              0.012 / 0.018         0.007 / 0.020         0.007 / 0.020         0.007 / 0.020       ms
[180.038s][info][gc,stats    ]       Phase: Pause Relocate Start                          0.005 / 0.005         0.004 / 0.008         0.004 / 0.008         0.004 / 0.008       ms
[180.038s][info][gc,stats    ]    Subphase: Concurrent Classes Purge                      0.015 / 0.017         0.013 / 0.044         0.013 / 0.044         0.013 / 0.044       ms
[180.038s][info][gc,stats    ]    Subphase: Concurrent Classes Unlink                     0.502 / 0.507         0.783 / 3.767         0.783 / 3.767         0.783 / 3.767       ms
[180.038s][info][gc,stats    ]    Subphase: Concurrent Mark                            3975.788 / 4095.436   3305.919 / 4119.134   3305.919 / 4119.134   3305.919 / 4119.134    ms
[180.038s][info][gc,stats    ]    Subphase: Concurrent Mark Try Flush                     0.049 / 0.110         0.079 / 4.806         0.079 / 4.806         0.079 / 4.806       ms
[180.038s][info][gc,stats    ]    Subphase: Concurrent Mark Try Terminate                 0.902 / 1.273         0.841 / 1.280         0.841 / 1.280         0.841 / 1.280       ms
[180.038s][info][gc,stats    ]    Subphase: Concurrent References Enqueue                 0.003 / 0.003         0.004 / 0.060         0.004 / 0.060         0.004 / 0.060       ms
[180.038s][info][gc,stats    ]    Subphase: Concurrent References Process                 0.025 / 0.028         0.027 / 0.126         0.027 / 0.126         0.027 / 0.126       ms
[180.038s][info][gc,stats    ]    Subphase: Concurrent Roots ClassLoaderDataGraph         0.032 / 0.088         0.041 / 3.733         0.041 / 3.733         0.041 / 3.733       ms
[180.038s][info][gc,stats    ]    Subphase: Concurrent Roots CodeCache                    0.000 / 0.000         0.000 / 0.000         0.000 / 0.000         0.000 / 0.000       ms
[180.038s][info][gc,stats    ]    Subphase: Concurrent Roots JavaThreads                  0.590 / 0.697         0.737 / 10.235        0.737 / 10.235        0.737 / 10.235      ms
[180.038s][info][gc,stats    ]    Subphase: Concurrent Roots OopStorageSet                0.004 / 0.009         0.005 / 0.158         0.005 / 0.158         0.005 / 0.158       ms
[180.038s][info][gc,stats    ]    Subphase: Concurrent Weak Roots OopStorageSet           0.017 / 0.020         0.016 / 0.037         0.016 / 0.037         0.016 / 0.037       ms
[180.038s][info][gc,stats    ]    Subphase: Pause Mark Try Complete                       0.000 / 0.000         0.000 / 0.000         0.000 / 0.000         0.000 / 0.000       ms
[180.038s][info][gc,stats    ]      System: Java Threads                                     17 / 17               19 / 23               19 / 23               19 / 23          threads
[180.038s][info][gc,stats    ] =========================================================================================================================================================
[181.052s][info][gc,phases   ] GC(52) Concurrent Mark 3714.161ms
[181.052s][info][gc,phases   ] GC(52) Pause Mark End 0.016ms
[181.052s][info][gc,phases   ] GC(52) Concurrent Mark Free 0.000ms
[181.053s][info][gc,phases   ] GC(52) Concurrent Process Non-Strong References 0.585ms
[181.053s][info][gc,phases   ] GC(52) Concurrent Reset Relocation Set 0.003ms
[181.060s][info][gc,phases   ] GC(52) Concurrent Select Relocation Set 7.068ms
[181.060s][info][gc,phases   ] GC(52) Pause Relocate Start 0.005ms
[181.060s][info][gc,phases   ] GC(52) Concurrent Relocate 0.410ms
[181.060s][info][gc,load     ] GC(52) Load: 3.72/2.88/2.49
[181.060s][info][gc,mmu      ] GC(52) MMU: 2ms/98.8%, 5ms/99.5%, 10ms/99.8%, 20ms/99.8%, 50ms/99.9%, 100ms/100.0%
[181.060s][info][gc,marking  ] GC(52) Mark: 2 stripe(s), 3 proactive flush(es), 1 terminate flush(es), 0 completion(s), 0 continuation(s) 
[181.060s][info][gc,marking  ] GC(52) Mark Stack Usage: 32M
[181.060s][info][gc,nmethod  ] GC(52) NMethods: 416 registered, 0 unregistered
[181.060s][info][gc,metaspace] GC(52) Metaspace: 1M used, 1M committed, 1088M reserved
[181.060s][info][gc,ref      ] GC(52) Soft: 72 encountered, 44 discovered, 0 enqueued
[181.060s][info][gc,ref      ] GC(52) Weak: 264 encountered, 86 discovered, 0 enqueued
[181.060s][info][gc,ref      ] GC(52) Final: 6 encountered, 0 discovered, 0 enqueued
[181.060s][info][gc,ref      ] GC(52) Phantom: 1 encountered, 0 discovered, 0 enqueued
[181.060s][info][gc,reloc    ] GC(52) Small Pages: 6144 / 12288M, Empty: 0M, Relocated: 1M, In-Place: 3
[181.060s][info][gc,reloc    ] GC(52) Medium Pages: 0 / 0M, Empty: 0M, Relocated: 0M, In-Place: 0
[181.060s][info][gc,reloc    ] GC(52) Large Pages: 0 / 0M, Empty: 0M, Relocated: 0M, In-Place: 0
[181.060s][info][gc,reloc    ] GC(52) Forwarding Usage: 0M
[181.060s][info][gc,heap     ] GC(52) Min Capacity: 8M(0%)
[181.060s][info][gc,heap     ] GC(52) Max Capacity: 12288M(100%)
[181.060s][info][gc,heap     ] GC(52) Soft Max Capacity: 12288M(100%)
[181.060s][info][gc,heap     ] GC(52)                Mark Start          Mark End        Relocate Start      Relocate End           High               Low         
[181.060s][info][gc,heap     ] GC(52)  Capacity:    12288M (100%)      12288M (100%)      12288M (100%)      12288M (100%)      12288M (100%)      12288M (100%)   
[181.060s][info][gc,heap     ] GC(52)      Free:        0M (0%)            0M (0%)            0M (0%)            0M (0%)            0M (0%)            0M (0%)     
[181.060s][info][gc,heap     ] GC(52)      Used:    12288M (100%)      12288M (100%)      12288M (100%)      12288M (100%)      12288M (100%)      12288M (100%)   
[181.060s][info][gc,heap     ] GC(52)      Live:         -              9943M (81%)        9943M (81%)        9943M (81%)            -                  -          
[181.060s][info][gc,heap     ] GC(52) Allocated:         -                 0M (0%)            0M (0%)            0M (0%)             -                  -          
[181.060s][info][gc,heap     ] GC(52)   Garbage:         -              2344M (19%)        2344M (19%)        2344M (19%)            -                  -          
[181.060s][info][gc,heap     ] GC(52) Reclaimed:         -                  -                 0M (0%)            0M (0%)             -                  -          
[181.060s][info][gc          ] GC(52) Garbage Collection (Allocation Rate) 12288M(100%)->12288M(100%)
[181.137s][info][gc,start    ] GC(53) Garbage Collection (Allocation Rate)
[181.137s][info][gc,task     ] GC(53) Using 3 workers
[181.137s][info][gc,phases   ] GC(53) Pause Mark Start 0.014ms
[184.910s][info][gc,phases   ] GC(53) Concurrent Mark 3772.766ms
[184.910s][info][gc,phases   ] GC(53) Pause Mark End 0.018ms
[184.910s][info][gc,phases   ] GC(53) Concurrent Mark Free 0.000ms
[184.911s][info][gc,phases   ] GC(53) Concurrent Process Non-Strong References 0.626ms
[184.911s][info][gc,phases   ] GC(53) Concurrent Reset Relocation Set 0.003ms
[184.919s][info][gc,phases   ] GC(53) Concurrent Select Relocation Set 8.196ms
[184.919s][info][gc,phases   ] GC(53) Pause Relocate Start 0.005ms
[184.920s][info][gc,phases   ] GC(53) Concurrent Relocate 0.498ms
[184.920s][info][gc,load     ] GC(53) Load: 3.82/2.91/2.51
[184.920s][info][gc,mmu      ] GC(53) MMU: 2ms/98.8%, 5ms/99.5%, 10ms/99.8%, 20ms/99.8%, 50ms/99.9%, 100ms/100.0%
[184.920s][info][gc,marking  ] GC(53) Mark: 2 stripe(s), 3 proactive flush(es), 1 terminate flush(es), 0 completion(s), 0 continuation(s) 
[184.920s][info][gc,marking  ] GC(53) Mark Stack Usage: 32M
[184.920s][info][gc,nmethod  ] GC(53) NMethods: 416 registered, 0 unregistered
[184.920s][info][gc,metaspace] GC(53) Metaspace: 1M used, 1M committed, 1088M reserved
[184.920s][info][gc,ref      ] GC(53) Soft: 72 encountered, 43 discovered, 0 enqueued
[184.920s][info][gc,ref      ] GC(53) Weak: 264 encountered, 110 discovered, 0 enqueued
[184.920s][info][gc,ref      ] GC(53) Final: 6 encountered, 6 discovered, 0 enqueued
[184.920s][info][gc,ref      ] GC(53) Phantom: 1 encountered, 0 discovered, 0 enqueued
[184.920s][info][gc,reloc    ] GC(53) Small Pages: 6144 / 12288M, Empty: 0M, Relocated: 1M, In-Place: 3
[184.920s][info][gc,reloc    ] GC(53) Medium Pages: 0 / 0M, Empty: 0M, Relocated: 0M, In-Place: 0
[184.920s][info][gc,reloc    ] GC(53) Large Pages: 0 / 0M, Empty: 0M, Relocated: 0M, In-Place: 0
[184.920s][info][gc,reloc    ] GC(53) Forwarding Usage: 0M
[184.920s][info][gc,heap     ] GC(53) Min Capacity: 8M(0%)
[184.920s][info][gc,heap     ] GC(53) Max Capacity: 12288M(100%)
[184.920s][info][gc,heap     ] GC(53) Soft Max Capacity: 12288M(100%)
[184.920s][info][gc,heap     ] GC(53)                Mark Start          Mark End        Relocate Start      Relocate End           High               Low         
[184.920s][info][gc,heap     ] GC(53)  Capacity:    12288M (100%)      12288M (100%)      12288M (100%)      12288M (100%)      12288M (100%)      12288M (100%)   
[184.920s][info][gc,heap     ] GC(53)      Free:        0M (0%)            0M (0%)            0M (0%)            0M (0%)            0M (0%)            0M (0%)     
[184.920s][info][gc,heap     ] GC(53)      Used:    12288M (100%)      12288M (100%)      12288M (100%)      12288M (100%)      12288M (100%)      12288M (100%)   
[184.920s][info][gc,heap     ] GC(53)      Live:         -              9943M (81%)        9943M (81%)        9943M (81%)            -                  -          
[184.920s][info][gc,heap     ] GC(53) Allocated:         -                 0M (0%)            0M (0%)            0M (0%)             -                  -          
[184.920s][info][gc,heap     ] GC(53)   Garbage:         -              2344M (19%)        2344M (19%)        2344M (19%)            -                  -          
[184.920s][info][gc,heap     ] GC(53) Reclaimed:         -                  -                 0M (0%)            0M (0%)             -                  -          
[184.920s][info][gc          ] GC(53) Garbage Collection (Allocation Rate) 12288M(100%)->12288M(100%)
[184.938s][info][gc,start    ] GC(54) Garbage Collection (Allocation Rate)
[184.938s][info][gc,task     ] GC(54) Using 3 workers
[184.938s][info][gc,phases   ] GC(54) Pause Mark Start 0.007ms
[188.947s][info][gc,phases   ] GC(54) Concurrent Mark 4008.735ms
[188.947s][info][gc,phases   ] GC(54) Pause Mark End 0.012ms
[188.947s][info][gc,phases   ] GC(54) Concurrent Mark Free 0.000ms
[188.947s][info][gc,phases   ] GC(54) Concurrent Process Non-Strong References 0.559ms
[188.947s][info][gc,phases   ] GC(54) Concurrent Reset Relocation Set 0.003ms
[188.953s][info][gc,phases   ] GC(54) Concurrent Select Relocation Set 5.805ms
[188.953s][info][gc,phases   ] GC(54) Pause Relocate Start 0.004ms
[188.954s][info][gc,phases   ] GC(54) Concurrent Relocate 0.831ms
[188.954s][info][gc,load     ] GC(54) Load: 3.76/2.91/2.51
[188.954s][info][gc,mmu      ] GC(54) MMU: 2ms/98.8%, 5ms/99.5%, 10ms/99.8%, 20ms/99.8%, 50ms/99.9%, 100ms/100.0%
[188.954s][info][gc,marking  ] GC(54) Mark: 2 stripe(s), 4 proactive flush(es), 1 terminate flush(es), 0 completion(s), 0 continuation(s) 
[188.954s][info][gc,marking  ] GC(54) Mark Stack Usage: 32M
[188.954s][info][gc,nmethod  ] GC(54) NMethods: 416 registered, 0 unregistered
[188.954s][info][gc,metaspace] GC(54) Metaspace: 1M used, 1M committed, 1088M reserved
[188.954s][info][gc,ref      ] GC(54) Soft: 72 encountered, 32 discovered, 0 enqueued
[188.954s][info][gc,ref      ] GC(54) Weak: 264 encountered, 116 discovered, 0 enqueued
[188.954s][info][gc,ref      ] GC(54) Final: 6 encountered, 6 discovered, 0 enqueued
[188.954s][info][gc,ref      ] GC(54) Phantom: 1 encountered, 0 discovered, 0 enqueued
[188.954s][info][gc,reloc    ] GC(54) Small Pages: 6144 / 12288M, Empty: 0M, Relocated: 1M, In-Place: 3
[188.954s][info][gc,reloc    ] GC(54) Medium Pages: 0 / 0M, Empty: 0M, Relocated: 0M, In-Place: 0
[188.954s][info][gc,reloc    ] GC(54) Large Pages: 0 / 0M, Empty: 0M, Relocated: 0M, In-Place: 0
[188.954s][info][gc,reloc    ] GC(54) Forwarding Usage: 0M
[188.954s][info][gc,heap     ] GC(54) Min Capacity: 8M(0%)
[188.954s][info][gc,heap     ] GC(54) Max Capacity: 12288M(100%)
[188.954s][info][gc,heap     ] GC(54) Soft Max Capacity: 12288M(100%)
[188.954s][info][gc,heap     ] GC(54)                Mark Start          Mark End        Relocate Start      Relocate End           High               Low         
[188.954s][info][gc,heap     ] GC(54)  Capacity:    12288M (100%)      12288M (100%)      12288M (100%)      12288M (100%)      12288M (100%)      12288M (100%)   
[188.954s][info][gc,heap     ] GC(54)      Free:        0M (0%)            0M (0%)            0M (0%)            0M (0%)            0M (0%)            0M (0%)     
[188.954s][info][gc,heap     ] GC(54)      Used:    12288M (100%)      12288M (100%)      12288M (100%)      12288M (100%)      12288M (100%)      12288M (100%)   
[188.954s][info][gc,heap     ] GC(54)      Live:         -              9943M (81%)        9943M (81%)        9943M (81%)            -                  -          
[188.954s][info][gc,heap     ] GC(54) Allocated:         -                 0M (0%)            0M (0%)            0M (0%)             -                  -          
[188.954s][info][gc,heap     ] GC(54)   Garbage:         -              2344M (19%)        2344M (19%)        2344M (19%)            -                  -          
[188.954s][info][gc,heap     ] GC(54) Reclaimed:         -                  -                 0M (0%)            0M (0%)             -                  -          
[188.954s][info][gc          ] GC(54) Garbage Collection (Allocation Rate) 12288M(100%)->12288M(100%)
[189.034s][info][gc,start    ] GC(55) Garbage Collection (Allocation Rate)
[189.034s][info][gc,task     ] GC(55) Using 3 workers
[189.034s][info][gc,phases   ] GC(55) Pause Mark Start 0.015ms
[190.034s][info][gc,stats    ] === Garbage Collection Statistics =======================================================================================================================
[190.034s][info][gc,stats    ]                                                              Last 10s              Last 10m              Last 10h                Total
[190.034s][info][gc,stats    ]                                                              Avg / Max             Avg / Max             Avg / Max             Avg / Max
[190.034s][info][gc,stats    ]   Collector: Garbage Collection Cycle                   3840.501 / 4016.301   3347.652 / 4132.978   3347.652 / 4132.978   3347.652 / 4132.978    ms
[190.034s][info][gc,stats    ]  Contention: Mark Segment Reset Contention                   188 / 274             208 / 327             208 / 327             208 / 327         ops/s
[190.034s][info][gc,stats    ]  Contention: Mark SeqNum Reset Contention                      0 / 2                 0 / 2                 0 / 2                 0 / 2           ops/s
[190.034s][info][gc,stats    ]    Critical: Allocation Stall                                  0 / 0                 0 / 10                0 / 10                0 / 10          ops/s
[190.034s][info][gc,stats    ]    Critical: Allocation Stall                              0.000 / 0.000      4663.606 / 7000.397   4663.606 / 7000.397   4663.606 / 7000.397    ms
[190.034s][info][gc,stats    ]    Critical: GC Locker Stall                                   0 / 0                 0 / 0                 0 / 0                 0 / 0           ops/s
[190.034s][info][gc,stats    ]    Critical: GC Locker Stall                               0.000 / 0.000         0.000 / 0.000         0.000 / 0.000         0.000 / 0.000       ms
[190.034s][info][gc,stats    ]    Critical: Relocation Stall                                  0 / 0                 0 / 0                 0 / 0                 0 / 0           ops/s
[190.034s][info][gc,stats    ]    Critical: Relocation Stall                              0.000 / 0.000         0.000 / 0.000         0.000 / 0.000         0.000 / 0.000       ms
[190.034s][info][gc,stats    ]      Memory: Allocation Rate                                   0 / 0                79 / 4858             79 / 4858             79 / 4858        MB/s
[190.034s][info][gc,stats    ]      Memory: Out Of Memory                                     0 / 0                 0 / 5                 0 / 5                 0 / 5           ops/s
[190.034s][info][gc,stats    ]      Memory: Page Cache Flush                                  0 / 0                 0 / 0                 0 / 0                 0 / 0           MB/s
[190.034s][info][gc,stats    ]      Memory: Page Cache Hit L1                                 0 / 0                 6 / 912               6 / 912               6 / 912         ops/s
[190.034s][info][gc,stats    ]      Memory: Page Cache Hit L2                                 0 / 0                 0 / 0                 0 / 0                 0 / 0           ops/s
[190.034s][info][gc,stats    ]      Memory: Page Cache Hit L3                                 0 / 0                 0 / 139               0 / 139               0 / 139         ops/s
[190.034s][info][gc,stats    ]      Memory: Page Cache Miss                                   0 / 0                31 / 1517             31 / 1517             31 / 1517        ops/s
[190.034s][info][gc,stats    ]      Memory: Uncommit                                          0 / 0                 0 / 0                 0 / 0                 0 / 0           MB/s
[190.034s][info][gc,stats    ]      Memory: Undo Object Allocation Failed                     0 / 0                 0 / 0                 0 / 0                 0 / 0           ops/s
[190.034s][info][gc,stats    ]      Memory: Undo Object Allocation Succeeded                  0 / 0                 0 / 0                 0 / 0                 0 / 0           ops/s
[190.034s][info][gc,stats    ]      Memory: Undo Page Allocation                              0 / 0                 5 / 913               5 / 913               5 / 913         ops/s
[190.034s][info][gc,stats    ]       Phase: Concurrent Mark                            3831.888 / 4008.735   3335.945 / 4120.007   3335.945 / 4120.007   3335.945 / 4120.007    ms
[190.034s][info][gc,stats    ]       Phase: Concurrent Mark Continue                      0.000 / 0.000         0.000 / 0.000         0.000 / 0.000         0.000 / 0.000       ms
[190.034s][info][gc,stats    ]       Phase: Concurrent Mark Free                          0.000 / 0.000         0.334 / 18.361        0.334 / 18.361        0.334 / 18.361      ms
[190.034s][info][gc,stats    ]       Phase: Concurrent Process Non-Strong References      0.590 / 0.626         0.855 / 3.847         0.855 / 3.847         0.855 / 3.847       ms
[190.034s][info][gc,stats    ]       Phase: Concurrent Relocate                           0.580 / 0.831         0.685 / 13.200        0.685 / 13.200        0.685 / 13.200      ms
[190.034s][info][gc,stats    ]       Phase: Concurrent Reset Relocation Set               0.003 / 0.003         0.056 / 2.868         0.056 / 2.868         0.056 / 2.868       ms
[190.034s][info][gc,stats    ]       Phase: Concurrent Select Relocation Set              7.023 / 8.196         9.317 / 15.317        9.317 / 15.317        9.317 / 15.317      ms
[190.034s][info][gc,stats    ]       Phase: Pause Mark End                                0.015 / 0.018         0.014 / 0.024         0.014 / 0.024         0.014 / 0.024       ms
[190.034s][info][gc,stats    ]       Phase: Pause Mark Start                              0.012 / 0.015         0.007 / 0.020         0.007 / 0.020         0.007 / 0.020       ms
[190.034s][info][gc,stats    ]       Phase: Pause Relocate Start                          0.005 / 0.005         0.004 / 0.008         0.004 / 0.008         0.004 / 0.008       ms
[190.034s][info][gc,stats    ]    Subphase: Concurrent Classes Purge                      0.013 / 0.014         0.013 / 0.044         0.013 / 0.044         0.013 / 0.044       ms
[190.034s][info][gc,stats    ]    Subphase: Concurrent Classes Unlink                     0.505 / 0.534         0.768 / 3.767         0.768 / 3.767         0.768 / 3.767       ms
[190.034s][info][gc,stats    ]    Subphase: Concurrent Mark                            3830.781 / 4008.134   3334.548 / 4119.134   3334.548 / 4119.134   3334.548 / 4119.134    ms
[190.034s][info][gc,stats    ]    Subphase: Concurrent Mark Try Flush                     0.275 / 2.965         0.092 / 4.806         0.092 / 4.806         0.092 / 4.806       ms
[190.034s][info][gc,stats    ]    Subphase: Concurrent Mark Try Terminate                 0.855 / 1.282         0.842 / 1.282         0.842 / 1.282         0.842 / 1.282       ms
[190.034s][info][gc,stats    ]    Subphase: Concurrent References Enqueue                 0.004 / 0.007         0.004 / 0.060         0.004 / 0.060         0.004 / 0.060       ms
[190.034s][info][gc,stats    ]    Subphase: Concurrent References Process                 0.024 / 0.029         0.027 / 0.126         0.027 / 0.126         0.027 / 0.126       ms
[190.034s][info][gc,stats    ]    Subphase: Concurrent Roots ClassLoaderDataGraph         0.292 / 1.964         0.053 / 3.733         0.053 / 3.733         0.053 / 3.733       ms
[190.034s][info][gc,stats    ]    Subphase: Concurrent Roots CodeCache                    0.000 / 0.000         0.000 / 0.000         0.000 / 0.000         0.000 / 0.000       ms
[190.034s][info][gc,stats    ]    Subphase: Concurrent Roots JavaThreads                  0.978 / 2.582         0.750 / 10.235        0.750 / 10.235        0.750 / 10.235      ms
[190.034s][info][gc,stats    ]    Subphase: Concurrent Roots OopStorageSet                0.005 / 0.010         0.005 / 0.158         0.005 / 0.158         0.005 / 0.158       ms
[190.034s][info][gc,stats    ]    Subphase: Concurrent Weak Roots OopStorageSet           0.017 / 0.024         0.016 / 0.037         0.016 / 0.037         0.016 / 0.037       ms
[190.034s][info][gc,stats    ]    Subphase: Pause Mark Try Complete                       0.000 / 0.000         0.000 / 0.000         0.000 / 0.000         0.000 / 0.000       ms
[190.034s][info][gc,stats    ]      System: Java Threads                                     17 / 17               18 / 23               18 / 23               18 / 23          threads
[190.034s][info][gc,stats    ] =========================================================================================================================================================
