[0.005s][info][gc] Heuristics ergonomically sets -XX:+ExplicitGCInvokesConcurrent
[0.005s][info][gc] Heuristics ergonomically sets -XX:+ShenandoahImplicitGCInvokesConcurrent
[0.005s][info][gc] Using Shenandoah
[0.005s][info][gc,ergo] Pacer for Idle. Initial: 245M, Alloc Tax Rate: 1.0x
[0.006s][info][gc,init] Version: 17.0.16+8-LTS (release)
[0.006s][info][gc,init] CPUs: 11 total, 11 available
[0.006s][info][gc,init] Memory: 18432M
[0.006s][info][gc,init] Large Page Support: Disabled
[0.006s][info][gc,init] NUMA Support: Disabled
[0.006s][info][gc,init] Compressed Oops: Enabled (Non-zero based)
[0.006s][info][gc,init] Heap Min Capacity: 8M
[0.006s][info][gc,init] Heap Initial Capacity: 288M
[0.006s][info][gc,init] Heap Max Capacity: 12G
[0.006s][info][gc,init] Pre-touch: Disabled
[0.006s][info][gc,init] Mode: Snapshot-At-The-Beginning (SATB)
[0.006s][info][gc,init] Heuristics: Adaptive
[0.006s][info][gc,init] Heap Region Count: 3072
[0.006s][info][gc,init] Heap Region Size: 4M
[0.006s][info][gc,init] TLAB Size Max: 4M
[0.006s][info][gc,init] Humongous Object Threshold: 4M
[0.006s][info][gc,init] Parallel Workers: 5
[0.006s][info][gc,init] Concurrent Workers: 2
[0.010s][info][gc,metaspace] CDS archive(s) mapped at: [0x000000a000000000-0x000000a000bc0000-0x000000a000bc0000), size 12320768, SharedBaseAddress: 0x000000a000000000, ArchiveRelocationMode: 1.
[0.010s][info][gc,metaspace] Compressed class space mapped at: 0x000000a001000000-0x000000a041000000, reserved size: 1073741824
[0.010s][info][gc,metaspace] Narrow klass base: 0x000000a000000000, Narrow klass shift: 0, Narrow klass range: 0x100000000
[1.678s][info][gc          ] Trigger: Learning 1 of 5. Free (8600M) is below initial threshold (8601M)
[1.678s][info][gc,ergo     ] Free: 8600M, Max: 4096K regular, 8600M humongous, Frag: 0% external, 0% internal; Reserve: 616M, Max: 4096K
[1.678s][info][gc,start    ] GC(0) Concurrent reset
[1.678s][info][gc,task     ] GC(0) Using 2 of 5 workers for concurrent reset
[1.678s][info][gc,ergo     ] GC(0) Pacer for Reset. Non-Taxable: 12288M
[1.678s][info][gc          ] GC(0) Concurrent reset 0.132ms
[1.678s][info][gc,start    ] GC(0) Pause Init Mark (unload classes)
[1.678s][info][gc,task     ] GC(0) Using 5 of 5 workers for init marking
[1.678s][info][gc,ergo     ] GC(0) Pacer for Mark. Expected Live: 1228M, Free: 8600M, Non-Taxable: 860M, Alloc Tax Rate: 0.2x
[1.678s][info][gc          ] GC(0) Pause Init Mark (unload classes) 0.121ms
[1.678s][info][gc,start    ] GC(0) Concurrent marking roots
[1.678s][info][gc,task     ] GC(0) Using 2 of 5 workers for concurrent marking roots
[1.678s][info][gc          ] GC(0) Concurrent marking roots 0.100ms
[1.678s][info][gc,start    ] GC(0) Concurrent marking (unload classes)
[1.678s][info][gc,task     ] GC(0) Using 2 of 5 workers for concurrent marking
[1.967s][info][gc          ] GC(0) Concurrent marking (unload classes) 289.098ms
[1.967s][info][gc,start    ] GC(0) Pause Final Mark (unload classes)
[1.967s][info][gc,task     ] GC(0) Using 5 of 5 workers for final marking
[1.967s][info][gc,ergo     ] GC(0) Adaptive CSet Selection. Target Free: 1740M, Actual Free: 8856M, Max CSet: 512M, Min Garbage: 0B
[1.967s][info][gc,ergo     ] GC(0) Collectable Garbage: 670M (55%), Immediate: 264M (21%), CSet: 406M (33%)
[1.967s][info][gc,ergo     ] GC(0) Pacer for Evacuation. Used CSet: 916M, Free: 8240M, Non-Taxable: 824M, Alloc Tax Rate: 1.1x
[1.967s][info][gc          ] GC(0) Pause Final Mark (unload classes) 0.114ms
[1.967s][info][gc,start    ] GC(0) Concurrent thread roots
[1.967s][info][gc,task     ] GC(0) Using 2 of 5 workers for Concurrent thread roots
[1.968s][info][gc          ] GC(0) Concurrent thread roots 0.088ms
[1.968s][info][gc,start    ] GC(0) Concurrent weak references
[1.968s][info][gc,task     ] GC(0) Using 2 of 5 workers for concurrent weak references
[1.968s][info][gc,ref      ] GC(0) Encountered references: Soft: 114, Weak: 253, Final: 6, Phantom: 14
[1.968s][info][gc,ref      ] GC(0) Discovered  references: Soft: 0, Weak: 191, Final: 0, Phantom: 14
[1.968s][info][gc,ref      ] GC(0) Enqueued    references: Soft: 0, Weak: 48, Final: 0, Phantom: 13
[1.968s][info][gc          ] GC(0) Concurrent weak references 0.064ms
[1.968s][info][gc,start    ] GC(0) Concurrent weak roots
[1.968s][info][gc,task     ] GC(0) Using 2 of 5 workers for concurrent weak root
[1.968s][info][gc          ] GC(0) Concurrent weak roots 0.076ms
[1.968s][info][gc,start    ] GC(0) Concurrent cleanup
[1.968s][info][gc          ] GC(0) Concurrent cleanup 3697M->3433M(3704M) 0.012ms
[1.968s][info][gc,ergo     ] GC(0) Free: 8237M, Max: 4096K regular, 7972M humongous, Frag: 4% external, 0% internal; Reserve: 615M, Max: 4096K
[1.968s][info][gc,start    ] GC(0) Concurrent class unloading
[1.968s][info][gc,task     ] GC(0) Using 2 of 5 workers for concurrent class unloading
[1.968s][info][gc          ] GC(0) Concurrent class unloading 0.142ms
[1.968s][info][gc,start    ] GC(0) Concurrent strong roots
[1.968s][info][gc,task     ] GC(0) Using 2 of 5 workers for concurrent strong root
[1.968s][info][gc          ] GC(0) Concurrent strong roots 0.103ms
[1.968s][info][gc,start    ] GC(0) Concurrent evacuation
[1.968s][info][gc,task     ] GC(0) Using 2 of 5 workers for concurrent evacuation
[2.072s][info][gc          ] GC(0) Concurrent evacuation 103.747ms
[2.072s][info][gc,start    ] GC(0) Pause Init Update Refs
[2.072s][info][gc,ergo     ] GC(0) Pacer for Update Refs. Used: 4204M, Free: 7978M, Non-Taxable: 797M, Alloc Tax Rate: 1.1x
[2.072s][info][gc          ] GC(0) Pause Init Update Refs 0.019ms
[2.072s][info][gc,start    ] GC(0) Concurrent update references
[2.072s][info][gc,task     ] GC(0) Using 2 of 5 workers for concurrent reference update
[2.306s][info][gc          ] GC(0) Concurrent update references 234.128ms
[2.306s][info][gc,start    ] GC(0) Concurrent update thread roots
[2.306s][info][gc          ] GC(0) Concurrent update thread roots 0.094ms
[2.306s][info][gc,start    ] GC(0) Pause Final Update Refs
[2.306s][info][gc,task     ] GC(0) Using 5 of 5 workers for final reference update
[2.306s][info][gc          ] GC(0) Pause Final Update Refs 0.042ms
[2.306s][info][gc,start    ] GC(0) Concurrent cleanup
[2.306s][info][gc          ] GC(0) Concurrent cleanup 4665M->3749M(4668M) 0.019ms
[2.306s][info][gc,ergo     ] Free: 7921M, Max: 4096K regular, 7004M humongous, Frag: 12% external, 0% internal; Reserve: 616M, Max: 4096K
[2.306s][info][gc,stats    ] 
[2.306s][info][gc,stats    ] All times are wall-clock times, except per-root-class counters, that are sum over
[2.306s][info][gc,stats    ] all workers. Dividing the <total> over the root stage time estimates parallelism.
[2.306s][info][gc,stats    ] 
[2.306s][info][gc,stats    ] Concurrent Reset                    146 us
[2.306s][info][gc,stats    ] Pause Init Mark (G)                 179 us
[2.306s][info][gc,stats    ] Pause Init Mark (N)                 128 us
[2.306s][info][gc,stats    ]   Update Region States               15 us
[2.306s][info][gc,stats    ] Concurrent Mark Roots               108 us, parallelism: 1.14x
[2.306s][info][gc,stats    ]   CMR: <total>                      124 us
[2.306s][info][gc,stats    ]   CMR: Thread Roots                  96 us, workers (us):  45,  50, ---, ---, ---, 
[2.306s][info][gc,stats    ]   CMR: VM Strong Roots               14 us, workers (us):   8,   5, ---, ---, ---, 
[2.306s][info][gc,stats    ]   CMR: CLDG Roots                    14 us, workers (us):  14, ---, ---, ---, ---, 
[2.306s][info][gc,stats    ] Concurrent Marking               289133 us
[2.306s][info][gc,stats    ] Pause Final Mark (G)                160 us
[2.306s][info][gc,stats    ] Pause Final Mark (N)                118 us
[2.306s][info][gc,stats    ]   Finish Mark                        32 us
[2.306s][info][gc,stats    ]   Update Region States               13 us
[2.306s][info][gc,stats    ]   Choose Collection Set              41 us
[2.306s][info][gc,stats    ]   Rebuild Free Set                    7 us
[2.306s][info][gc,stats    ] Concurrent Thread Roots              98 us, parallelism: 1.20x
[2.306s][info][gc,stats    ]   CTR: <total>                      117 us
[2.306s][info][gc,stats    ]   CTR: Thread Roots                 117 us, workers (us):  64,  53, ---, ---, ---, 
[2.306s][info][gc,stats    ] Concurrent Weak References           69 us, parallelism: 0.34x
[2.306s][info][gc,stats    ]   CWRF: <total>                      24 us
[2.306s][info][gc,stats    ]   CWRF: Weak References              24 us, workers (us):  21,   3, ---, ---, ---, 
[2.306s][info][gc,stats    ] Concurrent Weak Roots                81 us
[2.306s][info][gc,stats    ]   Roots                              59 us, parallelism: 1.42x
[2.306s][info][gc,stats    ]     CWR: <total>                     83 us
[2.306s][info][gc,stats    ]     CWR: Code Cache Roots            30 us, workers (us):  21,   9, ---, ---, ---, 
[2.306s][info][gc,stats    ]     CWR: VM Weak Roots               51 us, workers (us):  25,  26, ---, ---, ---, 
[2.306s][info][gc,stats    ]     CWR: CLDG Roots                   2 us, workers (us):   2, ---, ---, ---, ---, 
[2.306s][info][gc,stats    ]   Rendezvous                         10 us
[2.306s][info][gc,stats    ] Concurrent Cleanup                   15 us
[2.306s][info][gc,stats    ] Concurrent Class Unloading          149 us
[2.306s][info][gc,stats    ]   Unlink Stale                      117 us
[2.306s][info][gc,stats    ]     System Dictionary                 2 us
[2.306s][info][gc,stats    ]     Weak Class Links                  0 us
[2.306s][info][gc,stats    ]     Code Roots                      115 us
[2.306s][info][gc,stats    ]   Rendezvous                          8 us
[2.306s][info][gc,stats    ]   Purge Unlinked                      9 us
[2.306s][info][gc,stats    ]     Code Roots                        8 us
[2.306s][info][gc,stats    ]     CLDG                              1 us
[2.306s][info][gc,stats    ]     Exception Caches                  0 us
[2.306s][info][gc,stats    ] Concurrent Strong Roots             108 us, parallelism: 0.79x
[2.306s][info][gc,stats    ]   CSR: <total>                       86 us
[2.306s][info][gc,stats    ]   CSR: VM Strong Roots                6 us, workers (us):   5,   1, ---, ---, ---, 
[2.306s][info][gc,stats    ]   CSR: CLDG Roots                    80 us, workers (us):  80, ---, ---, ---, ---, 
[2.306s][info][gc,stats    ] Concurrent Evacuation            103779 us
[2.306s][info][gc,stats    ] Pause Init Update Refs (G)           67 us
[2.306s][info][gc,stats    ] Pause Init Update Refs (N)           23 us
[2.306s][info][gc,stats    ]   Manage GCLABs                       6 us
[2.306s][info][gc,stats    ] Concurrent Update Refs           234158 us
[2.306s][info][gc,stats    ] Concurrent Update Thread Roots      102 us
[2.306s][info][gc,stats    ] Pause Final Update Refs (G)         105 us
[2.306s][info][gc,stats    ] Pause Final Update Refs (N)          53 us
[2.306s][info][gc,stats    ]   Update Region States               20 us
[2.306s][info][gc,stats    ]   Trash Collection Set                2 us
[2.306s][info][gc,stats    ]   Rebuild Free Set                    9 us
[2.306s][info][gc,stats    ] Concurrent Cleanup                   23 us
[2.306s][info][gc,stats    ] Pacing                            12522 us
[2.306s][info][gc,stats    ] 
[2.306s][info][gc,stats    ] Allocation pacing accrued:
[2.306s][info][gc,stats    ]      13 of  2301 ms (  0.5%): main
[2.306s][info][gc,stats    ]      13 of  2301 ms (  0.5%): <total>
[2.306s][info][gc,stats    ]       1 of  2301 ms (  0.0%): <average total>
[2.306s][info][gc,stats    ]      13 of  2301 ms (  0.5%): <average non-zero>
[2.306s][info][gc,stats    ] 
[2.306s][info][gc,metaspace] Metaspace: 1716K(1920K)->1716K(1920K) NonClass: 1561K(1664K)->1561K(1664K) Class: 154K(256K)->154K(256K)
[2.306s][info][gc,ergo     ] Pacer for Idle. Initial: 245M, Alloc Tax Rate: 1.0x
[2.308s][info][gc          ] Trigger: Learning 2 of 5. Free (7914M) is below initial threshold (8601M)
[2.308s][info][gc,ergo     ] Free: 7914M, Max: 4096K regular, 7004M humongous, Frag: 12% external, 0% internal; Reserve: 616M, Max: 4096K
[2.308s][info][gc,start    ] GC(1) Concurrent reset
[2.308s][info][gc,task     ] GC(1) Using 2 of 5 workers for concurrent reset
[2.308s][info][gc,ergo     ] GC(1) Pacer for Reset. Non-Taxable: 12288M
[2.309s][info][gc          ] GC(1) Concurrent reset 1.075ms
[2.309s][info][gc,start    ] GC(1) Pause Init Mark (unload classes)
[2.309s][info][gc,task     ] GC(1) Using 5 of 5 workers for init marking
[2.309s][info][gc,ergo     ] GC(1) Pacer for Mark. Expected Live: 1866M, Free: 7914M, Non-Taxable: 791M, Alloc Tax Rate: 0.3x
[2.309s][info][gc          ] GC(1) Pause Init Mark (unload classes) 0.031ms
[2.309s][info][gc,start    ] GC(1) Concurrent marking roots
[2.309s][info][gc,task     ] GC(1) Using 2 of 5 workers for concurrent marking roots
[2.309s][info][gc          ] GC(1) Concurrent marking roots 0.071ms
[2.309s][info][gc,start    ] GC(1) Concurrent marking (unload classes)
[2.309s][info][gc,task     ] GC(1) Using 2 of 5 workers for concurrent marking
[2.746s][info][gc          ] GC(1) Concurrent marking (unload classes) 437.459ms
[2.747s][info][gc,start    ] GC(1) Pause Final Mark (unload classes)
[2.747s][info][gc,task     ] GC(1) Using 5 of 5 workers for final marking
[2.747s][info][gc,ergo     ] GC(1) Adaptive CSet Selection. Target Free: 1740M, Actual Free: 7348M, Max CSet: 512M, Min Garbage: 0B
[2.747s][info][gc,ergo     ] GC(1) Collectable Garbage: 385M (34%), Immediate: 0B (0%), CSet: 385M (34%)
[2.747s][info][gc,ergo     ] GC(1) Pacer for Evacuation. Used CSet: 896M, Free: 6733M, Non-Taxable: 673M, Alloc Tax Rate: 1.1x
[2.747s][info][gc          ] GC(1) Pause Final Mark (unload classes) 0.116ms
[2.747s][info][gc,start    ] GC(1) Concurrent thread roots
[2.747s][info][gc,task     ] GC(1) Using 2 of 5 workers for Concurrent thread roots
[2.747s][info][gc          ] GC(1) Concurrent thread roots 0.062ms
[2.747s][info][gc,start    ] GC(1) Concurrent weak references
[2.747s][info][gc,task     ] GC(1) Using 2 of 5 workers for concurrent weak references
[2.747s][info][gc,ref      ] GC(1) Encountered references: Soft: 114, Weak: 205, Final: 6, Phantom: 1
[2.747s][info][gc,ref      ] GC(1) Discovered  references: Soft: 0, Weak: 182, Final: 6, Phantom: 1
[2.747s][info][gc,ref      ] GC(1) Enqueued    references: Soft: 0, Weak: 0, Final: 0, Phantom: 0
[2.747s][info][gc          ] GC(1) Concurrent weak references 0.036ms
[2.747s][info][gc,start    ] GC(1) Concurrent weak roots
[2.747s][info][gc,task     ] GC(1) Using 2 of 5 workers for concurrent weak root
[2.747s][info][gc          ] GC(1) Concurrent weak roots 0.056ms
[2.747s][info][gc,start    ] GC(1) Concurrent cleanup
[2.747s][info][gc          ] GC(1) Concurrent cleanup 4939M->4939M(4940M) 0.009ms
[2.747s][info][gc,ergo     ] GC(1) Free: 6732M, Max: 4096K regular, 6732M humongous, Frag: 0% external, 0% internal; Reserve: 616M, Max: 4096K
[2.747s][info][gc,start    ] GC(1) Concurrent class unloading
[2.747s][info][gc,task     ] GC(1) Using 2 of 5 workers for concurrent class unloading
[2.747s][info][gc          ] GC(1) Concurrent class unloading 0.133ms
[2.747s][info][gc,start    ] GC(1) Concurrent strong roots
[2.747s][info][gc,task     ] GC(1) Using 2 of 5 workers for concurrent strong root
[2.747s][info][gc          ] GC(1) Concurrent strong roots 0.016ms
[2.747s][info][gc,start    ] GC(1) Concurrent evacuation
[2.747s][info][gc,task     ] GC(1) Using 2 of 5 workers for concurrent evacuation
[2.851s][info][gc          ] GC(1) Concurrent evacuation 103.916ms
[2.851s][info][gc,start    ] GC(1) Pause Init Update Refs
[2.851s][info][gc,ergo     ] GC(1) Pacer for Update Refs. Used: 5651M, Free: 6532M, Non-Taxable: 653M, Alloc Tax Rate: 1.1x
[2.851s][info][gc          ] GC(1) Pause Init Update Refs 0.013ms
[2.851s][info][gc,start    ] GC(1) Concurrent update references
[2.851s][info][gc,task     ] GC(1) Using 2 of 5 workers for concurrent reference update
[3.256s][info][gc          ] GC(1) Concurrent update references 405.174ms
[3.256s][info][gc,start    ] GC(1) Concurrent update thread roots
[3.256s][info][gc          ] GC(1) Concurrent update thread roots 0.086ms
[3.256s][info][gc,start    ] GC(1) Pause Final Update Refs
[3.256s][info][gc,task     ] GC(1) Using 5 of 5 workers for final reference update
[3.256s][info][gc          ] GC(1) Pause Final Update Refs 0.077ms
[3.256s][info][gc,start    ] GC(1) Concurrent cleanup
[3.256s][info][gc          ] GC(1) Concurrent cleanup 6377M->5481M(6380M) 0.018ms
[3.256s][info][gc,ergo     ] Free: 6189M, Max: 4096K regular, 5292M humongous, Frag: 15% external, 1% internal; Reserve: 616M, Max: 4096K
[3.256s][info][gc,stats    ] 
[3.256s][info][gc,stats    ] All times are wall-clock times, except per-root-class counters, that are sum over
[3.256s][info][gc,stats    ] all workers. Dividing the <total> over the root stage time estimates parallelism.
[3.256s][info][gc,stats    ] 
[3.256s][info][gc,stats    ] Concurrent Reset                   1080 us
[3.256s][info][gc,stats    ] Pause Init Mark (G)                  98 us
[3.256s][info][gc,stats    ] Pause Init Mark (N)                  35 us
[3.256s][info][gc,stats    ]   Update Region States               12 us
[3.256s][info][gc,stats    ] Concurrent Mark Roots                84 us, parallelism: 1.14x
[3.256s][info][gc,stats    ]   CMR: <total>                       96 us
[3.256s][info][gc,stats    ]   CMR: Thread Roots                  86 us, workers (us):  37,  50, ---, ---, ---, 
[3.256s][info][gc,stats    ]   CMR: VM Strong Roots                2 us, workers (us):   2,   0, ---, ---, ---, 
[3.256s][info][gc,stats    ]   CMR: CLDG Roots                     8 us, workers (us):   8, ---, ---, ---, ---, 
[3.256s][info][gc,stats    ] Concurrent Marking               437487 us
[3.256s][info][gc,stats    ] Pause Final Mark (G)                154 us
[3.256s][info][gc,stats    ] Pause Final Mark (N)                119 us
[3.256s][info][gc,stats    ]   Finish Mark                        26 us
[3.256s][info][gc,stats    ]   Update Region States               17 us
[3.256s][info][gc,stats    ]   Choose Collection Set              47 us
[3.256s][info][gc,stats    ]   Rebuild Free Set                    7 us
[3.256s][info][gc,stats    ] Concurrent Thread Roots              66 us, parallelism: 1.20x
[3.256s][info][gc,stats    ]   CTR: <total>                       79 us
[3.256s][info][gc,stats    ]   CTR: Thread Roots                  79 us, workers (us):  42,  37, ---, ---, ---, 
[3.256s][info][gc,stats    ] Concurrent Weak References           43 us, parallelism: 0.15x
[3.256s][info][gc,stats    ]   CWRF: <total>                       6 us
[3.256s][info][gc,stats    ]   CWRF: Weak References               6 us, workers (us):   6,   0, ---, ---, ---, 
[3.256s][info][gc,stats    ] Concurrent Weak Roots                64 us
[3.256s][info][gc,stats    ]   Roots                              36 us, parallelism: 1.26x
[3.256s][info][gc,stats    ]     CWR: <total>                     46 us
[3.257s][info][gc,stats    ]     CWR: Code Cache Roots            33 us, workers (us):  10,  23, ---, ---, ---, 
[3.257s][info][gc,stats    ]     CWR: VM Weak Roots               11 us, workers (us):   8,   4, ---, ---, ---, 
[3.257s][info][gc,stats    ]     CWR: CLDG Roots                   1 us, workers (us):   1, ---, ---, ---, ---, 
[3.257s][info][gc,stats    ]   Rendezvous                         12 us
[3.257s][info][gc,stats    ] Concurrent Cleanup                   14 us
[3.257s][info][gc,stats    ] Concurrent Class Unloading          138 us
[3.257s][info][gc,stats    ]   Unlink Stale                      111 us
[3.257s][info][gc,stats    ]     System Dictionary                 1 us
[3.257s][info][gc,stats    ]     Weak Class Links                  0 us
[3.257s][info][gc,stats    ]     Code Roots                      110 us
[3.257s][info][gc,stats    ]   Rendezvous                          7 us
[3.257s][info][gc,stats    ]   Purge Unlinked                      9 us
[3.257s][info][gc,stats    ]     Code Roots                        7 us
[3.257s][info][gc,stats    ]     CLDG                              1 us
[3.257s][info][gc,stats    ]     Exception Caches                  0 us
[3.257s][info][gc,stats    ] Concurrent Strong Roots              20 us, parallelism: 0.32x
[3.257s][info][gc,stats    ]   CSR: <total>                        6 us
[3.257s][info][gc,stats    ]   CSR: VM Strong Roots                1 us, workers (us):   1,   0, ---, ---, ---, 
[3.257s][info][gc,stats    ]   CSR: CLDG Roots                     5 us, workers (us):   5, ---, ---, ---, ---, 
[3.257s][info][gc,stats    ] Concurrent Evacuation            103941 us
[3.257s][info][gc,stats    ] Pause Init Update Refs (G)           62 us
[3.257s][info][gc,stats    ] Pause Init Update Refs (N)           17 us
[3.257s][info][gc,stats    ]   Manage GCLABs                       1 us
[3.257s][info][gc,stats    ] Concurrent Update Refs           405196 us
[3.257s][info][gc,stats    ] Concurrent Update Thread Roots       93 us
[3.257s][info][gc,stats    ] Pause Final Update Refs (G)         112 us
[3.257s][info][gc,stats    ] Pause Final Update Refs (N)          84 us
[3.257s][info][gc,stats    ]   Update Region States               46 us
[3.257s][info][gc,stats    ]   Trash Collection Set                3 us
[3.257s][info][gc,stats    ]   Rebuild Free Set                    8 us
[3.257s][info][gc,stats    ] Concurrent Cleanup                   22 us
[3.257s][info][gc,stats    ] 
[3.257s][info][gc,stats    ] Allocation pacing accrued:
[3.257s][info][gc,stats    ]       0 of   950 ms (  0.0%): <total>
[3.257s][info][gc,stats    ]       0 of   950 ms (  0.0%): <average total>
[3.257s][info][gc,stats    ] 
[3.257s][info][gc,metaspace] Metaspace: 1716K(1920K)->1722K(1920K) NonClass: 1561K(1664K)->1566K(1664K) Class: 154K(256K)->156K(256K)
[3.257s][info][gc,ergo     ] Pacer for Idle. Initial: 245M, Alloc Tax Rate: 1.0x
[3.258s][info][gc          ] Trigger: Learning 3 of 5. Free (6189M) is below initial threshold (8601M)
[3.258s][info][gc,ergo     ] Free: 6189M, Max: 4096K regular, 5292M humongous, Frag: 15% external, 1% internal; Reserve: 616M, Max: 4096K
[3.258s][info][gc,start    ] GC(2) Concurrent reset
[3.258s][info][gc,task     ] GC(2) Using 2 of 5 workers for concurrent reset
[3.258s][info][gc,ergo     ] GC(2) Pacer for Reset. Non-Taxable: 12288M
[3.259s][info][gc          ] GC(2) Concurrent reset 0.996ms
[3.259s][info][gc,start    ] GC(2) Pause Init Mark (unload classes)
[3.259s][info][gc,task     ] GC(2) Using 5 of 5 workers for init marking
[3.259s][info][gc,ergo     ] GC(2) Pacer for Mark. Expected Live: 2252M, Free: 6189M, Non-Taxable: 618M, Alloc Tax Rate: 0.4x
[3.259s][info][gc          ] GC(2) Pause Init Mark (unload classes) 0.082ms
[3.259s][info][gc,start    ] GC(2) Concurrent marking roots
[3.259s][info][gc,task     ] GC(2) Using 2 of 5 workers for concurrent marking roots
[3.259s][info][gc          ] GC(2) Concurrent marking roots 0.077ms
[3.259s][info][gc,start    ] GC(2) Concurrent marking (unload classes)
[3.259s][info][gc,task     ] GC(2) Using 2 of 5 workers for concurrent marking
[4.504s][info][gc          ] GC(2) Concurrent marking (unload classes) 1244.896ms
[4.504s][info][gc,start    ] GC(2) Pause Final Mark (unload classes)
[4.504s][info][gc,task     ] GC(2) Using 5 of 5 workers for final marking
[4.504s][info][gc,ergo     ] GC(2) Adaptive CSet Selection. Target Free: 1740M, Actual Free: 3199M, Max CSet: 512M, Min Garbage: 0B
[4.504s][info][gc,ergo     ] GC(2) Collectable Garbage: 663M (37%), Immediate: 279M (15%), CSet: 384M (21%)
[4.504s][info][gc,ergo     ] GC(2) Pacer for Evacuation. Used CSet: 896M, Free: 2584M, Non-Taxable: 258M, Alloc Tax Rate: 1.1x
[4.504s][info][gc          ] GC(2) Pause Final Mark (unload classes) 0.137ms
[4.504s][info][gc,start    ] GC(2) Concurrent thread roots
[4.504s][info][gc,task     ] GC(2) Using 2 of 5 workers for Concurrent thread roots
[4.504s][info][gc          ] GC(2) Concurrent thread roots 0.261ms
[4.504s][info][gc,start    ] GC(2) Concurrent weak references
[4.504s][info][gc,task     ] GC(2) Using 2 of 5 workers for concurrent weak references
[4.504s][info][gc,ref      ] GC(2) Encountered references: Soft: 114, Weak: 222, Final: 6, Phantom: 1
[4.504s][info][gc,ref      ] GC(2) Discovered  references: Soft: 0, Weak: 198, Final: 6, Phantom: 1
[4.504s][info][gc,ref      ] GC(2) Enqueued    references: Soft: 0, Weak: 2, Final: 0, Phantom: 0
[4.504s][info][gc          ] GC(2) Concurrent weak references 0.045ms
[4.505s][info][gc,start    ] GC(2) Concurrent weak roots
[4.505s][info][gc,task     ] GC(2) Using 2 of 5 workers for concurrent weak root
[4.505s][info][gc          ] GC(2) Concurrent weak roots 0.075ms
[4.505s][info][gc,start    ] GC(2) Concurrent cleanup
[4.505s][info][gc          ] GC(2) Concurrent cleanup 9364M->9084M(9372M) 0.012ms
[4.505s][info][gc,ergo     ] GC(2) Free: 2583M, Max: 4096K regular, 2300M humongous, Frag: 11% external, 0% internal; Reserve: 616M, Max: 4096K
[4.505s][info][gc,start    ] GC(2) Concurrent class unloading
[4.505s][info][gc,task     ] GC(2) Using 2 of 5 workers for concurrent class unloading
[4.505s][info][gc          ] GC(2) Concurrent class unloading 0.160ms
[4.505s][info][gc,start    ] GC(2) Concurrent strong roots
[4.505s][info][gc,task     ] GC(2) Using 2 of 5 workers for concurrent strong root
[4.505s][info][gc          ] GC(2) Concurrent strong roots 0.023ms
[4.505s][info][gc,start    ] GC(2) Concurrent evacuation
[4.505s][info][gc,task     ] GC(2) Using 2 of 5 workers for concurrent evacuation
[4.690s][info][gc          ] GC(2) Concurrent evacuation 184.977ms
[4.690s][info][gc,start    ] GC(2) Pause Init Update Refs
[4.690s][info][gc,ergo     ] GC(2) Pacer for Update Refs. Used: 9752M, Free: 2431M, Non-Taxable: 243M, Alloc Tax Rate: 4.9x
[4.690s][info][gc          ] GC(2) Pause Init Update Refs 0.017ms
[4.690s][info][gc,start    ] GC(2) Concurrent update references
[4.690s][info][gc,task     ] GC(2) Using 2 of 5 workers for concurrent reference update
[6.341s][info][gc          ] GC(2) Concurrent update references 1651.149ms
[6.341s][info][gc,start    ] GC(2) Concurrent update thread roots
[6.342s][info][gc          ] GC(2) Concurrent update thread roots 0.627ms
[6.342s][info][gc,start    ] GC(2) Pause Final Update Refs
[6.342s][info][gc,task     ] GC(2) Using 5 of 5 workers for final reference update
[6.342s][info][gc          ] GC(2) Pause Final Update Refs 0.072ms
[6.342s][info][gc,start    ] GC(2) Concurrent cleanup
[6.342s][info][gc          ] GC(2) Concurrent cleanup 11136M->10240M(11144M) 0.023ms
[6.342s][info][gc,ergo     ] Free: 1427M, Max: 4096K regular, 528M humongous, Frag: 63% external, 0% internal; Reserve: 616M, Max: 4096K
[6.342s][info][gc,stats    ] 
[6.342s][info][gc,stats    ] All times are wall-clock times, except per-root-class counters, that are sum over
[6.342s][info][gc,stats    ] all workers. Dividing the <total> over the root stage time estimates parallelism.
[6.342s][info][gc,stats    ] 
[6.342s][info][gc,stats    ] Concurrent Reset                   1001 us
[6.342s][info][gc,stats    ] Pause Init Mark (G)                 114 us
[6.342s][info][gc,stats    ] Pause Init Mark (N)                  86 us
[6.342s][info][gc,stats    ]   Update Region States               66 us
[6.342s][info][gc,stats    ] Concurrent Mark Roots                82 us, parallelism: 1.36x
[6.342s][info][gc,stats    ]   CMR: <total>                      112 us
[6.342s][info][gc,stats    ]   CMR: Thread Roots                 101 us, workers (us):  45,  56, ---, ---, ---, 
[6.342s][info][gc,stats    ]   CMR: VM Strong Roots                2 us, workers (us):   2,   0, ---, ---, ---, 
[6.342s][info][gc,stats    ]   CMR: CLDG Roots                     9 us, workers (us):   9, ---, ---, ---, ---, 
[6.342s][info][gc,stats    ] Concurrent Marking              1244931 us
[6.342s][info][gc,stats    ] Pause Final Mark (G)                170 us
[6.342s][info][gc,stats    ] Pause Final Mark (N)                140 us
[6.342s][info][gc,stats    ]   Finish Mark                        29 us
[6.342s][info][gc,stats    ]   Update Region States               15 us
[6.342s][info][gc,stats    ]   Choose Collection Set              66 us
[6.342s][info][gc,stats    ]   Rebuild Free Set                    6 us
[6.342s][info][gc,stats    ] Concurrent Thread Roots             268 us, parallelism: 1.68x
[6.342s][info][gc,stats    ]   CTR: <total>                      451 us
[6.342s][info][gc,stats    ]   CTR: Thread Roots                 451 us, workers (us): 238, 213, ---, ---, ---, 
[6.342s][info][gc,stats    ] Concurrent Weak References           49 us, parallelism: 0.16x
[6.342s][info][gc,stats    ]   CWRF: <total>                       8 us
[6.342s][info][gc,stats    ]   CWRF: Weak References               8 us, workers (us):   7,   0, ---, ---, ---, 
[6.342s][info][gc,stats    ] Concurrent Weak Roots                79 us
[6.342s][info][gc,stats    ]   Roots                              38 us, parallelism: 1.56x
[6.342s][info][gc,stats    ]     CWR: <total>                     59 us
[6.342s][info][gc,stats    ]     CWR: Code Cache Roots            44 us, workers (us):  23,  21, ---, ---, ---, 
[6.342s][info][gc,stats    ]     CWR: VM Weak Roots               13 us, workers (us):   9,   4, ---, ---, ---, 
[6.342s][info][gc,stats    ]     CWR: CLDG Roots                   2 us, workers (us): ---,   2, ---, ---, ---, 
[6.342s][info][gc,stats    ]   Rendezvous                         30 us
[6.342s][info][gc,stats    ] Concurrent Cleanup                   16 us
[6.342s][info][gc,stats    ] Concurrent Class Unloading          167 us
[6.342s][info][gc,stats    ]   Unlink Stale                      132 us
[6.342s][info][gc,stats    ]     System Dictionary                 1 us
[6.342s][info][gc,stats    ]     Weak Class Links                  0 us
[6.342s][info][gc,stats    ]     Code Roots                      131 us
[6.342s][info][gc,stats    ]   Rendezvous                         11 us
[6.342s][info][gc,stats    ]   Purge Unlinked                     10 us
[6.342s][info][gc,stats    ]     Code Roots                        8 us
[6.342s][info][gc,stats    ]     CLDG                              1 us
[6.342s][info][gc,stats    ]     Exception Caches                  0 us
[6.342s][info][gc,stats    ] Concurrent Strong Roots              28 us, parallelism: 0.25x
[6.342s][info][gc,stats    ]   CSR: <total>                        7 us
[6.342s][info][gc,stats    ]   CSR: VM Strong Roots                1 us, workers (us):   1,   0, ---, ---, ---, 
[6.342s][info][gc,stats    ]   CSR: CLDG Roots                     6 us, workers (us):   6, ---, ---, ---, ---, 
[6.342s][info][gc,stats    ] Concurrent Evacuation            185005 us
[6.342s][info][gc,stats    ] Pause Init Update Refs (G)           71 us
[6.342s][info][gc,stats    ] Pause Init Update Refs (N)           20 us
[6.342s][info][gc,stats    ]   Manage GCLABs                       2 us
[6.342s][info][gc,stats    ] Concurrent Update Refs          1651201 us
[6.342s][info][gc,stats    ] Concurrent Update Thread Roots      639 us
[6.342s][info][gc,stats    ] Pause Final Update Refs (G)         116 us
[6.342s][info][gc,stats    ] Pause Final Update Refs (N)          76 us
[6.342s][info][gc,stats    ]   Update Region States               42 us
[6.342s][info][gc,stats    ]   Trash Collection Set                7 us
[6.342s][info][gc,stats    ]   Rebuild Free Set                    7 us
[6.342s][info][gc,stats    ] Concurrent Cleanup                   27 us
[6.342s][info][gc,stats    ] Pacing                          2279334 us
[6.342s][info][gc,stats    ] 
[6.342s][info][gc,stats    ] Allocation pacing accrued:
[6.342s][info][gc,stats    ]      13 of  3085 ms (  0.4%): main
[6.342s][info][gc,stats    ]     210 of  3085 ms (  6.8%): ForkJoinPool-1-worker-1
[6.342s][info][gc,stats    ]     198 of  3085 ms (  6.4%): ForkJoinPool-1-worker-2
[6.342s][info][gc,stats    ]     210 of  3085 ms (  6.8%): ForkJoinPool-1-worker-3
[6.342s][info][gc,stats    ]     206 of  3085 ms (  6.7%): ForkJoinPool-1-worker-4
[6.342s][info][gc,stats    ]     216 of  3085 ms (  7.0%): ForkJoinPool-1-worker-5
[6.342s][info][gc,stats    ]     210 of  3085 ms (  6.8%): ForkJoinPool-1-worker-6
[6.342s][info][gc,stats    ]     195 of  3085 ms (  6.3%): ForkJoinPool-1-worker-7
[6.342s][info][gc,stats    ]     213 of  3085 ms (  6.9%): ForkJoinPool-1-worker-8
[6.342s][info][gc,stats    ]     210 of  3085 ms (  6.8%): ForkJoinPool-1-worker-9
[6.342s][info][gc,stats    ]     199 of  3085 ms (  6.4%): ForkJoinPool-1-worker-10
[6.342s][info][gc,stats    ]     200 of  3085 ms (  6.5%): ForkJoinPool-1-worker-11
[6.342s][info][gc,stats    ]    2279 of  3085 ms ( 73.9%): <total>
[6.342s][info][gc,stats    ]      99 of  3085 ms (  3.2%): <average total>
[6.342s][info][gc,stats    ]     190 of  3085 ms (  6.2%): <average non-zero>
[6.342s][info][gc,stats    ] 
[6.342s][info][gc,metaspace] Metaspace: 1722K(1920K)->1829K(2048K) NonClass: 1566K(1664K)->1666K(1792K) Class: 156K(256K)->162K(256K)
[6.342s][info][gc,ergo     ] Pacer for Idle. Initial: 245M, Alloc Tax Rate: 1.0x
[6.343s][info][gc          ] Trigger: Learning 4 of 5. Free (1424M) is below initial threshold (8601M)
[6.343s][info][gc,ergo     ] Free: 1424M, Max: 4096K regular, 528M humongous, Frag: 63% external, 0% internal; Reserve: 616M, Max: 4096K
[6.343s][info][gc,start    ] GC(3) Concurrent reset
[6.343s][info][gc,task     ] GC(3) Using 2 of 5 workers for concurrent reset
[6.343s][info][gc,ergo     ] GC(3) Pacer for Reset. Non-Taxable: 12288M
[6.353s][info][gc          ] GC(3) Concurrent reset 9.527ms
[6.353s][info][gc,start    ] GC(3) Pause Init Mark (unload classes)
[6.353s][info][gc,task     ] GC(3) Using 5 of 5 workers for init marking
[6.353s][info][gc,ergo     ] GC(3) Pacer for Mark. Expected Live: 2742M, Free: 1415M, Non-Taxable: 141M, Alloc Tax Rate: 2.4x
[6.353s][info][gc          ] GC(3) Pause Init Mark (unload classes) 0.047ms
[6.353s][info][gc,start    ] GC(3) Concurrent marking roots
[6.353s][info][gc,task     ] GC(3) Using 2 of 5 workers for concurrent marking roots
[6.353s][info][gc          ] GC(3) Concurrent marking roots 0.262ms
[6.353s][info][gc,start    ] GC(3) Concurrent marking (unload classes)
[6.353s][info][gc,task     ] GC(3) Using 2 of 5 workers for concurrent marking
[8.498s][info][gc          ] GC(3) Concurrent marking (unload classes) 2145.089ms
[8.498s][info][gc,start    ] GC(3) Pause Final Mark (unload classes)
[8.499s][info][gc,task     ] GC(3) Using 5 of 5 workers for final marking
[8.499s][info][gc,ergo     ] GC(3) Adaptive CSet Selection. Target Free: 1740M, Actual Free: 2952M, Max CSet: 512M, Min Garbage: 0B
[8.499s][info][gc,ergo     ] GC(3) Collectable Garbage: 2452M (77%), Immediate: 2056M (64%), CSet: 396M (12%)
[8.499s][info][gc,ergo     ] GC(3) Pacer for Evacuation. Used CSet: 908M, Free: 2357M, Non-Taxable: 235M, Alloc Tax Rate: 1.1x
[8.499s][info][gc          ] GC(3) Pause Final Mark (unload classes) 0.205ms
[8.499s][info][gc,start    ] GC(3) Concurrent thread roots
[8.499s][info][gc,task     ] GC(3) Using 2 of 5 workers for Concurrent thread roots
[8.499s][info][gc          ] GC(3) Concurrent thread roots 0.353ms
[8.499s][info][gc,start    ] GC(3) Concurrent weak references
[8.499s][info][gc,task     ] GC(3) Using 2 of 5 workers for concurrent weak references
[8.499s][info][gc,ref      ] GC(3) Encountered references: Soft: 115, Weak: 296, Final: 6, Phantom: 3
[8.499s][info][gc,ref      ] GC(3) Discovered  references: Soft: 0, Weak: 271, Final: 6, Phantom: 3
[8.499s][info][gc,ref      ] GC(3) Enqueued    references: Soft: 0, Weak: 25, Final: 0, Phantom: 2
[8.499s][info][gc          ] GC(3) Concurrent weak references 0.047ms
[8.499s][info][gc,start    ] GC(3) Concurrent weak roots
[8.499s][info][gc,task     ] GC(3) Using 2 of 5 workers for concurrent weak root
[8.499s][info][gc          ] GC(3) Concurrent weak roots 0.135ms
[8.499s][info][gc,start    ] GC(3) Concurrent cleanup
[8.499s][info][gc          ] GC(3) Concurrent cleanup 11366M->9310M(11396M) 0.022ms
[8.499s][info][gc,ergo     ] GC(3) Free: 2357M, Max: 4096K regular, 1768M humongous, Frag: 25% external, 28% internal; Reserve: 615M, Max: 4096K
[8.499s][info][gc,start    ] GC(3) Concurrent class unloading
[8.499s][info][gc,task     ] GC(3) Using 2 of 5 workers for concurrent class unloading
[8.500s][info][gc          ] GC(3) Concurrent class unloading 0.226ms
[8.500s][info][gc,start    ] GC(3) Concurrent strong roots
[8.500s][info][gc,task     ] GC(3) Using 2 of 5 workers for concurrent strong root
[8.500s][info][gc          ] GC(3) Concurrent strong roots 0.021ms
[8.500s][info][gc,start    ] GC(3) Concurrent evacuation
[8.500s][info][gc,task     ] GC(3) Using 2 of 5 workers for concurrent evacuation
[8.818s][info][gc          ] GC(3) Concurrent evacuation 318.288ms
[8.818s][info][gc,start    ] GC(3) Pause Init Update Refs
[8.818s][info][gc,ergo     ] GC(3) Pacer for Update Refs. Used: 9953M, Free: 2224M, Non-Taxable: 222M, Alloc Tax Rate: 5.5x
[8.818s][info][gc          ] GC(3) Pause Init Update Refs 0.015ms
[8.818s][info][gc,start    ] GC(3) Concurrent update references
[8.818s][info][gc,task     ] GC(3) Using 2 of 5 workers for concurrent reference update
[10.839s][info][gc          ] GC(3) Concurrent update references 2021.154ms
[10.839s][info][gc,start    ] GC(3) Concurrent update thread roots
[10.840s][info][gc          ] GC(3) Concurrent update thread roots 0.439ms
[10.840s][info][gc,start    ] GC(3) Pause Final Update Refs
[10.840s][info][gc,task     ] GC(3) Using 5 of 5 workers for final reference update
[10.840s][info][gc          ] GC(3) Pause Final Update Refs 0.055ms
[10.840s][info][gc,start    ] GC(3) Concurrent cleanup
[10.840s][info][gc          ] GC(3) Concurrent cleanup 11462M->10554M(11904M) 0.029ms
[10.840s][info][gc,ergo     ] Free: 1112M, Max: 4096K regular, 196M humongous, Frag: 83% external, 51% internal; Reserve: 616M, Max: 4096K
[10.840s][info][gc,stats    ] 
[10.840s][info][gc,stats    ] All times are wall-clock times, except per-root-class counters, that are sum over
[10.840s][info][gc,stats    ] all workers. Dividing the <total> over the root stage time estimates parallelism.
[10.840s][info][gc,stats    ] 
[10.840s][info][gc,stats    ] Concurrent Reset                   9564 us
[10.840s][info][gc,stats    ] Pause Init Mark (G)                  99 us
[10.840s][info][gc,stats    ] Pause Init Mark (N)                  53 us
[10.840s][info][gc,stats    ]   Update Region States               13 us
[10.840s][info][gc,stats    ] Concurrent Mark Roots               269 us, parallelism: 1.69x
[10.840s][info][gc,stats    ]   CMR: <total>                      456 us
[10.840s][info][gc,stats    ]   CMR: Thread Roots                 408 us, workers (us): 197, 211, ---, ---, ---, 
[10.840s][info][gc,stats    ]   CMR: VM Strong Roots               28 us, workers (us):   6,  21, ---, ---, ---, 
[10.840s][info][gc,stats    ]   CMR: CLDG Roots                    20 us, workers (us):  20, ---, ---, ---, ---, 
[10.840s][info][gc,stats    ] Concurrent Marking              2145117 us
[10.840s][info][gc,stats    ] Pause Final Mark (G)                234 us
[10.840s][info][gc,stats    ] Pause Final Mark (N)                209 us
[10.840s][info][gc,stats    ]   Finish Mark                        72 us
[10.840s][info][gc,stats    ]   Update Region States               28 us
[10.840s][info][gc,stats    ]   Choose Collection Set              78 us
[10.840s][info][gc,stats    ]   Rebuild Free Set                    7 us
[10.840s][info][gc,stats    ] Concurrent Thread Roots             362 us, parallelism: 1.74x
[10.840s][info][gc,stats    ]   CTR: <total>                      628 us
[10.840s][info][gc,stats    ]   CTR: Thread Roots                 628 us, workers (us): 328, 300, ---, ---, ---, 
[10.840s][info][gc,stats    ] Concurrent Weak References           52 us, parallelism: 0.36x
[10.840s][info][gc,stats    ]   CWRF: <total>                      19 us
[10.840s][info][gc,stats    ]   CWRF: Weak References              19 us, workers (us):  17,   1, ---, ---, ---, 
[10.840s][info][gc,stats    ] Concurrent Weak Roots               145 us
[10.840s][info][gc,stats    ]   Roots                             114 us, parallelism: 1.70x
[10.840s][info][gc,stats    ]     CWR: <total>                    193 us
[10.840s][info][gc,stats    ]     CWR: Code Cache Roots           169 us, workers (us):  94,  75, ---, ---, ---, 
[10.840s][info][gc,stats    ]     CWR: VM Weak Roots               22 us, workers (us):  11,  12, ---, ---, ---, 
[10.840s][info][gc,stats    ]     CWR: CLDG Roots                   2 us, workers (us):   2, ---, ---, ---, ---, 
[10.840s][info][gc,stats    ]   Rendezvous                         12 us
[10.840s][info][gc,stats    ] Concurrent Cleanup                   26 us
[10.840s][info][gc,stats    ] Concurrent Class Unloading          233 us
[10.840s][info][gc,stats    ]   Unlink Stale                      199 us
[10.840s][info][gc,stats    ]     System Dictionary                 1 us
[10.840s][info][gc,stats    ]     Weak Class Links                  0 us
[10.840s][info][gc,stats    ]     Code Roots                      198 us
[10.840s][info][gc,stats    ]   Rendezvous                          9 us
[10.840s][info][gc,stats    ]   Purge Unlinked                     11 us
[10.840s][info][gc,stats    ]     Code Roots                       10 us
[10.840s][info][gc,stats    ]     CLDG                              1 us
[10.840s][info][gc,stats    ] Concurrent Strong Roots              28 us, parallelism: 0.29x
[10.840s][info][gc,stats    ]   CSR: <total>                        8 us
[10.840s][info][gc,stats    ]   CSR: VM Strong Roots                1 us, workers (us):   1,   0, ---, ---, ---, 
[10.840s][info][gc,stats    ]   CSR: CLDG Roots                     7 us, workers (us):   7, ---, ---, ---, ---, 
[10.840s][info][gc,stats    ] Concurrent Evacuation            318308 us
[10.840s][info][gc,stats    ] Pause Init Update Refs (G)           69 us
[10.840s][info][gc,stats    ] Pause Init Update Refs (N)           18 us
[10.840s][info][gc,stats    ]   Manage GCLABs                       4 us
[10.840s][info][gc,stats    ] Concurrent Update Refs          2021205 us
[10.840s][info][gc,stats    ] Concurrent Update Thread Roots      452 us
[10.840s][info][gc,stats    ] Pause Final Update Refs (G)         105 us
[10.840s][info][gc,stats    ] Pause Final Update Refs (N)          67 us
[10.840s][info][gc,stats    ]   Update Region States               30 us
[10.840s][info][gc,stats    ]   Trash Collection Set                3 us
[10.840s][info][gc,stats    ]   Rebuild Free Set                    8 us
[10.840s][info][gc,stats    ] Concurrent Cleanup                   35 us
[10.840s][info][gc,stats    ] 
[10.840s][info][gc,stats    ] Allocation pacing accrued:
[10.840s][info][gc,stats    ]       0 of  4498 ms (  0.0%): <total>
[10.840s][info][gc,stats    ]       0 of  4498 ms (  0.0%): <average total>
[10.840s][info][gc,stats    ] 
[10.840s][info][gc,metaspace] Metaspace: 1829K(2048K)->2233K(2368K) NonClass: 1666K(1792K)->2028K(2112K) Class: 162K(256K)->204K(256K)
[10.840s][info][gc,ergo     ] Pacer for Idle. Initial: 245M, Alloc Tax Rate: 1.0x
[10.841s][info][gc          ] Trigger: Free (1108M) is below minimum threshold (1228M)
[10.841s][info][gc,ergo     ] Free: 1108M, Max: 4096K regular, 196M humongous, Frag: 83% external, 51% internal; Reserve: 616M, Max: 4096K
[10.841s][info][gc,start    ] GC(4) Concurrent reset
[10.841s][info][gc,task     ] GC(4) Using 2 of 5 workers for concurrent reset
[10.841s][info][gc,ergo     ] GC(4) Pacer for Reset. Non-Taxable: 12288M
[10.868s][info][gc          ] GC(4) Concurrent reset 26.563ms
[10.868s][info][gc,start    ] GC(4) Pause Init Mark (unload classes)
[10.868s][info][gc,task     ] GC(4) Using 5 of 5 workers for init marking
[10.868s][info][gc,ergo     ] GC(4) Pacer for Mark. Expected Live: 3824M, Free: 1085M, Non-Taxable: 108M, Alloc Tax Rate: 4.3x
[10.868s][info][gc          ] GC(4) Pause Init Mark (unload classes) 0.040ms
[10.868s][info][gc,start    ] GC(4) Concurrent marking roots
[10.868s][info][gc,task     ] GC(4) Using 2 of 5 workers for concurrent marking roots
[10.868s][info][gc          ] GC(4) Concurrent marking roots 0.274ms
[10.868s][info][gc,start    ] GC(4) Concurrent marking (unload classes)
[10.868s][info][gc,task     ] GC(4) Using 2 of 5 workers for concurrent marking
[10.995s][info][gc          ] GC(4) Concurrent marking (unload classes) 126.563ms
[10.995s][info][gc,start    ] GC(4) Pause Final Mark (unload classes)
[10.995s][info][gc,task     ] GC(4) Using 5 of 5 workers for final marking
[10.995s][info][gc,ergo     ] GC(4) Collectable Garbage: 9024M (93%), Immediate: 9024M (93%), CSet: 0B (0%)
[10.995s][info][gc          ] GC(4) Pause Final Mark (unload classes) 0.238ms
[10.995s][info][gc,start    ] GC(4) Concurrent weak references
[10.995s][info][gc,task     ] GC(4) Using 2 of 5 workers for concurrent weak references
[10.995s][info][gc,ref      ] GC(4) Encountered references: Soft: 170, Weak: 342, Final: 6, Phantom: 16
[10.995s][info][gc,ref      ] GC(4) Discovered  references: Soft: 0, Weak: 162, Final: 0, Phantom: 16
[10.995s][info][gc,ref      ] GC(4) Enqueued    references: Soft: 0, Weak: 18, Final: 0, Phantom: 15
[10.995s][info][gc          ] GC(4) Concurrent weak references 0.051ms
[10.995s][info][gc,start    ] GC(4) Concurrent weak roots
[10.995s][info][gc,task     ] GC(4) Using 2 of 5 workers for concurrent weak root
[10.998s][info][gc          ] GC(4) Concurrent weak roots 2.773ms
[10.998s][info][gc,start    ] GC(4) Concurrent cleanup
[10.998s][info][gc          ] GC(4) Concurrent cleanup 10727M->1702M(11904M) 0.053ms
[10.998s][info][gc,ergo     ] GC(4) Free: 9968M, Max: 4096K regular, 2464M humongous, Frag: 76% external, 3% internal; Reserve: 616M, Max: 4096K
[10.998s][info][gc,start    ] GC(4) Concurrent class unloading
[10.998s][info][gc,task     ] GC(4) Using 2 of 5 workers for concurrent class unloading
[10.999s][info][gc          ] GC(4) Concurrent class unloading 0.242ms
[10.999s][info][gc,start    ] GC(4) Pause Final Roots
[10.999s][info][gc          ] GC(4) Pause Final Roots 0.009ms
[10.999s][info][gc,ergo     ] Free: 9968M, Max: 4096K regular, 2464M humongous, Frag: 76% external, 3% internal; Reserve: 616M, Max: 4096K
[10.999s][info][gc,stats    ] 
[10.999s][info][gc,stats    ] All times are wall-clock times, except per-root-class counters, that are sum over
[10.999s][info][gc,stats    ] all workers. Dividing the <total> over the root stage time estimates parallelism.
[10.999s][info][gc,stats    ] 
[10.999s][info][gc,stats    ] Concurrent Reset                  26587 us
[10.999s][info][gc,stats    ] Pause Init Mark (G)                  87 us
[10.999s][info][gc,stats    ] Pause Init Mark (N)                  44 us
[10.999s][info][gc,stats    ]   Update Region States               17 us
[10.999s][info][gc,stats    ] Concurrent Mark Roots               279 us, parallelism: 1.74x
[10.999s][info][gc,stats    ]   CMR: <total>                      485 us
[10.999s][info][gc,stats    ]   CMR: Thread Roots                 446 us, workers (us): 227, 219, ---, ---, ---, 
[10.999s][info][gc,stats    ]   CMR: VM Strong Roots               25 us, workers (us):  12,  12, ---, ---, ---, 
[10.999s][info][gc,stats    ]   CMR: CLDG Roots                    14 us, workers (us):  14, ---, ---, ---, ---, 
[10.999s][info][gc,stats    ] Concurrent Marking               126599 us
[10.999s][info][gc,stats    ] Pause Final Mark (G)                547 us
[10.999s][info][gc,stats    ] Pause Final Mark (N)                252 us
[10.999s][info][gc,stats    ]   Finish Mark                        42 us
[10.999s][info][gc,stats    ]   Update Region States               15 us
[10.999s][info][gc,stats    ]   Choose Collection Set             155 us
[10.999s][info][gc,stats    ]   Rebuild Free Set                    8 us
[10.999s][info][gc,stats    ] Concurrent Weak References           55 us, parallelism: 0.30x
[10.999s][info][gc,stats    ]   CWRF: <total>                      16 us
[10.999s][info][gc,stats    ]   CWRF: Weak References              16 us, workers (us):  13,   3, ---, ---, ---, 
[10.999s][info][gc,stats    ] Concurrent Weak Roots              2781 us
[10.999s][info][gc,stats    ]   Roots                            2748 us, parallelism: 1.99x
[10.999s][info][gc,stats    ]     CWR: <total>                   5472 us
[10.999s][info][gc,stats    ]     CWR: Code Cache Roots          5451 us, workers (us): 2726, 2725, ---, ---, ---, 
[10.999s][info][gc,stats    ]     CWR: VM Weak Roots               19 us, workers (us):  11,   8, ---, ---, ---, 
[10.999s][info][gc,stats    ]     CWR: CLDG Roots                   1 us, workers (us):   1, ---, ---, ---, ---, 
[10.999s][info][gc,stats    ]   Rendezvous                         13 us
[10.999s][info][gc,stats    ] Concurrent Cleanup                   58 us
[10.999s][info][gc,stats    ] Concurrent Class Unloading          247 us
[10.999s][info][gc,stats    ]   Unlink Stale                      218 us
[10.999s][info][gc,stats    ]     System Dictionary                 1 us
[10.999s][info][gc,stats    ]     Weak Class Links                  0 us
[10.999s][info][gc,stats    ]     Code Roots                      217 us
[10.999s][info][gc,stats    ]   Rendezvous                          8 us
[10.999s][info][gc,stats    ]   Purge Unlinked                      9 us
[10.999s][info][gc,stats    ]     Code Roots                        8 us
[10.999s][info][gc,stats    ]     CLDG                              1 us
[10.999s][info][gc,stats    ]     Exception Caches                  0 us
[10.999s][info][gc,stats    ] Pause Final Roots (G)                45 us
[10.999s][info][gc,stats    ] Pause Final Roots (N)                13 us
[10.999s][info][gc,stats    ] 
[10.999s][info][gc,stats    ] Allocation pacing accrued:
[10.999s][info][gc,stats    ]       0 of   159 ms (  0.0%): <total>
[10.999s][info][gc,stats    ]       0 of   159 ms (  0.0%): <average total>
[10.999s][info][gc,stats    ] 
[10.999s][info][gc,metaspace] Metaspace: 2233K(2368K)->2233K(2368K) NonClass: 2028K(2112K)->2028K(2112K) Class: 204K(256K)->204K(256K)
[10.999s][info][gc,ergo     ] Pacer for Idle. Initial: 245M, Alloc Tax Rate: 1.0x
[12.406s][info][gc          ] Trigger: Average GC time (5050.01 ms) is above the time for average allocation rate (1606 MB/s) to deplete free headroom (7360M) (margin of error = 1.80)
[12.406s][info][gc,ergo     ] Free headroom: 7975M (free) - 614M (spike) - 0B (penalties) = 7360M
[12.406s][info][gc,ergo     ] Free: 7974M, Max: 4096K regular, 2464M humongous, Frag: 70% external, 4% internal; Reserve: 616M, Max: 4096K
[12.406s][info][gc,start    ] GC(5) Concurrent reset
[12.406s][info][gc,task     ] GC(5) Using 2 of 5 workers for concurrent reset
[12.406s][info][gc,ergo     ] GC(5) Pacer for Reset. Non-Taxable: 12288M
[12.414s][info][gc          ] GC(5) Concurrent reset 7.902ms
[12.414s][info][gc,start    ] GC(5) Pause Init Mark (unload classes)
[12.414s][info][gc,task     ] GC(5) Using 5 of 5 workers for init marking
[12.414s][info][gc,ergo     ] GC(5) Pacer for Mark. Expected Live: 3252M, Free: 7967M, Non-Taxable: 796M, Alloc Tax Rate: 0.5x
[12.414s][info][gc          ] GC(5) Pause Init Mark (unload classes) 0.083ms
[12.414s][info][gc,start    ] GC(5) Concurrent marking roots
[12.415s][info][gc,task     ] GC(5) Using 2 of 5 workers for concurrent marking roots
[12.415s][info][gc          ] GC(5) Concurrent marking roots 0.644ms
[12.415s][info][gc,start    ] GC(5) Concurrent marking (unload classes)
[12.415s][info][gc,task     ] GC(5) Using 2 of 5 workers for concurrent marking
[12.823s][info][gc          ] GC(5) Concurrent marking (unload classes) 407.684ms
[12.823s][info][gc,start    ] GC(5) Pause Final Mark (unload classes)
[12.823s][info][gc,task     ] GC(5) Using 5 of 5 workers for final marking
[12.823s][info][gc,ergo     ] GC(5) Adaptive CSet Selection. Target Free: 1740M, Actual Free: 8076M, Max CSet: 512M, Min Garbage: 0B
[12.823s][info][gc,ergo     ] GC(5) Collectable Garbage: 737M (48%), Immediate: 0B (0%), CSet: 737M (48%)
[12.823s][info][gc,ergo     ] GC(5) Pacer for Evacuation. Used CSet: 1247M, Free: 7466M, Non-Taxable: 746M, Alloc Tax Rate: 1.1x
[12.823s][info][gc          ] GC(5) Pause Final Mark (unload classes) 0.124ms
[12.823s][info][gc,start    ] GC(5) Concurrent thread roots
[12.823s][info][gc,task     ] GC(5) Using 2 of 5 workers for Concurrent thread roots
[12.823s][info][gc          ] GC(5) Concurrent thread roots 0.259ms
[12.823s][info][gc,start    ] GC(5) Concurrent weak references
[12.823s][info][gc,task     ] GC(5) Using 2 of 5 workers for concurrent weak references
[12.823s][info][gc,ref      ] GC(5) Encountered references: Soft: 170, Weak: 324, Final: 6, Phantom: 1
[12.823s][info][gc,ref      ] GC(5) Discovered  references: Soft: 0, Weak: 124, Final: 0, Phantom: 1
[12.823s][info][gc,ref      ] GC(5) Enqueued    references: Soft: 0, Weak: 0, Final: 0, Phantom: 0
[12.823s][info][gc          ] GC(5) Concurrent weak references 0.054ms
[12.823s][info][gc,start    ] GC(5) Concurrent weak roots
[12.823s][info][gc,task     ] GC(5) Using 2 of 5 workers for concurrent weak root
[12.824s][info][gc          ] GC(5) Concurrent weak roots 0.372ms
[12.824s][info][gc,start    ] GC(5) Concurrent cleanup
[12.824s][info][gc          ] GC(5) Concurrent cleanup 4208M->4208M(11904M) 0.017ms
[12.824s][info][gc,ergo     ] GC(5) Free: 7463M, Max: 4096K regular, 2464M humongous, Frag: 67% external, 4% internal; Reserve: 615M, Max: 4096K
[12.824s][info][gc,start    ] GC(5) Concurrent class unloading
[12.824s][info][gc,task     ] GC(5) Using 2 of 5 workers for concurrent class unloading
[12.824s][info][gc          ] GC(5) Concurrent class unloading 0.238ms
[12.824s][info][gc,start    ] GC(5) Concurrent strong roots
[12.824s][info][gc,task     ] GC(5) Using 2 of 5 workers for concurrent strong root
[12.824s][info][gc          ] GC(5) Concurrent strong roots 0.079ms
[12.824s][info][gc,start    ] GC(5) Concurrent evacuation
[12.824s][info][gc,task     ] GC(5) Using 2 of 5 workers for concurrent evacuation
[12.937s][info][gc          ] GC(5) Concurrent evacuation 112.702ms
[12.937s][info][gc,start    ] GC(5) Pause Init Update Refs
[12.938s][info][gc,ergo     ] GC(5) Pacer for Update Refs. Used: 4869M, Free: 7317M, Non-Taxable: 731M, Alloc Tax Rate: 1.1x
[12.938s][info][gc          ] GC(5) Pause Init Update Refs 0.071ms
[12.938s][info][gc,start    ] GC(5) Concurrent update references
[12.938s][info][gc,task     ] GC(5) Using 2 of 5 workers for concurrent reference update
[13.222s][info][gc          ] GC(5) Concurrent update references 284.410ms
[13.222s][info][gc,start    ] GC(5) Concurrent update thread roots
[13.222s][info][gc          ] GC(5) Concurrent update thread roots 0.347ms
[13.222s][info][gc,start    ] GC(5) Pause Final Update Refs
[13.222s][info][gc,task     ] GC(5) Using 5 of 5 workers for final reference update
[13.222s][info][gc          ] GC(5) Pause Final Update Refs 0.041ms
[13.222s][info][gc,start    ] GC(5) Concurrent cleanup
[13.222s][info][gc          ] GC(5) Concurrent cleanup 5205M->3957M(11904M) 0.021ms
[13.222s][info][gc,ergo     ] Free: 7713M, Max: 4096K regular, 4348M humongous, Frag: 44% external, 4% internal; Reserve: 616M, Max: 4096K
[13.222s][info][gc,stats    ] 
[13.222s][info][gc,stats    ] All times are wall-clock times, except per-root-class counters, that are sum over
[13.222s][info][gc,stats    ] all workers. Dividing the <total> over the root stage time estimates parallelism.
[13.222s][info][gc,stats    ] 
[13.222s][info][gc,stats    ] Concurrent Reset                   7939 us
[13.222s][info][gc,stats    ] Pause Init Mark (G)                 204 us
[13.222s][info][gc,stats    ] Pause Init Mark (N)                  88 us
[13.222s][info][gc,stats    ]   Update Region States               54 us
[13.222s][info][gc,stats    ] Concurrent Mark Roots               653 us, parallelism: 1.83x
[13.223s][info][gc,stats    ]   CMR: <total>                     1194 us
[13.223s][info][gc,stats    ]   CMR: Thread Roots                1116 us, workers (us): 592, 524, ---, ---, ---, 
[13.223s][info][gc,stats    ]   CMR: VM Strong Roots                7 us, workers (us):   7,   0, ---, ---, ---, 
[13.223s][info][gc,stats    ]   CMR: CLDG Roots                    70 us, workers (us): ---,  70, ---, ---, ---, 
[13.223s][info][gc,stats    ] Concurrent Marking               407722 us
[13.223s][info][gc,stats    ] Pause Final Mark (G)                169 us
[13.223s][info][gc,stats    ] Pause Final Mark (N)                131 us
[13.223s][info][gc,stats    ]   Finish Mark                        36 us
[13.223s][info][gc,stats    ]   Update Region States               13 us
[13.223s][info][gc,stats    ]   Choose Collection Set              47 us
[13.223s][info][gc,stats    ]   Rebuild Free Set                    7 us
[13.223s][info][gc,stats    ] Concurrent Thread Roots             270 us, parallelism: 1.65x
[13.223s][info][gc,stats    ]   CTR: <total>                      444 us
[13.223s][info][gc,stats    ]   CTR: Thread Roots                 444 us, workers (us): 235, 209, ---, ---, ---, 
[13.223s][info][gc,stats    ] Concurrent Weak References           57 us, parallelism: 0.17x
[13.223s][info][gc,stats    ]   CWRF: <total>                      10 us
[13.223s][info][gc,stats    ]   CWRF: Weak References              10 us, workers (us):  10,   0, ---, ---, ---, 
[13.223s][info][gc,stats    ] Concurrent Weak Roots               377 us
[13.223s][info][gc,stats    ]   Roots                             327 us, parallelism: 1.86x
[13.223s][info][gc,stats    ]     CWR: <total>                    607 us
[13.223s][info][gc,stats    ]     CWR: Code Cache Roots           503 us, workers (us): 244, 259, ---, ---, ---, 
[13.223s][info][gc,stats    ]     CWR: VM Weak Roots              102 us, workers (us):  55,  47, ---, ---, ---, 
[13.223s][info][gc,stats    ]     CWR: CLDG Roots                   2 us, workers (us): ---,   2, ---, ---, ---, 
[13.223s][info][gc,stats    ]   Rendezvous                         39 us
[13.223s][info][gc,stats    ] Concurrent Cleanup                   23 us
[13.223s][info][gc,stats    ] Concurrent Class Unloading          243 us
[13.223s][info][gc,stats    ]   Unlink Stale                      213 us
[13.223s][info][gc,stats    ]     System Dictionary                 1 us
[13.223s][info][gc,stats    ]     Weak Class Links                  0 us
[13.223s][info][gc,stats    ]     Code Roots                      212 us
[13.223s][info][gc,stats    ]   Rendezvous                          8 us
[13.223s][info][gc,stats    ]   Purge Unlinked                     11 us
[13.223s][info][gc,stats    ]     Code Roots                        9 us
[13.223s][info][gc,stats    ]     CLDG                              1 us
[13.223s][info][gc,stats    ]     Exception Caches                  0 us
[13.223s][info][gc,stats    ] Concurrent Strong Roots              84 us, parallelism: 0.80x
[13.223s][info][gc,stats    ]   CSR: <total>                       67 us
[13.223s][info][gc,stats    ]   CSR: VM Strong Roots                3 us, workers (us):   3,   0, ---, ---, ---, 
[13.223s][info][gc,stats    ]   CSR: CLDG Roots                    63 us, workers (us):  63, ---, ---, ---, ---, 
[13.223s][info][gc,stats    ] Concurrent Evacuation            112728 us
[13.223s][info][gc,stats    ] Pause Init Update Refs (G)          716 us
[13.223s][info][gc,stats    ] Pause Init Update Refs (N)           75 us
[13.223s][info][gc,stats    ]   Manage GCLABs                      57 us
[13.223s][info][gc,stats    ] Concurrent Update Refs           284443 us
[13.223s][info][gc,stats    ] Concurrent Update Thread Roots      358 us
[13.223s][info][gc,stats    ] Pause Final Update Refs (G)          86 us
[13.223s][info][gc,stats    ] Pause Final Update Refs (N)          49 us
[13.223s][info][gc,stats    ]   Update Region States               17 us
[13.223s][info][gc,stats    ]   Trash Collection Set                3 us
[13.223s][info][gc,stats    ]   Rebuild Free Set                    9 us
[13.223s][info][gc,stats    ] Concurrent Cleanup                   25 us
[13.223s][info][gc,stats    ] 
[13.223s][info][gc,stats    ] Allocation pacing accrued:
[13.223s][info][gc,stats    ]       0 of  2224 ms (  0.0%): <total>
[13.223s][info][gc,stats    ]       0 of  2224 ms (  0.0%): <average total>
[13.223s][info][gc,stats    ] 
[13.223s][info][gc,metaspace] Metaspace: 2233K(2368K)->2233K(2368K) NonClass: 2028K(2112K)->2028K(2112K) Class: 204K(256K)->204K(256K)
[13.223s][info][gc,ergo     ] Pacer for Idle. Initial: 245M, Alloc Tax Rate: 1.0x
[13.525s][info][gc          ] Trigger: Average GC time (3747.08 ms) is above the time for average allocation rate (2152 MB/s) to deplete free headroom (6528M) (margin of error = 1.79)
[13.525s][info][gc,ergo     ] Free headroom: 7143M (free) - 614M (spike) - 0B (penalties) = 6528M
[13.525s][info][gc,ergo     ] Free: 7141M, Max: 4096K regular, 4348M humongous, Frag: 40% external, 4% internal; Reserve: 616M, Max: 4096K
[13.525s][info][gc,start    ] GC(6) Concurrent reset
[13.525s][info][gc,task     ] GC(6) Using 2 of 5 workers for concurrent reset
[13.526s][info][gc,ergo     ] GC(6) Pacer for Reset. Non-Taxable: 12288M
[13.527s][info][gc          ] GC(6) Concurrent reset 1.021ms
[13.527s][info][gc,start    ] GC(6) Pause Init Mark (unload classes)
[13.527s][info][gc,task     ] GC(6) Using 5 of 5 workers for init marking
[13.527s][info][gc,ergo     ] GC(6) Pacer for Mark. Expected Live: 3317M, Free: 7139M, Non-Taxable: 713M, Alloc Tax Rate: 0.6x
[13.527s][info][gc          ] GC(6) Pause Init Mark (unload classes) 0.037ms
[13.527s][info][gc,start    ] GC(6) Concurrent marking roots
[13.527s][info][gc,task     ] GC(6) Using 2 of 5 workers for concurrent marking roots
[13.527s][info][gc          ] GC(6) Concurrent marking roots 0.238ms
[13.527s][info][gc,start    ] GC(6) Concurrent marking (unload classes)
[13.527s][info][gc,task     ] GC(6) Using 2 of 5 workers for concurrent marking
[14.117s][info][gc          ] GC(6) Concurrent marking (unload classes) 590.325ms
[14.117s][info][gc,start    ] GC(6) Pause Final Mark (unload classes)
[14.117s][info][gc,task     ] GC(6) Using 5 of 5 workers for final marking
[14.117s][info][gc,ergo     ] GC(6) Adaptive CSet Selection. Target Free: 1740M, Actual Free: 6408M, Max CSet: 512M, Min Garbage: 0B
[14.117s][info][gc,ergo     ] GC(6) Collectable Garbage: 392M (27%), Immediate: 0B (0%), CSet: 392M (27%)
[14.117s][info][gc,ergo     ] GC(6) Pacer for Evacuation. Used CSet: 904M, Free: 5797M, Non-Taxable: 579M, Alloc Tax Rate: 1.1x
[14.117s][info][gc          ] GC(6) Pause Final Mark (unload classes) 0.118ms
[14.117s][info][gc,start    ] GC(6) Concurrent thread roots
[14.117s][info][gc,task     ] GC(6) Using 2 of 5 workers for Concurrent thread roots
[14.118s][info][gc          ] GC(6) Concurrent thread roots 0.251ms
[14.118s][info][gc,start    ] GC(6) Concurrent weak references
[14.118s][info][gc,task     ] GC(6) Using 2 of 5 workers for concurrent weak references
[14.118s][info][gc,ref      ] GC(6) Encountered references: Soft: 170, Weak: 324, Final: 6, Phantom: 1
[14.118s][info][gc,ref      ] GC(6) Discovered  references: Soft: 0, Weak: 124, Final: 6, Phantom: 1
[14.118s][info][gc,ref      ] GC(6) Enqueued    references: Soft: 0, Weak: 0, Final: 0, Phantom: 0
[14.118s][info][gc          ] GC(6) Concurrent weak references 0.034ms
[14.118s][info][gc,start    ] GC(6) Concurrent weak roots
[14.118s][info][gc,task     ] GC(6) Using 2 of 5 workers for concurrent weak root
[14.118s][info][gc          ] GC(6) Concurrent weak roots 0.146ms
[14.118s][info][gc,start    ] GC(6) Concurrent cleanup
[14.118s][info][gc          ] GC(6) Concurrent cleanup 5873M->5873M(11904M) 0.016ms
[14.118s][info][gc,ergo     ] GC(6) Free: 5797M, Max: 4096K regular, 3648M humongous, Frag: 38% external, 5% internal; Reserve: 615M, Max: 4096K
[14.118s][info][gc,start    ] GC(6) Concurrent class unloading
[14.118s][info][gc,task     ] GC(6) Using 2 of 5 workers for concurrent class unloading
[14.118s][info][gc          ] GC(6) Concurrent class unloading 0.199ms
[14.118s][info][gc,start    ] GC(6) Concurrent strong roots
[14.118s][info][gc,task     ] GC(6) Using 2 of 5 workers for concurrent strong root
[14.118s][info][gc          ] GC(6) Concurrent strong roots 0.018ms
[14.118s][info][gc,start    ] GC(6) Concurrent evacuation
[14.118s][info][gc,task     ] GC(6) Using 2 of 5 workers for concurrent evacuation
[14.235s][info][gc          ] GC(6) Concurrent evacuation 116.551ms
[14.235s][info][gc,start    ] GC(6) Pause Init Update Refs
[14.235s][info][gc,ergo     ] GC(6) Pacer for Update Refs. Used: 6389M, Free: 5797M, Non-Taxable: 579M, Alloc Tax Rate: 1.3x
[14.235s][info][gc          ] GC(6) Pause Init Update Refs 0.013ms
[14.235s][info][gc,start    ] GC(6) Concurrent update references
[14.235s][info][gc,task     ] GC(6) Using 2 of 5 workers for concurrent reference update
[15.107s][info][gc          ] GC(6) Concurrent update references 871.892ms
[15.107s][info][gc,start    ] GC(6) Concurrent update thread roots
[15.108s][info][gc          ] GC(6) Concurrent update thread roots 0.909ms
[15.110s][info][gc,start    ] GC(6) Pause Final Update Refs
[15.110s][info][gc,task     ] GC(6) Using 5 of 5 workers for final reference update
[15.110s][info][gc          ] GC(6) Pause Final Update Refs 0.100ms
[15.110s][info][gc,start    ] GC(6) Concurrent cleanup
[15.110s][info][gc          ] GC(6) Concurrent cleanup 9317M->8413M(11904M) 0.022ms
[15.110s][info][gc,ergo     ] Free: 3257M, Max: 4096K regular, 1464M humongous, Frag: 55% external, 9% internal; Reserve: 616M, Max: 4096K
[15.110s][info][gc,stats    ] 
[15.110s][info][gc,stats    ] All times are wall-clock times, except per-root-class counters, that are sum over
[15.110s][info][gc,stats    ] all workers. Dividing the <total> over the root stage time estimates parallelism.
[15.110s][info][gc,stats    ] 
[15.110s][info][gc,stats    ] Concurrent Reset                   1036 us
[15.110s][info][gc,stats    ] Pause Init Mark (G)                  84 us
[15.110s][info][gc,stats    ] Pause Init Mark (N)                  41 us
[15.110s][info][gc,stats    ]   Update Region States               16 us
[15.110s][info][gc,stats    ] Concurrent Mark Roots               243 us, parallelism: 1.73x
[15.110s][info][gc,stats    ]   CMR: <total>                      421 us
[15.110s][info][gc,stats    ]   CMR: Thread Roots                 409 us, workers (us): 195, 214, ---, ---, ---, 
[15.110s][info][gc,stats    ]   CMR: VM Strong Roots                2 us, workers (us):   2,   0, ---, ---, ---, 
[15.110s][info][gc,stats    ]   CMR: CLDG Roots                    10 us, workers (us):  10, ---, ---, ---, ---, 
[15.110s][info][gc,stats    ] Concurrent Marking               590350 us
[15.110s][info][gc,stats    ] Pause Final Mark (G)                170 us
[15.110s][info][gc,stats    ] Pause Final Mark (N)                121 us
[15.110s][info][gc,stats    ]   Finish Mark                        31 us
[15.110s][info][gc,stats    ]   Update Region States               14 us
[15.110s][info][gc,stats    ]   Choose Collection Set              49 us
[15.110s][info][gc,stats    ]   Rebuild Free Set                    7 us
[15.110s][info][gc,stats    ] Concurrent Thread Roots             258 us, parallelism: 1.73x
[15.110s][info][gc,stats    ]   CTR: <total>                      447 us
[15.110s][info][gc,stats    ]   CTR: Thread Roots                 447 us, workers (us): 227, 219, ---, ---, ---, 
[15.110s][info][gc,stats    ] Concurrent Weak References           37 us, parallelism: 0.25x
[15.110s][info][gc,stats    ]   CWRF: <total>                       9 us
[15.110s][info][gc,stats    ]   CWRF: Weak References               9 us, workers (us):   9,   1, ---, ---, ---, 
[15.110s][info][gc,stats    ] Concurrent Weak Roots               152 us
[15.110s][info][gc,stats    ]   Roots                             120 us, parallelism: 1.22x
[15.110s][info][gc,stats    ]     CWR: <total>                    145 us
[15.110s][info][gc,stats    ]     CWR: Code Cache Roots           127 us, workers (us):  99,  28, ---, ---, ---, 
[15.110s][info][gc,stats    ]     CWR: VM Weak Roots               17 us, workers (us):  10,   7, ---, ---, ---, 
[15.110s][info][gc,stats    ]     CWR: CLDG Roots                   2 us, workers (us):   2, ---, ---, ---, ---, 
[15.110s][info][gc,stats    ]   Rendezvous                         21 us
[15.110s][info][gc,stats    ] Concurrent Cleanup                   19 us
[15.110s][info][gc,stats    ] Concurrent Class Unloading          206 us
[15.110s][info][gc,stats    ]   Unlink Stale                      170 us
[15.110s][info][gc,stats    ]     System Dictionary                 1 us
[15.110s][info][gc,stats    ]     Weak Class Links                  0 us
[15.110s][info][gc,stats    ]     Code Roots                      169 us
[15.110s][info][gc,stats    ]   Rendezvous                         15 us
[15.110s][info][gc,stats    ]   Purge Unlinked                      8 us
[15.110s][info][gc,stats    ]     Code Roots                        7 us
[15.110s][info][gc,stats    ]     CLDG                              1 us
[15.110s][info][gc,stats    ]     Exception Caches                  0 us
[15.110s][info][gc,stats    ] Concurrent Strong Roots              23 us, parallelism: 0.34x
[15.110s][info][gc,stats    ]   CSR: <total>                        8 us
[15.110s][info][gc,stats    ]   CSR: VM Strong Roots                1 us, workers (us):   1,   0, ---, ---, ---, 
[15.110s][info][gc,stats    ]   CSR: CLDG Roots                     7 us, workers (us):   7, ---, ---, ---, ---, 
[15.110s][info][gc,stats    ] Concurrent Evacuation            116573 us
[15.110s][info][gc,stats    ] Pause Init Update Refs (G)           79 us
[15.110s][info][gc,stats    ] Pause Init Update Refs (N)           16 us
[15.110s][info][gc,stats    ]   Manage GCLABs                       2 us
[15.110s][info][gc,stats    ] Concurrent Update Refs           871947 us
[15.110s][info][gc,stats    ] Concurrent Update Thread Roots      923 us
[15.110s][info][gc,stats    ] Pause Final Update Refs (G)        2451 us
[15.110s][info][gc,stats    ] Pause Final Update Refs (N)         113 us
[15.110s][info][gc,stats    ]   Update Region States               51 us
[15.110s][info][gc,stats    ]   Trash Collection Set                9 us
[15.110s][info][gc,stats    ]   Rebuild Free Set                    8 us
[15.110s][info][gc,stats    ] Concurrent Cleanup                   26 us
[15.110s][info][gc,stats    ] 
[15.110s][info][gc,stats    ] Allocation pacing accrued:
[15.110s][info][gc,stats    ]       0 of  1888 ms (  0.0%): <total>
[15.110s][info][gc,stats    ]       0 of  1888 ms (  0.0%): <average total>
[15.110s][info][gc,stats    ] 
[15.110s][info][gc,metaspace] Metaspace: 2233K(2368K)->2263K(2368K) NonClass: 2028K(2112K)->2059K(2112K) Class: 204K(256K)->204K(256K)
[15.110s][info][gc,ergo     ] Pacer for Idle. Initial: 245M, Alloc Tax Rate: 1.0x
[15.112s][info][gc          ] Trigger: Average GC time (3214.39 ms) is above the time for average allocation rate (2454 MB/s) to deplete free headroom (2631M) (margin of error = 1.80)
[15.112s][info][gc,ergo     ] Free headroom: 3245M (free) - 614M (spike) - 0B (penalties) = 2631M
[15.112s][info][gc,ergo     ] Free: 3245M, Max: 4096K regular, 1464M humongous, Frag: 55% external, 9% internal; Reserve: 616M, Max: 4096K
[15.112s][info][gc,start    ] GC(7) Concurrent reset
[15.112s][info][gc,task     ] GC(7) Using 2 of 5 workers for concurrent reset
[15.112s][info][gc,ergo     ] GC(7) Pacer for Reset. Non-Taxable: 12288M
[15.141s][info][gc          ] GC(7) Concurrent reset 29.195ms
[15.226s][info][gc,start    ] GC(7) Pause Init Mark (unload classes)
[15.226s][info][gc,task     ] GC(7) Using 5 of 5 workers for init marking
[15.226s][info][gc,ergo     ] GC(7) Pacer for Mark. Expected Live: 3405M, Free: 2805M, Non-Taxable: 280M, Alloc Tax Rate: 1.5x
[15.226s][info][gc          ] GC(7) Pause Init Mark (unload classes) 0.085ms
[15.226s][info][gc,start    ] GC(7) Concurrent marking roots
[15.226s][info][gc,task     ] GC(7) Using 2 of 5 workers for concurrent marking roots
[15.227s][info][gc          ] GC(7) Concurrent marking roots 0.437ms
[15.227s][info][gc,start    ] GC(7) Concurrent marking (unload classes)
[15.227s][info][gc,task     ] GC(7) Using 2 of 5 workers for concurrent marking
[17.940s][info][gc          ] GC(7) Concurrent marking (unload classes) 2713.530ms
[17.941s][info][gc,start    ] GC(7) Pause Final Mark (unload classes)
[17.941s][info][gc,task     ] GC(7) Using 5 of 5 workers for final marking
[17.941s][info][gc,ergo     ] GC(7) Adaptive CSet Selection. Target Free: 1740M, Actual Free: 1903M, Max CSet: 512M, Min Garbage: 0B
[17.941s][info][gc,ergo     ] GC(7) Collectable Garbage: 684M (38%), Immediate: 279M (15%), CSet: 405M (22%)
[17.941s][info][gc,ergo     ] GC(7) Pacer for Evacuation. Used CSet: 916M, Free: 1290M, Non-Taxable: 129M, Alloc Tax Rate: 1.7x
[17.941s][info][gc          ] GC(7) Pause Final Mark (unload classes) 0.176ms
[17.941s][info][gc,start    ] GC(7) Concurrent thread roots
[17.941s][info][gc,task     ] GC(7) Using 2 of 5 workers for Concurrent thread roots
[17.942s][info][gc          ] GC(7) Concurrent thread roots 0.699ms
[17.942s][info][gc,start    ] GC(7) Concurrent weak references
[17.942s][info][gc,task     ] GC(7) Using 2 of 5 workers for concurrent weak references
[17.942s][info][gc,ref      ] GC(7) Encountered references: Soft: 170, Weak: 324, Final: 6, Phantom: 1
[17.942s][info][gc,ref      ] GC(7) Discovered  references: Soft: 0, Weak: 3, Final: 0, Phantom: 1
[17.942s][info][gc,ref      ] GC(7) Enqueued    references: Soft: 0, Weak: 0, Final: 0, Phantom: 0
[17.942s][info][gc          ] GC(7) Concurrent weak references 0.162ms
[17.942s][info][gc,start    ] GC(7) Concurrent weak roots
[17.942s][info][gc,task     ] GC(7) Using 2 of 5 workers for concurrent weak root
[17.945s][info][gc          ] GC(7) Concurrent weak roots 3.479ms
[17.945s][info][gc,start    ] GC(7) Concurrent cleanup
[17.945s][info][gc          ] GC(7) Concurrent cleanup 10657M->10378M(11904M) 0.018ms
[17.945s][info][gc,ergo     ] GC(7) Free: 1289M, Max: 4096K regular, 1008M humongous, Frag: 22% external, 0% internal; Reserve: 615M, Max: 4096K
[17.945s][info][gc,start    ] GC(7) Concurrent class unloading
[17.945s][info][gc,task     ] GC(7) Using 2 of 5 workers for concurrent class unloading
[17.946s][info][gc          ] GC(7) Concurrent class unloading 0.360ms
[17.946s][info][gc,start    ] GC(7) Concurrent strong roots
[17.946s][info][gc,task     ] GC(7) Using 2 of 5 workers for concurrent strong root
[17.946s][info][gc          ] GC(7) Concurrent strong roots 0.028ms
[17.946s][info][gc,start    ] GC(7) Concurrent evacuation
[17.946s][info][gc,task     ] GC(7) Using 2 of 5 workers for concurrent evacuation
[18.216s][info][gc          ] GC(7) Concurrent evacuation 270.332ms
[18.216s][info][gc,start    ] GC(7) Pause Init Update Refs
[18.216s][info][gc,ergo     ] GC(7) Pacer for Update Refs. Used: 11015M, Free: 1164M, Non-Taxable: 116M, Alloc Tax Rate: 11.6x
[18.216s][info][gc          ] GC(7) Pause Init Update Refs 0.021ms
[18.216s][info][gc,start    ] GC(7) Concurrent update references
[18.216s][info][gc,task     ] GC(7) Using 2 of 5 workers for concurrent reference update
[21.589s][info][gc          ] GC(7) Concurrent update references 3372.894ms
[21.589s][info][gc,start    ] GC(7) Concurrent update thread roots
[21.592s][info][gc          ] GC(7) Concurrent update thread roots 2.701ms
[21.592s][info][gc,start    ] GC(7) Pause Final Update Refs
[21.592s][info][gc,task     ] GC(7) Using 5 of 5 workers for final reference update
[21.592s][info][gc          ] GC(7) Pause Final Update Refs 0.170ms
[21.592s][info][gc,start    ] GC(7) Concurrent cleanup
[21.592s][info][gc          ] GC(7) Concurrent cleanup 12059M->11143M(12288M) 0.025ms
[21.592s][info][gc,ergo     ] Free: 524M, Max: 4096K regular, 90112K humongous, Frag: 83% external, 54% internal; Reserve: 616M, Max: 4096K
[21.592s][info][gc,stats    ] 
[21.592s][info][gc,stats    ] All times are wall-clock times, except per-root-class counters, that are sum over
[21.592s][info][gc,stats    ] all workers. Dividing the <total> over the root stage time estimates parallelism.
[21.592s][info][gc,stats    ] 
[21.592s][info][gc,stats    ] Concurrent Reset                  29224 us
[21.592s][info][gc,stats    ] Pause Init Mark (G)               85385 us
[21.592s][info][gc,stats    ] Pause Init Mark (N)                  90 us
[21.592s][info][gc,stats    ]   Update Region States               21 us
[21.592s][info][gc,stats    ] Concurrent Mark Roots               443 us, parallelism: 1.86x
[21.592s][info][gc,stats    ]   CMR: <total>                      824 us
[21.592s][info][gc,stats    ]   CMR: Thread Roots                 775 us, workers (us): 390, 385, ---, ---, ---, 
[21.592s][info][gc,stats    ]   CMR: VM Strong Roots               31 us, workers (us):   7,  24, ---, ---, ---, 
[21.592s][info][gc,stats    ]   CMR: CLDG Roots                    18 us, workers (us):  18, ---, ---, ---, ---, 
[21.592s][info][gc,stats    ] Concurrent Marking              2713911 us
[21.592s][info][gc,stats    ] Pause Final Mark (G)                212 us
[21.592s][info][gc,stats    ] Pause Final Mark (N)                181 us
[21.592s][info][gc,stats    ]   Finish Mark                        31 us
[21.592s][info][gc,stats    ]   Update Region States               21 us
[21.592s][info][gc,stats    ]   Choose Collection Set              89 us
[21.592s][info][gc,stats    ]   Rebuild Free Set                    7 us
[21.592s][info][gc,stats    ] Concurrent Thread Roots             711 us, parallelism: 1.85x
[21.592s][info][gc,stats    ]   CTR: <total>                     1312 us
[21.592s][info][gc,stats    ]   CTR: Thread Roots                1312 us, workers (us): 650, 662, ---, ---, ---, 
[21.592s][info][gc,stats    ] Concurrent Weak References          166 us, parallelism: 0.64x
[21.592s][info][gc,stats    ]   CWRF: <total>                     105 us
[21.592s][info][gc,stats    ]   CWRF: Weak References             105 us, workers (us): 105,   0, ---, ---, ---, 
[21.592s][info][gc,stats    ] Concurrent Weak Roots              3491 us
[21.592s][info][gc,stats    ]   Roots                            3459 us, parallelism: 1.96x
[21.592s][info][gc,stats    ]     CWR: <total>                   6788 us
[21.592s][info][gc,stats    ]     CWR: Code Cache Roots          6645 us, workers (us): 3262, 3383, ---, ---, ---, 
[21.592s][info][gc,stats    ]     CWR: VM Weak Roots               94 us, workers (us):  49,  45, ---, ---, ---, 
[21.592s][info][gc,stats    ]     CWR: CLDG Roots                  49 us, workers (us):  49, ---, ---, ---, ---, 
[21.592s][info][gc,stats    ]   Rendezvous                         11 us
[21.592s][info][gc,stats    ] Concurrent Cleanup                   23 us
[21.592s][info][gc,stats    ] Concurrent Class Unloading          367 us
[21.592s][info][gc,stats    ]   Unlink Stale                      334 us
[21.592s][info][gc,stats    ]     System Dictionary                 1 us
[21.592s][info][gc,stats    ]     Weak Class Links                  0 us
[21.592s][info][gc,stats    ]     Code Roots                      332 us
[21.592s][info][gc,stats    ]   Rendezvous                          8 us
[21.592s][info][gc,stats    ]   Purge Unlinked                     10 us
[21.592s][info][gc,stats    ]     Code Roots                        9 us
[21.592s][info][gc,stats    ]     CLDG                              1 us
[21.592s][info][gc,stats    ] Concurrent Strong Roots              33 us, parallelism: 0.40x
[21.592s][info][gc,stats    ]   CSR: <total>                       13 us
[21.592s][info][gc,stats    ]   CSR: VM Strong Roots                1 us, workers (us):   1,   0, ---, ---, ---, 
[21.592s][info][gc,stats    ]   CSR: CLDG Roots                    12 us, workers (us):  12, ---, ---, ---, ---, 
[21.592s][info][gc,stats    ] Concurrent Evacuation            270365 us
[21.592s][info][gc,stats    ] Pause Init Update Refs (G)           71 us
[21.592s][info][gc,stats    ] Pause Init Update Refs (N)           24 us
[21.592s][info][gc,stats    ]   Manage GCLABs                       7 us
[21.592s][info][gc,stats    ] Concurrent Update Refs          3372936 us
[21.592s][info][gc,stats    ] Concurrent Update Thread Roots     2713 us
[21.592s][info][gc,stats    ] Pause Final Update Refs (G)         197 us
[21.592s][info][gc,stats    ] Pause Final Update Refs (N)         178 us
[21.592s][info][gc,stats    ]   Update Region States              118 us
[21.592s][info][gc,stats    ]   Trash Collection Set               22 us
[21.592s][info][gc,stats    ]   Rebuild Free Set                    8 us
[21.592s][info][gc,stats    ] Concurrent Cleanup                   30 us
[21.592s][info][gc,stats    ] Pacing                          1004285 us
[21.592s][info][gc,stats    ] 
[21.592s][info][gc,stats    ] Allocation pacing accrued:
[21.592s][info][gc,stats    ]    1004 of  6482 ms ( 15.5%): main
[21.592s][info][gc,stats    ]    1004 of  6482 ms ( 15.5%): <total>
[21.592s][info][gc,stats    ]      30 of  6482 ms (  0.5%): <average total>
[21.592s][info][gc,stats    ]    1004 of  6482 ms ( 15.5%): <average non-zero>
[21.592s][info][gc,stats    ] 
[21.593s][info][gc,metaspace] Metaspace: 2263K(2368K)->2264K(2368K) NonClass: 2059K(2112K)->2059K(2112K) Class: 204K(256K)->204K(256K)
[21.593s][info][gc,ergo     ] Pacer for Idle. Initial: 245M, Alloc Tax Rate: 1.0x
[21.594s][info][gc          ] Trigger: Free (524M) is below minimum threshold (1228M)
[21.594s][info][gc,ergo     ] Free: 524M, Max: 4096K regular, 90112K humongous, Frag: 83% external, 54% internal; Reserve: 616M, Max: 4096K
[21.594s][info][gc,start    ] GC(8) Concurrent reset
[21.594s][info][gc,task     ] GC(8) Using 2 of 5 workers for concurrent reset
[21.594s][info][gc,ergo     ] GC(8) Pacer for Reset. Non-Taxable: 12288M
[21.631s][info][gc          ] GC(8) Concurrent reset 37.197ms
[21.631s][info][gc,start    ] GC(8) Pause Init Mark (unload classes)
[21.631s][info][gc,task     ] GC(8) Using 5 of 5 workers for init marking
[21.631s][info][gc,ergo     ] GC(8) Pacer for Mark. Expected Live: 4075M, Free: 509M, Non-Taxable: 52199K, Alloc Tax Rate: 9.8x
[21.631s][info][gc          ] GC(8) Pause Init Mark (unload classes) 0.040ms
[21.631s][info][gc,start    ] GC(8) Concurrent marking roots
[21.631s][info][gc,task     ] GC(8) Using 2 of 5 workers for concurrent marking roots
[21.632s][info][gc          ] GC(8) Concurrent marking roots 0.483ms
[21.632s][info][gc,start    ] GC(8) Concurrent marking (unload classes)
[21.632s][info][gc,task     ] GC(8) Using 2 of 5 workers for concurrent marking
[23.444s][info][gc          ] Failed to allocate Shared, 279M
[23.444s][info][gc          ] Cancelling GC: Allocation Failure
[23.444s][info][gc          ] GC(8) Concurrent marking (unload classes) 1812.373ms
[23.444s][info][gc,ergo     ] Free: 125M, Max: 4096K regular, 90112K humongous, Frag: 22% external, 83% internal; Reserve: 616M, Max: 4096K
[23.444s][info][gc,stats    ] 
[23.444s][info][gc,stats    ] All times are wall-clock times, except per-root-class counters, that are sum over
[23.444s][info][gc,stats    ] all workers. Dividing the <total> over the root stage time estimates parallelism.
[23.444s][info][gc,stats    ] 
[23.444s][info][gc,stats    ] Concurrent Reset                  37220 us
[23.444s][info][gc,stats    ] Pause Init Mark (G)                 105 us
[23.444s][info][gc,stats    ] Pause Init Mark (N)                  45 us
[23.444s][info][gc,stats    ]   Update Region States               18 us
[23.444s][info][gc,stats    ] Concurrent Mark Roots               488 us, parallelism: 1.80x
[23.444s][info][gc,stats    ]   CMR: <total>                      879 us
[23.444s][info][gc,stats    ]   CMR: Thread Roots                 843 us, workers (us): 427, 416, ---, ---, ---, 
[23.444s][info][gc,stats    ]   CMR: VM Strong Roots               21 us, workers (us):   8,  12, ---, ---, ---, 
[23.444s][info][gc,stats    ]   CMR: CLDG Roots                    15 us, workers (us):  15, ---, ---, ---, ---, 
[23.444s][info][gc,stats    ] Concurrent Marking              1812385 us
[23.444s][info][gc,stats    ] Pacing                           772347 us
[23.444s][info][gc,stats    ] 
[23.444s][info][gc,stats    ] Allocation pacing accrued:
[23.444s][info][gc,stats    ]     772 of  1852 ms ( 41.7%): main
[23.444s][info][gc,stats    ]     772 of  1852 ms ( 41.7%): <total>
[23.444s][info][gc,stats    ]      23 of  1852 ms (  1.2%): <average total>
[23.444s][info][gc,stats    ]     772 of  1852 ms ( 41.7%): <average non-zero>
[23.444s][info][gc,stats    ] 
[23.444s][info][gc,metaspace] Metaspace: 2264K(2368K)->2264K(2368K) NonClass: 2059K(2112K)->2059K(2112K) Class: 204K(256K)->204K(256K)
[23.444s][info][gc,ergo     ] Pacer for Idle. Initial: 245M, Alloc Tax Rate: 1.0x
[23.445s][info][gc          ] Trigger: Handle Allocation Failure
[23.445s][info][gc,ergo     ] Free: 125M, Max: 4096K regular, 90112K humongous, Frag: 22% external, 83% internal; Reserve: 616M, Max: 4096K
[23.446s][info][gc,start    ] GC(9) Pause Degenerated GC (Mark)
[23.446s][info][gc,task     ] GC(9) Using 5 of 5 workers for stw degenerated gc
[23.986s][info][gc,ref      ] GC(9) Encountered references: Soft: 170, Weak: 324, Final: 6, Phantom: 4
[23.987s][info][gc,ref      ] GC(9) Discovered  references: Soft: 0, Weak: 141, Final: 6, Phantom: 4
[23.987s][info][gc,ref      ] GC(9) Enqueued    references: Soft: 0, Weak: 0, Final: 0, Phantom: 0
[23.987s][info][gc,ergo     ] GC(9) Adaptive CSet Selection. Target Free: 1740M, Actual Free: 3687M, Max CSet: 512M, Min Garbage: 0B
[23.987s][info][gc,ergo     ] GC(9) Collectable Garbage: 3359M (82%), Immediate: 2959M (72%), CSet: 400M (9%)
[25.308s][info][gc,ergo     ] GC(9) Good progress for free space: 3482M, need 122M
[25.308s][info][gc,ergo     ] GC(9) Good progress for used space: 3350M, need 4096K
[25.308s][info][gc          ] GC(9) Pause Degenerated GC (Mark) 11536M->8185M(12288M) 1862.476ms
[25.308s][info][gc,ergo     ] Free: 3482M, Max: 4096K regular, 960M humongous, Frag: 73% external, 9% internal; Reserve: 616M, Max: 4096K
[25.308s][info][gc,stats    ] 
[25.308s][info][gc,stats    ] All times are wall-clock times, except per-root-class counters, that are sum over
[25.308s][info][gc,stats    ] all workers. Dividing the <total> over the root stage time estimates parallelism.
[25.308s][info][gc,stats    ] 
[25.308s][info][gc,stats    ]   Finish Mark                    540603 us
[25.308s][info][gc,stats    ] Pause Degenerated GC (G)        1862544 us
[25.308s][info][gc,stats    ] Pause Degenerated GC (N)        1862482 us
[25.308s][info][gc,stats    ]     System Purge                    822 us
[25.308s][info][gc,stats    ]       Weak References               425 us, parallelism: 0.07x
[25.308s][info][gc,stats    ]         WRP: <total>                 28 us
[25.308s][info][gc,stats    ]         WRP: Weak References         28 us, workers (us):  28,   0,   0,   0,   0, 
[25.308s][info][gc,stats    ]       Unload Classes                365 us, parallelism: 4.33x
[25.308s][info][gc,stats    ]         DCU: <total>               1578 us
[25.308s][info][gc,stats    ]         DCU: Unload Code Caches     1578 us, workers (us): 309, 323, 305, 304, 337, 
[25.308s][info][gc,stats    ]       Weak Roots                     31 us, parallelism: 1.77x
[25.308s][info][gc,stats    ]         DWR: <total>                 55 us
[25.308s][info][gc,stats    ]         DWR: VM Weak Roots           55 us, workers (us):  16,  13,  12,  13,   1, 
[25.308s][info][gc,stats    ]       CLDG                            0 us
[25.308s][info][gc,stats    ]   Update Region States               46 us
[25.308s][info][gc,stats    ]   Manage GC/TLABs                     3 us
[25.308s][info][gc,stats    ]   Choose Collection Set              73 us
[25.308s][info][gc,stats    ]   Rebuild Free Set                    7 us
[25.308s][info][gc,stats    ]   Evacuation                     150212 us
[25.308s][info][gc,stats    ]   Manage GCLABs                       9 us
[25.308s][info][gc,stats    ]   Update References             1169771 us
[25.308s][info][gc,stats    ]   Update Region States               45 us
[25.308s][info][gc,stats    ]   Trash Collection Set               13 us
[25.308s][info][gc,stats    ]   Rebuild Free Set                    9 us
[25.308s][info][gc,stats    ]   Degen Update Roots                698 us, parallelism: 3.69x
[25.308s][info][gc,stats    ]     DU: <total>                    2574 us
[25.308s][info][gc,stats    ]     DU: Thread Roots               1060 us, workers (us): 434, 179, 446,   0,   0, 
[25.308s][info][gc,stats    ]     DU: Code Cache Roots           1338 us, workers (us):   0, 268,   0, 488, 582, 
[25.308s][info][gc,stats    ]     DU: VM Strong Roots              36 us, workers (us):   5,   8,   6,  10,   6, 
[25.308s][info][gc,stats    ]     DU: VM Weak Roots                69 us, workers (us):  13,  12,  12,   7,  25, 
[25.308s][info][gc,stats    ]     DU: CLDG Roots                   71 us, workers (us):  29,  14,  17,  11,   0, 
[25.308s][info][gc,stats    ]   Cleanup                            14 us
[25.308s][info][gc,stats    ] 
[25.308s][info][gc,stats    ] Allocation pacing accrued:
[25.308s][info][gc,stats    ]       0 of  1864 ms (  0.0%): <total>
[25.308s][info][gc,stats    ]       0 of  1864 ms (  0.0%): <average total>
[25.308s][info][gc,stats    ] 
[25.308s][info][gc,metaspace] Metaspace: 2264K(2368K)->2264K(2368K) NonClass: 2059K(2112K)->2059K(2112K) Class: 204K(256K)->204K(256K)
[25.308s][info][gc,ergo     ] Pacer for Idle. Initial: 245M, Alloc Tax Rate: 1.0x
[25.310s][info][gc          ] Trigger: Average GC time (8976.00 ms) is above the time for average allocation rate (854 MB/s) to deplete free headroom (1359M) (margin of error = 1.91)
[25.310s][info][gc,ergo     ] Free headroom: 3202M (free) - 614M (spike) - 1228M (penalties) = 1359M
[25.310s][info][gc,ergo     ] Free: 3202M, Max: 4096K regular, 960M humongous, Frag: 70% external, 10% internal; Reserve: 616M, Max: 4096K
[25.310s][info][gc,start    ] GC(10) Concurrent reset
[25.310s][info][gc,task     ] GC(10) Using 2 of 5 workers for concurrent reset
[25.310s][info][gc,ergo     ] GC(10) Pacer for Reset. Non-Taxable: 12288M
[25.336s][info][gc          ] GC(10) Concurrent reset 26.380ms
[25.358s][info][gc,start    ] GC(10) Pause Init Mark (unload classes)
[25.358s][info][gc,task     ] GC(10) Using 5 of 5 workers for init marking
[25.358s][info][gc,ergo     ] GC(10) Pacer for Mark. Expected Live: 4075M, Free: 3202M, Non-Taxable: 320M, Alloc Tax Rate: 1.6x
[25.358s][info][gc          ] GC(10) Pause Init Mark (unload classes) 0.098ms
[25.358s][info][gc,start    ] GC(10) Concurrent marking roots
[25.358s][info][gc,task     ] GC(10) Using 2 of 5 workers for concurrent marking roots
[25.358s][info][gc          ] GC(10) Concurrent marking roots 0.460ms
[25.358s][info][gc,start    ] GC(10) Concurrent marking (unload classes)
[25.358s][info][gc,task     ] GC(10) Using 2 of 5 workers for concurrent marking
[25.359s][info][gc          ] GC(10) Concurrent marking (unload classes) 0.496ms
[25.359s][info][gc,start    ] GC(10) Pause Final Mark (unload classes)
[25.359s][info][gc,task     ] GC(10) Using 5 of 5 workers for final marking
[25.359s][info][gc,ergo     ] GC(10) Collectable Garbage: 8089M (98%), Immediate: 8089M (98%), CSet: 0B (0%)
[25.359s][info][gc          ] GC(10) Pause Final Mark (unload classes) 0.083ms
[25.359s][info][gc,start    ] GC(10) Concurrent weak references
[25.359s][info][gc,task     ] GC(10) Using 2 of 5 workers for concurrent weak references
[25.359s][info][gc,ref      ] GC(10) Encountered references: Soft: 170, Weak: 324, Final: 6, Phantom: 6
[25.359s][info][gc,ref      ] GC(10) Discovered  references: Soft: 0, Weak: 124, Final: 6, Phantom: 4
[25.359s][info][gc,ref      ] GC(10) Enqueued    references: Soft: 0, Weak: 0, Final: 0, Phantom: 2
[25.359s][info][gc          ] GC(10) Concurrent weak references 0.036ms
[25.359s][info][gc,start    ] GC(10) Concurrent weak roots
[25.359s][info][gc,task     ] GC(10) Using 2 of 5 workers for concurrent weak root
[25.359s][info][gc          ] GC(10) Concurrent weak roots 0.079ms
[25.359s][info][gc,start    ] GC(10) Concurrent cleanup
[25.359s][info][gc          ] GC(10) Concurrent cleanup 8465M->376M(12288M) 0.043ms
[25.359s][info][gc,ergo     ] GC(10) Free: 11294M, Max: 4096K regular, 6000M humongous, Frag: 47% external, 0% internal; Reserve: 616M, Max: 4096K
[25.359s][info][gc,start    ] GC(10) Concurrent class unloading
[25.359s][info][gc,task     ] GC(10) Using 2 of 5 workers for concurrent class unloading
[25.359s][info][gc          ] GC(10) Concurrent class unloading 0.283ms
[25.359s][info][gc,start    ] GC(10) Pause Final Roots
[25.359s][info][gc          ] GC(10) Pause Final Roots 0.006ms
[25.359s][info][gc,ergo     ] Free: 11294M, Max: 4096K regular, 6000M humongous, Frag: 47% external, 0% internal; Reserve: 616M, Max: 4096K
[25.359s][info][gc,stats    ] 
[25.359s][info][gc,stats    ] All times are wall-clock times, except per-root-class counters, that are sum over
[25.359s][info][gc,stats    ] all workers. Dividing the <total> over the root stage time estimates parallelism.
[25.359s][info][gc,stats    ] 
[25.359s][info][gc,stats    ] Concurrent Reset                  26412 us
[25.359s][info][gc,stats    ] Pause Init Mark (G)               21917 us
[25.359s][info][gc,stats    ] Pause Init Mark (N)                 103 us
[25.359s][info][gc,stats    ]   Update Region States               27 us
[25.359s][info][gc,stats    ] Concurrent Mark Roots               471 us, parallelism: 1.81x
[25.359s][info][gc,stats    ]   CMR: <total>                      852 us
[25.359s][info][gc,stats    ]   CMR: Thread Roots                 820 us, workers (us): 405, 416, ---, ---, ---, 
[25.359s][info][gc,stats    ]   CMR: VM Strong Roots               20 us, workers (us):  11,   9, ---, ---, ---, 
[25.359s][info][gc,stats    ]   CMR: CLDG Roots                    12 us, workers (us): ---,  12, ---, ---, ---, 
[25.359s][info][gc,stats    ] Concurrent Marking                  505 us
[25.359s][info][gc,stats    ] Pause Final Mark (G)                100 us
[25.359s][info][gc,stats    ] Pause Final Mark (N)                 90 us
[25.359s][info][gc,stats    ]   Finish Mark                        25 us
[25.359s][info][gc,stats    ]   Update Region States               15 us
[25.359s][info][gc,stats    ]   Choose Collection Set              24 us
[25.359s][info][gc,stats    ]   Rebuild Free Set                    8 us
[25.359s][info][gc,stats    ] Concurrent Weak References           40 us, parallelism: 0.06x
[25.359s][info][gc,stats    ]   CWRF: <total>                       2 us
[25.360s][info][gc,stats    ]   CWRF: Weak References               2 us, workers (us):   2,   0, ---, ---, ---, 
[25.360s][info][gc,stats    ] Concurrent Weak Roots                84 us
[25.360s][info][gc,stats    ]   Roots                              60 us, parallelism: 1.60x
[25.360s][info][gc,stats    ]     CWR: <total>                     96 us
[25.360s][info][gc,stats    ]     CWR: Code Cache Roots            81 us, workers (us):  43,  38, ---, ---, ---, 
[25.360s][info][gc,stats    ]     CWR: VM Weak Roots               15 us, workers (us):  10,   5, ---, ---, ---, 
[25.360s][info][gc,stats    ]     CWR: CLDG Roots                   0 us, workers (us):   0, ---, ---, ---, ---, 
[25.360s][info][gc,stats    ]   Rendezvous                         11 us
[25.360s][info][gc,stats    ] Concurrent Cleanup                   47 us
[25.360s][info][gc,stats    ] Concurrent Class Unloading          290 us
[25.360s][info][gc,stats    ]   Unlink Stale                      254 us
[25.360s][info][gc,stats    ]     System Dictionary                 1 us
[25.360s][info][gc,stats    ]     Weak Class Links                  0 us
[25.360s][info][gc,stats    ]     Code Roots                      253 us
[25.360s][info][gc,stats    ]   Rendezvous                         13 us
[25.360s][info][gc,stats    ]   Purge Unlinked                     10 us
[25.360s][info][gc,stats    ]     Code Roots                        8 us
[25.360s][info][gc,stats    ]     CLDG                              2 us
[25.360s][info][gc,stats    ]     Exception Caches                  0 us
[25.360s][info][gc,stats    ] Pause Final Roots (G)                18 us
[25.360s][info][gc,stats    ] Pause Final Roots (N)                10 us
[25.360s][info][gc,stats    ] 
[25.360s][info][gc,stats    ] Allocation pacing accrued:
[25.360s][info][gc,stats    ]       0 of    51 ms (  0.0%): <total>
[25.360s][info][gc,stats    ]       0 of    51 ms (  0.0%): <average total>
[25.360s][info][gc,stats    ] 
[25.360s][info][gc,metaspace] Metaspace: 2264K(2368K)->2264K(2368K) NonClass: 2059K(2112K)->2059K(2112K) Class: 204K(256K)->204K(256K)
[25.360s][info][gc,ergo     ] Pacer for Idle. Initial: 245M, Alloc Tax Rate: 1.0x
[26.213s][info][gc          ] Trigger: Average GC time (7110.75 ms) is above the time for average allocation rate (2126 MB/s) to deplete free headroom (8899M) (margin of error = 1.90)
[26.213s][info][gc,ergo     ] Free headroom: 10620M (free) - 614M (spike) - 1105M (penalties) = 8899M
[26.213s][info][gc,ergo     ] Free: 10618M, Max: 4096K regular, 6000M humongous, Frag: 44% external, 0% internal; Reserve: 616M, Max: 4096K
[26.213s][info][gc,start    ] GC(11) Concurrent reset
[26.213s][info][gc,task     ] GC(11) Using 2 of 5 workers for concurrent reset
[26.213s][info][gc,ergo     ] GC(11) Pacer for Reset. Non-Taxable: 12288M
[26.213s][info][gc          ] GC(11) Concurrent reset 0.161ms
[26.213s][info][gc,start    ] GC(11) Pause Init Mark (unload classes)
[26.213s][info][gc,task     ] GC(11) Using 5 of 5 workers for init marking
[26.213s][info][gc,ergo     ] GC(11) Pacer for Mark. Expected Live: 3938M, Free: 10618M, Non-Taxable: 1061M, Alloc Tax Rate: 0.5x
[26.213s][info][gc          ] GC(11) Pause Init Mark (unload classes) 0.071ms
[26.213s][info][gc,start    ] GC(11) Concurrent marking roots
[26.213s][info][gc,task     ] GC(11) Using 2 of 5 workers for concurrent marking roots
[26.214s][info][gc          ] GC(11) Concurrent marking roots 0.422ms
[26.214s][info][gc,start    ] GC(11) Concurrent marking (unload classes)
[26.214s][info][gc,task     ] GC(11) Using 2 of 5 workers for concurrent marking
[26.274s][info][gc          ] GC(11) Concurrent marking (unload classes) 60.452ms
[26.274s][info][gc,start    ] GC(11) Pause Final Mark (unload classes)
[26.274s][info][gc,task     ] GC(11) Using 5 of 5 workers for final marking
[26.274s][info][gc,ergo     ] GC(11) Adaptive CSet Selection. Target Free: 1740M, Actual Free: 11416M, Max CSet: 512M, Min Garbage: 0B
[26.274s][info][gc,ergo     ] GC(11) Collectable Garbage: 386M (99%), Immediate: 276M (71%), CSet: 110M (28%)
[26.274s][info][gc,ergo     ] GC(11) Pacer for Evacuation. Used CSet: 123M, Free: 10802M, Non-Taxable: 1080M, Alloc Tax Rate: 1.1x
[26.274s][info][gc          ] GC(11) Pause Final Mark (unload classes) 0.104ms
[26.274s][info][gc,start    ] GC(11) Concurrent thread roots
[26.274s][info][gc,task     ] GC(11) Using 2 of 5 workers for Concurrent thread roots
[26.275s][info][gc          ] GC(11) Concurrent thread roots 0.413ms
[26.275s][info][gc,start    ] GC(11) Concurrent weak references
[26.275s][info][gc,task     ] GC(11) Using 2 of 5 workers for concurrent weak references
[26.275s][info][gc,ref      ] GC(11) Encountered references: Soft: 170, Weak: 324, Final: 6, Phantom: 3
[26.275s][info][gc,ref      ] GC(11) Discovered  references: Soft: 0, Weak: 125, Final: 6, Phantom: 3
[26.275s][info][gc,ref      ] GC(11) Enqueued    references: Soft: 0, Weak: 0, Final: 0, Phantom: 2
[26.275s][info][gc          ] GC(11) Concurrent weak references 0.037ms
[26.275s][info][gc,start    ] GC(11) Concurrent weak roots
[26.275s][info][gc,task     ] GC(11) Using 2 of 5 workers for concurrent weak root
[26.275s][info][gc          ] GC(11) Concurrent weak roots 0.092ms
[26.275s][info][gc,start    ] GC(11) Concurrent cleanup
[26.275s][info][gc          ] GC(11) Concurrent cleanup 1145M->869M(12288M) 0.013ms
[26.275s][info][gc,ergo     ] GC(11) Free: 10802M, Max: 4096K regular, 6000M humongous, Frag: 45% external, 1% internal; Reserve: 615M, Max: 4096K
[26.275s][info][gc,start    ] GC(11) Concurrent class unloading
[26.275s][info][gc,task     ] GC(11) Using 2 of 5 workers for concurrent class unloading
[26.275s][info][gc          ] GC(11) Concurrent class unloading 0.238ms
[26.275s][info][gc,start    ] GC(11) Concurrent strong roots
[26.275s][info][gc,task     ] GC(11) Using 2 of 5 workers for concurrent strong root
[26.275s][info][gc          ] GC(11) Concurrent strong roots 0.067ms
[26.275s][info][gc,start    ] GC(11) Concurrent evacuation
[26.275s][info][gc,task     ] GC(11) Using 2 of 5 workers for concurrent evacuation
[26.278s][info][gc          ] GC(11) Concurrent evacuation 2.803ms
[26.278s][info][gc,start    ] GC(11) Pause Init Update Refs
[26.278s][info][gc,ergo     ] GC(11) Pacer for Update Refs. Used: 892M, Free: 10794M, Non-Taxable: 1079M, Alloc Tax Rate: 1.1x
[26.278s][info][gc          ] GC(11) Pause Init Update Refs 0.019ms
[26.278s][info][gc,start    ] GC(11) Concurrent update references
[26.278s][info][gc,task     ] GC(11) Using 2 of 5 workers for concurrent reference update
[26.302s][info][gc          ] GC(11) Concurrent update references 23.648ms
[26.302s][info][gc,start    ] GC(11) Concurrent update thread roots
[26.302s][info][gc          ] GC(11) Concurrent update thread roots 0.578ms
[26.303s][info][gc,start    ] GC(11) Pause Final Update Refs
[26.303s][info][gc,task     ] GC(11) Using 5 of 5 workers for final reference update
[26.303s][info][gc          ] GC(11) Pause Final Update Refs 0.038ms
[26.303s][info][gc,start    ] GC(11) Concurrent cleanup
[26.303s][info][gc          ] GC(11) Concurrent cleanup 952M->828M(12288M) 0.015ms
[26.303s][info][gc,ergo     ] Free: 10842M, Max: 4096K regular, 8268M humongous, Frag: 24% external, 1% internal; Reserve: 616M, Max: 4096K
[26.303s][info][gc,stats    ] 
[26.303s][info][gc,stats    ] All times are wall-clock times, except per-root-class counters, that are sum over
[26.303s][info][gc,stats    ] all workers. Dividing the <total> over the root stage time estimates parallelism.
[26.303s][info][gc,stats    ] 
[26.303s][info][gc,stats    ] Concurrent Reset                    178 us
[26.303s][info][gc,stats    ] Pause Init Mark (G)                 223 us
[26.303s][info][gc,stats    ] Pause Init Mark (N)                  75 us
[26.303s][info][gc,stats    ]   Update Region States               26 us
[26.303s][info][gc,stats    ] Concurrent Mark Roots               428 us, parallelism: 1.83x
[26.303s][info][gc,stats    ]   CMR: <total>                      782 us
[26.303s][info][gc,stats    ]   CMR: Thread Roots                 749 us, workers (us): 358, 391, ---, ---, ---, 
[26.303s][info][gc,stats    ]   CMR: VM Strong Roots                2 us, workers (us):   2,   1, ---, ---, ---, 
[26.303s][info][gc,stats    ]   CMR: CLDG Roots                    30 us, workers (us):  30, ---, ---, ---, ---, 
[26.303s][info][gc,stats    ] Concurrent Marking                60484 us
[26.303s][info][gc,stats    ] Pause Final Mark (G)                141 us
[26.303s][info][gc,stats    ] Pause Final Mark (N)                108 us
[26.303s][info][gc,stats    ]   Finish Mark                        33 us
[26.303s][info][gc,stats    ]   Update Region States               15 us
[26.303s][info][gc,stats    ]   Choose Collection Set              25 us
[26.303s][info][gc,stats    ]   Rebuild Free Set                   10 us
[26.303s][info][gc,stats    ] Concurrent Thread Roots             420 us, parallelism: 1.86x
[26.303s][info][gc,stats    ]   CTR: <total>                      781 us
[26.303s][info][gc,stats    ]   CTR: Thread Roots                 781 us, workers (us): 391, 391, ---, ---, ---, 
[26.303s][info][gc,stats    ] Concurrent Weak References           42 us, parallelism: 0.24x
[26.303s][info][gc,stats    ]   CWRF: <total>                      10 us
[26.303s][info][gc,stats    ]   CWRF: Weak References              10 us, workers (us):   8,   2, ---, ---, ---, 
[26.303s][info][gc,stats    ] Concurrent Weak Roots               101 us
[26.303s][info][gc,stats    ]   Roots                              70 us, parallelism: 1.71x
[26.303s][info][gc,stats    ]     CWR: <total>                    120 us
[26.303s][info][gc,stats    ]     CWR: Code Cache Roots            52 us, workers (us):  28,  24, ---, ---, ---, 
[26.303s][info][gc,stats    ]     CWR: VM Weak Roots               66 us, workers (us):  34,  32, ---, ---, ---, 
[26.303s][info][gc,stats    ]     CWR: CLDG Roots                   1 us, workers (us):   1, ---, ---, ---, ---, 
[26.303s][info][gc,stats    ]   Rendezvous                         13 us
[26.303s][info][gc,stats    ] Concurrent Cleanup                   18 us
[26.303s][info][gc,stats    ] Concurrent Class Unloading          245 us
[26.303s][info][gc,stats    ]   Unlink Stale                      204 us
[26.303s][info][gc,stats    ]     System Dictionary                 1 us
[26.303s][info][gc,stats    ]     Weak Class Links                  0 us
[26.303s][info][gc,stats    ]     Code Roots                      203 us
[26.303s][info][gc,stats    ]   Rendezvous                         13 us
[26.303s][info][gc,stats    ]   Purge Unlinked                     14 us
[26.303s][info][gc,stats    ]     Code Roots                       12 us
[26.303s][info][gc,stats    ]     CLDG                              1 us
[26.303s][info][gc,stats    ]     Exception Caches                  0 us
[26.303s][info][gc,stats    ] Concurrent Strong Roots              72 us, parallelism: 0.74x
[26.303s][info][gc,stats    ]   CSR: <total>                       53 us
[26.303s][info][gc,stats    ]   CSR: VM Strong Roots                3 us, workers (us):   3,   0, ---, ---, ---, 
[26.303s][info][gc,stats    ]   CSR: CLDG Roots                    50 us, workers (us):  50, ---, ---, ---, ---, 
[26.303s][info][gc,stats    ] Concurrent Evacuation              2817 us
[26.303s][info][gc,stats    ] Pause Init Update Refs (G)           54 us
[26.303s][info][gc,stats    ] Pause Init Update Refs (N)           22 us
[26.303s][info][gc,stats    ]   Manage GCLABs                       9 us
[26.303s][info][gc,stats    ] Concurrent Update Refs            23666 us
[26.303s][info][gc,stats    ] Concurrent Update Thread Roots      593 us
[26.303s][info][gc,stats    ] Pause Final Update Refs (G)          81 us
[26.303s][info][gc,stats    ] Pause Final Update Refs (N)          50 us
[26.303s][info][gc,stats    ]   Update Region States               15 us
[26.303s][info][gc,stats    ]   Trash Collection Set                2 us
[26.303s][info][gc,stats    ]   Rebuild Free Set                   10 us
[26.303s][info][gc,stats    ] Concurrent Cleanup                   19 us
[26.303s][info][gc,stats    ] 
[26.303s][info][gc,stats    ] Allocation pacing accrued:
[26.303s][info][gc,stats    ]       0 of   943 ms (  0.0%): <total>
[26.303s][info][gc,stats    ]       0 of   943 ms (  0.0%): <average total>
[26.303s][info][gc,stats    ] 
[26.303s][info][gc,metaspace] Metaspace: 2264K(2368K)->2264K(2368K) NonClass: 2059K(2112K)->2059K(2112K) Class: 204K(256K)->204K(256K)
[26.303s][info][gc,ergo     ] Pacer for Idle. Initial: 245M, Alloc Tax Rate: 1.0x
[26.304s][info][gc          ] Trigger: Average GC time (5061.73 ms) is above the time for average allocation rate (2125 MB/s) to deplete free headroom (9240M) (margin of error = 1.89)
[26.304s][info][gc,ergo     ] Free headroom: 10838M (free) - 614M (spike) - 983M (penalties) = 9240M
[26.304s][info][gc,ergo     ] Free: 10838M, Max: 4096K regular, 8268M humongous, Frag: 24% external, 1% internal; Reserve: 616M, Max: 4096K
[26.304s][info][gc,start    ] GC(12) Concurrent reset
[26.304s][info][gc,task     ] GC(12) Using 2 of 5 workers for concurrent reset
[26.304s][info][gc,ergo     ] GC(12) Pacer for Reset. Non-Taxable: 12288M
[26.304s][info][gc          ] GC(12) Concurrent reset 0.205ms
[26.304s][info][gc,start    ] GC(12) Pause Init Mark (unload classes)
[26.304s][info][gc,task     ] GC(12) Using 5 of 5 workers for init marking
[26.304s][info][gc,ergo     ] GC(12) Pacer for Mark. Expected Live: 3632M, Free: 10834M, Non-Taxable: 1083M, Alloc Tax Rate: 0.4x
[26.304s][info][gc          ] GC(12) Pause Init Mark (unload classes) 0.033ms
[26.304s][info][gc,start    ] GC(12) Concurrent marking roots
[26.304s][info][gc,task     ] GC(12) Using 2 of 5 workers for concurrent marking roots
[26.305s][info][gc          ] GC(12) Concurrent marking roots 0.355ms
[26.305s][info][gc,start    ] GC(12) Concurrent marking (unload classes)
[26.305s][info][gc,task     ] GC(12) Using 2 of 5 workers for concurrent marking
[26.383s][info][gc          ] GC(12) Concurrent marking (unload classes) 78.335ms
[26.383s][info][gc,start    ] GC(12) Pause Final Mark (unload classes)
[26.383s][info][gc,task     ] GC(12) Using 5 of 5 workers for final marking
[26.383s][info][gc,ergo     ] GC(12) Adaptive CSet Selection. Target Free: 1740M, Actual Free: 11224M, Max CSet: 512M, Min Garbage: 0B
[26.383s][info][gc,ergo     ] GC(12) Collectable Garbage: 79845K (97%), Immediate: 0B (0%), CSet: 79845K (97%)
[26.383s][info][gc,ergo     ] GC(12) Pacer for Evacuation. Used CSet: 175M, Free: 10608M, Non-Taxable: 1060M, Alloc Tax Rate: 1.1x
[26.383s][info][gc          ] GC(12) Pause Final Mark (unload classes) 0.098ms
[26.383s][info][gc,start    ] GC(12) Concurrent thread roots
[26.383s][info][gc,task     ] GC(12) Using 2 of 5 workers for Concurrent thread roots
[26.384s][info][gc          ] GC(12) Concurrent thread roots 0.334ms
[26.384s][info][gc,start    ] GC(12) Concurrent weak references
[26.384s][info][gc,task     ] GC(12) Using 2 of 5 workers for concurrent weak references
[26.384s][info][gc,ref      ] GC(12) Encountered references: Soft: 170, Weak: 324, Final: 6, Phantom: 1
[26.384s][info][gc,ref      ] GC(12) Discovered  references: Soft: 0, Weak: 124, Final: 6, Phantom: 1
[26.384s][info][gc,ref      ] GC(12) Enqueued    references: Soft: 0, Weak: 0, Final: 0, Phantom: 0
[26.384s][info][gc          ] GC(12) Concurrent weak references 0.037ms
[26.384s][info][gc,start    ] GC(12) Concurrent weak roots
[26.384s][info][gc,task     ] GC(12) Using 2 of 5 workers for concurrent weak root
[26.384s][info][gc          ] GC(12) Concurrent weak roots 0.063ms
[26.384s][info][gc,start    ] GC(12) Concurrent cleanup
[26.384s][info][gc          ] GC(12) Concurrent cleanup 1066M->1066M(12288M) 0.009ms
[26.384s][info][gc,ergo     ] GC(12) Free: 10604M, Max: 4096K regular, 8268M humongous, Frag: 23% external, 0% internal; Reserve: 616M, Max: 4096K
[26.384s][info][gc,start    ] GC(12) Concurrent class unloading
[26.384s][info][gc,task     ] GC(12) Using 2 of 5 workers for concurrent class unloading
[26.384s][info][gc          ] GC(12) Concurrent class unloading 0.205ms
[26.384s][info][gc,start    ] GC(12) Concurrent strong roots
[26.384s][info][gc,task     ] GC(12) Using 2 of 5 workers for concurrent strong root
[26.384s][info][gc          ] GC(12) Concurrent strong roots 0.019ms
[26.384s][info][gc,start    ] GC(12) Concurrent evacuation
[26.384s][info][gc,task     ] GC(12) Using 2 of 5 workers for concurrent evacuation
[26.405s][info][gc          ] GC(12) Concurrent evacuation 21.453ms
[26.406s][info][gc,start    ] GC(12) Pause Init Update Refs
[26.406s][info][gc,ergo     ] GC(12) Pacer for Update Refs. Used: 1198M, Free: 10576M, Non-Taxable: 1057M, Alloc Tax Rate: 1.1x
[26.406s][info][gc          ] GC(12) Pause Init Update Refs 0.013ms
[26.406s][info][gc,start    ] GC(12) Concurrent update references
[26.406s][info][gc,task     ] GC(12) Using 2 of 5 workers for concurrent reference update
[26.450s][info][gc          ] GC(12) Concurrent update references 44.646ms
[26.450s][info][gc,start    ] GC(12) Concurrent update thread roots
[26.451s][info][gc          ] GC(12) Concurrent update thread roots 0.590ms
[26.451s][info][gc,start    ] GC(12) Pause Final Update Refs
[26.451s][info][gc,task     ] GC(12) Using 5 of 5 workers for final reference update
[26.451s][info][gc          ] GC(12) Pause Final Update Refs 0.051ms
[26.451s][info][gc,start    ] GC(12) Concurrent cleanup
[26.451s][info][gc          ] GC(12) Concurrent cleanup 1246M->1070M(12288M) 0.016ms
[26.451s][info][gc,ergo     ] Free: 10600M, Max: 4096K regular, 8172M humongous, Frag: 23% external, 0% internal; Reserve: 616M, Max: 4096K
[26.451s][info][gc,stats    ] 
[26.451s][info][gc,stats    ] All times are wall-clock times, except per-root-class counters, that are sum over
[26.451s][info][gc,stats    ] all workers. Dividing the <total> over the root stage time estimates parallelism.
[26.451s][info][gc,stats    ] 
[26.451s][info][gc,stats    ] Concurrent Reset                    209 us
[26.451s][info][gc,stats    ] Pause Init Mark (G)                  69 us
[26.451s][info][gc,stats    ] Pause Init Mark (N)                  38 us
[26.451s][info][gc,stats    ]   Update Region States               14 us
[26.451s][info][gc,stats    ] Concurrent Mark Roots               362 us, parallelism: 1.79x
[26.451s][info][gc,stats    ]   CMR: <total>                      648 us
[26.451s][info][gc,stats    ]   CMR: Thread Roots                 636 us, workers (us): 318, 318, ---, ---, ---, 
[26.451s][info][gc,stats    ]   CMR: VM Strong Roots                2 us, workers (us):   2,   0, ---, ---, ---, 
[26.451s][info][gc,stats    ]   CMR: CLDG Roots                    11 us, workers (us):  11, ---, ---, ---, ---, 
[26.451s][info][gc,stats    ] Concurrent Marking                78362 us
[26.451s][info][gc,stats    ] Pause Final Mark (G)                137 us
[26.451s][info][gc,stats    ] Pause Final Mark (N)                102 us
[26.451s][info][gc,stats    ]   Finish Mark                        27 us
[26.451s][info][gc,stats    ]   Update Region States               17 us
[26.451s][info][gc,stats    ]   Choose Collection Set              28 us
[26.451s][info][gc,stats    ]   Rebuild Free Set                    8 us
[26.451s][info][gc,stats    ] Concurrent Thread Roots             340 us, parallelism: 1.83x
[26.451s][info][gc,stats    ]   CTR: <total>                      621 us
[26.451s][info][gc,stats    ]   CTR: Thread Roots                 621 us, workers (us): 316, 305, ---, ---, ---, 
[26.451s][info][gc,stats    ] Concurrent Weak References           42 us, parallelism: 0.10x
[26.451s][info][gc,stats    ]   CWRF: <total>                       4 us
[26.451s][info][gc,stats    ]   CWRF: Weak References               4 us, workers (us):   4,   0, ---, ---, ---, 
[26.451s][info][gc,stats    ] Concurrent Weak Roots                73 us
[26.451s][info][gc,stats    ]   Roots                              45 us, parallelism: 1.62x
[26.451s][info][gc,stats    ]     CWR: <total>                     73 us
[26.451s][info][gc,stats    ]     CWR: Code Cache Roots            54 us, workers (us):  26,  28, ---, ---, ---, 
[26.451s][info][gc,stats    ]     CWR: VM Weak Roots               17 us, workers (us):  10,   6, ---, ---, ---, 
[26.451s][info][gc,stats    ]     CWR: CLDG Roots                   2 us, workers (us):   2, ---, ---, ---, ---, 
[26.451s][info][gc,stats    ]   Rendezvous                         10 us
[26.451s][info][gc,stats    ] Concurrent Cleanup                   13 us
[26.451s][info][gc,stats    ] Concurrent Class Unloading          212 us
[26.451s][info][gc,stats    ]   Unlink Stale                      181 us
[26.451s][info][gc,stats    ]     System Dictionary                 1 us
[26.451s][info][gc,stats    ]     Weak Class Links                  0 us
[26.451s][info][gc,stats    ]     Code Roots                      180 us
[26.451s][info][gc,stats    ]   Rendezvous                          7 us
[26.451s][info][gc,stats    ]   Purge Unlinked                     10 us
[26.451s][info][gc,stats    ]     Code Roots                        8 us
[26.451s][info][gc,stats    ]     CLDG                              2 us
[26.451s][info][gc,stats    ] Concurrent Strong Roots              24 us, parallelism: 0.30x
[26.451s][info][gc,stats    ]   CSR: <total>                        7 us
[26.451s][info][gc,stats    ]   CSR: VM Strong Roots                1 us, workers (us):   1,   0, ---, ---, ---, 
[26.451s][info][gc,stats    ]   CSR: CLDG Roots                     6 us, workers (us):   6, ---, ---, ---, ---, 
[26.451s][info][gc,stats    ] Concurrent Evacuation             21477 us
[26.451s][info][gc,stats    ] Pause Init Update Refs (G)          166 us
[26.451s][info][gc,stats    ] Pause Init Update Refs (N)           17 us
[26.451s][info][gc,stats    ]   Manage GCLABs                       1 us
[26.451s][info][gc,stats    ] Concurrent Update Refs            44666 us
[26.451s][info][gc,stats    ] Concurrent Update Thread Roots      601 us
[26.451s][info][gc,stats    ] Pause Final Update Refs (G)          86 us
[26.451s][info][gc,stats    ] Pause Final Update Refs (N)          58 us
[26.451s][info][gc,stats    ]   Update Region States               30 us
[26.451s][info][gc,stats    ]   Trash Collection Set                1 us
[26.451s][info][gc,stats    ]   Rebuild Free Set                    8 us
[26.451s][info][gc,stats    ] Concurrent Cleanup                   22 us
[26.451s][info][gc,stats    ] 
[26.451s][info][gc,stats    ] Allocation pacing accrued:
[26.451s][info][gc,stats    ]       0 of   148 ms (  0.0%): <total>
[26.451s][info][gc,stats    ]       0 of   148 ms (  0.0%): <average total>
[26.451s][info][gc,stats    ] 
[26.451s][info][gc,metaspace] Metaspace: 2264K(2368K)->2264K(2368K) NonClass: 2059K(2112K)->2059K(2112K) Class: 204K(256K)->204K(256K)
[26.451s][info][gc,ergo     ] Pacer for Idle. Initial: 245M, Alloc Tax Rate: 1.0x
[29.955s][info][gc          ] Trigger: Average GC time (3543.41 ms) is above the time for average allocation rate (1230 MB/s) to deplete free headroom (4357M) (margin of error = 1.88)
[29.955s][info][gc,ergo     ] Free headroom: 5832M (free) - 614M (spike) - 860M (penalties) = 4357M
[29.956s][info][gc,ergo     ] Free: 5832M, Max: 4096K regular, 5832M humongous, Frag: 0% external, 0% internal; Reserve: 616M, Max: 4096K
[29.956s][info][gc,start    ] GC(13) Concurrent reset
[29.956s][info][gc,task     ] GC(13) Using 2 of 5 workers for concurrent reset
[29.956s][info][gc,ergo     ] GC(13) Pacer for Reset. Non-Taxable: 12288M
[29.956s][info][gc          ] GC(13) Concurrent reset 0.849ms
[30.065s][info][gc,start    ] GC(13) Pause Init Mark (unload classes)
[30.065s][info][gc,task     ] GC(13) Using 5 of 5 workers for init marking
[30.065s][info][gc,ergo     ] GC(13) Pacer for Mark. Expected Live: 3168M, Free: 5496M, Non-Taxable: 549M, Alloc Tax Rate: 0.7x
[30.065s][info][gc          ] GC(13) Pause Init Mark (unload classes) 0.094ms
[30.065s][info][gc,start    ] GC(13) Concurrent marking roots
[30.065s][info][gc,task     ] GC(13) Using 2 of 5 workers for concurrent marking roots
[30.066s][info][gc          ] GC(13) Concurrent marking roots 0.388ms
[30.066s][info][gc,start    ] GC(13) Concurrent marking (unload classes)
[30.066s][info][gc,task     ] GC(13) Using 2 of 5 workers for concurrent marking
[31.509s][info][gc          ] GC(13) Concurrent marking (unload classes) 1443.620ms
[31.510s][info][gc,start    ] GC(13) Pause Final Mark (unload classes)
[31.510s][info][gc,task     ] GC(13) Using 5 of 5 workers for final marking
[31.510s][info][gc,ergo     ] GC(13) Adaptive CSet Selection. Target Free: 1740M, Actual Free: 2803M, Max CSet: 512M, Min Garbage: 0B
[31.510s][info][gc,ergo     ] GC(13) Collectable Garbage: 671M (27%), Immediate: 279M (11%), CSet: 392M (16%)
[31.510s][info][gc,ergo     ] GC(13) Pacer for Evacuation. Used CSet: 904M, Free: 2188M, Non-Taxable: 218M, Alloc Tax Rate: 1.1x
[31.510s][info][gc          ] GC(13) Pause Final Mark (unload classes) 0.179ms
[31.510s][info][gc,start    ] GC(13) Concurrent thread roots
[31.510s][info][gc,task     ] GC(13) Using 2 of 5 workers for Concurrent thread roots
[31.510s][info][gc          ] GC(13) Concurrent thread roots 0.589ms
[31.510s][info][gc,start    ] GC(13) Concurrent weak references
[31.510s][info][gc,task     ] GC(13) Using 2 of 5 workers for concurrent weak references
[31.510s][info][gc,ref      ] GC(13) Encountered references: Soft: 170, Weak: 324, Final: 6, Phantom: 1
[31.510s][info][gc,ref      ] GC(13) Discovered  references: Soft: 0, Weak: 124, Final: 6, Phantom: 1
[31.510s][info][gc,ref      ] GC(13) Enqueued    references: Soft: 0, Weak: 0, Final: 0, Phantom: 0
[31.510s][info][gc          ] GC(13) Concurrent weak references 0.048ms
[31.510s][info][gc,start    ] GC(13) Concurrent weak roots
[31.510s][info][gc,task     ] GC(13) Using 2 of 5 workers for concurrent weak root
[31.511s][info][gc          ] GC(13) Concurrent weak roots 0.314ms
[31.511s][info][gc,start    ] GC(13) Concurrent cleanup
[31.511s][info][gc          ] GC(13) Concurrent cleanup 9759M->9480M(12288M) 0.012ms
[31.511s][info][gc,ergo     ] GC(13) Free: 2187M, Max: 4096K regular, 1904M humongous, Frag: 13% external, 0% internal; Reserve: 615M, Max: 4096K
[31.511s][info][gc,start    ] GC(13) Concurrent class unloading
[31.511s][info][gc,task     ] GC(13) Using 2 of 5 workers for concurrent class unloading
[31.511s][info][gc          ] GC(13) Concurrent class unloading 0.290ms
[31.511s][info][gc,start    ] GC(13) Concurrent strong roots
[31.511s][info][gc,task     ] GC(13) Using 2 of 5 workers for concurrent strong root
[31.511s][info][gc          ] GC(13) Concurrent strong roots 0.033ms
[31.511s][info][gc,start    ] GC(13) Concurrent evacuation
[31.511s][info][gc,task     ] GC(13) Using 2 of 5 workers for concurrent evacuation
[31.823s][info][gc          ] GC(13) Concurrent evacuation 311.447ms
[31.823s][info][gc,start    ] GC(13) Pause Init Update Refs
[31.823s][info][gc,ergo     ] GC(13) Pacer for Update Refs. Used: 10211M, Free: 1973M, Non-Taxable: 197M, Alloc Tax Rate: 6.3x
[31.823s][info][gc          ] GC(13) Pause Init Update Refs 0.022ms
[31.823s][info][gc,start    ] GC(13) Concurrent update references
[31.823s][info][gc,task     ] GC(13) Using 2 of 5 workers for concurrent reference update
[33.760s][info][gc          ] GC(13) Concurrent update references 1937.532ms
[33.760s][info][gc,start    ] GC(13) Concurrent update thread roots
[33.764s][info][gc          ] GC(13) Concurrent update thread roots 3.672ms
[33.764s][info][gc,start    ] GC(13) Pause Final Update Refs
[33.764s][info][gc,task     ] GC(13) Using 5 of 5 workers for final reference update
[33.764s][info][gc          ] GC(13) Pause Final Update Refs 0.102ms
[33.764s][info][gc,start    ] GC(13) Concurrent cleanup
[33.764s][info][gc          ] GC(13) Concurrent cleanup 11427M->10523M(12288M) 0.025ms
[33.764s][info][gc,ergo     ] Free: 1144M, Max: 4096K regular, 248M humongous, Frag: 79% external, 0% internal; Reserve: 616M, Max: 4096K
[33.764s][info][gc,stats    ] 
[33.764s][info][gc,stats    ] All times are wall-clock times, except per-root-class counters, that are sum over
[33.764s][info][gc,stats    ] all workers. Dividing the <total> over the root stage time estimates parallelism.
[33.764s][info][gc,stats    ] 
[33.764s][info][gc,stats    ] Concurrent Reset                    864 us
[33.764s][info][gc,stats    ] Pause Init Mark (G)              109066 us
[33.764s][info][gc,stats    ] Pause Init Mark (N)                  99 us
[33.764s][info][gc,stats    ]   Update Region States               22 us
[33.764s][info][gc,stats    ] Concurrent Mark Roots               394 us, parallelism: 1.80x
[33.764s][info][gc,stats    ]   CMR: <total>                      708 us
[33.764s][info][gc,stats    ]   CMR: Thread Roots                 694 us, workers (us): 352, 342, ---, ---, ---, 
[33.764s][info][gc,stats    ]   CMR: VM Strong Roots                2 us, workers (us):   2,   0, ---, ---, ---, 
[33.764s][info][gc,stats    ]   CMR: CLDG Roots                    13 us, workers (us):  13, ---, ---, ---, ---, 
[33.764s][info][gc,stats    ] Concurrent Marking              1443669 us
[33.764s][info][gc,stats    ] Pause Final Mark (G)                221 us
[33.764s][info][gc,stats    ] Pause Final Mark (N)                183 us
[33.764s][info][gc,stats    ]   Finish Mark                        37 us
[33.764s][info][gc,stats    ]   Update Region States               35 us
[33.764s][info][gc,stats    ]   Choose Collection Set              76 us
[33.764s][info][gc,stats    ]   Rebuild Free Set                    6 us
[33.764s][info][gc,stats    ] Concurrent Thread Roots             598 us, parallelism: 1.84x
[33.764s][info][gc,stats    ]   CTR: <total>                     1100 us
[33.764s][info][gc,stats    ]   CTR: Thread Roots                1100 us, workers (us): 558, 543, ---, ---, ---, 
[33.764s][info][gc,stats    ] Concurrent Weak References           52 us, parallelism: 0.52x
[33.764s][info][gc,stats    ]   CWRF: <total>                      27 us
[33.764s][info][gc,stats    ]   CWRF: Weak References              27 us, workers (us):  17,  10, ---, ---, ---, 
[33.764s][info][gc,stats    ] Concurrent Weak Roots               320 us
[33.764s][info][gc,stats    ]   Roots                             290 us, parallelism: 1.82x
[33.764s][info][gc,stats    ]     CWR: <total>                    529 us
[33.764s][info][gc,stats    ]     CWR: Code Cache Roots           499 us, workers (us): 236, 264, ---, ---, ---, 
[33.764s][info][gc,stats    ]     CWR: VM Weak Roots               27 us, workers (us):  16,  10, ---, ---, ---, 
[33.764s][info][gc,stats    ]     CWR: CLDG Roots                   3 us, workers (us):   3, ---, ---, ---, ---, 
[33.764s][info][gc,stats    ]   Rendezvous                         14 us
[33.764s][info][gc,stats    ] Concurrent Cleanup                   16 us
[33.764s][info][gc,stats    ] Concurrent Class Unloading          303 us
[33.764s][info][gc,stats    ]   Unlink Stale                      264 us
[33.764s][info][gc,stats    ]     System Dictionary                 1 us
[33.764s][info][gc,stats    ]     Weak Class Links                  0 us
[33.764s][info][gc,stats    ]     Code Roots                      263 us
[33.764s][info][gc,stats    ]   Rendezvous                         10 us
[33.764s][info][gc,stats    ]   Purge Unlinked                      9 us
[33.764s][info][gc,stats    ]     Code Roots                        8 us
[33.764s][info][gc,stats    ]     CLDG                              1 us
[33.764s][info][gc,stats    ] Concurrent Strong Roots              39 us, parallelism: 0.25x
[33.764s][info][gc,stats    ]   CSR: <total>                       10 us
[33.764s][info][gc,stats    ]   CSR: VM Strong Roots                1 us, workers (us):   1,   0, ---, ---, ---, 
[33.764s][info][gc,stats    ]   CSR: CLDG Roots                     9 us, workers (us):   9, ---, ---, ---, ---, 
[33.764s][info][gc,stats    ] Concurrent Evacuation            311481 us
[33.764s][info][gc,stats    ] Pause Init Update Refs (G)           80 us
[33.764s][info][gc,stats    ] Pause Init Update Refs (N)           25 us
[33.764s][info][gc,stats    ]   Manage GCLABs                       8 us
[33.764s][info][gc,stats    ] Concurrent Update Refs          1937603 us
[33.764s][info][gc,stats    ] Concurrent Update Thread Roots     3692 us
[33.764s][info][gc,stats    ] Pause Final Update Refs (G)         167 us
[33.764s][info][gc,stats    ] Pause Final Update Refs (N)         115 us
[33.764s][info][gc,stats    ]   Update Region States               60 us
[33.764s][info][gc,stats    ]   Trash Collection Set               12 us
[33.764s][info][gc,stats    ]   Rebuild Free Set                    7 us
[33.764s][info][gc,stats    ] Concurrent Cleanup                   31 us
[33.764s][info][gc,stats    ] 
[33.764s][info][gc,stats    ] Allocation pacing accrued:
[33.764s][info][gc,stats    ]       0 of  7313 ms (  0.0%): <total>
[33.764s][info][gc,stats    ]       0 of  7313 ms (  0.0%): <average total>
[33.764s][info][gc,stats    ] 
[33.764s][info][gc,metaspace] Metaspace: 2264K(2368K)->2268K(2432K) NonClass: 2059K(2112K)->2063K(2176K) Class: 204K(256K)->204K(256K)
[33.764s][info][gc,ergo     ] Pacer for Idle. Initial: 245M, Alloc Tax Rate: 1.0x
[33.766s][info][gc          ] Trigger: Free (1142M) is below minimum threshold (1228M)
[33.766s][info][gc,ergo     ] Free: 1142M, Max: 4096K regular, 248M humongous, Frag: 79% external, 0% internal; Reserve: 616M, Max: 4096K
[33.766s][info][gc,start    ] GC(14) Concurrent reset
[33.766s][info][gc,task     ] GC(14) Using 2 of 5 workers for concurrent reset
[33.766s][info][gc,ergo     ] GC(14) Pacer for Reset. Non-Taxable: 12288M
[33.795s][info][gc          ] GC(14) Concurrent reset 29.203ms
[33.795s][info][gc,start    ] GC(14) Pause Init Mark (unload classes)
[33.795s][info][gc,task     ] GC(14) Using 5 of 5 workers for init marking
[33.795s][info][gc,ergo     ] GC(14) Pacer for Mark. Expected Live: 2498M, Free: 1122M, Non-Taxable: 112M, Alloc Tax Rate: 2.7x
[33.795s][info][gc          ] GC(14) Pause Init Mark (unload classes) 0.044ms
[33.795s][info][gc,start    ] GC(14) Concurrent marking roots
[33.795s][info][gc,task     ] GC(14) Using 2 of 5 workers for concurrent marking roots
[33.796s][info][gc          ] GC(14) Concurrent marking roots 0.569ms
[33.796s][info][gc,start    ] GC(14) Concurrent marking (unload classes)
[33.796s][info][gc,task     ] GC(14) Using 2 of 5 workers for concurrent marking
[35.856s][info][gc          ] Failed to allocate Shared, 100K
[35.857s][info][gc          ] Cancelling GC: Allocation Failure
[35.857s][info][gc          ] GC(14) Concurrent marking (unload classes) 2061.208ms
[35.857s][info][gc,ergo     ] Free: 0B, Max: 0B regular, 0B humongous, Frag: 0% external, 0% internal; Reserve: 616M, Max: 4096K
[35.857s][info][gc,stats    ] 
[35.857s][info][gc,stats    ] All times are wall-clock times, except per-root-class counters, that are sum over
[35.857s][info][gc,stats    ] all workers. Dividing the <total> over the root stage time estimates parallelism.
[35.857s][info][gc,stats    ] 
[35.857s][info][gc,stats    ] Concurrent Reset                  29242 us
[35.857s][info][gc,stats    ] Pause Init Mark (G)                  92 us
[35.857s][info][gc,stats    ] Pause Init Mark (N)                  49 us
[35.857s][info][gc,stats    ]   Update Region States               13 us
[35.857s][info][gc,stats    ] Concurrent Mark Roots               577 us, parallelism: 1.78x
[35.857s][info][gc,stats    ]   CMR: <total>                     1027 us
[35.857s][info][gc,stats    ]   CMR: Thread Roots                 965 us, workers (us): 495, 470, ---, ---, ---, 
[35.857s][info][gc,stats    ]   CMR: VM Strong Roots               41 us, workers (us):  10,  31, ---, ---, ---, 
[35.857s][info][gc,stats    ]   CMR: CLDG Roots                    21 us, workers (us):  21, ---, ---, ---, ---, 
[35.857s][info][gc,stats    ] Concurrent Marking              2061224 us
[35.857s][info][gc,stats    ] 
[35.857s][info][gc,stats    ] Allocation pacing accrued:
[35.857s][info][gc,stats    ]       0 of  2093 ms (  0.0%): <total>
[35.857s][info][gc,stats    ]       0 of  2093 ms (  0.0%): <average total>
[35.857s][info][gc,stats    ] 
[35.857s][info][gc,metaspace] Metaspace: 2268K(2432K)->2270K(2432K) NonClass: 2063K(2176K)->2066K(2176K) Class: 204K(256K)->204K(256K)
[35.857s][info][gc,ergo     ] Pacer for Idle. Initial: 245M, Alloc Tax Rate: 1.0x
[35.858s][info][gc          ] Trigger: Handle Allocation Failure
[35.858s][info][gc,ergo     ] Free: 0B, Max: 0B regular, 0B humongous, Frag: 0% external, 0% internal; Reserve: 616M, Max: 4096K
[35.858s][info][gc,start    ] GC(15) Pause Degenerated GC (Mark)
[35.858s][info][gc,task     ] GC(15) Using 5 of 5 workers for stw degenerated gc
[36.297s][info][gc,ref      ] GC(15) Encountered references: Soft: 170, Weak: 324, Final: 6, Phantom: 1
[36.297s][info][gc,ref      ] GC(15) Discovered  references: Soft: 0, Weak: 3, Final: 0, Phantom: 1
[36.297s][info][gc,ref      ] GC(15) Enqueued    references: Soft: 0, Weak: 0, Final: 0, Phantom: 0
[36.298s][info][gc,ergo     ] GC(15) Adaptive CSet Selection. Target Free: 1740M, Actual Free: 2284M, Max CSet: 512M, Min Garbage: 0B
[36.298s][info][gc,ergo     ] GC(15) Collectable Garbage: 2061M (59%), Immediate: 1668M (47%), CSet: 393M (11%)
[37.996s][info][gc,ergo     ] GC(15) Good progress for free space: 2063M, need 122M
[37.996s][info][gc,ergo     ] GC(15) Good progress for used space: 2051M, need 4096K
[37.996s][info][gc          ] GC(15) Pause Degenerated GC (Mark) 11656M->9604M(12288M) 2137.843ms
[37.996s][info][gc,ergo     ] Free: 2063M, Max: 4096K regular, 856M humongous, Frag: 59% external, 20% internal; Reserve: 616M, Max: 4096K
[37.996s][info][gc,stats    ] 
[37.996s][info][gc,stats    ] All times are wall-clock times, except per-root-class counters, that are sum over
[37.996s][info][gc,stats    ] all workers. Dividing the <total> over the root stage time estimates parallelism.
[37.996s][info][gc,stats    ] 
[37.996s][info][gc,stats    ]   Finish Mark                    439044 us
[37.996s][info][gc,stats    ] Pause Degenerated GC (G)        2137925 us
[37.996s][info][gc,stats    ] Pause Degenerated GC (N)        2137849 us
[37.996s][info][gc,stats    ]     System Purge                    551 us
[37.996s][info][gc,stats    ]       Weak References                66 us, parallelism: 0.29x
[37.996s][info][gc,stats    ]         WRP: <total>                 19 us
[37.996s][info][gc,stats    ]         WRP: Weak References         19 us, workers (us):  10,   9,   0,   0,   0, 
[37.996s][info][gc,stats    ]       Unload Classes                454 us, parallelism: 4.49x
[37.996s][info][gc,stats    ]         DCU: <total>               2038 us
[37.996s][info][gc,stats    ]         DCU: Unload Code Caches     2038 us, workers (us): 402, 407, 408, 398, 422, 
[37.996s][info][gc,stats    ]       Weak Roots                     29 us, parallelism: 1.79x
[37.996s][info][gc,stats    ]         DWR: <total>                 53 us
[37.996s][info][gc,stats    ]         DWR: VM Weak Roots           53 us, workers (us):  11,  13,  10,   9,   9, 
[37.996s][info][gc,stats    ]       CLDG                            0 us
[37.996s][info][gc,stats    ]   Update Region States               28 us
[37.996s][info][gc,stats    ]   Manage GC/TLABs                     3 us
[37.996s][info][gc,stats    ]   Choose Collection Set              92 us
[37.996s][info][gc,stats    ]   Rebuild Free Set                    6 us
[37.996s][info][gc,stats    ]   Evacuation                     232339 us
[37.996s][info][gc,stats    ]   Manage GCLABs                      13 us
[37.996s][info][gc,stats    ]   Update References             1464752 us
[37.996s][info][gc,stats    ]   Update Region States               31 us
[37.996s][info][gc,stats    ]   Trash Collection Set               11 us
[37.996s][info][gc,stats    ]   Rebuild Free Set                    7 us
[37.996s][info][gc,stats    ]   Degen Update Roots                812 us, parallelism: 3.55x
[37.996s][info][gc,stats    ]     DU: <total>                    2881 us
[37.996s][info][gc,stats    ]     DU: Thread Roots               1026 us, workers (us): 478,   0, 484,  63,   0, 
[37.996s][info][gc,stats    ]     DU: Code Cache Roots           1706 us, workers (us):   0, 591,   0, 415, 700, 
[37.996s][info][gc,stats    ]     DU: VM Strong Roots              24 us, workers (us):   7,   3,  10,   3,   0, 
[37.996s][info][gc,stats    ]     DU: VM Weak Roots                67 us, workers (us):  11,  24,  13,  13,   6, 
[37.996s][info][gc,stats    ]     DU: CLDG Roots                   59 us, workers (us):  14,   0,  18,  14,  11, 
[37.996s][info][gc,stats    ]   Cleanup                            12 us
[37.996s][info][gc,stats    ] 
[37.996s][info][gc,stats    ] Allocation pacing accrued:
[37.996s][info][gc,stats    ]       0 of  2139 ms (  0.0%): <total>
[37.996s][info][gc,stats    ]       0 of  2139 ms (  0.0%): <average total>
[37.996s][info][gc,stats    ] 
[37.996s][info][gc,metaspace] Metaspace: 2270K(2432K)->2270K(2432K) NonClass: 2066K(2176K)->2066K(2176K) Class: 204K(256K)->204K(256K)
[37.996s][info][gc,ergo     ] Pacer for Idle. Initial: 245M, Alloc Tax Rate: 1.0x
[37.998s][info][gc          ] Trigger: Average GC time (6081.29 ms) is above the time for average allocation rate (675 MB/s) to deplete free headroom (0B) (margin of error = 1.99)
[37.998s][info][gc,ergo     ] Free headroom: 2063M (free) - 614M (spike) - 1966M (penalties) = 0B
[37.998s][info][gc,ergo     ] Free: 2063M, Max: 4096K regular, 856M humongous, Frag: 59% external, 20% internal; Reserve: 616M, Max: 4096K
[37.998s][info][gc,start    ] GC(16) Concurrent reset
[37.998s][info][gc,task     ] GC(16) Using 2 of 5 workers for concurrent reset
[37.998s][info][gc,ergo     ] GC(16) Pacer for Reset. Non-Taxable: 12288M
[38.023s][info][gc          ] GC(16) Concurrent reset 25.695ms
[38.023s][info][gc,start    ] GC(16) Pause Init Mark (unload classes)
[38.023s][info][gc,task     ] GC(16) Using 5 of 5 workers for init marking
[38.023s][info][gc,ergo     ] GC(16) Pacer for Mark. Expected Live: 2498M, Free: 2050M, Non-Taxable: 205M, Alloc Tax Rate: 1.5x
[38.023s][info][gc          ] GC(16) Pause Init Mark (unload classes) 0.037ms
[38.024s][info][gc,start    ] GC(16) Concurrent marking roots
[38.024s][info][gc,task     ] GC(16) Using 2 of 5 workers for concurrent marking roots
[38.024s][info][gc          ] GC(16) Concurrent marking roots 0.616ms
[38.024s][info][gc,start    ] GC(16) Concurrent marking (unload classes)
[38.024s][info][gc,task     ] GC(16) Using 2 of 5 workers for concurrent marking
[39.858s][info][gc          ] GC(16) Concurrent marking (unload classes) 1833.399ms
[39.858s][info][gc,start    ] GC(16) Pause Final Mark (unload classes)
[39.858s][info][gc,task     ] GC(16) Using 5 of 5 workers for final marking
[39.858s][info][gc,ergo     ] GC(16) Adaptive CSet Selection. Target Free: 1740M, Actual Free: 2517M, Max CSet: 512M, Min Garbage: 0B
[39.858s][info][gc,ergo     ] GC(16) Collectable Garbage: 1505M (59%), Immediate: 873M (34%), CSet: 631M (24%)
[39.858s][info][gc,ergo     ] GC(16) Pacer for Evacuation. Used CSet: 1143M, Free: 1920M, Non-Taxable: 192M, Alloc Tax Rate: 1.5x
[39.858s][info][gc          ] GC(16) Pause Final Mark (unload classes) 0.192ms
[39.858s][info][gc,start    ] GC(16) Concurrent thread roots
[39.858s][info][gc,task     ] GC(16) Using 2 of 5 workers for Concurrent thread roots
[39.858s][info][gc          ] GC(16) Concurrent thread roots 0.590ms
[39.858s][info][gc,start    ] GC(16) Concurrent weak references
[39.858s][info][gc,task     ] GC(16) Using 2 of 5 workers for concurrent weak references
[39.858s][info][gc,ref      ] GC(16) Encountered references: Soft: 170, Weak: 324, Final: 6, Phantom: 4
[39.858s][info][gc,ref      ] GC(16) Discovered  references: Soft: 0, Weak: 141, Final: 6, Phantom: 4
[39.858s][info][gc,ref      ] GC(16) Enqueued    references: Soft: 0, Weak: 0, Final: 0, Phantom: 0
[39.858s][info][gc          ] GC(16) Concurrent weak references 0.063ms
[39.858s][info][gc,start    ] GC(16) Concurrent weak roots
[39.858s][info][gc,task     ] GC(16) Using 2 of 5 workers for concurrent weak root
[39.859s][info][gc          ] GC(16) Concurrent weak roots 0.193ms
[39.859s][info][gc,start    ] GC(16) Concurrent cleanup
[39.859s][info][gc          ] GC(16) Concurrent cleanup 10619M->9746M(12288M) 0.017ms
[39.859s][info][gc,ergo     ] GC(16) Free: 1920M, Max: 4096K regular, 824M humongous, Frag: 57% external, 24% internal; Reserve: 615M, Max: 4096K
[39.859s][info][gc,start    ] GC(16) Concurrent class unloading
[39.859s][info][gc,task     ] GC(16) Using 2 of 5 workers for concurrent class unloading
[39.859s][info][gc          ] GC(16) Concurrent class unloading 0.292ms
[39.859s][info][gc,start    ] GC(16) Concurrent strong roots
[39.859s][info][gc,task     ] GC(16) Using 2 of 5 workers for concurrent strong root
[39.859s][info][gc          ] GC(16) Concurrent strong roots 0.019ms
[39.859s][info][gc,start    ] GC(16) Concurrent evacuation
[39.859s][info][gc,task     ] GC(16) Using 2 of 5 workers for concurrent evacuation
[40.120s][info][gc          ] GC(16) Concurrent evacuation 261.460ms
[40.121s][info][gc,start    ] GC(16) Pause Init Update Refs
[40.121s][info][gc,ergo     ] GC(16) Pacer for Update Refs. Used: 10332M, Free: 1849M, Non-Taxable: 184M, Alloc Tax Rate: 6.8x
[40.121s][info][gc          ] GC(16) Pause Init Update Refs 0.021ms
[40.121s][info][gc,start    ] GC(16) Concurrent update references
[40.121s][info][gc,task     ] GC(16) Using 2 of 5 workers for concurrent reference update
[42.078s][info][gc          ] GC(16) Concurrent update references 1957.521ms
[42.078s][info][gc,start    ] GC(16) Concurrent update thread roots
[42.080s][info][gc          ] GC(16) Concurrent update thread roots 1.227ms
[42.080s][info][gc,start    ] GC(16) Pause Final Update Refs
[42.080s][info][gc,task     ] GC(16) Using 5 of 5 workers for final reference update
[42.080s][info][gc          ] GC(16) Pause Final Update Refs 0.074ms
[42.080s][info][gc,start    ] GC(16) Concurrent cleanup
[42.080s][info][gc          ] GC(16) Concurrent cleanup 12015M->10871M(12288M) 0.029ms
[42.080s][info][gc,ergo     ] Free: 795M, Max: 4096K regular, 100M humongous, Frag: 88% external, 45% internal; Reserve: 616M, Max: 4096K
[42.080s][info][gc,stats    ] 
[42.080s][info][gc,stats    ] All times are wall-clock times, except per-root-class counters, that are sum over
[42.080s][info][gc,stats    ] all workers. Dividing the <total> over the root stage time estimates parallelism.
[42.080s][info][gc,stats    ] 
[42.080s][info][gc,stats    ] Concurrent Reset                  25718 us
[42.080s][info][gc,stats    ] Pause Init Mark (G)                  68 us
[42.080s][info][gc,stats    ] Pause Init Mark (N)                  40 us
[42.080s][info][gc,stats    ]   Update Region States               14 us
[42.080s][info][gc,stats    ] Concurrent Mark Roots               626 us, parallelism: 1.88x
[42.080s][info][gc,stats    ]   CMR: <total>                     1177 us
[42.080s][info][gc,stats    ]   CMR: Thread Roots                1145 us, workers (us): 573, 572, ---, ---, ---, 
[42.080s][info][gc,stats    ]   CMR: VM Strong Roots               15 us, workers (us):  10,   5, ---, ---, ---, 
[42.080s][info][gc,stats    ]   CMR: CLDG Roots                    16 us, workers (us): ---,  16, ---, ---, ---, 
[42.080s][info][gc,stats    ] Concurrent Marking              1833437 us
[42.080s][info][gc,stats    ] Pause Final Mark (G)                219 us
[42.080s][info][gc,stats    ] Pause Final Mark (N)                196 us
[42.080s][info][gc,stats    ]   Finish Mark                        63 us
[42.080s][info][gc,stats    ]   Update Region States               19 us
[42.080s][info][gc,stats    ]   Choose Collection Set              85 us
[42.080s][info][gc,stats    ]   Rebuild Free Set                    7 us
[42.080s][info][gc,stats    ] Concurrent Thread Roots             596 us, parallelism: 1.87x
[42.080s][info][gc,stats    ]   CTR: <total>                     1116 us
[42.080s][info][gc,stats    ]   CTR: Thread Roots                1116 us, workers (us): 560, 556, ---, ---, ---, 
[42.080s][info][gc,stats    ] Concurrent Weak References           66 us, parallelism: 0.57x
[42.080s][info][gc,stats    ]   CWRF: <total>                      38 us
[42.080s][info][gc,stats    ]   CWRF: Weak References              38 us, workers (us):  38,   0, ---, ---, ---, 
[42.080s][info][gc,stats    ] Concurrent Weak Roots               202 us
[42.080s][info][gc,stats    ]   Roots                             141 us, parallelism: 1.76x
[42.080s][info][gc,stats    ]     CWR: <total>                    248 us
[42.080s][info][gc,stats    ]     CWR: Code Cache Roots           226 us, workers (us): 122, 103, ---, ---, ---, 
[42.080s][info][gc,stats    ]     CWR: VM Weak Roots               20 us, workers (us):  12,   8, ---, ---, ---, 
[42.080s][info][gc,stats    ]     CWR: CLDG Roots                   2 us, workers (us): ---,   2, ---, ---, ---, 
[42.080s][info][gc,stats    ]   Rendezvous                         44 us
[42.080s][info][gc,stats    ] Concurrent Cleanup                   23 us
[42.080s][info][gc,stats    ] Concurrent Class Unloading          297 us
[42.080s][info][gc,stats    ]   Unlink Stale                      266 us
[42.080s][info][gc,stats    ]     System Dictionary                 1 us
[42.080s][info][gc,stats    ]     Weak Class Links                  0 us
[42.080s][info][gc,stats    ]     Code Roots                      265 us
[42.080s][info][gc,stats    ]   Rendezvous                          9 us
[42.080s][info][gc,stats    ]   Purge Unlinked                     10 us
[42.080s][info][gc,stats    ]     Code Roots                        8 us
[42.080s][info][gc,stats    ]     CLDG                              1 us
[42.080s][info][gc,stats    ]     Exception Caches                  0 us
[42.080s][info][gc,stats    ] Concurrent Strong Roots              23 us, parallelism: 0.31x
[42.080s][info][gc,stats    ]   CSR: <total>                        7 us
[42.080s][info][gc,stats    ]   CSR: VM Strong Roots                1 us, workers (us):   1,   0, ---, ---, ---, 
[42.080s][info][gc,stats    ]   CSR: CLDG Roots                     6 us, workers (us):   6, ---, ---, ---, ---, 
[42.080s][info][gc,stats    ] Concurrent Evacuation            261482 us
[42.080s][info][gc,stats    ] Pause Init Update Refs (G)           64 us
[42.080s][info][gc,stats    ] Pause Init Update Refs (N)           24 us
[42.080s][info][gc,stats    ]   Manage GCLABs                       7 us
[42.080s][info][gc,stats    ] Concurrent Update Refs          1957916 us
[42.080s][info][gc,stats    ] Concurrent Update Thread Roots     1236 us
[42.080s][info][gc,stats    ] Pause Final Update Refs (G)         125 us
[42.080s][info][gc,stats    ] Pause Final Update Refs (N)          85 us
[42.080s][info][gc,stats    ]   Update Region States               44 us
[42.080s][info][gc,stats    ]   Trash Collection Set                5 us
[42.080s][info][gc,stats    ]   Rebuild Free Set                    7 us
[42.080s][info][gc,stats    ] Concurrent Cleanup                   35 us
[42.080s][info][gc,stats    ] Pacing                           452594 us
[42.080s][info][gc,stats    ] 
[42.080s][info][gc,stats    ] Allocation pacing accrued:
[42.080s][info][gc,stats    ]     453 of  4084 ms ( 11.1%): main
[42.080s][info][gc,stats    ]     453 of  4084 ms ( 11.1%): <total>
[42.080s][info][gc,stats    ]      10 of  4084 ms (  0.2%): <average total>
[42.080s][info][gc,stats    ]     453 of  4084 ms ( 11.1%): <average non-zero>
[42.080s][info][gc,stats    ] 
[42.080s][info][gc,metaspace] Metaspace: 2270K(2432K)->2270K(2432K) NonClass: 2066K(2176K)->2066K(2176K) Class: 204K(256K)->204K(256K)
[42.080s][info][gc,ergo     ] Pacer for Idle. Initial: 245M, Alloc Tax Rate: 1.0x
[42.081s][info][gc          ] Trigger: Free (793M) is below minimum threshold (1228M)
[42.081s][info][gc,ergo     ] Free: 793M, Max: 4096K regular, 100M humongous, Frag: 88% external, 45% internal; Reserve: 616M, Max: 4096K
[42.081s][info][gc,start    ] GC(17) Concurrent reset
[42.081s][info][gc,task     ] GC(17) Using 2 of 5 workers for concurrent reset
[42.081s][info][gc,ergo     ] GC(17) Pacer for Reset. Non-Taxable: 12288M
[42.111s][info][gc          ] GC(17) Concurrent reset 29.112ms
[42.111s][info][gc,start    ] GC(17) Pause Init Mark (unload classes)
[42.111s][info][gc,task     ] GC(17) Using 5 of 5 workers for init marking
[42.111s][info][gc,ergo     ] GC(17) Pacer for Mark. Expected Live: 3856M, Free: 762M, Non-Taxable: 78100K, Alloc Tax Rate: 6.2x
[42.111s][info][gc          ] GC(17) Pause Init Mark (unload classes) 0.044ms
[42.111s][info][gc,start    ] GC(17) Concurrent marking roots
[42.111s][info][gc,task     ] GC(17) Using 2 of 5 workers for concurrent marking roots
[42.111s][info][gc          ] GC(17) Concurrent marking roots 0.556ms
[42.111s][info][gc,start    ] GC(17) Concurrent marking (unload classes)
[42.111s][info][gc,task     ] GC(17) Using 2 of 5 workers for concurrent marking
[42.551s][info][gc          ] GC(17) Concurrent marking (unload classes) 439.762ms
[42.551s][info][gc,start    ] GC(17) Pause Final Mark (unload classes)
[42.551s][info][gc,task     ] GC(17) Using 5 of 5 workers for final marking
[42.551s][info][gc,ergo     ] GC(17) Adaptive CSet Selection. Target Free: 1740M, Actual Free: 9599M, Max CSet: 512M, Min Garbage: 0B
[42.551s][info][gc,ergo     ] GC(17) Collectable Garbage: 9343M (98%), Immediate: 8507M (89%), CSet: 836M (8%)
[42.551s][info][gc,ergo     ] GC(17) Pacer for Evacuation. Used CSet: 1347M, Free: 8994M, Non-Taxable: 899M, Alloc Tax Rate: 1.1x
[42.551s][info][gc          ] GC(17) Pause Final Mark (unload classes) 0.159ms
[42.551s][info][gc,start    ] GC(17) Concurrent thread roots
[42.551s][info][gc,task     ] GC(17) Using 2 of 5 workers for Concurrent thread roots
[42.552s][info][gc          ] GC(17) Concurrent thread roots 0.599ms
[42.552s][info][gc,start    ] GC(17) Concurrent weak references
[42.552s][info][gc,task     ] GC(17) Using 2 of 5 workers for concurrent weak references
[42.552s][info][gc,ref      ] GC(17) Encountered references: Soft: 170, Weak: 324, Final: 6, Phantom: 5
[42.552s][info][gc,ref      ] GC(17) Discovered  references: Soft: 0, Weak: 135, Final: 6, Phantom: 5
[42.552s][info][gc,ref      ] GC(17) Enqueued    references: Soft: 0, Weak: 0, Final: 0, Phantom: 4
[42.552s][info][gc          ] GC(17) Concurrent weak references 0.040ms
[42.552s][info][gc,start    ] GC(17) Concurrent weak roots
[42.552s][info][gc,task     ] GC(17) Using 2 of 5 workers for concurrent weak root
[42.553s][info][gc          ] GC(17) Concurrent weak roots 0.638ms
[42.553s][info][gc,start    ] GC(17) Concurrent cleanup
[42.553s][info][gc          ] GC(17) Concurrent cleanup 11187M->2680M(12288M) 0.050ms
[42.553s][info][gc,ergo     ] GC(17) Free: 8987M, Max: 4096K regular, 1476M humongous, Frag: 84% external, 3% internal; Reserve: 619M, Max: 4096K
[42.553s][info][gc,start    ] GC(17) Concurrent class unloading
[42.553s][info][gc,task     ] GC(17) Using 2 of 5 workers for concurrent class unloading
[42.553s][info][gc          ] GC(17) Concurrent class unloading 0.389ms
[42.553s][info][gc,start    ] GC(17) Concurrent strong roots
[42.553s][info][gc,task     ] GC(17) Using 2 of 5 workers for concurrent strong root
[42.553s][info][gc          ] GC(17) Concurrent strong roots 0.101ms
[42.553s][info][gc,start    ] GC(17) Concurrent evacuation
[42.553s][info][gc,task     ] GC(17) Using 2 of 5 workers for concurrent evacuation
[42.681s][info][gc          ] GC(17) Concurrent evacuation 127.378ms
[42.681s][info][gc,start    ] GC(17) Pause Init Update Refs
[42.681s][info][gc,ergo     ] GC(17) Pacer for Update Refs. Used: 3336M, Free: 8843M, Non-Taxable: 884M, Alloc Tax Rate: 1.1x
[42.681s][info][gc          ] GC(17) Pause Init Update Refs 0.026ms
[42.681s][info][gc,start    ] GC(17) Concurrent update references
[42.681s][info][gc,task     ] GC(17) Using 2 of 5 workers for concurrent reference update
[42.808s][info][gc          ] GC(17) Concurrent update references 127.089ms
[42.808s][info][gc,start    ] GC(17) Concurrent update thread roots
[42.809s][info][gc          ] GC(17) Concurrent update thread roots 0.855ms
[42.809s][info][gc,start    ] GC(17) Pause Final Update Refs
[42.809s][info][gc,task     ] GC(17) Using 5 of 5 workers for final reference update
[42.809s][info][gc          ] GC(17) Pause Final Update Refs 0.046ms
[42.809s][info][gc,start    ] GC(17) Concurrent cleanup
[42.809s][info][gc          ] GC(17) Concurrent cleanup 3491M->2143M(12288M) 0.025ms
[42.809s][info][gc,ergo     ] Free: 9527M, Max: 4096K regular, 3464M humongous, Frag: 64% external, 3% internal; Reserve: 616M, Max: 4096K
[42.809s][info][gc,stats    ] 
[42.809s][info][gc,stats    ] All times are wall-clock times, except per-root-class counters, that are sum over
[42.809s][info][gc,stats    ] all workers. Dividing the <total> over the root stage time estimates parallelism.
[42.809s][info][gc,stats    ] 
[42.809s][info][gc,stats    ] Concurrent Reset                  29143 us
[42.809s][info][gc,stats    ] Pause Init Mark (G)                 118 us
[42.809s][info][gc,stats    ] Pause Init Mark (N)                  50 us
[42.809s][info][gc,stats    ]   Update Region States               15 us
[42.809s][info][gc,stats    ] Concurrent Mark Roots               564 us, parallelism: 1.81x
[42.809s][info][gc,stats    ]   CMR: <total>                     1019 us
[42.809s][info][gc,stats    ]   CMR: Thread Roots                 991 us, workers (us): 498, 492, ---, ---, ---, 
[42.809s][info][gc,stats    ]   CMR: VM Strong Roots                9 us, workers (us):   5,   4, ---, ---, ---, 
[42.809s][info][gc,stats    ]   CMR: CLDG Roots                    19 us, workers (us):  19, ---, ---, ---, ---, 
[42.809s][info][gc,stats    ] Concurrent Marking               439792 us
[42.809s][info][gc,stats    ] Pause Final Mark (G)                229 us
[42.809s][info][gc,stats    ] Pause Final Mark (N)                163 us
[42.809s][info][gc,stats    ]   Finish Mark                        52 us
[42.809s][info][gc,stats    ]   Update Region States               18 us
[42.809s][info][gc,stats    ]   Choose Collection Set              54 us
[42.809s][info][gc,stats    ]   Rebuild Free Set                    8 us
[42.809s][info][gc,stats    ] Concurrent Thread Roots             609 us, parallelism: 1.84x
[42.809s][info][gc,stats    ]   CTR: <total>                     1119 us
[42.809s][info][gc,stats    ]   CTR: Thread Roots                1119 us, workers (us): 547, 572, ---, ---, ---, 
[42.809s][info][gc,stats    ] Concurrent Weak References           44 us, parallelism: 0.31x
[42.809s][info][gc,stats    ]   CWRF: <total>                      14 us
[42.809s][info][gc,stats    ]   CWRF: Weak References              14 us, workers (us):  11,   3, ---, ---, ---, 
[42.809s][info][gc,stats    ] Concurrent Weak Roots               647 us
[42.809s][info][gc,stats    ]   Roots                             617 us, parallelism: 1.87x
[42.809s][info][gc,stats    ]     CWR: <total>                   1153 us
[42.809s][info][gc,stats    ]     CWR: Code Cache Roots          1055 us, workers (us): 503, 552, ---, ---, ---, 
[42.809s][info][gc,stats    ]     CWR: VM Weak Roots               96 us, workers (us):  49,  47, ---, ---, ---, 
[42.809s][info][gc,stats    ]     CWR: CLDG Roots                   2 us, workers (us):   2, ---, ---, ---, ---, 
[42.809s][info][gc,stats    ]   Rendezvous                         12 us
[42.809s][info][gc,stats    ] Concurrent Cleanup                   55 us
[42.809s][info][gc,stats    ] Concurrent Class Unloading          396 us
[42.809s][info][gc,stats    ]   Unlink Stale                      356 us
[42.809s][info][gc,stats    ]     System Dictionary                 1 us
[42.809s][info][gc,stats    ]     Weak Class Links                  0 us
[42.809s][info][gc,stats    ]     Code Roots                      354 us
[42.809s][info][gc,stats    ]   Rendezvous                         13 us
[42.809s][info][gc,stats    ]   Purge Unlinked                     12 us
[42.809s][info][gc,stats    ]     Code Roots                       10 us
[42.809s][info][gc,stats    ]     CLDG                              1 us
[42.809s][info][gc,stats    ]     Exception Caches                  0 us
[42.809s][info][gc,stats    ] Concurrent Strong Roots             109 us, parallelism: 0.80x
[42.809s][info][gc,stats    ]   CSR: <total>                       87 us
[42.809s][info][gc,stats    ]   CSR: VM Strong Roots                3 us, workers (us):   2,   2, ---, ---, ---, 
[42.809s][info][gc,stats    ]   CSR: CLDG Roots                    83 us, workers (us):  83, ---, ---, ---, ---, 
[42.809s][info][gc,stats    ] Concurrent Evacuation            127425 us
[42.809s][info][gc,stats    ] Pause Init Update Refs (G)           86 us
[42.809s][info][gc,stats    ] Pause Init Update Refs (N)           36 us
[42.809s][info][gc,stats    ]   Manage GCLABs                      10 us
[42.809s][info][gc,stats    ] Concurrent Update Refs           127122 us
[42.809s][info][gc,stats    ] Concurrent Update Thread Roots      867 us
[42.809s][info][gc,stats    ] Pause Final Update Refs (G)         105 us
[42.809s][info][gc,stats    ] Pause Final Update Refs (N)          56 us
[42.809s][info][gc,stats    ]   Update Region States               18 us
[42.809s][info][gc,stats    ]   Trash Collection Set                3 us
[42.809s][info][gc,stats    ]   Rebuild Free Set                   10 us
[42.809s][info][gc,stats    ] Concurrent Cleanup                   30 us
[42.809s][info][gc,stats    ] Pacing                           130390 us
[42.809s][info][gc,stats    ] 
[42.809s][info][gc,stats    ] Allocation pacing accrued:
[42.809s][info][gc,stats    ]     130 of   729 ms ( 17.9%): main
[42.809s][info][gc,stats    ]     130 of   729 ms ( 17.9%): <total>
[42.809s][info][gc,stats    ]       3 of   729 ms (  0.4%): <average total>
[42.809s][info][gc,stats    ]     130 of   729 ms ( 17.9%): <average non-zero>
[42.809s][info][gc,stats    ] 
[42.809s][info][gc,metaspace] Metaspace: 2270K(2432K)->2270K(2432K) NonClass: 2066K(2176K)->2066K(2176K) Class: 204K(256K)->204K(256K)
[42.809s][info][gc,ergo     ] Pacer for Idle. Initial: 245M, Alloc Tax Rate: 1.0x
[43.313s][info][gc          ] Trigger: Average GC time (5307.73 ms) is above the time for average allocation rate (1271 MB/s) to deplete free headroom (6555M) (margin of error = 2.00)
[43.313s][info][gc,ergo     ] Free headroom: 8890M (free) - 614M (spike) - 1720M (penalties) = 6555M
[43.313s][info][gc,ergo     ] Free: 8890M, Max: 4096K regular, 3464M humongous, Frag: 61% external, 3% internal; Reserve: 616M, Max: 4096K
[43.313s][info][gc,start    ] GC(18) Concurrent reset
[43.313s][info][gc,task     ] GC(18) Using 2 of 5 workers for concurrent reset
[43.313s][info][gc,ergo     ] GC(18) Pacer for Reset. Non-Taxable: 12288M
[43.315s][info][gc          ] GC(18) Concurrent reset 2.248ms
[43.315s][info][gc,start    ] GC(18) Pause Init Mark (unload classes)
[43.315s][info][gc,task     ] GC(18) Using 5 of 5 workers for init marking
[43.315s][info][gc,ergo     ] GC(18) Pacer for Mark. Expected Live: 4001M, Free: 8886M, Non-Taxable: 888M, Alloc Tax Rate: 0.6x
[43.315s][info][gc          ] GC(18) Pause Init Mark (unload classes) 0.035ms
[43.315s][info][gc,start    ] GC(18) Concurrent marking roots
[43.315s][info][gc,task     ] GC(18) Using 2 of 5 workers for concurrent marking roots
[43.316s][info][gc          ] GC(18) Concurrent marking roots 0.536ms
[43.316s][info][gc,start    ] GC(18) Concurrent marking (unload classes)
[43.316s][info][gc,task     ] GC(18) Using 2 of 5 workers for concurrent marking
[43.654s][info][gc          ] GC(18) Concurrent marking (unload classes) 337.894ms
[43.654s][info][gc,start    ] GC(18) Pause Final Mark (unload classes)
[43.654s][info][gc,task     ] GC(18) Using 5 of 5 workers for final marking
[43.654s][info][gc,ergo     ] GC(18) Adaptive CSet Selection. Target Free: 1740M, Actual Free: 9028M, Max CSet: 512M, Min Garbage: 0B
[43.654s][info][gc,ergo     ] GC(18) Collectable Garbage: 388M (55%), Immediate: 0B (0%), CSet: 388M (55%)
[43.654s][info][gc,ergo     ] GC(18) Pacer for Evacuation. Used CSet: 900M, Free: 8422M, Non-Taxable: 842M, Alloc Tax Rate: 1.1x
[43.654s][info][gc          ] GC(18) Pause Final Mark (unload classes) 0.169ms
[43.654s][info][gc,start    ] GC(18) Concurrent thread roots
[43.654s][info][gc,task     ] GC(18) Using 2 of 5 workers for Concurrent thread roots
[43.654s][info][gc          ] GC(18) Concurrent thread roots 0.492ms
[43.654s][info][gc,start    ] GC(18) Concurrent weak references
[43.654s][info][gc,task     ] GC(18) Using 2 of 5 workers for concurrent weak references
[43.654s][info][gc,ref      ] GC(18) Encountered references: Soft: 170, Weak: 324, Final: 6, Phantom: 1
[43.654s][info][gc,ref      ] GC(18) Discovered  references: Soft: 0, Weak: 124, Final: 6, Phantom: 1
[43.654s][info][gc,ref      ] GC(18) Enqueued    references: Soft: 0, Weak: 0, Final: 0, Phantom: 0
[43.654s][info][gc          ] GC(18) Concurrent weak references 0.034ms
[43.654s][info][gc,start    ] GC(18) Concurrent weak roots
[43.654s][info][gc,task     ] GC(18) Using 2 of 5 workers for concurrent weak root
[43.654s][info][gc          ] GC(18) Concurrent weak roots 0.089ms
[43.654s][info][gc,start    ] GC(18) Concurrent cleanup
[43.654s][info][gc          ] GC(18) Concurrent cleanup 3251M->3251M(12288M) 0.011ms
[43.654s][info][gc,ergo     ] GC(18) Free: 8419M, Max: 4096K regular, 3464M humongous, Frag: 59% external, 3% internal; Reserve: 616M, Max: 4096K
[43.654s][info][gc,start    ] GC(18) Concurrent class unloading
[43.655s][info][gc,task     ] GC(18) Using 2 of 5 workers for concurrent class unloading
[43.655s][info][gc          ] GC(18) Concurrent class unloading 0.270ms
[43.655s][info][gc,start    ] GC(18) Concurrent strong roots
[43.655s][info][gc,task     ] GC(18) Using 2 of 5 workers for concurrent strong root
[43.655s][info][gc          ] GC(18) Concurrent strong roots 0.022ms
[43.655s][info][gc,start    ] GC(18) Concurrent evacuation
[43.655s][info][gc,task     ] GC(18) Using 2 of 5 workers for concurrent evacuation
[43.782s][info][gc          ] GC(18) Concurrent evacuation 127.038ms
[43.783s][info][gc,start    ] GC(18) Pause Init Update Refs
[43.783s][info][gc,ergo     ] GC(18) Pacer for Update Refs. Used: 3889M, Free: 8298M, Non-Taxable: 829M, Alloc Tax Rate: 1.1x
[43.783s][info][gc          ] GC(18) Pause Init Update Refs 0.015ms
[43.783s][info][gc,start    ] GC(18) Concurrent update references
[43.783s][info][gc,task     ] GC(18) Using 2 of 5 workers for concurrent reference update
[44.037s][info][gc          ] GC(18) Concurrent update references 254.353ms
[44.037s][info][gc,start    ] GC(18) Concurrent update thread roots
[44.038s][info][gc          ] GC(18) Concurrent update thread roots 0.895ms
[44.038s][info][gc,start    ] GC(18) Pause Final Update Refs
[44.038s][info][gc,task     ] GC(18) Using 5 of 5 workers for final reference update
[44.038s][info][gc          ] GC(18) Pause Final Update Refs 0.043ms
[44.038s][info][gc,start    ] GC(18) Concurrent cleanup
[44.038s][info][gc          ] GC(18) Concurrent cleanup 4200M->3300M(12288M) 0.019ms
[44.038s][info][gc,ergo     ] Free: 8370M, Max: 4096K regular, 6588M humongous, Frag: 22% external, 2% internal; Reserve: 616M, Max: 4096K
[44.038s][info][gc,stats    ] 
[44.038s][info][gc,stats    ] All times are wall-clock times, except per-root-class counters, that are sum over
[44.038s][info][gc,stats    ] all workers. Dividing the <total> over the root stage time estimates parallelism.
[44.038s][info][gc,stats    ] 
[44.038s][info][gc,stats    ] Concurrent Reset                   2263 us
[44.038s][info][gc,stats    ] Pause Init Mark (G)                 132 us
[44.038s][info][gc,stats    ] Pause Init Mark (N)                  40 us
[44.038s][info][gc,stats    ]   Update Region States               14 us
[44.038s][info][gc,stats    ] Concurrent Mark Roots               542 us, parallelism: 1.85x
[44.038s][info][gc,stats    ]   CMR: <total>                     1005 us
[44.038s][info][gc,stats    ]   CMR: Thread Roots                 993 us, workers (us): 498, 496, ---, ---, ---, 
[44.038s][info][gc,stats    ]   CMR: VM Strong Roots                2 us, workers (us):   2,   0, ---, ---, ---, 
[44.038s][info][gc,stats    ]   CMR: CLDG Roots                    10 us, workers (us):  10, ---, ---, ---, ---, 
[44.038s][info][gc,stats    ] Concurrent Marking               337923 us
[44.038s][info][gc,stats    ] Pause Final Mark (G)                210 us
[44.038s][info][gc,stats    ] Pause Final Mark (N)                173 us
[44.038s][info][gc,stats    ]   Finish Mark                        55 us
[44.038s][info][gc,stats    ]   Update Region States               41 us
[44.038s][info][gc,stats    ]   Choose Collection Set              43 us
[44.038s][info][gc,stats    ]   Rebuild Free Set                   10 us
[44.038s][info][gc,stats    ] Concurrent Thread Roots             498 us, parallelism: 1.84x
[44.038s][info][gc,stats    ]   CTR: <total>                      915 us
[44.038s][info][gc,stats    ]   CTR: Thread Roots                 915 us, workers (us): 472, 443, ---, ---, ---, 
[44.038s][info][gc,stats    ] Concurrent Weak References           38 us, parallelism: 0.09x
[44.038s][info][gc,stats    ]   CWRF: <total>                       4 us
[44.038s][info][gc,stats    ]   CWRF: Weak References               4 us, workers (us):   4,   0, ---, ---, ---, 
[44.038s][info][gc,stats    ] Concurrent Weak Roots                96 us
[44.038s][info][gc,stats    ]   Roots                              52 us, parallelism: 1.51x
[44.038s][info][gc,stats    ]     CWR: <total>                     78 us
[44.038s][info][gc,stats    ]     CWR: Code Cache Roots            59 us, workers (us):  26,  32, ---, ---, ---, 
[44.038s][info][gc,stats    ]     CWR: VM Weak Roots               17 us, workers (us):  10,   8, ---, ---, ---, 
[44.038s][info][gc,stats    ]     CWR: CLDG Roots                   2 us, workers (us):   2, ---, ---, ---, ---, 
[44.038s][info][gc,stats    ]   Rendezvous                         30 us
[44.038s][info][gc,stats    ] Concurrent Cleanup                   16 us
[44.038s][info][gc,stats    ] Concurrent Class Unloading          277 us
[44.038s][info][gc,stats    ]   Unlink Stale                      212 us
[44.038s][info][gc,stats    ]     System Dictionary                 1 us
[44.038s][info][gc,stats    ]     Weak Class Links                  0 us
[44.038s][info][gc,stats    ]     Code Roots                      211 us
[44.038s][info][gc,stats    ]   Rendezvous                         40 us
[44.038s][info][gc,stats    ]   Purge Unlinked                     11 us
[44.038s][info][gc,stats    ]     Code Roots                        9 us
[44.038s][info][gc,stats    ]     CLDG                              2 us
[44.038s][info][gc,stats    ]     Exception Caches                  0 us
[44.038s][info][gc,stats    ] Concurrent Strong Roots              27 us, parallelism: 0.29x
[44.038s][info][gc,stats    ]   CSR: <total>                        8 us
[44.038s][info][gc,stats    ]   CSR: VM Strong Roots                1 us, workers (us):   1,   0, ---, ---, ---, 
[44.038s][info][gc,stats    ]   CSR: CLDG Roots                     7 us, workers (us):   7, ---, ---, ---, ---, 
[44.038s][info][gc,stats    ] Concurrent Evacuation            127064 us
[44.038s][info][gc,stats    ] Pause Init Update Refs (G)          813 us
[44.038s][info][gc,stats    ] Pause Init Update Refs (N)           20 us
[44.038s][info][gc,stats    ]   Manage GCLABs                       2 us
[44.038s][info][gc,stats    ] Concurrent Update Refs           254376 us
[44.038s][info][gc,stats    ] Concurrent Update Thread Roots      905 us
[44.038s][info][gc,stats    ] Pause Final Update Refs (G)          91 us
[44.038s][info][gc,stats    ] Pause Final Update Refs (N)          54 us
[44.038s][info][gc,stats    ]   Update Region States               18 us
[44.038s][info][gc,stats    ]   Trash Collection Set                3 us
[44.038s][info][gc,stats    ]   Rebuild Free Set                    9 us
[44.038s][info][gc,stats    ] Concurrent Cleanup                   24 us
[44.038s][info][gc,stats    ] 
[44.038s][info][gc,stats    ] Allocation pacing accrued:
[44.038s][info][gc,stats    ]       0 of  1229 ms (  0.0%): <total>
[44.038s][info][gc,stats    ]       0 of  1229 ms (  0.0%): <average total>
[44.038s][info][gc,stats    ] 
[44.038s][info][gc,metaspace] Metaspace: 2270K(2432K)->2270K(2432K) NonClass: 2066K(2176K)->2066K(2176K) Class: 204K(256K)->204K(256K)
[44.038s][info][gc,ergo     ] Pacer for Idle. Initial: 245M, Alloc Tax Rate: 1.0x
[44.140s][info][gc          ] Trigger: Average GC time (4003.31 ms) is above the time for average allocation rate (2171 MB/s) to deplete free headroom (5851M) (margin of error = 2.00)
[44.140s][info][gc,ergo     ] Free headroom: 8063M (free) - 614M (spike) - 1597M (penalties) = 5851M
[44.140s][info][gc,ergo     ] Free: 8062M, Max: 4096K regular, 6588M humongous, Frag: 19% external, 3% internal; Reserve: 616M, Max: 4096K
[44.140s][info][gc,start    ] GC(19) Concurrent reset
[44.140s][info][gc,task     ] GC(19) Using 2 of 5 workers for concurrent reset
[44.140s][info][gc,ergo     ] GC(19) Pacer for Reset. Non-Taxable: 12288M
[44.141s][info][gc          ] GC(19) Concurrent reset 0.741ms
[44.141s][info][gc,start    ] GC(19) Pause Init Mark (unload classes)
[44.141s][info][gc,task     ] GC(19) Using 5 of 5 workers for init marking
[44.141s][info][gc,ergo     ] GC(19) Pacer for Mark. Expected Live: 4267M, Free: 8059M, Non-Taxable: 805M, Alloc Tax Rate: 0.6x
[44.141s][info][gc          ] GC(19) Pause Init Mark (unload classes) 0.032ms
[44.141s][info][gc,start    ] GC(19) Concurrent marking roots
[44.141s][info][gc,task     ] GC(19) Using 2 of 5 workers for concurrent marking roots
[44.141s][info][gc          ] GC(19) Concurrent marking roots 0.487ms
[44.141s][info][gc,start    ] GC(19) Concurrent marking (unload classes)
[44.141s][info][gc,task     ] GC(19) Using 2 of 5 workers for concurrent marking
[44.631s][info][gc          ] GC(19) Concurrent marking (unload classes) 489.438ms
[44.631s][info][gc,start    ] GC(19) Pause Final Mark (unload classes)
[44.631s][info][gc,task     ] GC(19) Using 5 of 5 workers for final marking
[44.631s][info][gc,ergo     ] GC(19) Adaptive CSet Selection. Target Free: 1740M, Actual Free: 7868M, Max CSet: 512M, Min Garbage: 0B
[44.631s][info][gc,ergo     ] GC(19) Collectable Garbage: 385M (46%), Immediate: 0B (0%), CSet: 385M (46%)
[44.631s][info][gc,ergo     ] GC(19) Pacer for Evacuation. Used CSet: 896M, Free: 7259M, Non-Taxable: 725M, Alloc Tax Rate: 1.1x
[44.631s][info][gc          ] GC(19) Pause Final Mark (unload classes) 0.113ms
[44.631s][info][gc,start    ] GC(19) Concurrent thread roots
[44.631s][info][gc,task     ] GC(19) Using 2 of 5 workers for Concurrent thread roots
[44.632s][info][gc          ] GC(19) Concurrent thread roots 0.460ms
[44.632s][info][gc,start    ] GC(19) Concurrent weak references
[44.632s][info][gc,task     ] GC(19) Using 2 of 5 workers for concurrent weak references
[44.632s][info][gc,ref      ] GC(19) Encountered references: Soft: 170, Weak: 324, Final: 6, Phantom: 1
[44.632s][info][gc,ref      ] GC(19) Discovered  references: Soft: 0, Weak: 124, Final: 6, Phantom: 1
[44.632s][info][gc,ref      ] GC(19) Enqueued    references: Soft: 0, Weak: 0, Final: 0, Phantom: 0
[44.632s][info][gc          ] GC(19) Concurrent weak references 0.036ms
[44.632s][info][gc,start    ] GC(19) Concurrent weak roots
[44.632s][info][gc,task     ] GC(19) Using 2 of 5 workers for concurrent weak root
[44.632s][info][gc          ] GC(19) Concurrent weak roots 0.068ms
[44.632s][info][gc,start    ] GC(19) Concurrent cleanup
[44.632s][info][gc          ] GC(19) Concurrent cleanup 4414M->4414M(12288M) 0.012ms
[44.632s][info][gc,ergo     ] GC(19) Free: 7256M, Max: 4096K regular, 6324M humongous, Frag: 13% external, 0% internal; Reserve: 616M, Max: 4096K
[44.632s][info][gc,start    ] GC(19) Concurrent class unloading
[44.632s][info][gc,task     ] GC(19) Using 2 of 5 workers for concurrent class unloading
[44.632s][info][gc          ] GC(19) Concurrent class unloading 0.227ms
[44.632s][info][gc,start    ] GC(19) Concurrent strong roots
[44.632s][info][gc,task     ] GC(19) Using 2 of 5 workers for concurrent strong root
[44.632s][info][gc          ] GC(19) Concurrent strong roots 0.022ms
[44.632s][info][gc,start    ] GC(19) Concurrent evacuation
[44.632s][info][gc,task     ] GC(19) Using 2 of 5 workers for concurrent evacuation
[44.756s][info][gc          ] GC(19) Concurrent evacuation 123.641ms
[44.756s][info][gc,start    ] GC(19) Pause Init Update Refs
[44.756s][info][gc,ergo     ] GC(19) Pacer for Update Refs. Used: 5058M, Free: 7124M, Non-Taxable: 712M, Alloc Tax Rate: 1.1x
[44.756s][info][gc          ] GC(19) Pause Init Update Refs 0.013ms
[44.756s][info][gc,start    ] GC(19) Concurrent update references
[44.756s][info][gc,task     ] GC(19) Using 2 of 5 workers for concurrent reference update
[45.198s][info][gc          ] GC(19) Concurrent update references 442.794ms
[45.199s][info][gc,start    ] GC(19) Concurrent update thread roots
[45.199s][info][gc          ] GC(19) Concurrent update thread roots 0.923ms
[45.199s][info][gc,start    ] GC(19) Pause Final Update Refs
[45.199s][info][gc,task     ] GC(19) Using 5 of 5 workers for final reference update
[45.200s][info][gc          ] GC(19) Pause Final Update Refs 0.043ms
[45.200s][info][gc,start    ] GC(19) Concurrent cleanup
[45.200s][info][gc          ] GC(19) Concurrent cleanup 5599M->4703M(12288M) 0.020ms
[45.200s][info][gc,ergo     ] Free: 6967M, Max: 4096K regular, 5652M humongous, Frag: 19% external, 0% internal; Reserve: 616M, Max: 4096K
[45.200s][info][gc,stats    ] 
[45.200s][info][gc,stats    ] All times are wall-clock times, except per-root-class counters, that are sum over
[45.200s][info][gc,stats    ] all workers. Dividing the <total> over the root stage time estimates parallelism.
[45.200s][info][gc,stats    ] 
[45.200s][info][gc,stats    ] Concurrent Reset                    755 us
[45.200s][info][gc,stats    ] Pause Init Mark (G)                  73 us
[45.200s][info][gc,stats    ] Pause Init Mark (N)                  36 us
[45.200s][info][gc,stats    ]   Update Region States               12 us
[45.200s][info][gc,stats    ] Concurrent Mark Roots               494 us, parallelism: 1.81x
[45.200s][info][gc,stats    ]   CMR: <total>                      892 us
[45.200s][info][gc,stats    ]   CMR: Thread Roots                 879 us, workers (us): 425, 454, ---, ---, ---, 
[45.200s][info][gc,stats    ]   CMR: VM Strong Roots                2 us, workers (us):   2,   0, ---, ---, ---, 
[45.200s][info][gc,stats    ]   CMR: CLDG Roots                    11 us, workers (us):  11, ---, ---, ---, ---, 
[45.200s][info][gc,stats    ] Concurrent Marking               489459 us
[45.200s][info][gc,stats    ] Pause Final Mark (G)                147 us
[45.200s][info][gc,stats    ] Pause Final Mark (N)                116 us
[45.200s][info][gc,stats    ]   Finish Mark                        30 us
[45.200s][info][gc,stats    ]   Update Region States               15 us
[45.200s][info][gc,stats    ]   Choose Collection Set              41 us
[45.200s][info][gc,stats    ]   Rebuild Free Set                    8 us
[45.200s][info][gc,stats    ] Concurrent Thread Roots             467 us, parallelism: 1.85x
[45.200s][info][gc,stats    ]   CTR: <total>                      862 us
[45.200s][info][gc,stats    ]   CTR: Thread Roots                 862 us, workers (us): 442, 420, ---, ---, ---, 
[45.200s][info][gc,stats    ] Concurrent Weak References           40 us, parallelism: 0.09x
[45.200s][info][gc,stats    ]   CWRF: <total>                       4 us
[45.200s][info][gc,stats    ]   CWRF: Weak References               4 us, workers (us):   4,   0, ---, ---, ---, 
[45.200s][info][gc,stats    ] Concurrent Weak Roots                77 us
[45.200s][info][gc,stats    ]   Roots                              48 us, parallelism: 1.59x
[45.200s][info][gc,stats    ]     CWR: <total>                     76 us
[45.200s][info][gc,stats    ]     CWR: Code Cache Roots            57 us, workers (us):  32,  26, ---, ---, ---, 
[45.200s][info][gc,stats    ]     CWR: VM Weak Roots               17 us, workers (us):  11,   7, ---, ---, ---, 
[45.200s][info][gc,stats    ]     CWR: CLDG Roots                   2 us, workers (us): ---,   2, ---, ---, ---, 
[45.200s][info][gc,stats    ]   Rendezvous                         12 us
[45.200s][info][gc,stats    ] Concurrent Cleanup                   17 us
[45.200s][info][gc,stats    ] Concurrent Class Unloading          234 us
[45.200s][info][gc,stats    ]   Unlink Stale                      197 us
[45.200s][info][gc,stats    ]     System Dictionary                 1 us
[45.200s][info][gc,stats    ]     Weak Class Links                  0 us
[45.200s][info][gc,stats    ]     Code Roots                      196 us
[45.200s][info][gc,stats    ]   Rendezvous                          9 us
[45.200s][info][gc,stats    ]   Purge Unlinked                     13 us
[45.200s][info][gc,stats    ]     Code Roots                       11 us
[45.200s][info][gc,stats    ]     CLDG                              2 us
[45.200s][info][gc,stats    ] Concurrent Strong Roots              27 us, parallelism: 0.28x
[45.200s][info][gc,stats    ]   CSR: <total>                        8 us
[45.200s][info][gc,stats    ]   CSR: VM Strong Roots                1 us, workers (us):   1,   0, ---, ---, ---, 
[45.200s][info][gc,stats    ]   CSR: CLDG Roots                     6 us, workers (us):   6, ---, ---, ---, ---, 
[45.200s][info][gc,stats    ] Concurrent Evacuation            123667 us
[45.200s][info][gc,stats    ] Pause Init Update Refs (G)           76 us
[45.200s][info][gc,stats    ] Pause Init Update Refs (N)           16 us
[45.200s][info][gc,stats    ]   Manage GCLABs                       2 us
[45.200s][info][gc,stats    ] Concurrent Update Refs           442828 us
[45.200s][info][gc,stats    ] Concurrent Update Thread Roots      933 us
[45.200s][info][gc,stats    ] Pause Final Update Refs (G)          81 us
[45.200s][info][gc,stats    ] Pause Final Update Refs (N)          48 us
[45.200s][info][gc,stats    ]   Update Region States               19 us
[45.200s][info][gc,stats    ]   Trash Collection Set                2 us
[45.200s][info][gc,stats    ]   Rebuild Free Set                    8 us
[45.200s][info][gc,stats    ] Concurrent Cleanup                   25 us
[45.200s][info][gc,stats    ] 
[45.200s][info][gc,stats    ] Allocation pacing accrued:
[45.200s][info][gc,stats    ]       0 of  1161 ms (  0.0%): <total>
[45.200s][info][gc,stats    ]       0 of  1161 ms (  0.0%): <average total>
[45.200s][info][gc,stats    ] 
[45.200s][info][gc,metaspace] Metaspace: 2270K(2432K)->2270K(2432K) NonClass: 2066K(2176K)->2066K(2176K) Class: 204K(256K)->204K(256K)
[45.200s][info][gc,ergo     ] Pacer for Idle. Initial: 245M, Alloc Tax Rate: 1.0x
[45.201s][info][gc          ] Trigger: Average GC time (3104.23 ms) is above the time for average allocation rate (1790 MB/s) to deplete free headroom (4874M) (margin of error = 2.00)
[45.201s][info][gc,ergo     ] Free headroom: 6963M (free) - 614M (spike) - 1474M (penalties) = 4874M
[45.201s][info][gc,ergo     ] Free: 6963M, Max: 4096K regular, 5652M humongous, Frag: 19% external, 0% internal; Reserve: 616M, Max: 4096K
[45.201s][info][gc,start    ] GC(20) Concurrent reset
[45.201s][info][gc,task     ] GC(20) Using 2 of 5 workers for concurrent reset
[45.201s][info][gc,ergo     ] GC(20) Pacer for Reset. Non-Taxable: 12288M
[45.203s][info][gc          ] GC(20) Concurrent reset 2.243ms
[45.203s][info][gc,start    ] GC(20) Pause Init Mark (unload classes)
[45.203s][info][gc,task     ] GC(20) Using 5 of 5 workers for init marking
[45.203s][info][gc,ergo     ] GC(20) Pacer for Mark. Expected Live: 4077M, Free: 6959M, Non-Taxable: 695M, Alloc Tax Rate: 0.7x
[45.203s][info][gc          ] GC(20) Pause Init Mark (unload classes) 0.032ms
[45.203s][info][gc,start    ] GC(20) Concurrent marking roots
[45.203s][info][gc,task     ] GC(20) Using 2 of 5 workers for concurrent marking roots
[45.204s][info][gc          ] GC(20) Concurrent marking roots 0.478ms
[45.204s][info][gc,start    ] GC(20) Concurrent marking (unload classes)
[45.204s][info][gc,task     ] GC(20) Using 2 of 5 workers for concurrent marking
[46.617s][info][gc          ] GC(20) Concurrent marking (unload classes) 1412.949ms
[46.617s][info][gc,start    ] GC(20) Pause Final Mark (unload classes)
[46.617s][info][gc,task     ] GC(20) Using 5 of 5 workers for final marking
[46.617s][info][gc,ergo     ] GC(20) Adaptive CSet Selection. Target Free: 1740M, Actual Free: 3488M, Max CSet: 512M, Min Garbage: 0B
[46.617s][info][gc,ergo     ] GC(20) Collectable Garbage: 384M (35%), Immediate: 0B (0%), CSet: 384M (35%)
[46.617s][info][gc,ergo     ] GC(20) Pacer for Evacuation. Used CSet: 896M, Free: 2880M, Non-Taxable: 288M, Alloc Tax Rate: 1.1x
[46.617s][info][gc          ] GC(20) Pause Final Mark (unload classes) 0.165ms
[46.617s][info][gc,start    ] GC(20) Concurrent thread roots
[46.617s][info][gc,task     ] GC(20) Using 2 of 5 workers for Concurrent thread roots
[46.618s][info][gc          ] GC(20) Concurrent thread roots 0.713ms
[46.618s][info][gc,start    ] GC(20) Concurrent weak references
[46.618s][info][gc,task     ] GC(20) Using 2 of 5 workers for concurrent weak references
[46.618s][info][gc,ref      ] GC(20) Encountered references: Soft: 170, Weak: 324, Final: 6, Phantom: 1
[46.618s][info][gc,ref      ] GC(20) Discovered  references: Soft: 0, Weak: 124, Final: 6, Phantom: 1
[46.618s][info][gc,ref      ] GC(20) Enqueued    references: Soft: 0, Weak: 0, Final: 0, Phantom: 0
[46.618s][info][gc          ] GC(20) Concurrent weak references 0.043ms
[46.618s][info][gc,start    ] GC(20) Concurrent weak roots
[46.618s][info][gc,task     ] GC(20) Using 2 of 5 workers for concurrent weak root
[46.618s][info][gc          ] GC(20) Concurrent weak roots 0.421ms
[46.618s][info][gc,start    ] GC(20) Concurrent cleanup
[46.618s][info][gc          ] GC(20) Concurrent cleanup 8788M->8788M(12288M) 0.014ms
[46.618s][info][gc,ergo     ] GC(20) Free: 2879M, Max: 4096K regular, 2452M humongous, Frag: 15% external, 0% internal; Reserve: 616M, Max: 4096K
[46.618s][info][gc,start    ] GC(20) Concurrent class unloading
[46.618s][info][gc,task     ] GC(20) Using 2 of 5 workers for concurrent class unloading
[46.619s][info][gc          ] GC(20) Concurrent class unloading 0.349ms
[46.619s][info][gc,start    ] GC(20) Concurrent strong roots
[46.619s][info][gc,task     ] GC(20) Using 2 of 5 workers for concurrent strong root
[46.619s][info][gc          ] GC(20) Concurrent strong roots 0.028ms
[46.619s][info][gc,start    ] GC(20) Concurrent evacuation
[46.619s][info][gc,task     ] GC(20) Using 2 of 5 workers for concurrent evacuation
[46.943s][info][gc          ] GC(20) Concurrent evacuation 324.239ms
[46.943s][info][gc,start    ] GC(20) Pause Init Update Refs
[46.943s][info][gc,ergo     ] GC(20) Pacer for Update Refs. Used: 9526M, Free: 2653M, Non-Taxable: 265M, Alloc Tax Rate: 4.4x
[46.943s][info][gc          ] GC(20) Pause Init Update Refs 0.047ms
[46.943s][info][gc,start    ] GC(20) Concurrent update references
[46.943s][info][gc,task     ] GC(20) Using 2 of 5 workers for concurrent reference update
[48.917s][info][gc          ] GC(20) Concurrent update references 1973.501ms
[48.917s][info][gc,start    ] GC(20) Concurrent update thread roots
[48.919s][info][gc          ] GC(20) Concurrent update thread roots 1.989ms
[48.919s][info][gc,start    ] GC(20) Pause Final Update Refs
[48.919s][info][gc,task     ] GC(20) Using 5 of 5 workers for final reference update
[48.919s][info][gc          ] GC(20) Pause Final Update Refs 0.084ms
[48.919s][info][gc,start    ] GC(20) Concurrent cleanup
[48.919s][info][gc          ] GC(20) Concurrent cleanup 10783M->9887M(12288M) 0.029ms
[48.919s][info][gc,ergo     ] Free: 1780M, Max: 4096K regular, 876M humongous, Frag: 51% external, 0% internal; Reserve: 616M, Max: 4096K
[48.919s][info][gc,stats    ] 
[48.919s][info][gc,stats    ] All times are wall-clock times, except per-root-class counters, that are sum over
[48.919s][info][gc,stats    ] all workers. Dividing the <total> over the root stage time estimates parallelism.
[48.919s][info][gc,stats    ] 
[48.919s][info][gc,stats    ] Concurrent Reset                   2252 us
[48.919s][info][gc,stats    ] Pause Init Mark (G)                  72 us
[48.919s][info][gc,stats    ] Pause Init Mark (N)                  36 us
[48.919s][info][gc,stats    ]   Update Region States               13 us
[48.919s][info][gc,stats    ] Concurrent Mark Roots               485 us, parallelism: 1.84x
[48.919s][info][gc,stats    ]   CMR: <total>                      894 us
[48.919s][info][gc,stats    ]   CMR: Thread Roots                 877 us, workers (us): 426, 451, ---, ---, ---, 
[48.919s][info][gc,stats    ]   CMR: VM Strong Roots                3 us, workers (us):   2,   0, ---, ---, ---, 
[48.919s][info][gc,stats    ]   CMR: CLDG Roots                    14 us, workers (us):  14, ---, ---, ---, ---, 
[48.919s][info][gc,stats    ] Concurrent Marking              1412995 us
[48.919s][info][gc,stats    ] Pause Final Mark (G)                207 us
[48.919s][info][gc,stats    ] Pause Final Mark (N)                169 us
[48.919s][info][gc,stats    ]   Finish Mark                        37 us
[48.919s][info][gc,stats    ]   Update Region States               30 us
[48.919s][info][gc,stats    ]   Choose Collection Set              68 us
[48.919s][info][gc,stats    ]   Rebuild Free Set                    7 us
[48.919s][info][gc,stats    ] Concurrent Thread Roots             718 us, parallelism: 1.90x
[48.919s][info][gc,stats    ]   CTR: <total>                     1367 us
[48.919s][info][gc,stats    ]   CTR: Thread Roots                1367 us, workers (us): 684, 683, ---, ---, ---, 
[48.919s][info][gc,stats    ] Concurrent Weak References           46 us, parallelism: 0.53x
[48.919s][info][gc,stats    ]   CWRF: <total>                      24 us
[48.919s][info][gc,stats    ]   CWRF: Weak References              24 us, workers (us):  17,   8, ---, ---, ---, 
[48.919s][info][gc,stats    ] Concurrent Weak Roots               426 us
[48.919s][info][gc,stats    ]   Roots                             400 us, parallelism: 1.85x
[48.919s][info][gc,stats    ]     CWR: <total>                    739 us
[48.919s][info][gc,stats    ]     CWR: Code Cache Roots           710 us, workers (us): 336, 375, ---, ---, ---, 
[48.919s][info][gc,stats    ]     CWR: VM Weak Roots               27 us, workers (us):  15,  11, ---, ---, ---, 
[48.919s][info][gc,stats    ]     CWR: CLDG Roots                   3 us, workers (us):   3, ---, ---, ---, ---, 
[48.919s][info][gc,stats    ]   Rendezvous                         14 us
[48.919s][info][gc,stats    ] Concurrent Cleanup                   17 us
[48.919s][info][gc,stats    ] Concurrent Class Unloading          362 us
[48.919s][info][gc,stats    ]   Unlink Stale                      309 us
[48.919s][info][gc,stats    ]     System Dictionary                 1 us
[48.919s][info][gc,stats    ]     Weak Class Links                  0 us
[48.919s][info][gc,stats    ]     Code Roots                      308 us
[48.919s][info][gc,stats    ]   Rendezvous                         15 us
[48.919s][info][gc,stats    ]   Purge Unlinked                     11 us
[48.919s][info][gc,stats    ]     Code Roots                        9 us
[48.919s][info][gc,stats    ]     CLDG                              1 us
[48.919s][info][gc,stats    ]     Exception Caches                  0 us
[48.919s][info][gc,stats    ] Concurrent Strong Roots              33 us, parallelism: 0.30x
[48.919s][info][gc,stats    ]   CSR: <total>                       10 us
[48.919s][info][gc,stats    ]   CSR: VM Strong Roots                1 us, workers (us):   1,   0, ---, ---, ---, 
[48.919s][info][gc,stats    ]   CSR: CLDG Roots                     9 us, workers (us):   9, ---, ---, ---, ---, 
[48.919s][info][gc,stats    ] Concurrent Evacuation            324275 us
[48.919s][info][gc,stats    ] Pause Init Update Refs (G)          109 us
[48.919s][info][gc,stats    ] Pause Init Update Refs (N)           53 us
[48.919s][info][gc,stats    ]   Manage GCLABs                      29 us
[48.919s][info][gc,stats    ] Concurrent Update Refs          1973874 us
[48.919s][info][gc,stats    ] Concurrent Update Thread Roots     2010 us
[48.919s][info][gc,stats    ] Pause Final Update Refs (G)         131 us
[48.919s][info][gc,stats    ] Pause Final Update Refs (N)          90 us
[48.919s][info][gc,stats    ]   Update Region States               49 us
[48.919s][info][gc,stats    ]   Trash Collection Set                7 us
[48.919s][info][gc,stats    ]   Rebuild Free Set                    7 us
[48.919s][info][gc,stats    ] Concurrent Cleanup                   35 us
[48.919s][info][gc,stats    ] Pacing                           472989 us
[48.919s][info][gc,stats    ] 
[48.919s][info][gc,stats    ] Allocation pacing accrued:
[48.919s][info][gc,stats    ]      13 of  3720 ms (  0.3%): main
[48.919s][info][gc,stats    ]      43 of  3720 ms (  1.2%): ForkJoinPool-4-worker-1
[48.919s][info][gc,stats    ]      43 of  3720 ms (  1.1%): ForkJoinPool-4-worker-2
[48.919s][info][gc,stats    ]      35 of  3720 ms (  0.9%): ForkJoinPool-4-worker-3
[48.919s][info][gc,stats    ]      39 of  3720 ms (  1.1%): ForkJoinPool-4-worker-4
[48.919s][info][gc,stats    ]      48 of  3720 ms (  1.3%): ForkJoinPool-4-worker-5
[48.919s][info][gc,stats    ]      36 of  3720 ms (  1.0%): ForkJoinPool-4-worker-6
[48.919s][info][gc,stats    ]      41 of  3720 ms (  1.1%): ForkJoinPool-4-worker-7
[48.919s][info][gc,stats    ]      45 of  3720 ms (  1.2%): ForkJoinPool-4-worker-8
[48.919s][info][gc,stats    ]      42 of  3720 ms (  1.1%): ForkJoinPool-4-worker-9
[48.919s][info][gc,stats    ]      44 of  3720 ms (  1.2%): ForkJoinPool-4-worker-10
[48.919s][info][gc,stats    ]      44 of  3720 ms (  1.2%): ForkJoinPool-4-worker-11
[48.919s][info][gc,stats    ]     473 of  3720 ms ( 12.7%): <total>
[48.919s][info][gc,stats    ]       8 of  3720 ms (  0.2%): <average total>
[48.919s][info][gc,stats    ]      39 of  3720 ms (  1.1%): <average non-zero>
[48.919s][info][gc,stats    ] 
[48.920s][info][gc,metaspace] Metaspace: 2270K(2432K)->2271K(2432K) NonClass: 2066K(2176K)->2067K(2176K) Class: 204K(256K)->204K(256K)
[48.920s][info][gc,ergo     ] Pacer for Idle. Initial: 245M, Alloc Tax Rate: 1.0x
[48.921s][info][gc          ] Trigger: Average GC time (5329.11 ms) is above the time for average allocation rate (1648 MB/s) to deplete free headroom (0B) (margin of error = 2.01)
[48.921s][info][gc,ergo     ] Free headroom: 1779M (free) - 614M (spike) - 1351M (penalties) = 0B
[48.921s][info][gc,ergo     ] Free: 1779M, Max: 4096K regular, 876M humongous, Frag: 51% external, 0% internal; Reserve: 616M, Max: 4096K
[48.921s][info][gc,start    ] GC(21) Concurrent reset
[48.921s][info][gc,task     ] GC(21) Using 2 of 5 workers for concurrent reset
[48.921s][info][gc,ergo     ] GC(21) Pacer for Reset. Non-Taxable: 12288M
[48.941s][info][gc          ] GC(21) Concurrent reset 19.820ms
[48.941s][info][gc,start    ] GC(21) Pause Init Mark (unload classes)
[48.941s][info][gc,task     ] GC(21) Using 5 of 5 workers for init marking
[48.941s][info][gc,ergo     ] GC(21) Pacer for Mark. Expected Live: 3388M, Free: 1766M, Non-Taxable: 176M, Alloc Tax Rate: 2.3x
[48.941s][info][gc          ] GC(21) Pause Init Mark (unload classes) 0.055ms
[48.941s][info][gc,start    ] GC(21) Concurrent marking roots
[48.941s][info][gc,task     ] GC(21) Using 2 of 5 workers for concurrent marking roots
[48.941s][info][gc          ] GC(21) Concurrent marking roots 0.674ms
[48.941s][info][gc,start    ] GC(21) Concurrent marking (unload classes)
[48.941s][info][gc,task     ] GC(21) Using 2 of 5 workers for concurrent marking
[51.163s][info][gc          ] GC(21) Concurrent marking (unload classes) 2221.088ms
[51.163s][info][gc,start    ] GC(21) Pause Final Mark (unload classes)
[51.163s][info][gc,task     ] GC(21) Using 5 of 5 workers for final marking
[51.163s][info][gc,ergo     ] GC(21) Adaptive CSet Selection. Target Free: 1740M, Actual Free: 3231M, Max CSet: 512M, Min Garbage: 0B
[51.163s][info][gc,ergo     ] GC(21) Collectable Garbage: 2488M (87%), Immediate: 2095M (74%), CSet: 393M (13%)
[51.163s][info][gc,ergo     ] GC(21) Pacer for Evacuation. Used CSet: 903M, Free: 2638M, Non-Taxable: 263M, Alloc Tax Rate: 1.1x
[51.163s][info][gc          ] GC(21) Pause Final Mark (unload classes) 0.211ms
[51.163s][info][gc,start    ] GC(21) Concurrent thread roots
[51.163s][info][gc,task     ] GC(21) Using 2 of 5 workers for Concurrent thread roots
[51.165s][info][gc          ] GC(21) Concurrent thread roots 2.502ms
[51.165s][info][gc,start    ] GC(21) Concurrent weak references
[51.165s][info][gc,task     ] GC(21) Using 2 of 5 workers for concurrent weak references
[51.165s][info][gc,ref      ] GC(21) Encountered references: Soft: 170, Weak: 324, Final: 6, Phantom: 1
[51.165s][info][gc,ref      ] GC(21) Discovered  references: Soft: 0, Weak: 3, Final: 0, Phantom: 1
[51.165s][info][gc,ref      ] GC(21) Enqueued    references: Soft: 0, Weak: 0, Final: 0, Phantom: 0
[51.165s][info][gc          ] GC(21) Concurrent weak references 0.049ms
[51.165s][info][gc,start    ] GC(21) Concurrent weak roots
[51.165s][info][gc,task     ] GC(21) Using 2 of 5 workers for concurrent weak root
[51.166s][info][gc          ] GC(21) Concurrent weak roots 0.460ms
[51.166s][info][gc,start    ] GC(21) Concurrent cleanup
[51.166s][info][gc          ] GC(21) Concurrent cleanup 11126M->9031M(12288M) 0.022ms
[51.166s][info][gc,ergo     ] GC(21) Free: 2623M, Max: 4096K regular, 1804M humongous, Frag: 32% external, 0% internal; Reserve: 616M, Max: 4096K
[51.166s][info][gc,start    ] GC(21) Concurrent class unloading
[51.166s][info][gc,task     ] GC(21) Using 2 of 5 workers for concurrent class unloading
[51.166s][info][gc          ] GC(21) Concurrent class unloading 0.298ms
[51.166s][info][gc,start    ] GC(21) Concurrent strong roots
[51.166s][info][gc,task     ] GC(21) Using 2 of 5 workers for concurrent strong root
[51.166s][info][gc          ] GC(21) Concurrent strong roots 0.023ms
[51.166s][info][gc,start    ] GC(21) Concurrent evacuation
[51.166s][info][gc,task     ] GC(21) Using 2 of 5 workers for concurrent evacuation
[51.481s][info][gc          ] GC(21) Concurrent evacuation 314.387ms
[51.481s][info][gc,start    ] GC(21) Pause Init Update Refs
[51.481s][info][gc,ergo     ] GC(21) Pacer for Update Refs. Used: 9704M, Free: 2460M, Non-Taxable: 246M, Alloc Tax Rate: 4.8x
[51.481s][info][gc          ] GC(21) Pause Init Update Refs 0.025ms
[51.481s][info][gc,start    ] GC(21) Concurrent update references
[51.481s][info][gc,task     ] GC(21) Using 2 of 5 workers for concurrent reference update
[53.893s][info][gc          ] GC(21) Concurrent update references 2411.815ms
[53.893s][info][gc,start    ] GC(21) Concurrent update thread roots
[53.894s][info][gc          ] GC(21) Concurrent update thread roots 1.406ms
[53.894s][info][gc,start    ] GC(21) Pause Final Update Refs
[53.894s][info][gc,task     ] GC(21) Using 5 of 5 workers for final reference update
[53.894s][info][gc          ] GC(21) Pause Final Update Refs 0.088ms
[53.894s][info][gc,start    ] GC(21) Concurrent cleanup
[53.894s][info][gc          ] GC(21) Concurrent cleanup 11548M->10644M(12288M) 0.031ms
[53.894s][info][gc,ergo     ] Free: 1022M, Max: 4096K regular, 90112K humongous, Frag: 92% external, 60% internal; Reserve: 616M, Max: 4096K
[53.894s][info][gc,stats    ] 
[53.894s][info][gc,stats    ] All times are wall-clock times, except per-root-class counters, that are sum over
[53.894s][info][gc,stats    ] all workers. Dividing the <total> over the root stage time estimates parallelism.
[53.894s][info][gc,stats    ] 
[53.894s][info][gc,stats    ] Concurrent Reset                  19855 us
[53.894s][info][gc,stats    ] Pause Init Mark (G)                 111 us
[53.894s][info][gc,stats    ] Pause Init Mark (N)                  62 us
[53.894s][info][gc,stats    ]   Update Region States               17 us
[53.894s][info][gc,stats    ] Concurrent Mark Roots               681 us, parallelism: 1.86x
[53.894s][info][gc,stats    ]   CMR: <total>                     1266 us
[53.894s][info][gc,stats    ]   CMR: Thread Roots                1204 us, workers (us): 592, 612, ---, ---, ---, 
[53.894s][info][gc,stats    ]   CMR: VM Strong Roots               42 us, workers (us):  12,  30, ---, ---, ---, 
[53.894s][info][gc,stats    ]   CMR: CLDG Roots                    20 us, workers (us):  20, ---, ---, ---, ---, 
[53.894s][info][gc,stats    ] Concurrent Marking              2221119 us
[53.894s][info][gc,stats    ] Pause Final Mark (G)                243 us
[53.894s][info][gc,stats    ] Pause Final Mark (N)                215 us
[53.894s][info][gc,stats    ]   Finish Mark                        71 us
[53.894s][info][gc,stats    ]   Update Region States               28 us
[53.894s][info][gc,stats    ]   Choose Collection Set              87 us
[53.894s][info][gc,stats    ]   Rebuild Free Set                    8 us
[53.894s][info][gc,stats    ] Concurrent Thread Roots            2516 us, parallelism: 1.96x
[53.894s][info][gc,stats    ]   CTR: <total>                     4933 us
[53.894s][info][gc,stats    ]   CTR: Thread Roots                4933 us, workers (us): 2478, 2455, ---, ---, ---, 
[53.894s][info][gc,stats    ] Concurrent Weak References           53 us, parallelism: 0.53x
[53.894s][info][gc,stats    ]   CWRF: <total>                      28 us
[53.894s][info][gc,stats    ]   CWRF: Weak References              28 us, workers (us):  15,  13, ---, ---, ---, 
[53.894s][info][gc,stats    ] Concurrent Weak Roots               469 us
[53.894s][info][gc,stats    ]   Roots                             407 us, parallelism: 1.71x
[53.894s][info][gc,stats    ]     CWR: <total>                    697 us
[53.894s][info][gc,stats    ]     CWR: Code Cache Roots           659 us, workers (us): 371, 288, ---, ---, ---, 
[53.894s][info][gc,stats    ]     CWR: VM Weak Roots               34 us, workers (us):  20,  13, ---, ---, ---, 
[53.894s][info][gc,stats    ]     CWR: CLDG Roots                   4 us, workers (us): ---,   4, ---, ---, ---, 
[53.894s][info][gc,stats    ]   Rendezvous                         46 us
[53.894s][info][gc,stats    ] Concurrent Cleanup                   27 us
[53.894s][info][gc,stats    ] Concurrent Class Unloading          305 us
[53.894s][info][gc,stats    ]   Unlink Stale                      271 us
[53.894s][info][gc,stats    ]     System Dictionary                 1 us
[53.894s][info][gc,stats    ]     Weak Class Links                  0 us
[53.894s][info][gc,stats    ]     Code Roots                      270 us
[53.894s][info][gc,stats    ]   Rendezvous                          9 us
[53.894s][info][gc,stats    ]   Purge Unlinked                      9 us
[53.894s][info][gc,stats    ]     Code Roots                        8 us
[53.894s][info][gc,stats    ]     CLDG                              1 us
[53.894s][info][gc,stats    ]     Exception Caches                  0 us
[53.894s][info][gc,stats    ] Concurrent Strong Roots              28 us, parallelism: 0.33x
[53.894s][info][gc,stats    ]   CSR: <total>                        9 us
[53.894s][info][gc,stats    ]   CSR: VM Strong Roots                1 us, workers (us):   1,   0, ---, ---, ---, 
[53.894s][info][gc,stats    ]   CSR: CLDG Roots                     8 us, workers (us):   8, ---, ---, ---, ---, 
[53.894s][info][gc,stats    ] Concurrent Evacuation            314404 us
[53.894s][info][gc,stats    ] Pause Init Update Refs (G)           76 us
[53.894s][info][gc,stats    ] Pause Init Update Refs (N)           30 us
[53.894s][info][gc,stats    ]   Manage GCLABs                       9 us
[53.894s][info][gc,stats    ] Concurrent Update Refs          2411888 us
[53.894s][info][gc,stats    ] Concurrent Update Thread Roots     1422 us
[53.894s][info][gc,stats    ] Pause Final Update Refs (G)         149 us
[53.894s][info][gc,stats    ] Pause Final Update Refs (N)         100 us
[53.894s][info][gc,stats    ]   Update Region States               53 us
[53.894s][info][gc,stats    ]   Trash Collection Set                8 us
[53.894s][info][gc,stats    ]   Rebuild Free Set                    8 us
[53.894s][info][gc,stats    ] Concurrent Cleanup                   39 us
[53.894s][info][gc,stats    ] 
[53.894s][info][gc,stats    ] Allocation pacing accrued:
[53.894s][info][gc,stats    ]       0 of  4975 ms (  0.0%): <total>
[53.894s][info][gc,stats    ]       0 of  4975 ms (  0.0%): <average total>
[53.894s][info][gc,stats    ] 
[53.894s][info][gc,metaspace] Metaspace: 2271K(2432K)->2271K(2432K) NonClass: 2067K(2176K)->2067K(2176K) Class: 204K(256K)->204K(256K)
[53.894s][info][gc,ergo     ] Pacer for Idle. Initial: 245M, Alloc Tax Rate: 1.0x
[53.896s][info][gc          ] Trigger: Free (1019M) is below minimum threshold (1228M)
[53.896s][info][gc,ergo     ] Free: 1019M, Max: 4096K regular, 90112K humongous, Frag: 92% external, 60% internal; Reserve: 616M, Max: 4096K
[53.896s][info][gc,start    ] GC(22) Concurrent reset
[53.896s][info][gc,task     ] GC(22) Using 2 of 5 workers for concurrent reset
[53.896s][info][gc,ergo     ] GC(22) Pacer for Reset. Non-Taxable: 12288M
[53.927s][info][gc          ] GC(22) Concurrent reset 30.990ms
[53.927s][info][gc,start    ] GC(22) Pause Init Mark (unload classes)
[53.927s][info][gc,task     ] GC(22) Using 5 of 5 workers for init marking
[53.927s][info][gc,ergo     ] GC(22) Pacer for Mark. Expected Live: 3388M, Free: 993M, Non-Taxable: 101754K, Alloc Tax Rate: 4.2x
[53.927s][info][gc          ] GC(22) Pause Init Mark (unload classes) 0.040ms
[53.927s][info][gc,start    ] GC(22) Concurrent marking roots
[53.927s][info][gc,task     ] GC(22) Using 2 of 5 workers for concurrent marking roots
[53.928s][info][gc          ] GC(22) Concurrent marking roots 0.681ms
[53.928s][info][gc,start    ] GC(22) Concurrent marking (unload classes)
[53.928s][info][gc,task     ] GC(22) Using 2 of 5 workers for concurrent marking
[54.083s][info][gc          ] GC(22) Concurrent marking (unload classes) 155.304ms
[54.083s][info][gc,start    ] GC(22) Pause Final Mark (unload classes)
[54.083s][info][gc,task     ] GC(22) Using 5 of 5 workers for final marking
[54.083s][info][gc,ergo     ] GC(22) Collectable Garbage: 9138M (95%), Immediate: 9138M (95%), CSet: 0B (0%)
[54.083s][info][gc          ] GC(22) Pause Final Mark (unload classes) 0.185ms
[54.083s][info][gc,start    ] GC(22) Concurrent weak references
[54.083s][info][gc,task     ] GC(22) Using 2 of 5 workers for concurrent weak references
[54.083s][info][gc,ref      ] GC(22) Encountered references: Soft: 170, Weak: 324, Final: 6, Phantom: 5
[54.083s][info][gc,ref      ] GC(22) Discovered  references: Soft: 0, Weak: 144, Final: 0, Phantom: 5
[54.083s][info][gc,ref      ] GC(22) Enqueued    references: Soft: 0, Weak: 0, Final: 0, Phantom: 4
[54.083s][info][gc          ] GC(22) Concurrent weak references 0.095ms
[54.083s][info][gc,start    ] GC(22) Concurrent weak roots
[54.083s][info][gc,task     ] GC(22) Using 2 of 5 workers for concurrent weak root
[54.084s][info][gc          ] GC(22) Concurrent weak roots 0.716ms
[54.084s][info][gc,start    ] GC(22) Concurrent cleanup
[54.084s][info][gc          ] GC(22) Concurrent cleanup 10888M->1750M(12288M) 0.054ms
[54.084s][info][gc,ergo     ] GC(22) Free: 9920M, Max: 4096K regular, 4156M humongous, Frag: 59% external, 3% internal; Reserve: 616M, Max: 4096K
[54.084s][info][gc,start    ] GC(22) Concurrent class unloading
[54.084s][info][gc,task     ] GC(22) Using 2 of 5 workers for concurrent class unloading
[54.084s][info][gc          ] GC(22) Concurrent class unloading 0.337ms
[54.084s][info][gc,start    ] GC(22) Pause Final Roots
[54.084s][info][gc          ] GC(22) Pause Final Roots 0.006ms
[54.084s][info][gc,ergo     ] Free: 9920M, Max: 4096K regular, 4156M humongous, Frag: 59% external, 3% internal; Reserve: 616M, Max: 4096K
[54.084s][info][gc,stats    ] 
[54.084s][info][gc,stats    ] All times are wall-clock times, except per-root-class counters, that are sum over
[54.084s][info][gc,stats    ] all workers. Dividing the <total> over the root stage time estimates parallelism.
[54.084s][info][gc,stats    ] 
[54.084s][info][gc,stats    ] Concurrent Reset                  31027 us
[54.084s][info][gc,stats    ] Pause Init Mark (G)                  90 us
[54.084s][info][gc,stats    ] Pause Init Mark (N)                  44 us
[54.084s][info][gc,stats    ]   Update Region States               15 us
[54.084s][info][gc,stats    ] Concurrent Mark Roots               686 us, parallelism: 1.90x
[54.084s][info][gc,stats    ]   CMR: <total>                     1302 us
[54.084s][info][gc,stats    ]   CMR: Thread Roots                1272 us, workers (us): 629, 643, ---, ---, ---, 
[54.084s][info][gc,stats    ]   CMR: VM Strong Roots               13 us, workers (us):   6,   6, ---, ---, ---, 
[54.084s][info][gc,stats    ]   CMR: CLDG Roots                    17 us, workers (us):  17, ---, ---, ---, ---, 
[54.084s][info][gc,stats    ] Concurrent Marking               155327 us
[54.084s][info][gc,stats    ] Pause Final Mark (G)                271 us
[54.085s][info][gc,stats    ] Pause Final Mark (N)                189 us
[54.085s][info][gc,stats    ]   Finish Mark                        74 us
[54.085s][info][gc,stats    ]   Update Region States               14 us
[54.085s][info][gc,stats    ]   Choose Collection Set              73 us
[54.085s][info][gc,stats    ]   Rebuild Free Set                    8 us
[54.085s][info][gc,stats    ] Concurrent Weak References           99 us, parallelism: 0.05x
[54.085s][info][gc,stats    ]   CWRF: <total>                       5 us
[54.085s][info][gc,stats    ]   CWRF: Weak References               5 us, workers (us):   4,   1, ---, ---, ---, 
[54.085s][info][gc,stats    ] Concurrent Weak Roots               726 us
[54.085s][info][gc,stats    ]   Roots                             694 us, parallelism: 1.68x
[54.085s][info][gc,stats    ]     CWR: <total>                   1167 us
[54.085s][info][gc,stats    ]     CWR: Code Cache Roots          1138 us, workers (us): 597, 541, ---, ---, ---, 
[54.085s][info][gc,stats    ]     CWR: VM Weak Roots               26 us, workers (us):  15,  11, ---, ---, ---, 
[54.085s][info][gc,stats    ]     CWR: CLDG Roots                   2 us, workers (us): ---,   2, ---, ---, ---, 
[54.085s][info][gc,stats    ]   Rendezvous                         14 us
[54.085s][info][gc,stats    ] Concurrent Cleanup                   58 us
[54.085s][info][gc,stats    ] Concurrent Class Unloading          343 us
[54.085s][info][gc,stats    ]   Unlink Stale                      312 us
[54.085s][info][gc,stats    ]     System Dictionary                 1 us
[54.085s][info][gc,stats    ]     Weak Class Links                  0 us
[54.085s][info][gc,stats    ]     Code Roots                      310 us
[54.085s][info][gc,stats    ]   Rendezvous                          9 us
[54.085s][info][gc,stats    ]   Purge Unlinked                      9 us
[54.085s][info][gc,stats    ]     Code Roots                        8 us
[54.085s][info][gc,stats    ]     CLDG                              1 us
[54.085s][info][gc,stats    ]     Exception Caches                  0 us
[54.085s][info][gc,stats    ] Pause Final Roots (G)                39 us
[54.085s][info][gc,stats    ] Pause Final Roots (N)                10 us
[54.085s][info][gc,stats    ] 
[54.085s][info][gc,stats    ] Allocation pacing accrued:
[54.085s][info][gc,stats    ]       0 of   190 ms (  0.0%): <total>
[54.085s][info][gc,stats    ]       0 of   190 ms (  0.0%): <average total>
[54.085s][info][gc,stats    ] 
[54.085s][info][gc,metaspace] Metaspace: 2271K(2432K)->2271K(2432K) NonClass: 2067K(2176K)->2067K(2176K) Class: 204K(256K)->204K(256K)
[54.085s][info][gc,ergo     ] Pacer for Idle. Initial: 245M, Alloc Tax Rate: 1.0x
[54.487s][info][gc          ] Trigger: Average GC time (6192.93 ms) is above the time for average allocation rate (1448 MB/s) to deplete free headroom (7669M) (margin of error = 2.02)
[54.488s][info][gc,ergo     ] Free headroom: 9390M (free) - 614M (spike) - 1105M (penalties) = 7669M
[54.488s][info][gc,ergo     ] Free: 9390M, Max: 4096K regular, 4156M humongous, Frag: 56% external, 3% internal; Reserve: 616M, Max: 4096K
[54.488s][info][gc,start    ] GC(23) Concurrent reset
[54.488s][info][gc,task     ] GC(23) Using 2 of 5 workers for concurrent reset
[54.488s][info][gc,ergo     ] GC(23) Pacer for Reset. Non-Taxable: 12288M
[54.490s][info][gc          ] GC(23) Concurrent reset 2.187ms
[54.490s][info][gc,start    ] GC(23) Pause Init Mark (unload classes)
[54.490s][info][gc,task     ] GC(23) Using 5 of 5 workers for init marking
[54.490s][info][gc,ergo     ] GC(23) Pacer for Mark. Expected Live: 3331M, Free: 9388M, Non-Taxable: 938M, Alloc Tax Rate: 0.4x
[54.490s][info][gc          ] GC(23) Pause Init Mark (unload classes) 0.033ms
[54.490s][info][gc,start    ] GC(23) Concurrent marking roots
[54.490s][info][gc,task     ] GC(23) Using 2 of 5 workers for concurrent marking roots
[54.490s][info][gc          ] GC(23) Concurrent marking roots 0.610ms
[54.490s][info][gc,start    ] GC(23) Concurrent marking (unload classes)
[54.490s][info][gc,task     ] GC(23) Using 2 of 5 workers for concurrent marking
[54.718s][info][gc          ] GC(23) Concurrent marking (unload classes) 227.200ms
[54.718s][info][gc,start    ] GC(23) Pause Final Mark (unload classes)
[54.718s][info][gc,task     ] GC(23) Using 5 of 5 workers for final marking
[54.718s][info][gc,ergo     ] GC(23) Adaptive CSet Selection. Target Free: 1740M, Actual Free: 9736M, Max CSet: 512M, Min Garbage: 0B
[54.718s][info][gc,ergo     ] GC(23) Collectable Garbage: 477M (63%), Immediate: 4096K (0%), CSet: 473M (62%)
[54.718s][info][gc,ergo     ] GC(23) Pacer for Evacuation. Used CSet: 983M, Free: 9129M, Non-Taxable: 912M, Alloc Tax Rate: 1.1x
[54.718s][info][gc          ] GC(23) Pause Final Mark (unload classes) 0.118ms
[54.718s][info][gc,start    ] GC(23) Concurrent thread roots
[54.718s][info][gc,task     ] GC(23) Using 2 of 5 workers for Concurrent thread roots
[54.719s][info][gc          ] GC(23) Concurrent thread roots 0.810ms
[54.719s][info][gc,start    ] GC(23) Concurrent weak references
[54.719s][info][gc,task     ] GC(23) Using 2 of 5 workers for concurrent weak references
[54.719s][info][gc,ref      ] GC(23) Encountered references: Soft: 170, Weak: 324, Final: 6, Phantom: 1
[54.719s][info][gc,ref      ] GC(23) Discovered  references: Soft: 0, Weak: 144, Final: 1, Phantom: 1
[54.719s][info][gc,ref      ] GC(23) Enqueued    references: Soft: 0, Weak: 0, Final: 0, Phantom: 0
[54.719s][info][gc          ] GC(23) Concurrent weak references 0.036ms
[54.719s][info][gc,start    ] GC(23) Concurrent weak roots
[54.719s][info][gc,task     ] GC(23) Using 2 of 5 workers for concurrent weak root
[54.719s][info][gc          ] GC(23) Concurrent weak roots 0.073ms
[54.719s][info][gc,start    ] GC(23) Concurrent cleanup
[54.719s][info][gc          ] GC(23) Concurrent cleanup 2545M->2541M(12288M) 0.010ms
[54.719s][info][gc,ergo     ] GC(23) Free: 9129M, Max: 4096K regular, 5552M humongous, Frag: 40% external, 3% internal; Reserve: 615M, Max: 4096K
[54.719s][info][gc,start    ] GC(23) Concurrent class unloading
[54.719s][info][gc,task     ] GC(23) Using 2 of 5 workers for concurrent class unloading
[54.719s][info][gc          ] GC(23) Concurrent class unloading 0.229ms
[54.719s][info][gc,start    ] GC(23) Concurrent strong roots
[54.719s][info][gc,task     ] GC(23) Using 2 of 5 workers for concurrent strong root
[54.719s][info][gc          ] GC(23) Concurrent strong roots 0.054ms
[54.719s][info][gc,start    ] GC(23) Concurrent evacuation
[54.719s][info][gc,task     ] GC(23) Using 2 of 5 workers for concurrent evacuation
[54.830s][info][gc          ] GC(23) Concurrent evacuation 110.639ms
[54.830s][info][gc,start    ] GC(23) Pause Init Update Refs
[54.830s][info][gc,ergo     ] GC(23) Pacer for Update Refs. Used: 3180M, Free: 9006M, Non-Taxable: 900M, Alloc Tax Rate: 1.1x
[54.830s][info][gc          ] GC(23) Pause Init Update Refs 0.028ms
[54.830s][info][gc,start    ] GC(23) Concurrent update references
[54.830s][info][gc,task     ] GC(23) Using 2 of 5 workers for concurrent reference update
[54.978s][info][gc          ] GC(23) Concurrent update references 148.254ms
[54.978s][info][gc,start    ] GC(23) Concurrent update thread roots
[54.979s][info][gc          ] GC(23) Concurrent update thread roots 1.103ms
[54.979s][info][gc,start    ] GC(23) Pause Final Update Refs
[54.979s][info][gc,task     ] GC(23) Using 5 of 5 workers for final reference update
[54.979s][info][gc          ] GC(23) Pause Final Update Refs 0.039ms
[54.979s][info][gc,start    ] GC(23) Concurrent cleanup
[54.979s][info][gc          ] GC(23) Concurrent cleanup 3344M->2361M(12288M) 0.021ms
[54.979s][info][gc,ergo     ] Free: 9310M, Max: 4096K regular, 5628M humongous, Frag: 40% external, 3% internal; Reserve: 616M, Max: 4096K
[54.979s][info][gc,stats    ] 
[54.979s][info][gc,stats    ] All times are wall-clock times, except per-root-class counters, that are sum over
[54.979s][info][gc,stats    ] all workers. Dividing the <total> over the root stage time estimates parallelism.
[54.979s][info][gc,stats    ] 
[54.979s][info][gc,stats    ] Concurrent Reset                   2198 us
[54.979s][info][gc,stats    ] Pause Init Mark (G)                  75 us
[54.979s][info][gc,stats    ] Pause Init Mark (N)                  37 us
[54.979s][info][gc,stats    ]   Update Region States               10 us
[54.980s][info][gc,stats    ] Concurrent Mark Roots               615 us, parallelism: 1.91x
[54.980s][info][gc,stats    ]   CMR: <total>                     1173 us
[54.980s][info][gc,stats    ]   CMR: Thread Roots                1159 us, workers (us): 573, 586, ---, ---, ---, 
[54.980s][info][gc,stats    ]   CMR: VM Strong Roots                3 us, workers (us):   1,   1, ---, ---, ---, 
[54.980s][info][gc,stats    ]   CMR: CLDG Roots                    11 us, workers (us):  11, ---, ---, ---, ---, 
[54.980s][info][gc,stats    ] Concurrent Marking               227225 us
[54.980s][info][gc,stats    ] Pause Final Mark (G)                238 us
[54.980s][info][gc,stats    ] Pause Final Mark (N)                121 us
[54.980s][info][gc,stats    ]   Finish Mark                        38 us
[54.980s][info][gc,stats    ]   Update Region States               14 us
[54.980s][info][gc,stats    ]   Choose Collection Set              37 us
[54.980s][info][gc,stats    ]   Rebuild Free Set                    7 us
[54.980s][info][gc,stats    ] Concurrent Thread Roots             818 us, parallelism: 1.89x
[54.980s][info][gc,stats    ]   CTR: <total>                     1543 us
[54.980s][info][gc,stats    ]   CTR: Thread Roots                1543 us, workers (us): 759, 784, ---, ---, ---, 
[54.980s][info][gc,stats    ] Concurrent Weak References           40 us, parallelism: 0.15x
[54.980s][info][gc,stats    ]   CWRF: <total>                       6 us
[54.980s][info][gc,stats    ]   CWRF: Weak References               6 us, workers (us):   5,   1, ---, ---, ---, 
[54.980s][info][gc,stats    ] Concurrent Weak Roots                80 us
[54.980s][info][gc,stats    ]   Roots                              51 us, parallelism: 1.62x
[54.980s][info][gc,stats    ]     CWR: <total>                     83 us
[54.980s][info][gc,stats    ]     CWR: Code Cache Roots            57 us, workers (us):  26,  32, ---, ---, ---, 
[54.980s][info][gc,stats    ]     CWR: VM Weak Roots               24 us, workers (us):  17,   7, ---, ---, ---, 
[54.980s][info][gc,stats    ]     CWR: CLDG Roots                   2 us, workers (us): ---,   2, ---, ---, ---, 
[54.980s][info][gc,stats    ]   Rendezvous                         12 us
[54.980s][info][gc,stats    ] Concurrent Cleanup                   15 us
[54.980s][info][gc,stats    ] Concurrent Class Unloading          240 us
[54.980s][info][gc,stats    ]   Unlink Stale                      204 us
[54.980s][info][gc,stats    ]     System Dictionary                 1 us
[54.980s][info][gc,stats    ]     Weak Class Links                  0 us
[54.980s][info][gc,stats    ]     Code Roots                      202 us
[54.980s][info][gc,stats    ]   Rendezvous                          9 us
[54.980s][info][gc,stats    ]   Purge Unlinked                     10 us
[54.980s][info][gc,stats    ]     Code Roots                        9 us
[54.980s][info][gc,stats    ]     CLDG                              1 us
[54.980s][info][gc,stats    ]     Exception Caches                  0 us
[54.980s][info][gc,stats    ] Concurrent Strong Roots              61 us, parallelism: 0.64x
[54.980s][info][gc,stats    ]   CSR: <total>                       39 us
[54.980s][info][gc,stats    ]   CSR: VM Strong Roots                1 us, workers (us):   1,   0, ---, ---, ---, 
[54.980s][info][gc,stats    ]   CSR: CLDG Roots                    38 us, workers (us):  38, ---, ---, ---, ---, 
[54.980s][info][gc,stats    ] Concurrent Evacuation            110667 us
[54.980s][info][gc,stats    ] Pause Init Update Refs (G)           78 us
[54.980s][info][gc,stats    ] Pause Init Update Refs (N)           32 us
[54.980s][info][gc,stats    ]   Manage GCLABs                      12 us
[54.980s][info][gc,stats    ] Concurrent Update Refs           148281 us
[54.980s][info][gc,stats    ] Concurrent Update Thread Roots     1117 us
[54.980s][info][gc,stats    ] Pause Final Update Refs (G)          78 us
[54.980s][info][gc,stats    ] Pause Final Update Refs (N)          46 us
[54.980s][info][gc,stats    ]   Update Region States               17 us
[54.980s][info][gc,stats    ]   Trash Collection Set                3 us
[54.980s][info][gc,stats    ]   Rebuild Free Set                    8 us
[54.980s][info][gc,stats    ] Concurrent Cleanup                   25 us
[54.980s][info][gc,stats    ] 
[54.980s][info][gc,stats    ] Allocation pacing accrued:
[54.980s][info][gc,stats    ]       0 of   895 ms (  0.0%): <total>
[54.980s][info][gc,stats    ]       0 of   895 ms (  0.0%): <average total>
[54.980s][info][gc,stats    ] 
[54.980s][info][gc,metaspace] Metaspace: 2271K(2432K)->2271K(2432K) NonClass: 2067K(2176K)->2067K(2176K) Class: 204K(256K)->204K(256K)
[54.980s][info][gc,ergo     ] Pacer for Idle. Initial: 245M, Alloc Tax Rate: 1.0x
[55.081s][info][gc          ] Trigger: Average GC time (4549.39 ms) is above the time for average allocation rate (2214 MB/s) to deplete free headroom (7400M) (margin of error = 2.01)
[55.081s][info][gc,ergo     ] Free headroom: 8998M (free) - 614M (spike) - 983M (penalties) = 7400M
[55.081s][info][gc,ergo     ] Free: 8998M, Max: 4096K regular, 5628M humongous, Frag: 38% external, 3% internal; Reserve: 616M, Max: 4096K
[55.081s][info][gc,start    ] GC(24) Concurrent reset
[55.081s][info][gc,task     ] GC(24) Using 2 of 5 workers for concurrent reset
[55.081s][info][gc,ergo     ] GC(24) Pacer for Reset. Non-Taxable: 12288M
[55.082s][info][gc          ] GC(24) Concurrent reset 0.609ms
[55.082s][info][gc,start    ] GC(24) Pause Init Mark (unload classes)
[55.082s][info][gc,task     ] GC(24) Using 5 of 5 workers for init marking
[55.082s][info][gc,ergo     ] GC(24) Pacer for Mark. Expected Live: 3219M, Free: 8994M, Non-Taxable: 899M, Alloc Tax Rate: 0.4x
[55.082s][info][gc          ] GC(24) Pause Init Mark (unload classes) 0.035ms
[55.082s][info][gc,start    ] GC(24) Concurrent marking roots
[55.082s][info][gc,task     ] GC(24) Using 2 of 5 workers for concurrent marking roots
[55.083s][info][gc          ] GC(24) Concurrent marking roots 0.609ms
[55.083s][info][gc,start    ] GC(24) Concurrent marking (unload classes)
[55.083s][info][gc,task     ] GC(24) Using 2 of 5 workers for concurrent marking
[55.407s][info][gc          ] GC(24) Concurrent marking (unload classes) 324.380ms
[55.411s][info][gc,start    ] GC(24) Pause Final Mark (unload classes)
[55.411s][info][gc,task     ] GC(24) Using 5 of 5 workers for final marking
[55.411s][info][gc,ergo     ] GC(24) Adaptive CSet Selection. Target Free: 1740M, Actual Free: 8940M, Max CSet: 512M, Min Garbage: 0B
[55.411s][info][gc,ergo     ] GC(24) Collectable Garbage: 388M (59%), Immediate: 0B (0%), CSet: 388M (59%)
[55.411s][info][gc,ergo     ] GC(24) Pacer for Evacuation. Used CSet: 900M, Free: 8333M, Non-Taxable: 833M, Alloc Tax Rate: 1.1x
[55.411s][info][gc          ] GC(24) Pause Final Mark (unload classes) 0.106ms
[55.411s][info][gc,start    ] GC(24) Concurrent thread roots
[55.411s][info][gc,task     ] GC(24) Using 2 of 5 workers for Concurrent thread roots
[55.411s][info][gc          ] GC(24) Concurrent thread roots 0.596ms
[55.411s][info][gc,start    ] GC(24) Concurrent weak references
[55.411s][info][gc,task     ] GC(24) Using 2 of 5 workers for concurrent weak references
[55.411s][info][gc,ref      ] GC(24) Encountered references: Soft: 170, Weak: 324, Final: 6, Phantom: 1
[55.411s][info][gc,ref      ] GC(24) Discovered  references: Soft: 0, Weak: 124, Final: 6, Phantom: 1
[55.411s][info][gc,ref      ] GC(24) Enqueued    references: Soft: 0, Weak: 0, Final: 0, Phantom: 0
[55.411s][info][gc          ] GC(24) Concurrent weak references 0.036ms
[55.411s][info][gc,start    ] GC(24) Concurrent weak roots
[55.411s][info][gc,task     ] GC(24) Using 2 of 5 workers for concurrent weak root
[55.412s][info][gc          ] GC(24) Concurrent weak roots 0.081ms
[55.412s][info][gc,start    ] GC(24) Concurrent cleanup
[55.412s][info][gc          ] GC(24) Concurrent cleanup 3340M->3340M(12288M) 0.012ms
[55.412s][info][gc,ergo     ] GC(24) Free: 8330M, Max: 4096K regular, 5408M humongous, Frag: 35% external, 4% internal; Reserve: 616M, Max: 4096K
[55.412s][info][gc,start    ] GC(24) Concurrent class unloading
[55.412s][info][gc,task     ] GC(24) Using 2 of 5 workers for concurrent class unloading
[55.412s][info][gc          ] GC(24) Concurrent class unloading 0.219ms
[55.412s][info][gc,start    ] GC(24) Concurrent strong roots
[55.412s][info][gc,task     ] GC(24) Using 2 of 5 workers for concurrent strong root
[55.412s][info][gc          ] GC(24) Concurrent strong roots 0.021ms
[55.412s][info][gc,start    ] GC(24) Concurrent evacuation
[55.412s][info][gc,task     ] GC(24) Using 2 of 5 workers for concurrent evacuation
[55.527s][info][gc          ] GC(24) Concurrent evacuation 114.935ms
[55.527s][info][gc,start    ] GC(24) Pause Init Update Refs
[55.527s][info][gc,ergo     ] GC(24) Pacer for Update Refs. Used: 3984M, Free: 8202M, Non-Taxable: 820M, Alloc Tax Rate: 1.1x
[55.527s][info][gc          ] GC(24) Pause Init Update Refs 0.018ms
[55.527s][info][gc,start    ] GC(24) Concurrent update references
[55.527s][info][gc,task     ] GC(24) Using 2 of 5 workers for concurrent reference update
[55.788s][info][gc          ] GC(24) Concurrent update references 261.231ms
[55.788s][info][gc,start    ] GC(24) Concurrent update thread roots
[55.789s][info][gc          ] GC(24) Concurrent update thread roots 1.063ms
[55.795s][info][gc,start    ] GC(24) Pause Final Update Refs
[55.795s][info][gc,task     ] GC(24) Using 5 of 5 workers for final reference update
[55.795s][info][gc          ] GC(24) Pause Final Update Refs 0.103ms
[55.795s][info][gc,start    ] GC(24) Concurrent cleanup
[55.795s][info][gc          ] GC(24) Concurrent cleanup 4324M->3424M(12288M) 0.020ms
[55.795s][info][gc,ergo     ] Free: 8246M, Max: 4096K regular, 4940M humongous, Frag: 41% external, 4% internal; Reserve: 616M, Max: 4096K
[55.795s][info][gc,stats    ] 
[55.795s][info][gc,stats    ] All times are wall-clock times, except per-root-class counters, that are sum over
[55.795s][info][gc,stats    ] all workers. Dividing the <total> over the root stage time estimates parallelism.
[55.795s][info][gc,stats    ] 
[55.795s][info][gc,stats    ] Concurrent Reset                    622 us
[55.795s][info][gc,stats    ] Pause Init Mark (G)                  81 us
[55.795s][info][gc,stats    ] Pause Init Mark (N)                  40 us
[55.795s][info][gc,stats    ]   Update Region States               14 us
[55.795s][info][gc,stats    ] Concurrent Mark Roots               616 us, parallelism: 1.86x
[55.795s][info][gc,stats    ]   CMR: <total>                     1148 us
[55.795s][info][gc,stats    ]   CMR: Thread Roots                1135 us, workers (us): 560, 575, ---, ---, ---, 
[55.795s][info][gc,stats    ]   CMR: VM Strong Roots                2 us, workers (us):   2,   0, ---, ---, ---, 
[55.795s][info][gc,stats    ]   CMR: CLDG Roots                    10 us, workers (us):  10, ---, ---, ---, ---, 
[55.795s][info][gc,stats    ] Concurrent Marking               324403 us
[55.795s][info][gc,stats    ] Pause Final Mark (G)               3657 us
[55.795s][info][gc,stats    ] Pause Final Mark (N)                109 us
[55.795s][info][gc,stats    ]   Finish Mark                        33 us
[55.795s][info][gc,stats    ]   Update Region States               13 us
[55.795s][info][gc,stats    ]   Choose Collection Set              33 us
[55.795s][info][gc,stats    ]   Rebuild Free Set                    7 us
[55.795s][info][gc,stats    ] Concurrent Thread Roots             602 us, parallelism: 1.91x
[55.796s][info][gc,stats    ]   CTR: <total>                     1150 us
[55.796s][info][gc,stats    ]   CTR: Thread Roots                1150 us, workers (us): 579, 571, ---, ---, ---, 
[55.796s][info][gc,stats    ] Concurrent Weak References           40 us, parallelism: 0.10x
[55.796s][info][gc,stats    ]   CWRF: <total>                       4 us
[55.796s][info][gc,stats    ]   CWRF: Weak References               4 us, workers (us):   4,   0, ---, ---, ---, 
[55.796s][info][gc,stats    ] Concurrent Weak Roots                87 us
[55.796s][info][gc,stats    ]   Roots                              50 us, parallelism: 1.57x
[55.796s][info][gc,stats    ]     CWR: <total>                     79 us
[55.796s][info][gc,stats    ]     CWR: Code Cache Roots            60 us, workers (us):  34,  27, ---, ---, ---, 
[55.796s][info][gc,stats    ]     CWR: VM Weak Roots               17 us, workers (us):  11,   6, ---, ---, ---, 
[55.796s][info][gc,stats    ]     CWR: CLDG Roots                   1 us, workers (us): ---,   1, ---, ---, ---, 
[55.796s][info][gc,stats    ]   Rendezvous                         12 us
[55.796s][info][gc,stats    ] Concurrent Cleanup                   17 us
[55.796s][info][gc,stats    ] Concurrent Class Unloading          224 us
[55.796s][info][gc,stats    ]   Unlink Stale                      196 us
[55.796s][info][gc,stats    ]     System Dictionary                 1 us
[55.796s][info][gc,stats    ]     Weak Class Links                  0 us
[55.796s][info][gc,stats    ]     Code Roots                      194 us
[55.796s][info][gc,stats    ]   Rendezvous                          9 us
[55.796s][info][gc,stats    ]   Purge Unlinked                      8 us
[55.796s][info][gc,stats    ]     Code Roots                        7 us
[55.796s][info][gc,stats    ]     CLDG                              1 us
[55.796s][info][gc,stats    ] Concurrent Strong Roots              25 us, parallelism: 0.29x
[55.796s][info][gc,stats    ]   CSR: <total>                        7 us
[55.796s][info][gc,stats    ]   CSR: VM Strong Roots                1 us, workers (us):   1,   0, ---, ---, ---, 
[55.796s][info][gc,stats    ]   CSR: CLDG Roots                     6 us, workers (us):   6, ---, ---, ---, ---, 
[55.796s][info][gc,stats    ] Concurrent Evacuation            114972 us
[55.796s][info][gc,stats    ] Pause Init Update Refs (G)           76 us
[55.796s][info][gc,stats    ] Pause Init Update Refs (N)           22 us
[55.796s][info][gc,stats    ]   Manage GCLABs                       2 us
[55.796s][info][gc,stats    ] Concurrent Update Refs           261265 us
[55.796s][info][gc,stats    ] Concurrent Update Thread Roots     1072 us
[55.796s][info][gc,stats    ] Pause Final Update Refs (G)        6160 us
[55.796s][info][gc,stats    ] Pause Final Update Refs (N)         110 us
[55.796s][info][gc,stats    ]   Update Region States               16 us
[55.796s][info][gc,stats    ]   Trash Collection Set                3 us
[55.796s][info][gc,stats    ]   Rebuild Free Set                    9 us
[55.796s][info][gc,stats    ] Concurrent Cleanup                   24 us
[55.796s][info][gc,stats    ] 
[55.796s][info][gc,stats    ] Allocation pacing accrued:
[55.796s][info][gc,stats    ]       0 of   816 ms (  0.0%): <total>
[55.796s][info][gc,stats    ]       0 of   816 ms (  0.0%): <average total>
[55.796s][info][gc,stats    ] 
[55.796s][info][gc,metaspace] Metaspace: 2271K(2432K)->2271K(2432K) NonClass: 2067K(2176K)->2067K(2176K) Class: 204K(256K)->204K(256K)
[55.796s][info][gc,ergo     ] Pacer for Idle. Initial: 245M, Alloc Tax Rate: 1.0x
[55.897s][info][gc          ] Trigger: Average GC time (3367.54 ms) is above the time for average allocation rate (2462 MB/s) to deplete free headroom (6470M) (margin of error = 2.00)
[55.897s][info][gc,ergo     ] Free headroom: 7945M (free) - 614M (spike) - 860M (penalties) = 6470M
[55.897s][info][gc,ergo     ] Free: 7945M, Max: 4096K regular, 4916M humongous, Frag: 39% external, 4% internal; Reserve: 616M, Max: 4096K
[55.897s][info][gc,start    ] GC(25) Concurrent reset
[55.897s][info][gc,task     ] GC(25) Using 2 of 5 workers for concurrent reset
[55.897s][info][gc,ergo     ] GC(25) Pacer for Reset. Non-Taxable: 12288M
[55.898s][info][gc          ] GC(25) Concurrent reset 0.669ms
[55.898s][info][gc,start    ] GC(25) Pause Init Mark (unload classes)
[55.898s][info][gc,task     ] GC(25) Using 5 of 5 workers for init marking
[55.898s][info][gc,ergo     ] GC(25) Pacer for Mark. Expected Live: 3069M, Free: 7942M, Non-Taxable: 794M, Alloc Tax Rate: 0.5x
[55.898s][info][gc          ] GC(25) Pause Init Mark (unload classes) 0.038ms
[55.898s][info][gc,start    ] GC(25) Concurrent marking roots
[55.898s][info][gc,task     ] GC(25) Using 2 of 5 workers for concurrent marking roots
[55.899s][info][gc          ] GC(25) Concurrent marking roots 0.602ms
[55.899s][info][gc,start    ] GC(25) Concurrent marking (unload classes)
[55.899s][info][gc,task     ] GC(25) Using 2 of 5 workers for concurrent marking
[56.381s][info][gc          ] GC(25) Concurrent marking (unload classes) 482.692ms
[56.382s][info][gc,start    ] GC(25) Pause Final Mark (unload classes)
[56.382s][info][gc,task     ] GC(25) Using 5 of 5 workers for final marking
[56.382s][info][gc,ergo     ] GC(25) Adaptive CSet Selection. Target Free: 1740M, Actual Free: 7956M, Max CSet: 512M, Min Garbage: 0B
[56.382s][info][gc,ergo     ] GC(25) Collectable Garbage: 389M (43%), Immediate: 0B (0%), CSet: 389M (43%)
[56.382s][info][gc,ergo     ] GC(25) Pacer for Evacuation. Used CSet: 900M, Free: 7350M, Non-Taxable: 735M, Alloc Tax Rate: 1.1x
[56.382s][info][gc          ] GC(25) Pause Final Mark (unload classes) 0.102ms
[56.382s][info][gc,start    ] GC(25) Concurrent thread roots
[56.382s][info][gc,task     ] GC(25) Using 2 of 5 workers for Concurrent thread roots
[56.382s][info][gc          ] GC(25) Concurrent thread roots 0.589ms
[56.382s][info][gc,start    ] GC(25) Concurrent weak references
[56.382s][info][gc,task     ] GC(25) Using 2 of 5 workers for concurrent weak references
[56.382s][info][gc,ref      ] GC(25) Encountered references: Soft: 170, Weak: 324, Final: 6, Phantom: 1
[56.382s][info][gc,ref      ] GC(25) Discovered  references: Soft: 0, Weak: 124, Final: 6, Phantom: 1
[56.382s][info][gc,ref      ] GC(25) Enqueued    references: Soft: 0, Weak: 0, Final: 0, Phantom: 0
[56.382s][info][gc          ] GC(25) Concurrent weak references 0.035ms
[56.382s][info][gc,start    ] GC(25) Concurrent weak roots
[56.382s][info][gc,task     ] GC(25) Using 2 of 5 workers for concurrent weak root
[56.382s][info][gc          ] GC(25) Concurrent weak roots 0.066ms
[56.382s][info][gc,start    ] GC(25) Concurrent cleanup
[56.382s][info][gc          ] GC(25) Concurrent cleanup 4321M->4321M(12288M) 0.009ms
[56.382s][info][gc,ergo     ] GC(25) Free: 7349M, Max: 4096K regular, 4320M humongous, Frag: 42% external, 4% internal; Reserve: 616M, Max: 4096K
[56.382s][info][gc,start    ] GC(25) Concurrent class unloading
[56.382s][info][gc,task     ] GC(25) Using 2 of 5 workers for concurrent class unloading
[56.383s][info][gc          ] GC(25) Concurrent class unloading 0.237ms
[56.383s][info][gc,start    ] GC(25) Concurrent strong roots
[56.383s][info][gc,task     ] GC(25) Using 2 of 5 workers for concurrent strong root
[56.383s][info][gc          ] GC(25) Concurrent strong roots 0.019ms
[56.383s][info][gc,start    ] GC(25) Concurrent evacuation
[56.383s][info][gc,task     ] GC(25) Using 2 of 5 workers for concurrent evacuation
[56.508s][info][gc          ] GC(25) Concurrent evacuation 125.441ms
[56.508s][info][gc,start    ] GC(25) Pause Init Update Refs
[56.508s][info][gc,ergo     ] GC(25) Pacer for Update Refs. Used: 4972M, Free: 7214M, Non-Taxable: 721M, Alloc Tax Rate: 1.1x
[56.508s][info][gc          ] GC(25) Pause Init Update Refs 0.015ms
[56.508s][info][gc,start    ] GC(25) Concurrent update references
[56.508s][info][gc,task     ] GC(25) Using 2 of 5 workers for concurrent reference update
[56.921s][info][gc          ] GC(25) Concurrent update references 412.844ms
[56.921s][info][gc,start    ] GC(25) Concurrent update thread roots
[56.922s][info][gc          ] GC(25) Concurrent update thread roots 1.065ms
[56.922s][info][gc,start    ] GC(25) Pause Final Update Refs
[56.922s][info][gc,task     ] GC(25) Using 5 of 5 workers for final reference update
[56.922s][info][gc          ] GC(25) Pause Final Update Refs 0.042ms
[56.922s][info][gc,start    ] GC(25) Concurrent cleanup
[56.922s][info][gc          ] GC(25) Concurrent cleanup 5424M->4524M(12288M) 0.024ms
[56.922s][info][gc,ergo     ] Free: 7146M, Max: 4096K regular, 3732M humongous, Frag: 48% external, 4% internal; Reserve: 616M, Max: 4096K
[56.922s][info][gc,stats    ] 
[56.922s][info][gc,stats    ] All times are wall-clock times, except per-root-class counters, that are sum over
[56.922s][info][gc,stats    ] all workers. Dividing the <total> over the root stage time estimates parallelism.
[56.922s][info][gc,stats    ] 
[56.922s][info][gc,stats    ] Concurrent Reset                    686 us
[56.922s][info][gc,stats    ] Pause Init Mark (G)                  84 us
[56.922s][info][gc,stats    ] Pause Init Mark (N)                  43 us
[56.922s][info][gc,stats    ]   Update Region States               15 us
[56.922s][info][gc,stats    ] Concurrent Mark Roots               608 us, parallelism: 1.89x
[56.922s][info][gc,stats    ]   CMR: <total>                     1148 us
[56.922s][info][gc,stats    ]   CMR: Thread Roots                1134 us, workers (us): 563, 571, ---, ---, ---, 
[56.922s][info][gc,stats    ]   CMR: VM Strong Roots                2 us, workers (us):   2,   0, ---, ---, ---, 
[56.922s][info][gc,stats    ]   CMR: CLDG Roots                    11 us, workers (us):  11, ---, ---, ---, ---, 
[56.922s][info][gc,stats    ] Concurrent Marking               482722 us
[56.922s][info][gc,stats    ] Pause Final Mark (G)                143 us
[56.922s][info][gc,stats    ] Pause Final Mark (N)                106 us
[56.922s][info][gc,stats    ]   Finish Mark                        26 us
[56.922s][info][gc,stats    ]   Update Region States               15 us
[56.922s][info][gc,stats    ]   Choose Collection Set              36 us
[56.922s][info][gc,stats    ]   Rebuild Free Set                    8 us
[56.922s][info][gc,stats    ] Concurrent Thread Roots             595 us, parallelism: 1.90x
[56.922s][info][gc,stats    ]   CTR: <total>                     1129 us
[56.922s][info][gc,stats    ]   CTR: Thread Roots                1129 us, workers (us): 566, 563, ---, ---, ---, 
[56.922s][info][gc,stats    ] Concurrent Weak References           39 us, parallelism: 0.10x
[56.922s][info][gc,stats    ]   CWRF: <total>                       4 us
[56.922s][info][gc,stats    ]   CWRF: Weak References               4 us, workers (us):   4,   0, ---, ---, ---, 
[56.922s][info][gc,stats    ] Concurrent Weak Roots                74 us
[56.922s][info][gc,stats    ]   Roots                              48 us, parallelism: 1.64x
[56.922s][info][gc,stats    ]     CWR: <total>                     78 us
[56.922s][info][gc,stats    ]     CWR: Code Cache Roots            59 us, workers (us):  28,  31, ---, ---, ---, 
[56.922s][info][gc,stats    ]     CWR: VM Weak Roots               17 us, workers (us):  11,   7, ---, ---, ---, 
[56.922s][info][gc,stats    ]     CWR: CLDG Roots                   2 us, workers (us):   2, ---, ---, ---, ---, 
[56.922s][info][gc,stats    ]   Rendezvous                         10 us
[56.922s][info][gc,stats    ] Concurrent Cleanup                   13 us
[56.922s][info][gc,stats    ] Concurrent Class Unloading          243 us
[56.922s][info][gc,stats    ]   Unlink Stale                      190 us
[56.922s][info][gc,stats    ]     System Dictionary                 1 us
[56.922s][info][gc,stats    ]     Weak Class Links                  0 us
[56.922s][info][gc,stats    ]     Code Roots                      189 us
[56.922s][info][gc,stats    ]   Rendezvous                         30 us
[56.922s][info][gc,stats    ]   Purge Unlinked                     10 us
[56.922s][info][gc,stats    ]     Code Roots                        8 us
[56.922s][info][gc,stats    ]     CLDG                              1 us
[56.922s][info][gc,stats    ]     Exception Caches                  0 us
[56.922s][info][gc,stats    ] Concurrent Strong Roots              23 us, parallelism: 0.32x
[56.922s][info][gc,stats    ]   CSR: <total>                        7 us
[56.922s][info][gc,stats    ]   CSR: VM Strong Roots                1 us, workers (us):   1,   0, ---, ---, ---, 
[56.922s][info][gc,stats    ]   CSR: CLDG Roots                     6 us, workers (us):   6, ---, ---, ---, ---, 
[56.922s][info][gc,stats    ] Concurrent Evacuation            125466 us
[56.922s][info][gc,stats    ] Pause Init Update Refs (G)           65 us
[56.922s][info][gc,stats    ] Pause Init Update Refs (N)           19 us
[56.922s][info][gc,stats    ]   Manage GCLABs                       2 us
[56.922s][info][gc,stats    ] Concurrent Update Refs           412867 us
[56.922s][info][gc,stats    ] Concurrent Update Thread Roots     1076 us
[56.922s][info][gc,stats    ] Pause Final Update Refs (G)         101 us
[56.922s][info][gc,stats    ] Pause Final Update Refs (N)          49 us
[56.922s][info][gc,stats    ]   Update Region States               17 us
[56.922s][info][gc,stats    ]   Trash Collection Set                2 us
[56.922s][info][gc,stats    ]   Rebuild Free Set                   10 us
[56.922s][info][gc,stats    ] Concurrent Cleanup                   30 us
[56.922s][info][gc,stats    ] 
[56.922s][info][gc,stats    ] Allocation pacing accrued:
[56.922s][info][gc,stats    ]       0 of  1127 ms (  0.0%): <total>
[56.922s][info][gc,stats    ]       0 of  1127 ms (  0.0%): <average total>
[56.922s][info][gc,stats    ] 
[56.922s][info][gc,metaspace] Metaspace: 2271K(2432K)->2271K(2432K) NonClass: 2067K(2176K)->2067K(2176K) Class: 204K(256K)->204K(256K)
[56.922s][info][gc,ergo     ] Pacer for Idle. Initial: 245M, Alloc Tax Rate: 1.0x
[57.024s][info][gc          ] Trigger: Average GC time (2694.14 ms) is above the time for average allocation rate (3813 MB/s) to deplete free headroom (5212M) (margin of error = 2.00)
[57.024s][info][gc,ergo     ] Free headroom: 6564M (free) - 614M (spike) - 737M (penalties) = 5212M
[57.024s][info][gc,ergo     ] Free: 6564M, Max: 4096K regular, 3732M humongous, Frag: 44% external, 5% internal; Reserve: 616M, Max: 4096K
[57.024s][info][gc,start    ] GC(26) Concurrent reset
[57.024s][info][gc,task     ] GC(26) Using 2 of 5 workers for concurrent reset
[57.024s][info][gc,ergo     ] GC(26) Pacer for Reset. Non-Taxable: 12288M
[57.025s][info][gc          ] GC(26) Concurrent reset 1.003ms
[57.025s][info][gc,start    ] GC(26) Pause Init Mark (unload classes)
[57.025s][info][gc,task     ] GC(26) Using 5 of 5 workers for init marking
[57.025s][info][gc,ergo     ] GC(26) Pacer for Mark. Expected Live: 2912M, Free: 6564M, Non-Taxable: 656M, Alloc Tax Rate: 0.5x
[57.025s][info][gc          ] GC(26) Pause Init Mark (unload classes) 0.037ms
[57.025s][info][gc,start    ] GC(26) Concurrent marking roots
[57.025s][info][gc,task     ] GC(26) Using 2 of 5 workers for concurrent marking roots
[57.026s][info][gc          ] GC(26) Concurrent marking roots 0.601ms
[57.026s][info][gc,start    ] GC(26) Concurrent marking (unload classes)
[57.026s][info][gc,task     ] GC(26) Using 2 of 5 workers for concurrent marking
[58.901s][info][gc          ] GC(26) Concurrent marking (unload classes) 1875.358ms
[58.901s][info][gc,start    ] GC(26) Pause Final Mark (unload classes)
[58.901s][info][gc,task     ] GC(26) Using 5 of 5 workers for final marking
[58.901s][info][gc,ergo     ] GC(26) Adaptive CSet Selection. Target Free: 1740M, Actual Free: 3523M, Max CSet: 512M, Min Garbage: 0B
[58.902s][info][gc,ergo     ] GC(26) Collectable Garbage: 671M (48%), Immediate: 279M (20%), CSet: 392M (28%)
[58.902s][info][gc,ergo     ] GC(26) Pacer for Evacuation. Used CSet: 904M, Free: 2918M, Non-Taxable: 291M, Alloc Tax Rate: 1.1x
[58.902s][info][gc          ] GC(26) Pause Final Mark (unload classes) 0.189ms
[58.902s][info][gc,start    ] GC(26) Concurrent thread roots
[58.902s][info][gc,task     ] GC(26) Using 2 of 5 workers for Concurrent thread roots
[58.903s][info][gc          ] GC(26) Concurrent thread roots 0.969ms
[58.903s][info][gc,start    ] GC(26) Concurrent weak references
[58.903s][info][gc,task     ] GC(26) Using 2 of 5 workers for concurrent weak references
[58.903s][info][gc,ref      ] GC(26) Encountered references: Soft: 170, Weak: 324, Final: 6, Phantom: 1
[58.903s][info][gc,ref      ] GC(26) Discovered  references: Soft: 0, Weak: 124, Final: 6, Phantom: 1
[58.903s][info][gc,ref      ] GC(26) Enqueued    references: Soft: 0, Weak: 0, Final: 0, Phantom: 0
[58.903s][info][gc          ] GC(26) Concurrent weak references 0.057ms
[58.903s][info][gc,start    ] GC(26) Concurrent weak roots
[58.903s][info][gc,task     ] GC(26) Using 2 of 5 workers for concurrent weak root
[58.903s][info][gc          ] GC(26) Concurrent weak roots 0.485ms
[58.903s][info][gc,start    ] GC(26) Concurrent cleanup
[58.903s][info][gc          ] GC(26) Concurrent cleanup 9029M->8750M(12288M) 0.016ms
[58.903s][info][gc,ergo     ] GC(26) Free: 2917M, Max: 4096K regular, 1116M humongous, Frag: 62% external, 11% internal; Reserve: 615M, Max: 4096K
[58.903s][info][gc,start    ] GC(26) Concurrent class unloading
[58.903s][info][gc,task     ] GC(26) Using 2 of 5 workers for concurrent class unloading
[58.903s][info][gc          ] GC(26) Concurrent class unloading 0.326ms
[58.903s][info][gc,start    ] GC(26) Concurrent strong roots
[58.903s][info][gc,task     ] GC(26) Using 2 of 5 workers for concurrent strong root
[58.903s][info][gc          ] GC(26) Concurrent strong roots 0.027ms
[58.903s][info][gc,start    ] GC(26) Concurrent evacuation
[58.903s][info][gc,task     ] GC(26) Using 2 of 5 workers for concurrent evacuation
[59.226s][info][gc          ] GC(26) Concurrent evacuation 322.558ms
[59.226s][info][gc,start    ] GC(26) Pause Init Update Refs
[59.226s][info][gc,ergo     ] GC(26) Pacer for Update Refs. Used: 9452M, Free: 2731M, Non-Taxable: 273M, Alloc Tax Rate: 4.2x
[59.226s][info][gc          ] GC(26) Pause Init Update Refs 0.023ms
[59.226s][info][gc,start    ] GC(26) Concurrent update references
[59.226s][info][gc,task     ] GC(26) Using 2 of 5 workers for concurrent reference update
[61.424s][info][gc          ] GC(26) Concurrent update references 2197.962ms
[61.425s][info][gc,start    ] GC(26) Concurrent update thread roots
[61.426s][info][gc          ] GC(26) Concurrent update thread roots 1.752ms
[61.426s][info][gc,start    ] GC(26) Pause Final Update Refs
[61.426s][info][gc,task     ] GC(26) Using 5 of 5 workers for final reference update
[61.426s][info][gc          ] GC(26) Pause Final Update Refs 0.077ms
[61.426s][info][gc,start    ] GC(26) Concurrent cleanup
[61.426s][info][gc          ] GC(26) Concurrent cleanup 10749M->9845M(12288M) 0.023ms
[61.426s][info][gc,ergo     ] Free: 1822M, Max: 4096K regular, 604M humongous, Frag: 67% external, 0% internal; Reserve: 616M, Max: 4096K
[61.426s][info][gc,stats    ] 
[61.426s][info][gc,stats    ] All times are wall-clock times, except per-root-class counters, that are sum over
[61.426s][info][gc,stats    ] all workers. Dividing the <total> over the root stage time estimates parallelism.
[61.426s][info][gc,stats    ] 
[61.426s][info][gc,stats    ] Concurrent Reset                   1015 us
[61.426s][info][gc,stats    ] Pause Init Mark (G)                  98 us
[61.426s][info][gc,stats    ] Pause Init Mark (N)                  42 us
[61.426s][info][gc,stats    ]   Update Region States               16 us
[61.426s][info][gc,stats    ] Concurrent Mark Roots               606 us, parallelism: 1.88x
[61.426s][info][gc,stats    ]   CMR: <total>                     1141 us
[61.426s][info][gc,stats    ]   CMR: Thread Roots                1128 us, workers (us): 557, 571, ---, ---, ---, 
[61.426s][info][gc,stats    ]   CMR: VM Strong Roots                3 us, workers (us):   2,   0, ---, ---, ---, 
[61.426s][info][gc,stats    ]   CMR: CLDG Roots                    11 us, workers (us):  11, ---, ---, ---, ---, 
[61.426s][info][gc,stats    ] Concurrent Marking              1875408 us
[61.427s][info][gc,stats    ] Pause Final Mark (G)                217 us
[61.427s][info][gc,stats    ] Pause Final Mark (N)                192 us
[61.427s][info][gc,stats    ]   Finish Mark                        43 us
[61.427s][info][gc,stats    ]   Update Region States               27 us
[61.427s][info][gc,stats    ]   Choose Collection Set              89 us
[61.427s][info][gc,stats    ]   Rebuild Free Set                    7 us
[61.427s][info][gc,stats    ] Concurrent Thread Roots             977 us, parallelism: 1.90x
[61.427s][info][gc,stats    ]   CTR: <total>                     1854 us
[61.427s][info][gc,stats    ]   CTR: Thread Roots                1854 us, workers (us): 932, 921, ---, ---, ---, 
[61.427s][info][gc,stats    ] Concurrent Weak References           62 us, parallelism: 0.56x
[61.427s][info][gc,stats    ]   CWRF: <total>                      35 us
[61.427s][info][gc,stats    ]   CWRF: Weak References              35 us, workers (us):  27,   8, ---, ---, ---, 
[61.427s][info][gc,stats    ] Concurrent Weak Roots               497 us
[61.427s][info][gc,stats    ]   Roots                             462 us, parallelism: 1.81x
[61.427s][info][gc,stats    ]     CWR: <total>                    837 us
[61.427s][info][gc,stats    ]     CWR: Code Cache Roots           809 us, workers (us): 372, 436, ---, ---, ---, 
[61.427s][info][gc,stats    ]     CWR: VM Weak Roots               25 us, workers (us):  13,  12, ---, ---, ---, 
[61.427s][info][gc,stats    ]     CWR: CLDG Roots                   4 us, workers (us):   4, ---, ---, ---, ---, 
[61.427s][info][gc,stats    ]   Rendezvous                         15 us
[61.427s][info][gc,stats    ] Concurrent Cleanup                   20 us
[61.427s][info][gc,stats    ] Concurrent Class Unloading          333 us
[61.427s][info][gc,stats    ]   Unlink Stale                      291 us
[61.427s][info][gc,stats    ]     System Dictionary                 1 us
[61.427s][info][gc,stats    ]     Weak Class Links                  0 us
[61.427s][info][gc,stats    ]     Code Roots                      290 us
[61.427s][info][gc,stats    ]   Rendezvous                         19 us
[61.427s][info][gc,stats    ]   Purge Unlinked                      9 us
[61.427s][info][gc,stats    ]     Code Roots                        8 us
[61.427s][info][gc,stats    ]     CLDG                              1 us
[61.427s][info][gc,stats    ] Concurrent Strong Roots              32 us, parallelism: 0.42x
[61.427s][info][gc,stats    ]   CSR: <total>                       14 us
[61.427s][info][gc,stats    ]   CSR: VM Strong Roots                1 us, workers (us):   1,   0, ---, ---, ---, 
[61.427s][info][gc,stats    ]   CSR: CLDG Roots                    12 us, workers (us):  12, ---, ---, ---, ---, 
[61.427s][info][gc,stats    ] Concurrent Evacuation            322592 us
[61.427s][info][gc,stats    ] Pause Init Update Refs (G)           82 us
[61.427s][info][gc,stats    ] Pause Init Update Refs (N)           27 us
[61.427s][info][gc,stats    ]   Manage GCLABs                       8 us
[61.427s][info][gc,stats    ] Concurrent Update Refs          2198351 us
[61.427s][info][gc,stats    ] Concurrent Update Thread Roots     1763 us
[61.427s][info][gc,stats    ] Pause Final Update Refs (G)         130 us
[61.427s][info][gc,stats    ] Pause Final Update Refs (N)          90 us
[61.427s][info][gc,stats    ]   Update Region States               43 us
[61.427s][info][gc,stats    ]   Trash Collection Set                9 us
[61.427s][info][gc,stats    ]   Rebuild Free Set                    7 us
[61.427s][info][gc,stats    ] Concurrent Cleanup                   28 us
[61.427s][info][gc,stats    ] Pacing                           461030 us
[61.427s][info][gc,stats    ] 
[61.427s][info][gc,stats    ] Allocation pacing accrued:
[61.427s][info][gc,stats    ]      61 of  4504 ms (  1.3%): ForkJoinPool-5-worker-2
[61.427s][info][gc,stats    ]      73 of  4504 ms (  1.6%): ForkJoinPool-5-worker-4
[61.427s][info][gc,stats    ]      74 of  4504 ms (  1.6%): ForkJoinPool-5-worker-6
[61.427s][info][gc,stats    ]      61 of  4504 ms (  1.4%): ForkJoinPool-5-worker-7
[61.427s][info][gc,stats    ]      70 of  4504 ms (  1.6%): ForkJoinPool-5-worker-9
[61.427s][info][gc,stats    ]      60 of  4504 ms (  1.3%): ForkJoinPool-5-worker-8
[61.427s][info][gc,stats    ]      61 of  4504 ms (  1.4%): ForkJoinPool-5-worker-11
[61.427s][info][gc,stats    ]     461 of  4504 ms ( 10.2%): <total>
[61.427s][info][gc,stats    ]       7 of  4504 ms (  0.2%): <average total>
[61.427s][info][gc,stats    ]      66 of  4504 ms (  1.5%): <average non-zero>
[61.427s][info][gc,stats    ] 
[61.427s][info][gc,metaspace] Metaspace: 2271K(2432K)->2275K(2432K) NonClass: 2067K(2176K)->2071K(2176K) Class: 204K(256K)->204K(256K)
[61.427s][info][gc,ergo     ] Pacer for Idle. Initial: 245M, Alloc Tax Rate: 1.0x
[61.428s][info][gc          ] Trigger: Average GC time (6341.66 ms) is above the time for average allocation rate (2528 MB/s) to deplete free headroom (592M) (margin of error = 2.02)
[61.428s][info][gc,ergo     ] Free headroom: 1820M (free) - 614M (spike) - 614M (penalties) = 592M
[61.428s][info][gc,ergo     ] Free: 1820M, Max: 4096K regular, 604M humongous, Frag: 67% external, 0% internal; Reserve: 616M, Max: 4096K
[61.428s][info][gc,start    ] GC(27) Concurrent reset
[61.428s][info][gc,task     ] GC(27) Using 2 of 5 workers for concurrent reset
[61.428s][info][gc,ergo     ] GC(27) Pacer for Reset. Non-Taxable: 12288M
[61.458s][info][gc          ] GC(27) Concurrent reset 29.598ms
[61.458s][info][gc,start    ] GC(27) Pause Init Mark (unload classes)
[61.458s][info][gc,task     ] GC(27) Using 5 of 5 workers for init marking
[61.458s][info][gc,ergo     ] GC(27) Pacer for Mark. Expected Live: 2243M, Free: 1805M, Non-Taxable: 180M, Alloc Tax Rate: 1.5x
[61.458s][info][gc          ] GC(27) Pause Init Mark (unload classes) 0.064ms
[61.458s][info][gc,start    ] GC(27) Concurrent marking roots
[61.458s][info][gc,task     ] GC(27) Using 2 of 5 workers for concurrent marking roots
[61.459s][info][gc          ] GC(27) Concurrent marking roots 0.829ms
[61.459s][info][gc,start    ] GC(27) Concurrent marking (unload classes)
[61.459s][info][gc,task     ] GC(27) Using 2 of 5 workers for concurrent marking
[63.958s][info][gc          ] GC(27) Concurrent marking (unload classes) 2499.357ms
[63.958s][info][gc,start    ] GC(27) Pause Final Mark (unload classes)
[63.958s][info][gc,task     ] GC(27) Using 5 of 5 workers for final marking
[63.958s][info][gc,ergo     ] GC(27) Adaptive CSet Selection. Target Free: 1740M, Actual Free: 3136M, Max CSet: 512M, Min Garbage: 0B
[63.958s][info][gc,ergo     ] GC(27) Collectable Garbage: 2438M (87%), Immediate: 2044M (73%), CSet: 394M (14%)
[63.958s][info][gc,ergo     ] GC(27) Pacer for Evacuation. Used CSet: 903M, Free: 2542M, Non-Taxable: 254M, Alloc Tax Rate: 1.1x
[63.958s][info][gc          ] GC(27) Pause Final Mark (unload classes) 0.171ms
[63.958s][info][gc,start    ] GC(27) Concurrent thread roots
[63.958s][info][gc,task     ] GC(27) Using 2 of 5 workers for Concurrent thread roots
[63.960s][info][gc          ] GC(27) Concurrent thread roots 1.967ms
[63.960s][info][gc,start    ] GC(27) Concurrent weak references
[63.960s][info][gc,task     ] GC(27) Using 2 of 5 workers for concurrent weak references
[63.962s][info][gc,ref      ] GC(27) Encountered references: Soft: 170, Weak: 324, Final: 6, Phantom: 1
[63.962s][info][gc,ref      ] GC(27) Discovered  references: Soft: 0, Weak: 289, Final: 6, Phantom: 1
[63.962s][info][gc,ref      ] GC(27) Enqueued    references: Soft: 0, Weak: 0, Final: 0, Phantom: 0
[63.962s][info][gc          ] GC(27) Concurrent weak references 2.083ms
[63.962s][info][gc,start    ] GC(27) Concurrent weak roots
[63.962s][info][gc,task     ] GC(27) Using 2 of 5 workers for concurrent weak root
[63.963s][info][gc          ] GC(27) Concurrent weak roots 0.397ms
[63.963s][info][gc,start    ] GC(27) Concurrent cleanup
[63.963s][info][gc          ] GC(27) Concurrent cleanup 11169M->9125M(12288M) 0.022ms
[63.963s][info][gc,ergo     ] GC(27) Free: 2542M, Max: 4096K regular, 1232M humongous, Frag: 52% external, 30% internal; Reserve: 615M, Max: 4096K
[63.963s][info][gc,start    ] GC(27) Concurrent class unloading
[63.963s][info][gc,task     ] GC(27) Using 2 of 5 workers for concurrent class unloading
[63.963s][info][gc          ] GC(27) Concurrent class unloading 0.337ms
[63.963s][info][gc,start    ] GC(27) Concurrent strong roots
[63.963s][info][gc,task     ] GC(27) Using 2 of 5 workers for concurrent strong root
[63.963s][info][gc          ] GC(27) Concurrent strong roots 0.019ms
[63.963s][info][gc,start    ] GC(27) Concurrent evacuation
[63.963s][info][gc,task     ] GC(27) Using 2 of 5 workers for concurrent evacuation
[64.297s][info][gc          ] GC(27) Concurrent evacuation 333.683ms
[64.297s][info][gc,start    ] GC(27) Pause Init Update Refs
[64.297s][info][gc,ergo     ] GC(27) Pacer for Update Refs. Used: 9930M, Free: 2248M, Non-Taxable: 224M, Alloc Tax Rate: 5.4x
[64.297s][info][gc          ] GC(27) Pause Init Update Refs 0.020ms
[64.297s][info][gc,start    ] GC(27) Concurrent update references
[64.297s][info][gc,task     ] GC(27) Using 2 of 5 workers for concurrent reference update
[66.529s][info][gc          ] GC(27) Concurrent update references 2231.916ms
[66.529s][info][gc,start    ] GC(27) Concurrent update thread roots
[66.534s][info][gc          ] GC(27) Concurrent update thread roots 4.990ms
[66.534s][info][gc,start    ] GC(27) Pause Final Update Refs
[66.534s][info][gc,task     ] GC(27) Using 5 of 5 workers for final reference update
[66.534s][info][gc          ] GC(27) Pause Final Update Refs 0.106ms
[66.534s][info][gc,start    ] GC(27) Concurrent cleanup
[66.534s][info][gc          ] GC(27) Concurrent cleanup 11909M->11005M(12288M) 0.036ms
[66.534s][info][gc,ergo     ] Free: 662M, Max: 4096K regular, 204M humongous, Frag: 69% external, 65% internal; Reserve: 616M, Max: 4096K
[66.534s][info][gc,stats    ] 
[66.534s][info][gc,stats    ] All times are wall-clock times, except per-root-class counters, that are sum over
[66.534s][info][gc,stats    ] all workers. Dividing the <total> over the root stage time estimates parallelism.
[66.534s][info][gc,stats    ] 
[66.534s][info][gc,stats    ] Concurrent Reset                  29634 us
[66.534s][info][gc,stats    ] Pause Init Mark (G)                 115 us
[66.534s][info][gc,stats    ] Pause Init Mark (N)                  68 us
[66.534s][info][gc,stats    ]   Update Region States               39 us
[66.534s][info][gc,stats    ] Concurrent Mark Roots               840 us, parallelism: 1.88x
[66.534s][info][gc,stats    ]   CMR: <total>                     1581 us
[66.534s][info][gc,stats    ]   CMR: Thread Roots                1528 us, workers (us): 762, 767, ---, ---, ---, 
[66.534s][info][gc,stats    ]   CMR: VM Strong Roots               31 us, workers (us):   6,  24, ---, ---, ---, 
[66.534s][info][gc,stats    ]   CMR: CLDG Roots                    22 us, workers (us):  22, ---, ---, ---, ---, 
[66.534s][info][gc,stats    ] Concurrent Marking              2499379 us
[66.534s][info][gc,stats    ] Pause Final Mark (G)                195 us
[66.534s][info][gc,stats    ] Pause Final Mark (N)                175 us
[66.534s][info][gc,stats    ]   Finish Mark                        43 us
[66.534s][info][gc,stats    ]   Update Region States               22 us
[66.534s][info][gc,stats    ]   Choose Collection Set              79 us
[66.534s][info][gc,stats    ]   Rebuild Free Set                    7 us
[66.534s][info][gc,stats    ] Concurrent Thread Roots            1974 us, parallelism: 1.95x
[66.534s][info][gc,stats    ]   CTR: <total>                     3857 us
[66.534s][info][gc,stats    ]   CTR: Thread Roots                3857 us, workers (us): 1948, 1910, ---, ---, ---, 
[66.534s][info][gc,stats    ] Concurrent Weak References         2088 us, parallelism: 0.98x
[66.534s][info][gc,stats    ]   CWRF: <total>                    2052 us
[66.534s][info][gc,stats    ]   CWRF: Weak References            2052 us, workers (us): 2052,   0, ---, ---, ---, 
[66.534s][info][gc,stats    ] Concurrent Weak Roots               403 us
[66.534s][info][gc,stats    ]   Roots                             376 us, parallelism: 1.79x
[66.534s][info][gc,stats    ]     CWR: <total>                    674 us
[66.534s][info][gc,stats    ]     CWR: Code Cache Roots           638 us, workers (us): 312, 326, ---, ---, ---, 
[66.534s][info][gc,stats    ]     CWR: VM Weak Roots               34 us, workers (us):  19,  15, ---, ---, ---, 
[66.534s][info][gc,stats    ]     CWR: CLDG Roots                   2 us, workers (us): ---,   2, ---, ---, ---, 
[66.534s][info][gc,stats    ]   Rendezvous                         13 us
[66.534s][info][gc,stats    ] Concurrent Cleanup                   26 us
[66.534s][info][gc,stats    ] Concurrent Class Unloading          341 us
[66.534s][info][gc,stats    ]   Unlink Stale                      311 us
[66.534s][info][gc,stats    ]     System Dictionary                 1 us
[66.534s][info][gc,stats    ]     Weak Class Links                  0 us
[66.534s][info][gc,stats    ]     Code Roots                      310 us
[66.534s][info][gc,stats    ]   Rendezvous                          9 us
[66.534s][info][gc,stats    ]   Purge Unlinked                     10 us
[66.534s][info][gc,stats    ]     Code Roots                        8 us
[66.534s][info][gc,stats    ]     CLDG                              1 us
[66.534s][info][gc,stats    ]     Exception Caches                  0 us
[66.534s][info][gc,stats    ] Concurrent Strong Roots              24 us, parallelism: 0.33x
[66.534s][info][gc,stats    ]   CSR: <total>                        8 us
[66.534s][info][gc,stats    ]   CSR: VM Strong Roots                1 us, workers (us):   1,   0, ---, ---, ---, 
[66.534s][info][gc,stats    ]   CSR: CLDG Roots                     6 us, workers (us):   6, ---, ---, ---, ---, 
[66.534s][info][gc,stats    ] Concurrent Evacuation            333715 us
[66.534s][info][gc,stats    ] Pause Init Update Refs (G)           50 us
[66.534s][info][gc,stats    ] Pause Init Update Refs (N)           24 us
[66.534s][info][gc,stats    ]   Manage GCLABs                       6 us
[66.534s][info][gc,stats    ] Concurrent Update Refs          2231982 us
[66.534s][info][gc,stats    ] Concurrent Update Thread Roots     5009 us
[66.534s][info][gc,stats    ] Pause Final Update Refs (G)         148 us
[66.534s][info][gc,stats    ] Pause Final Update Refs (N)         113 us
[66.534s][info][gc,stats    ]   Update Region States               63 us
[66.534s][info][gc,stats    ]   Trash Collection Set               14 us
[66.534s][info][gc,stats    ]   Rebuild Free Set                    8 us
[66.534s][info][gc,stats    ] Concurrent Cleanup                   44 us
[66.534s][info][gc,stats    ] 
[66.534s][info][gc,stats    ] Allocation pacing accrued:
[66.534s][info][gc,stats    ]       0 of  5108 ms (  0.0%): <total>
[66.534s][info][gc,stats    ]       0 of  5108 ms (  0.0%): <average total>
[66.534s][info][gc,stats    ] 
[66.534s][info][gc,metaspace] Metaspace: 2275K(2432K)->2276K(2432K) NonClass: 2071K(2176K)->2071K(2176K) Class: 204K(256K)->204K(256K)
[66.534s][info][gc,ergo     ] Pacer for Idle. Initial: 245M, Alloc Tax Rate: 1.0x
[66.536s][info][gc          ] Trigger: Free (659M) is below minimum threshold (1228M)
[66.536s][info][gc,ergo     ] Free: 659M, Max: 4096K regular, 204M humongous, Frag: 69% external, 65% internal; Reserve: 616M, Max: 4096K
[66.536s][info][gc,start    ] GC(28) Concurrent reset
[66.536s][info][gc,task     ] GC(28) Using 2 of 5 workers for concurrent reset
[66.536s][info][gc,ergo     ] GC(28) Pacer for Reset. Non-Taxable: 12288M
[66.569s][info][gc          ] GC(28) Concurrent reset 33.489ms
[66.569s][info][gc,start    ] GC(28) Pause Init Mark (unload classes)
[66.569s][info][gc,task     ] GC(28) Using 5 of 5 workers for init marking
[66.569s][info][gc,ergo     ] GC(28) Pacer for Mark. Expected Live: 3436M, Free: 631M, Non-Taxable: 64660K, Alloc Tax Rate: 6.7x
[66.569s][info][gc          ] GC(28) Pause Init Mark (unload classes) 0.054ms
[66.569s][info][gc,start    ] GC(28) Concurrent marking roots
[66.569s][info][gc,task     ] GC(28) Using 2 of 5 workers for concurrent marking roots
[66.570s][info][gc          ] GC(28) Concurrent marking roots 1.075ms
[66.570s][info][gc,start    ] GC(28) Concurrent marking (unload classes)
[66.570s][info][gc,task     ] GC(28) Using 2 of 5 workers for concurrent marking
[66.840s][info][gc          ] GC(28) Concurrent marking (unload classes) 269.937ms
[66.840s][info][gc,start    ] GC(28) Pause Final Mark (unload classes)
[66.840s][info][gc,task     ] GC(28) Using 5 of 5 workers for final marking
[66.840s][info][gc,ergo     ] GC(28) Adaptive CSet Selection. Target Free: 1740M, Actual Free: 9392M, Max CSet: 512M, Min Garbage: 0B
[66.840s][info][gc,ergo     ] GC(28) Collectable Garbage: 9396M (97%), Immediate: 8420M (87%), CSet: 975M (10%)
[66.840s][info][gc,ergo     ] GC(28) Pacer for Evacuation. Used CSet: 1487M, Free: 8797M, Non-Taxable: 879M, Alloc Tax Rate: 1.1x
[66.840s][info][gc          ] GC(28) Pause Final Mark (unload classes) 0.129ms
[66.841s][info][gc,start    ] GC(28) Concurrent thread roots
[66.841s][info][gc,task     ] GC(28) Using 2 of 5 workers for Concurrent thread roots
[66.841s][info][gc          ] GC(28) Concurrent thread roots 0.842ms
[66.841s][info][gc,start    ] GC(28) Concurrent weak references
[66.841s][info][gc,task     ] GC(28) Using 2 of 5 workers for concurrent weak references
[66.841s][info][gc,ref      ] GC(28) Encountered references: Soft: 170, Weak: 324, Final: 6, Phantom: 5
[66.841s][info][gc,ref      ] GC(28) Discovered  references: Soft: 0, Weak: 144, Final: 0, Phantom: 5
[66.841s][info][gc,ref      ] GC(28) Enqueued    references: Soft: 0, Weak: 0, Final: 0, Phantom: 4
[66.841s][info][gc          ] GC(28) Concurrent weak references 0.051ms
[66.841s][info][gc,start    ] GC(28) Concurrent weak roots
[66.841s][info][gc,task     ] GC(28) Using 2 of 5 workers for concurrent weak root
[66.842s][info][gc          ] GC(28) Concurrent weak roots 0.559ms
[66.842s][info][gc,start    ] GC(28) Concurrent cleanup
[66.842s][info][gc          ] GC(28) Concurrent cleanup 11297M->2876M(12288M) 0.049ms
[66.842s][info][gc,ergo     ] GC(28) Free: 8790M, Max: 4096K regular, 4804M humongous, Frag: 46% external, 4% internal; Reserve: 619M, Max: 4096K
[66.842s][info][gc,start    ] GC(28) Concurrent class unloading
[66.842s][info][gc,task     ] GC(28) Using 2 of 5 workers for concurrent class unloading
[66.842s][info][gc          ] GC(28) Concurrent class unloading 0.379ms
[66.842s][info][gc,start    ] GC(28) Concurrent strong roots
[66.842s][info][gc,task     ] GC(28) Using 2 of 5 workers for concurrent strong root
[66.842s][info][gc          ] GC(28) Concurrent strong roots 0.063ms
[66.843s][info][gc,start    ] GC(28) Concurrent evacuation
[66.843s][info][gc,task     ] GC(28) Using 2 of 5 workers for concurrent evacuation
[66.958s][info][gc          ] GC(28) Concurrent evacuation 115.600ms
[66.958s][info][gc,start    ] GC(28) Pause Init Update Refs
[66.958s][info][gc,ergo     ] GC(28) Pacer for Update Refs. Used: 3519M, Free: 8663M, Non-Taxable: 866M, Alloc Tax Rate: 1.1x
[66.958s][info][gc          ] GC(28) Pause Init Update Refs 0.052ms
[66.958s][info][gc,start    ] GC(28) Concurrent update references
[66.958s][info][gc,task     ] GC(28) Using 2 of 5 workers for concurrent reference update
[67.095s][info][gc          ] GC(28) Concurrent update references 136.966ms
[67.095s][info][gc,start    ] GC(28) Concurrent update thread roots
[67.097s][info][gc          ] GC(28) Concurrent update thread roots 1.410ms
[67.097s][info][gc,start    ] GC(28) Pause Final Update Refs
[67.097s][info][gc,task     ] GC(28) Using 5 of 5 workers for final reference update
[67.097s][info][gc          ] GC(28) Pause Final Update Refs 0.070ms
[67.097s][info][gc,start    ] GC(28) Concurrent cleanup
[67.097s][info][gc          ] GC(28) Concurrent cleanup 3663M->2175M(12288M) 0.024ms
[67.097s][info][gc,ergo     ] Free: 9495M, Max: 4096K regular, 4988M humongous, Frag: 48% external, 3% internal; Reserve: 616M, Max: 4096K
[67.097s][info][gc,stats    ] 
[67.097s][info][gc,stats    ] All times are wall-clock times, except per-root-class counters, that are sum over
[67.097s][info][gc,stats    ] all workers. Dividing the <total> over the root stage time estimates parallelism.
[67.097s][info][gc,stats    ] 
[67.097s][info][gc,stats    ] Concurrent Reset                  33515 us
[67.097s][info][gc,stats    ] Pause Init Mark (G)                 147 us
[67.097s][info][gc,stats    ] Pause Init Mark (N)                  59 us
[67.097s][info][gc,stats    ]   Update Region States               28 us
[67.097s][info][gc,stats    ] Concurrent Mark Roots              1086 us, parallelism: 1.78x
[67.097s][info][gc,stats    ]   CMR: <total>                     1935 us
[67.097s][info][gc,stats    ]   CMR: Thread Roots                1451 us, workers (us): 733, 718, ---, ---, ---, 
[67.097s][info][gc,stats    ]   CMR: VM Strong Roots              415 us, workers (us): 182, 233, ---, ---, ---, 
[67.097s][info][gc,stats    ]   CMR: CLDG Roots                    70 us, workers (us):  70, ---, ---, ---, ---, 
[67.097s][info][gc,stats    ] Concurrent Marking               269962 us
[67.097s][info][gc,stats    ] Pause Final Mark (G)                196 us
[67.097s][info][gc,stats    ] Pause Final Mark (N)                133 us
[67.097s][info][gc,stats    ]   Finish Mark                        30 us
[67.097s][info][gc,stats    ]   Update Region States               14 us
[67.097s][info][gc,stats    ]   Choose Collection Set              59 us
[67.097s][info][gc,stats    ]   Rebuild Free Set                    8 us
[67.097s][info][gc,stats    ] Concurrent Thread Roots             849 us, parallelism: 1.87x
[67.097s][info][gc,stats    ]   CTR: <total>                     1591 us
[67.097s][info][gc,stats    ]   CTR: Thread Roots                1591 us, workers (us): 821, 771, ---, ---, ---, 
[67.097s][info][gc,stats    ] Concurrent Weak References           57 us, parallelism: 0.15x
[67.097s][info][gc,stats    ]   CWRF: <total>                       9 us
[67.097s][info][gc,stats    ]   CWRF: Weak References               9 us, workers (us):   6,   3, ---, ---, ---, 
[67.097s][info][gc,stats    ] Concurrent Weak Roots               564 us
[67.097s][info][gc,stats    ]   Roots                             534 us, parallelism: 1.86x
[67.097s][info][gc,stats    ]     CWR: <total>                    991 us
[67.097s][info][gc,stats    ]     CWR: Code Cache Roots           925 us, workers (us): 485, 440, ---, ---, ---, 
[67.097s][info][gc,stats    ]     CWR: VM Weak Roots               65 us, workers (us):  33,  32, ---, ---, ---, 
[67.097s][info][gc,stats    ]     CWR: CLDG Roots                   2 us, workers (us):   2, ---, ---, ---, ---, 
[67.097s][info][gc,stats    ]   Rendezvous                         15 us
[67.097s][info][gc,stats    ] Concurrent Cleanup                   53 us
[67.097s][info][gc,stats    ] Concurrent Class Unloading          388 us
[67.097s][info][gc,stats    ]   Unlink Stale                      350 us
[67.097s][info][gc,stats    ]     System Dictionary                 1 us
[67.097s][info][gc,stats    ]     Weak Class Links                  0 us
[67.097s][info][gc,stats    ]     Code Roots                      348 us
[67.097s][info][gc,stats    ]   Rendezvous                         10 us
[67.097s][info][gc,stats    ]   Purge Unlinked                     12 us
[67.097s][info][gc,stats    ]     Code Roots                       10 us
[67.097s][info][gc,stats    ]     CLDG                              1 us
[67.097s][info][gc,stats    ]     Exception Caches                  0 us
[67.097s][info][gc,stats    ] Concurrent Strong Roots              71 us, parallelism: 0.66x
[67.097s][info][gc,stats    ]   CSR: <total>                       47 us
[67.097s][info][gc,stats    ]   CSR: VM Strong Roots                1 us, workers (us):   1,   0, ---, ---, ---, 
[67.097s][info][gc,stats    ]   CSR: CLDG Roots                    45 us, workers (us):  45, ---, ---, ---, ---, 
[67.097s][info][gc,stats    ] Concurrent Evacuation            115722 us
[67.097s][info][gc,stats    ] Pause Init Update Refs (G)          130 us
[67.097s][info][gc,stats    ] Pause Init Update Refs (N)           57 us
[67.097s][info][gc,stats    ]   Manage GCLABs                      37 us
[67.097s][info][gc,stats    ] Concurrent Update Refs           136993 us
[67.097s][info][gc,stats    ] Concurrent Update Thread Roots     1423 us
[67.097s][info][gc,stats    ] Pause Final Update Refs (G)         113 us
[67.097s][info][gc,stats    ] Pause Final Update Refs (N)          79 us
[67.097s][info][gc,stats    ]   Update Region States               44 us
[67.097s][info][gc,stats    ]   Trash Collection Set                3 us
[67.097s][info][gc,stats    ]   Rebuild Free Set                    8 us
[67.097s][info][gc,stats    ] Concurrent Cleanup                   30 us
[67.097s][info][gc,stats    ] Pacing                            82648 us
[67.097s][info][gc,stats    ] 
[67.097s][info][gc,stats    ] Allocation pacing accrued:
[67.097s][info][gc,stats    ]      83 of   563 ms ( 14.7%): main
[67.097s][info][gc,stats    ]      83 of   563 ms ( 14.7%): <total>
[67.097s][info][gc,stats    ]       1 of   563 ms (  0.2%): <average total>
[67.097s][info][gc,stats    ]      83 of   563 ms ( 14.7%): <average non-zero>
[67.097s][info][gc,stats    ] 
[67.097s][info][gc,metaspace] Metaspace: 2276K(2432K)->2276K(2432K) NonClass: 2071K(2176K)->2071K(2176K) Class: 204K(256K)->204K(256K)
[67.097s][info][gc,ergo     ] Pacer for Idle. Initial: 245M, Alloc Tax Rate: 1.0x
[67.098s][info][gc          ] Trigger: Average GC time (6458.94 ms) is above the time for average allocation rate (1332 MB/s) to deplete free headroom (8508M) (margin of error = 2.03)
[67.098s][info][gc,ergo     ] Free headroom: 9491M (free) - 614M (spike) - 368M (penalties) = 8508M
[67.098s][info][gc,ergo     ] Free: 9491M, Max: 4096K regular, 4988M humongous, Frag: 48% external, 3% internal; Reserve: 616M, Max: 4096K
[67.098s][info][gc,start    ] GC(29) Concurrent reset
[67.098s][info][gc,task     ] GC(29) Using 2 of 5 workers for concurrent reset
[67.098s][info][gc,ergo     ] GC(29) Pacer for Reset. Non-Taxable: 12288M
[67.101s][info][gc          ] GC(29) Concurrent reset 2.762ms
[67.101s][info][gc,start    ] GC(29) Pause Init Mark (unload classes)
[67.101s][info][gc,task     ] GC(29) Using 5 of 5 workers for init marking
[67.101s][info][gc,ergo     ] GC(29) Pacer for Mark. Expected Live: 3417M, Free: 9484M, Non-Taxable: 948M, Alloc Tax Rate: 0.4x
[67.101s][info][gc          ] GC(29) Pause Init Mark (unload classes) 0.034ms
[67.101s][info][gc,start    ] GC(29) Concurrent marking roots
[67.101s][info][gc,task     ] GC(29) Using 2 of 5 workers for concurrent marking roots
[67.102s][info][gc          ] GC(29) Concurrent marking roots 0.738ms
[67.102s][info][gc,start    ] GC(29) Concurrent marking (unload classes)
[67.102s][info][gc,task     ] GC(29) Using 2 of 5 workers for concurrent marking
[67.377s][info][gc          ] GC(29) Concurrent marking (unload classes) 275.053ms
[67.377s][info][gc,start    ] GC(29) Pause Final Mark (unload classes)
[67.377s][info][gc,task     ] GC(29) Using 5 of 5 workers for final marking
[67.377s][info][gc,ergo     ] GC(29) Adaptive CSet Selection. Target Free: 1740M, Actual Free: 9772M, Max CSet: 512M, Min Garbage: 0B
[67.377s][info][gc,ergo     ] GC(29) Collectable Garbage: 388M (87%), Immediate: 0B (0%), CSet: 388M (87%)
[67.377s][info][gc,ergo     ] GC(29) Pacer for Evacuation. Used CSet: 899M, Free: 9171M, Non-Taxable: 917M, Alloc Tax Rate: 1.1x
[67.377s][info][gc          ] GC(29) Pause Final Mark (unload classes) 0.115ms
[67.377s][info][gc,start    ] GC(29) Concurrent thread roots
[67.377s][info][gc,task     ] GC(29) Using 2 of 5 workers for Concurrent thread roots
[67.378s][info][gc          ] GC(29) Concurrent thread roots 0.774ms
[67.378s][info][gc,start    ] GC(29) Concurrent weak references
[67.378s][info][gc,task     ] GC(29) Using 2 of 5 workers for concurrent weak references
[67.378s][info][gc,ref      ] GC(29) Encountered references: Soft: 170, Weak: 324, Final: 6, Phantom: 1
[67.378s][info][gc,ref      ] GC(29) Discovered  references: Soft: 0, Weak: 124, Final: 6, Phantom: 1
[67.378s][info][gc,ref      ] GC(29) Enqueued    references: Soft: 0, Weak: 0, Final: 0, Phantom: 0
[67.378s][info][gc          ] GC(29) Concurrent weak references 0.030ms
[67.378s][info][gc,start    ] GC(29) Concurrent weak roots
[67.378s][info][gc,task     ] GC(29) Using 2 of 5 workers for concurrent weak root
[67.378s][info][gc          ] GC(29) Concurrent weak roots 0.108ms
[67.378s][info][gc,start    ] GC(29) Concurrent cleanup
[67.378s][info][gc          ] GC(29) Concurrent cleanup 2500M->2500M(12288M) 0.009ms
[67.378s][info][gc,ergo     ] GC(29) Free: 9170M, Max: 4096K regular, 4988M humongous, Frag: 46% external, 3% internal; Reserve: 616M, Max: 4096K
[67.378s][info][gc,start    ] GC(29) Concurrent class unloading
[67.378s][info][gc,task     ] GC(29) Using 2 of 5 workers for concurrent class unloading
[67.379s][info][gc          ] GC(29) Concurrent class unloading 0.251ms
[67.379s][info][gc,start    ] GC(29) Concurrent strong roots
[67.379s][info][gc,task     ] GC(29) Using 2 of 5 workers for concurrent strong root
[67.379s][info][gc          ] GC(29) Concurrent strong roots 0.022ms
[67.379s][info][gc,start    ] GC(29) Concurrent evacuation
[67.379s][info][gc,task     ] GC(29) Using 2 of 5 workers for concurrent evacuation
[67.495s][info][gc          ] GC(29) Concurrent evacuation 116.350ms
[67.495s][info][gc,start    ] GC(29) Pause Init Update Refs
[67.495s][info][gc,ergo     ] GC(29) Pacer for Update Refs. Used: 3128M, Free: 9054M, Non-Taxable: 905M, Alloc Tax Rate: 1.1x
[67.495s][info][gc          ] GC(29) Pause Init Update Refs 0.017ms
[67.495s][info][gc,start    ] GC(29) Concurrent update references
[67.495s][info][gc,task     ] GC(29) Using 2 of 5 workers for concurrent reference update
[67.682s][info][gc          ] GC(29) Concurrent update references 186.979ms
[67.682s][info][gc,start    ] GC(29) Concurrent update thread roots
[67.683s][info][gc          ] GC(29) Concurrent update thread roots 1.300ms
[67.683s][info][gc,start    ] GC(29) Pause Final Update Refs
[67.683s][info][gc,task     ] GC(29) Using 5 of 5 workers for final reference update
[67.683s][info][gc          ] GC(29) Pause Final Update Refs 0.043ms
[67.683s][info][gc,start    ] GC(29) Concurrent cleanup
[67.683s][info][gc          ] GC(29) Concurrent cleanup 3335M->2435M(12288M) 0.021ms
[67.683s][info][gc,ergo     ] Free: 9235M, Max: 4096K regular, 5172M humongous, Frag: 44% external, 3% internal; Reserve: 616M, Max: 4096K
[67.683s][info][gc,stats    ] 
[67.683s][info][gc,stats    ] All times are wall-clock times, except per-root-class counters, that are sum over
[67.683s][info][gc,stats    ] all workers. Dividing the <total> over the root stage time estimates parallelism.
[67.684s][info][gc,stats    ] 
[67.684s][info][gc,stats    ] Concurrent Reset                   2772 us
[67.684s][info][gc,stats    ] Pause Init Mark (G)                  88 us
[67.684s][info][gc,stats    ] Pause Init Mark (N)                  38 us
[67.684s][info][gc,stats    ]   Update Region States               16 us
[67.684s][info][gc,stats    ] Concurrent Mark Roots               744 us, parallelism: 1.89x
[67.684s][info][gc,stats    ]   CMR: <total>                     1410 us
[67.684s][info][gc,stats    ]   CMR: Thread Roots                1397 us, workers (us): 701, 697, ---, ---, ---, 
[67.684s][info][gc,stats    ]   CMR: VM Strong Roots                2 us, workers (us):   2,   0, ---, ---, ---, 
[67.684s][info][gc,stats    ]   CMR: CLDG Roots                    10 us, workers (us):  10, ---, ---, ---, ---, 
[67.684s][info][gc,stats    ] Concurrent Marking               275080 us
[67.684s][info][gc,stats    ] Pause Final Mark (G)                195 us
[67.684s][info][gc,stats    ] Pause Final Mark (N)                119 us
[67.684s][info][gc,stats    ]   Finish Mark                        32 us
[67.684s][info][gc,stats    ]   Update Region States               17 us
[67.684s][info][gc,stats    ]   Choose Collection Set              39 us
[67.684s][info][gc,stats    ]   Rebuild Free Set                    8 us
[67.684s][info][gc,stats    ] Concurrent Thread Roots             780 us, parallelism: 1.90x
[67.684s][info][gc,stats    ]   CTR: <total>                     1482 us
[67.684s][info][gc,stats    ]   CTR: Thread Roots                1482 us, workers (us): 756, 726, ---, ---, ---, 
[67.684s][info][gc,stats    ] Concurrent Weak References           33 us, parallelism: 0.15x
[67.684s][info][gc,stats    ]   CWRF: <total>                       5 us
[67.684s][info][gc,stats    ]   CWRF: Weak References               5 us, workers (us):   5,   0, ---, ---, ---, 
[67.684s][info][gc,stats    ] Concurrent Weak Roots               114 us
[67.684s][info][gc,stats    ]   Roots                              54 us, parallelism: 1.55x
[67.684s][info][gc,stats    ]     CWR: <total>                     84 us
[67.684s][info][gc,stats    ]     CWR: Code Cache Roots            66 us, workers (us):  29,  36, ---, ---, ---, 
[67.684s][info][gc,stats    ]     CWR: VM Weak Roots               17 us, workers (us):  10,   7, ---, ---, ---, 
[67.684s][info][gc,stats    ]     CWR: CLDG Roots                   2 us, workers (us):   2, ---, ---, ---, ---, 
[67.684s][info][gc,stats    ]   Rendezvous                         47 us
[67.684s][info][gc,stats    ] Concurrent Cleanup                   13 us
[67.684s][info][gc,stats    ] Concurrent Class Unloading          257 us
[67.684s][info][gc,stats    ]   Unlink Stale                      211 us
[67.684s][info][gc,stats    ]     System Dictionary                 1 us
[67.684s][info][gc,stats    ]     Weak Class Links                  0 us
[67.684s][info][gc,stats    ]     Code Roots                      210 us
[67.684s][info][gc,stats    ]   Rendezvous                         20 us
[67.684s][info][gc,stats    ]   Purge Unlinked                     13 us
[67.684s][info][gc,stats    ]     Code Roots                       12 us
[67.684s][info][gc,stats    ]     CLDG                              1 us
[67.684s][info][gc,stats    ]     Exception Caches                  0 us
[67.684s][info][gc,stats    ] Concurrent Strong Roots              26 us, parallelism: 0.32x
[67.684s][info][gc,stats    ]   CSR: <total>                        8 us
[67.684s][info][gc,stats    ]   CSR: VM Strong Roots                1 us, workers (us):   1,   0, ---, ---, ---, 
[67.684s][info][gc,stats    ]   CSR: CLDG Roots                     7 us, workers (us):   7, ---, ---, ---, ---, 
[67.684s][info][gc,stats    ] Concurrent Evacuation            116372 us
[67.684s][info][gc,stats    ] Pause Init Update Refs (G)           75 us
[67.684s][info][gc,stats    ] Pause Init Update Refs (N)           20 us
[67.684s][info][gc,stats    ]   Manage GCLABs                       2 us
[67.684s][info][gc,stats    ] Concurrent Update Refs           187000 us
[67.684s][info][gc,stats    ] Concurrent Update Thread Roots     1313 us
[67.684s][info][gc,stats    ] Pause Final Update Refs (G)          96 us
[67.684s][info][gc,stats    ] Pause Final Update Refs (N)          50 us
[67.684s][info][gc,stats    ]   Update Region States               20 us
[67.684s][info][gc,stats    ]   Trash Collection Set                3 us
[67.684s][info][gc,stats    ]   Rebuild Free Set                   10 us
[67.684s][info][gc,stats    ] Concurrent Cleanup                   26 us
[67.684s][info][gc,stats    ] 
[67.684s][info][gc,stats    ] Allocation pacing accrued:
[67.684s][info][gc,stats    ]       0 of   586 ms (  0.0%): <total>
[67.684s][info][gc,stats    ]       0 of   586 ms (  0.0%): <average total>
[67.684s][info][gc,stats    ] 
[67.684s][info][gc,metaspace] Metaspace: 2276K(2432K)->2276K(2432K) NonClass: 2071K(2176K)->2071K(2176K) Class: 204K(256K)->204K(256K)
[67.684s][info][gc,ergo     ] Pacer for Idle. Initial: 245M, Alloc Tax Rate: 1.0x
[67.785s][info][gc          ] Trigger: Average GC time (4818.68 ms) is above the time for average allocation rate (2159 MB/s) to deplete free headroom (8060M) (margin of error = 2.02)
[67.785s][info][gc,ergo     ] Free headroom: 8920M (free) - 614M (spike) - 245M (penalties) = 8060M
[67.785s][info][gc,ergo     ] Free: 8920M, Max: 4096K regular, 5172M humongous, Frag: 42% external, 4% internal; Reserve: 616M, Max: 4096K
[67.785s][info][gc,start    ] GC(30) Concurrent reset
[67.785s][info][gc,task     ] GC(30) Using 2 of 5 workers for concurrent reset
[67.785s][info][gc,ergo     ] GC(30) Pacer for Reset. Non-Taxable: 12288M
[67.786s][info][gc          ] GC(30) Concurrent reset 0.573ms
[67.786s][info][gc,start    ] GC(30) Pause Init Mark (unload classes)
[67.786s][info][gc,task     ] GC(30) Using 5 of 5 workers for init marking
[67.786s][info][gc,ergo     ] GC(30) Pacer for Mark. Expected Live: 3362M, Free: 8919M, Non-Taxable: 891M, Alloc Tax Rate: 0.5x
[67.786s][info][gc          ] GC(30) Pause Init Mark (unload classes) 0.038ms
[67.786s][info][gc,start    ] GC(30) Concurrent marking roots
[67.786s][info][gc,task     ] GC(30) Using 2 of 5 workers for concurrent marking roots
[67.787s][info][gc          ] GC(30) Concurrent marking roots 0.717ms
[67.787s][info][gc,start    ] GC(30) Concurrent marking (unload classes)
[67.787s][info][gc,task     ] GC(30) Using 2 of 5 workers for concurrent marking
[68.166s][info][gc          ] GC(30) Concurrent marking (unload classes) 379.646ms
[68.167s][info][gc,start    ] GC(30) Pause Final Mark (unload classes)
[68.167s][info][gc,task     ] GC(30) Using 5 of 5 workers for final marking
[68.167s][info][gc,ergo     ] GC(30) Adaptive CSet Selection. Target Free: 1740M, Actual Free: 8968M, Max CSet: 512M, Min Garbage: 0B
[68.167s][info][gc,ergo     ] GC(30) Collectable Garbage: 385M (82%), Immediate: 0B (0%), CSet: 385M (82%)
[68.167s][info][gc,ergo     ] GC(30) Pacer for Evacuation. Used CSet: 896M, Free: 8367M, Non-Taxable: 836M, Alloc Tax Rate: 1.1x
[68.167s][info][gc          ] GC(30) Pause Final Mark (unload classes) 0.101ms
[68.167s][info][gc,start    ] GC(30) Concurrent thread roots
[68.167s][info][gc,task     ] GC(30) Using 2 of 5 workers for Concurrent thread roots
[68.167s][info][gc          ] GC(30) Concurrent thread roots 0.717ms
[68.167s][info][gc,start    ] GC(30) Concurrent weak references
[68.167s][info][gc,task     ] GC(30) Using 2 of 5 workers for concurrent weak references
[68.167s][info][gc,ref      ] GC(30) Encountered references: Soft: 170, Weak: 324, Final: 6, Phantom: 1
[68.167s][info][gc,ref      ] GC(30) Discovered  references: Soft: 0, Weak: 124, Final: 6, Phantom: 1
[68.167s][info][gc,ref      ] GC(30) Enqueued    references: Soft: 0, Weak: 0, Final: 0, Phantom: 0
[68.167s][info][gc          ] GC(30) Concurrent weak references 0.036ms
[68.167s][info][gc,start    ] GC(30) Concurrent weak roots
[68.167s][info][gc,task     ] GC(30) Using 2 of 5 workers for concurrent weak root
[68.167s][info][gc          ] GC(30) Concurrent weak roots 0.070ms
[68.167s][info][gc,start    ] GC(30) Concurrent cleanup
[68.168s][info][gc          ] GC(30) Concurrent cleanup 3307M->3307M(12288M) 0.010ms
[68.168s][info][gc,ergo     ] GC(30) Free: 8363M, Max: 4096K regular, 4660M humongous, Frag: 45% external, 4% internal; Reserve: 616M, Max: 4096K
[68.168s][info][gc,start    ] GC(30) Concurrent class unloading
[68.168s][info][gc,task     ] GC(30) Using 2 of 5 workers for concurrent class unloading
[68.168s][info][gc          ] GC(30) Concurrent class unloading 0.236ms
[68.168s][info][gc,start    ] GC(30) Concurrent strong roots
[68.168s][info][gc,task     ] GC(30) Using 2 of 5 workers for concurrent strong root
[68.168s][info][gc          ] GC(30) Concurrent strong roots 0.019ms
[68.168s][info][gc,start    ] GC(30) Concurrent evacuation
[68.168s][info][gc,task     ] GC(30) Using 2 of 5 workers for concurrent evacuation
[68.286s][info][gc          ] GC(30) Concurrent evacuation 117.890ms
[68.286s][info][gc,start    ] GC(30) Pause Init Update Refs
[68.286s][info][gc,ergo     ] GC(30) Pacer for Update Refs. Used: 3939M, Free: 8243M, Non-Taxable: 824M, Alloc Tax Rate: 1.1x
[68.286s][info][gc          ] GC(30) Pause Init Update Refs 0.012ms
[68.286s][info][gc,start    ] GC(30) Concurrent update references
[68.286s][info][gc,task     ] GC(30) Using 2 of 5 workers for concurrent reference update
[68.581s][info][gc          ] GC(30) Concurrent update references 295.488ms
[68.581s][info][gc,start    ] GC(30) Concurrent update thread roots
[68.584s][info][gc          ] GC(30) Concurrent update thread roots 2.579ms
[68.584s][info][gc,start    ] GC(30) Pause Final Update Refs
[68.584s][info][gc,task     ] GC(30) Using 5 of 5 workers for final reference update
[68.584s][info][gc          ] GC(30) Pause Final Update Refs 0.063ms
[68.584s][info][gc,start    ] GC(30) Concurrent cleanup
[68.584s][info][gc          ] GC(30) Concurrent cleanup 4268M->3372M(12288M) 0.021ms
[68.584s][info][gc,ergo     ] Free: 8298M, Max: 4096K regular, 4212M humongous, Frag: 50% external, 4% internal; Reserve: 616M, Max: 4096K
[68.584s][info][gc,stats    ] 
[68.584s][info][gc,stats    ] All times are wall-clock times, except per-root-class counters, that are sum over
[68.584s][info][gc,stats    ] all workers. Dividing the <total> over the root stage time estimates parallelism.
[68.584s][info][gc,stats    ] 
[68.584s][info][gc,stats    ] Concurrent Reset                    580 us
[68.584s][info][gc,stats    ] Pause Init Mark (G)                  83 us
[68.584s][info][gc,stats    ] Pause Init Mark (N)                  42 us
[68.584s][info][gc,stats    ]   Update Region States               15 us
[68.584s][info][gc,stats    ] Concurrent Mark Roots               723 us, parallelism: 1.86x
[68.584s][info][gc,stats    ]   CMR: <total>                     1346 us
[68.584s][info][gc,stats    ]   CMR: Thread Roots                1333 us, workers (us): 643, 690, ---, ---, ---, 
[68.584s][info][gc,stats    ]   CMR: VM Strong Roots                2 us, workers (us):   2,   0, ---, ---, ---, 
[68.584s][info][gc,stats    ]   CMR: CLDG Roots                    11 us, workers (us):  11, ---, ---, ---, ---, 
[68.584s][info][gc,stats    ] Concurrent Marking               379668 us
[68.584s][info][gc,stats    ] Pause Final Mark (G)                151 us
[68.584s][info][gc,stats    ] Pause Final Mark (N)                104 us
[68.584s][info][gc,stats    ]   Finish Mark                        35 us
[68.584s][info][gc,stats    ]   Update Region States               14 us
[68.584s][info][gc,stats    ]   Choose Collection Set              27 us
[68.584s][info][gc,stats    ]   Rebuild Free Set                    8 us
[68.584s][info][gc,stats    ] Concurrent Thread Roots             724 us, parallelism: 1.88x
[68.584s][info][gc,stats    ]   CTR: <total>                     1360 us
[68.584s][info][gc,stats    ]   CTR: Thread Roots                1360 us, workers (us): 666, 695, ---, ---, ---, 
[68.584s][info][gc,stats    ] Concurrent Weak References           39 us, parallelism: 0.10x
[68.584s][info][gc,stats    ]   CWRF: <total>                       4 us
[68.584s][info][gc,stats    ]   CWRF: Weak References               4 us, workers (us):   4,   0, ---, ---, ---, 
[68.584s][info][gc,stats    ] Concurrent Weak Roots                75 us
[68.584s][info][gc,stats    ]   Roots                              50 us, parallelism: 1.56x
[68.584s][info][gc,stats    ]     CWR: <total>                     78 us
[68.584s][info][gc,stats    ]     CWR: Code Cache Roots            59 us, workers (us):  26,  33, ---, ---, ---, 
[68.584s][info][gc,stats    ]     CWR: VM Weak Roots               17 us, workers (us):  11,   7, ---, ---, ---, 
[68.584s][info][gc,stats    ]     CWR: CLDG Roots                   2 us, workers (us):   2, ---, ---, ---, ---, 
[68.584s][info][gc,stats    ]   Rendezvous                         13 us
[68.584s][info][gc,stats    ] Concurrent Cleanup                   14 us
[68.584s][info][gc,stats    ] Concurrent Class Unloading          240 us
[68.584s][info][gc,stats    ]   Unlink Stale                      190 us
[68.584s][info][gc,stats    ]     System Dictionary                 1 us
[68.584s][info][gc,stats    ]     Weak Class Links                  0 us
[68.584s][info][gc,stats    ]     Code Roots                      189 us
[68.584s][info][gc,stats    ]   Rendezvous                         30 us
[68.584s][info][gc,stats    ]   Purge Unlinked                     10 us
[68.584s][info][gc,stats    ]     Code Roots                        8 us
[68.584s][info][gc,stats    ]     CLDG                              1 us
[68.584s][info][gc,stats    ]     Exception Caches                  0 us
[68.584s][info][gc,stats    ] Concurrent Strong Roots              23 us, parallelism: 0.34x
[68.584s][info][gc,stats    ]   CSR: <total>                        8 us
[68.584s][info][gc,stats    ]   CSR: VM Strong Roots                1 us, workers (us):   1,   0, ---, ---, ---, 
[68.584s][info][gc,stats    ]   CSR: CLDG Roots                     7 us, workers (us):   7, ---, ---, ---, ---, 
[68.584s][info][gc,stats    ] Concurrent Evacuation            117918 us
[68.584s][info][gc,stats    ] Pause Init Update Refs (G)           74 us
[68.584s][info][gc,stats    ] Pause Init Update Refs (N)           15 us
[68.584s][info][gc,stats    ]   Manage GCLABs                       2 us
[68.584s][info][gc,stats    ] Concurrent Update Refs           295512 us
[68.584s][info][gc,stats    ] Concurrent Update Thread Roots     2588 us
[68.584s][info][gc,stats    ] Pause Final Update Refs (G)         123 us
[68.584s][info][gc,stats    ] Pause Final Update Refs (N)          68 us
[68.584s][info][gc,stats    ]   Update Region States               38 us
[68.584s][info][gc,stats    ]   Trash Collection Set                2 us
[68.584s][info][gc,stats    ]   Rebuild Free Set                    8 us
[68.584s][info][gc,stats    ] Concurrent Cleanup                   26 us
[68.584s][info][gc,stats    ] 
[68.584s][info][gc,stats    ] Allocation pacing accrued:
[68.584s][info][gc,stats    ]       0 of   901 ms (  0.0%): <total>
[68.584s][info][gc,stats    ]       0 of   901 ms (  0.0%): <average total>
[68.584s][info][gc,stats    ] 
[68.584s][info][gc,metaspace] Metaspace: 2276K(2432K)->2276K(2432K) NonClass: 2071K(2176K)->2071K(2176K) Class: 204K(256K)->204K(256K)
[68.584s][info][gc,ergo     ] Pacer for Idle. Initial: 245M, Alloc Tax Rate: 1.0x
[68.686s][info][gc          ] Trigger: Average GC time (3592.53 ms) is above the time for average allocation rate (2270 MB/s) to deplete free headroom (7278M) (margin of error = 2.02)
[68.686s][info][gc,ergo     ] Free headroom: 8015M (free) - 614M (spike) - 122M (penalties) = 7278M
[68.686s][info][gc,ergo     ] Free: 8015M, Max: 4096K regular, 4212M humongous, Frag: 48% external, 4% internal; Reserve: 616M, Max: 4096K
[68.686s][info][gc,start    ] GC(31) Concurrent reset
[68.686s][info][gc,task     ] GC(31) Using 2 of 5 workers for concurrent reset
[68.686s][info][gc,ergo     ] GC(31) Pacer for Reset. Non-Taxable: 12288M
[68.687s][info][gc          ] GC(31) Concurrent reset 0.761ms
[68.687s][info][gc,start    ] GC(31) Pause Init Mark (unload classes)
[68.687s][info][gc,task     ] GC(31) Using 5 of 5 workers for init marking
[68.687s][info][gc,ergo     ] GC(31) Pacer for Mark. Expected Live: 3251M, Free: 8015M, Non-Taxable: 801M, Alloc Tax Rate: 0.5x
[68.687s][info][gc          ] GC(31) Pause Init Mark (unload classes) 0.042ms
[68.687s][info][gc,start    ] GC(31) Concurrent marking roots
[68.687s][info][gc,task     ] GC(31) Using 2 of 5 workers for concurrent marking roots
[68.688s][info][gc          ] GC(31) Concurrent marking roots 0.729ms
[68.688s][info][gc,start    ] GC(31) Concurrent marking (unload classes)
[68.688s][info][gc,task     ] GC(31) Using 2 of 5 workers for concurrent marking
[69.212s][info][gc          ] GC(31) Concurrent marking (unload classes) 524.217ms
[69.212s][info][gc,start    ] GC(31) Pause Final Mark (unload classes)
[69.212s][info][gc,task     ] GC(31) Using 5 of 5 workers for final marking
[69.212s][info][gc,ergo     ] GC(31) Adaptive CSet Selection. Target Free: 1740M, Actual Free: 7620M, Max CSet: 512M, Min Garbage: 0B
[69.212s][info][gc,ergo     ] GC(31) Collectable Garbage: 384M (60%), Immediate: 0B (0%), CSet: 384M (60%)
[69.212s][info][gc,ergo     ] GC(31) Pacer for Evacuation. Used CSet: 896M, Free: 7019M, Non-Taxable: 701M, Alloc Tax Rate: 1.1x
[69.212s][info][gc          ] GC(31) Pause Final Mark (unload classes) 0.125ms
[69.212s][info][gc,start    ] GC(31) Concurrent thread roots
[69.212s][info][gc,task     ] GC(31) Using 2 of 5 workers for Concurrent thread roots
[69.213s][info][gc          ] GC(31) Concurrent thread roots 0.775ms
[69.213s][info][gc,start    ] GC(31) Concurrent weak references
[69.213s][info][gc,task     ] GC(31) Using 2 of 5 workers for concurrent weak references
[69.213s][info][gc,ref      ] GC(31) Encountered references: Soft: 170, Weak: 324, Final: 6, Phantom: 1
[69.213s][info][gc,ref      ] GC(31) Discovered  references: Soft: 0, Weak: 125, Final: 6, Phantom: 1
[69.213s][info][gc,ref      ] GC(31) Enqueued    references: Soft: 0, Weak: 0, Final: 0, Phantom: 0
[69.213s][info][gc          ] GC(31) Concurrent weak references 0.063ms
[69.213s][info][gc,start    ] GC(31) Concurrent weak roots
[69.213s][info][gc,task     ] GC(31) Using 2 of 5 workers for concurrent weak root
[69.213s][info][gc          ] GC(31) Concurrent weak roots 0.095ms
[69.213s][info][gc,start    ] GC(31) Concurrent cleanup
[69.213s][info][gc          ] GC(31) Concurrent cleanup 4652M->4652M(12288M) 0.011ms
[69.213s][info][gc,ergo     ] GC(31) Free: 7018M, Max: 4096K regular, 3828M humongous, Frag: 46% external, 5% internal; Reserve: 616M, Max: 4096K
[69.213s][info][gc,start    ] GC(31) Concurrent class unloading
[69.213s][info][gc,task     ] GC(31) Using 2 of 5 workers for concurrent class unloading
[69.213s][info][gc          ] GC(31) Concurrent class unloading 0.254ms
[69.213s][info][gc,start    ] GC(31) Concurrent strong roots
[69.213s][info][gc,task     ] GC(31) Using 2 of 5 workers for concurrent strong root
[69.213s][info][gc          ] GC(31) Concurrent strong roots 0.020ms
[69.213s][info][gc,start    ] GC(31) Concurrent evacuation
[69.213s][info][gc,task     ] GC(31) Using 2 of 5 workers for concurrent evacuation
[69.422s][info][gc          ] GC(31) Concurrent evacuation 209.082ms
[69.442s][info][gc,start    ] GC(31) Pause Init Update Refs
[69.442s][info][gc,ergo     ] GC(31) Pacer for Update Refs. Used: 5615M, Free: 6572M, Non-Taxable: 657M, Alloc Tax Rate: 1.1x
[69.442s][info][gc          ] GC(31) Pause Init Update Refs 0.032ms
[69.442s][info][gc,start    ] GC(31) Concurrent update references
[69.442s][info][gc,task     ] GC(31) Using 2 of 5 workers for concurrent reference update
[70.182s][info][gc          ] GC(31) Concurrent update references 739.117ms
[70.182s][info][gc,start    ] GC(31) Concurrent update thread roots
[70.188s][info][gc          ] GC(31) Concurrent update thread roots 6.360ms
[70.191s][info][gc,start    ] GC(31) Pause Final Update Refs
[70.191s][info][gc,task     ] GC(31) Using 5 of 5 workers for final reference update
[70.191s][info][gc          ] GC(31) Pause Final Update Refs 0.063ms
[70.191s][info][gc,start    ] GC(31) Concurrent cleanup
[70.191s][info][gc          ] GC(31) Concurrent cleanup 7316M->6424M(12288M) 0.017ms
[70.191s][info][gc,ergo     ] Free: 5246M, Max: 4096K regular, 2156M humongous, Frag: 59% external, 6% internal; Reserve: 616M, Max: 4096K
[70.191s][info][gc,stats    ] 
[70.191s][info][gc,stats    ] All times are wall-clock times, except per-root-class counters, that are sum over
[70.191s][info][gc,stats    ] all workers. Dividing the <total> over the root stage time estimates parallelism.
[70.191s][info][gc,stats    ] 
[70.191s][info][gc,stats    ] Concurrent Reset                    772 us
[70.191s][info][gc,stats    ] Pause Init Mark (G)                  91 us
[70.191s][info][gc,stats    ] Pause Init Mark (N)                  46 us
[70.191s][info][gc,stats    ]   Update Region States               15 us
[70.191s][info][gc,stats    ] Concurrent Mark Roots               736 us, parallelism: 1.88x
[70.191s][info][gc,stats    ]   CMR: <total>                     1385 us
[70.191s][info][gc,stats    ]   CMR: Thread Roots                1371 us, workers (us): 666, 705, ---, ---, ---, 
[70.191s][info][gc,stats    ]   CMR: VM Strong Roots                2 us, workers (us):   2,   0, ---, ---, ---, 
[70.191s][info][gc,stats    ]   CMR: CLDG Roots                    12 us, workers (us):  12, ---, ---, ---, ---, 
[70.191s][info][gc,stats    ] Concurrent Marking               524240 us
[70.191s][info][gc,stats    ] Pause Final Mark (G)                198 us
[70.191s][info][gc,stats    ] Pause Final Mark (N)                129 us
[70.191s][info][gc,stats    ]   Finish Mark                        35 us
[70.191s][info][gc,stats    ]   Update Region States               15 us
[70.191s][info][gc,stats    ]   Choose Collection Set              50 us
[70.191s][info][gc,stats    ]   Rebuild Free Set                    8 us
[70.191s][info][gc,stats    ] Concurrent Thread Roots             779 us, parallelism: 1.93x
[70.191s][info][gc,stats    ]   CTR: <total>                     1503 us
[70.191s][info][gc,stats    ]   CTR: Thread Roots                1503 us, workers (us): 758, 746, ---, ---, ---, 
[70.191s][info][gc,stats    ] Concurrent Weak References           66 us, parallelism: 0.11x
[70.191s][info][gc,stats    ]   CWRF: <total>                       8 us
[70.191s][info][gc,stats    ]   CWRF: Weak References               8 us, workers (us):   7,   0, ---, ---, ---, 
[70.191s][info][gc,stats    ] Concurrent Weak Roots               103 us
[70.191s][info][gc,stats    ]   Roots                              66 us, parallelism: 1.53x
[70.191s][info][gc,stats    ]     CWR: <total>                    101 us
[70.191s][info][gc,stats    ]     CWR: Code Cache Roots            82 us, workers (us):  34,  48, ---, ---, ---, 
[70.191s][info][gc,stats    ]     CWR: VM Weak Roots               17 us, workers (us):  11,   7, ---, ---, ---, 
[70.191s][info][gc,stats    ]     CWR: CLDG Roots                   2 us, workers (us):   2, ---, ---, ---, ---, 
[70.191s][info][gc,stats    ]   Rendezvous                         13 us
[70.191s][info][gc,stats    ] Concurrent Cleanup                   16 us
[70.191s][info][gc,stats    ] Concurrent Class Unloading          260 us
[70.191s][info][gc,stats    ]   Unlink Stale                      228 us
[70.191s][info][gc,stats    ]     System Dictionary                 1 us
[70.191s][info][gc,stats    ]     Weak Class Links                  0 us
[70.191s][info][gc,stats    ]     Code Roots                      227 us
[70.191s][info][gc,stats    ]   Rendezvous                         11 us
[70.191s][info][gc,stats    ]   Purge Unlinked                      9 us
[70.191s][info][gc,stats    ]     Code Roots                        8 us
[70.191s][info][gc,stats    ]     CLDG                              1 us
[70.191s][info][gc,stats    ] Concurrent Strong Roots              24 us, parallelism: 0.34x
[70.191s][info][gc,stats    ]   CSR: <total>                        8 us
[70.191s][info][gc,stats    ]   CSR: VM Strong Roots                1 us, workers (us):   1,   0, ---, ---, ---, 
[70.191s][info][gc,stats    ]   CSR: CLDG Roots                     7 us, workers (us):   7, ---, ---, ---, ---, 
[70.191s][info][gc,stats    ] Concurrent Evacuation            209122 us
[70.191s][info][gc,stats    ] Pause Init Update Refs (G)        19974 us
[70.191s][info][gc,stats    ] Pause Init Update Refs (N)           37 us
[70.191s][info][gc,stats    ]   Manage GCLABs                       2 us
[70.191s][info][gc,stats    ] Concurrent Update Refs           739186 us
[70.191s][info][gc,stats    ] Concurrent Update Thread Roots     6394 us
[70.191s][info][gc,stats    ] Pause Final Update Refs (G)        3072 us
[70.191s][info][gc,stats    ] Pause Final Update Refs (N)          71 us
[70.191s][info][gc,stats    ]   Update Region States               29 us
[70.191s][info][gc,stats    ]   Trash Collection Set                3 us
[70.191s][info][gc,stats    ]   Rebuild Free Set                    9 us
[70.191s][info][gc,stats    ] Concurrent Cleanup                   22 us
[70.191s][info][gc,stats    ] 
[70.191s][info][gc,stats    ] Allocation pacing accrued:
[70.191s][info][gc,stats    ]       0 of  1607 ms (  0.0%): <total>
[70.191s][info][gc,stats    ]       0 of  1607 ms (  0.0%): <average total>
[70.191s][info][gc,stats    ] 
[70.191s][info][gc,metaspace] Metaspace: 2276K(2432K)->2276K(2432K) NonClass: 2071K(2176K)->2072K(2176K) Class: 204K(256K)->204K(256K)
[70.191s][info][gc,ergo     ] Pacer for Idle. Initial: 245M, Alloc Tax Rate: 1.0x
[70.193s][info][gc          ] Trigger: Average GC time (3115.35 ms) is above the time for average allocation rate (2190 MB/s) to deplete free headroom (4612M) (margin of error = 2.03)
[70.193s][info][gc,ergo     ] Free headroom: 5226M (free) - 614M (spike) - 0B (penalties) = 4612M
[70.193s][info][gc,ergo     ] Free: 5226M, Max: 4096K regular, 2156M humongous, Frag: 59% external, 6% internal; Reserve: 616M, Max: 4096K
[70.193s][info][gc,start    ] GC(32) Concurrent reset
[70.193s][info][gc,task     ] GC(32) Using 2 of 5 workers for concurrent reset
[70.193s][info][gc,ergo     ] GC(32) Pacer for Reset. Non-Taxable: 12288M
[70.220s][info][gc          ] GC(32) Concurrent reset 27.216ms
[70.221s][info][gc,start    ] GC(32) Pause Init Mark (unload classes)
[70.221s][info][gc,task     ] GC(32) Using 5 of 5 workers for init marking
[70.221s][info][gc,ergo     ] GC(32) Pacer for Mark. Expected Live: 3110M, Free: 5154M, Non-Taxable: 515M, Alloc Tax Rate: 0.7x
[70.221s][info][gc          ] GC(32) Pause Init Mark (unload classes) 0.053ms
[70.221s][info][gc,start    ] GC(32) Concurrent marking roots
[70.221s][info][gc,task     ] GC(32) Using 2 of 5 workers for concurrent marking roots
[70.223s][info][gc          ] GC(32) Concurrent marking roots 1.961ms
[70.223s][info][gc,start    ] GC(32) Concurrent marking (unload classes)
[70.223s][info][gc,task     ] GC(32) Using 2 of 5 workers for concurrent marking
[72.143s][info][gc          ] GC(32) Concurrent marking (unload classes) 1919.825ms
[72.143s][info][gc,start    ] GC(32) Pause Final Mark (unload classes)
[72.143s][info][gc,task     ] GC(32) Using 5 of 5 workers for final marking
[72.143s][info][gc,ergo     ] GC(32) Adaptive CSet Selection. Target Free: 1740M, Actual Free: 3299M, Max CSet: 512M, Min Garbage: 0B
[72.143s][info][gc,ergo     ] GC(32) Collectable Garbage: 672M (66%), Immediate: 279M (27%), CSet: 393M (38%)
[72.143s][info][gc,ergo     ] GC(32) Pacer for Evacuation. Used CSet: 904M, Free: 2698M, Non-Taxable: 269M, Alloc Tax Rate: 1.1x
[72.143s][info][gc          ] GC(32) Pause Final Mark (unload classes) 0.179ms
[72.143s][info][gc,start    ] GC(32) Concurrent thread roots
[72.143s][info][gc,task     ] GC(32) Using 2 of 5 workers for Concurrent thread roots
[72.144s][info][gc          ] GC(32) Concurrent thread roots 1.131ms
[72.144s][info][gc,start    ] GC(32) Concurrent weak references
[72.144s][info][gc,task     ] GC(32) Using 2 of 5 workers for concurrent weak references
[72.145s][info][gc,ref      ] GC(32) Encountered references: Soft: 170, Weak: 324, Final: 6, Phantom: 1
[72.145s][info][gc,ref      ] GC(32) Discovered  references: Soft: 0, Weak: 282, Final: 6, Phantom: 1
[72.145s][info][gc,ref      ] GC(32) Enqueued    references: Soft: 0, Weak: 0, Final: 0, Phantom: 0
[72.145s][info][gc          ] GC(32) Concurrent weak references 0.079ms
[72.145s][info][gc,start    ] GC(32) Concurrent weak roots
[72.145s][info][gc,task     ] GC(32) Using 2 of 5 workers for concurrent weak root
[72.145s][info][gc          ] GC(32) Concurrent weak roots 0.576ms
[72.145s][info][gc,start    ] GC(32) Concurrent cleanup
[72.145s][info][gc          ] GC(32) Concurrent cleanup 9250M->8971M(12288M) 0.016ms
[72.145s][info][gc,ergo     ] GC(32) Free: 2696M, Max: 4096K regular, 2156M humongous, Frag: 20% external, 12% internal; Reserve: 615M, Max: 4096K
[72.145s][info][gc,start    ] GC(32) Concurrent class unloading
[72.145s][info][gc,task     ] GC(32) Using 2 of 5 workers for concurrent class unloading
[72.146s][info][gc          ] GC(32) Concurrent class unloading 0.353ms
[72.146s][info][gc,start    ] GC(32) Concurrent strong roots
[72.146s][info][gc,task     ] GC(32) Using 2 of 5 workers for concurrent strong root
[72.146s][info][gc          ] GC(32) Concurrent strong roots 0.026ms
[72.146s][info][gc,start    ] GC(32) Concurrent evacuation
[72.146s][info][gc,task     ] GC(32) Using 2 of 5 workers for concurrent evacuation
[72.489s][info][gc          ] GC(32) Concurrent evacuation 343.121ms
[72.489s][info][gc,start    ] GC(32) Pause Init Update Refs
[72.489s][info][gc,ergo     ] GC(32) Pacer for Update Refs. Used: 9690M, Free: 2489M, Non-Taxable: 248M, Alloc Tax Rate: 4.8x
[72.489s][info][gc          ] GC(32) Pause Init Update Refs 0.253ms
[72.489s][info][gc,start    ] GC(32) Concurrent update references
[72.489s][info][gc,task     ] GC(32) Using 2 of 5 workers for concurrent reference update
[75.207s][info][gc          ] GC(32) Concurrent update references 2718.222ms
[75.207s][info][gc,start    ] GC(32) Concurrent update thread roots
[75.214s][info][gc          ] GC(32) Concurrent update thread roots 6.954ms
[75.214s][info][gc,start    ] GC(32) Pause Final Update Refs
[75.214s][info][gc,task     ] GC(32) Using 5 of 5 workers for final reference update
[75.215s][info][gc          ] GC(32) Pause Final Update Refs 0.093ms
[75.215s][info][gc,start    ] GC(32) Concurrent cleanup
[75.215s][info][gc          ] GC(32) Concurrent cleanup 11088M->10188M(12288M) 0.018ms
[75.215s][info][gc,ergo     ] Free: 1479M, Max: 4096K regular, 560M humongous, Frag: 62% external, 25% internal; Reserve: 616M, Max: 4096K
[75.215s][info][gc,stats    ] 
[75.215s][info][gc,stats    ] All times are wall-clock times, except per-root-class counters, that are sum over
[75.215s][info][gc,stats    ] all workers. Dividing the <total> over the root stage time estimates parallelism.
[75.215s][info][gc,stats    ] 
[75.215s][info][gc,stats    ] Concurrent Reset                  27247 us
[75.215s][info][gc,stats    ] Pause Init Mark (G)                 953 us
[75.215s][info][gc,stats    ] Pause Init Mark (N)                  57 us
[75.215s][info][gc,stats    ]   Update Region States               23 us
[75.215s][info][gc,stats    ] Concurrent Mark Roots              1974 us, parallelism: 1.78x
[75.215s][info][gc,stats    ]   CMR: <total>                     3523 us
[75.215s][info][gc,stats    ]   CMR: Thread Roots                2910 us, workers (us): 1357, 1553, ---, ---, ---, 
[75.215s][info][gc,stats    ]   CMR: VM Strong Roots              367 us, workers (us): 147, 220, ---, ---, ---, 
[75.215s][info][gc,stats    ]   CMR: CLDG Roots                   247 us, workers (us): 247, ---, ---, ---, ---, 
[75.215s][info][gc,stats    ] Concurrent Marking              1919871 us
[75.215s][info][gc,stats    ] Pause Final Mark (G)                230 us
[75.215s][info][gc,stats    ] Pause Final Mark (N)                182 us
[75.215s][info][gc,stats    ]   Finish Mark                        47 us
[75.215s][info][gc,stats    ]   Update Region States               27 us
[75.215s][info][gc,stats    ]   Choose Collection Set              77 us
[75.215s][info][gc,stats    ]   Rebuild Free Set                    7 us
[75.215s][info][gc,stats    ] Concurrent Thread Roots            1137 us, parallelism: 1.94x
[75.215s][info][gc,stats    ]   CTR: <total>                     2207 us
[75.215s][info][gc,stats    ]   CTR: Thread Roots                2207 us, workers (us): 1102, 1105, ---, ---, ---, 
[75.215s][info][gc,stats    ] Concurrent Weak References           83 us, parallelism: 0.65x
[75.215s][info][gc,stats    ]   CWRF: <total>                      54 us
[75.215s][info][gc,stats    ]   CWRF: Weak References              54 us, workers (us):  54,   0, ---, ---, ---, 
[75.215s][info][gc,stats    ] Concurrent Weak Roots               586 us
[75.215s][info][gc,stats    ]   Roots                             549 us, parallelism: 1.81x
[75.215s][info][gc,stats    ]     CWR: <total>                    994 us
[75.215s][info][gc,stats    ]     CWR: Code Cache Roots           947 us, workers (us): 520, 427, ---, ---, ---, 
[75.215s][info][gc,stats    ]     CWR: VM Weak Roots               43 us, workers (us):  15,  28, ---, ---, ---, 
[75.215s][info][gc,stats    ]     CWR: CLDG Roots                   4 us, workers (us):   4, ---, ---, ---, ---, 
[75.215s][info][gc,stats    ]   Rendezvous                         19 us
[75.215s][info][gc,stats    ] Concurrent Cleanup                   20 us
[75.215s][info][gc,stats    ] Concurrent Class Unloading          358 us
[75.215s][info][gc,stats    ]   Unlink Stale                      326 us
[75.215s][info][gc,stats    ]     System Dictionary                 1 us
[75.215s][info][gc,stats    ]     Weak Class Links                  0 us
[75.215s][info][gc,stats    ]     Code Roots                      324 us
[75.215s][info][gc,stats    ]   Rendezvous                         11 us
[75.215s][info][gc,stats    ]   Purge Unlinked                      9 us
[75.215s][info][gc,stats    ]     Code Roots                        8 us
[75.215s][info][gc,stats    ]     CLDG                              1 us
[75.215s][info][gc,stats    ]     Exception Caches                  0 us
[75.215s][info][gc,stats    ] Concurrent Strong Roots              30 us, parallelism: 0.42x
[75.215s][info][gc,stats    ]   CSR: <total>                       13 us
[75.215s][info][gc,stats    ]   CSR: VM Strong Roots                1 us, workers (us):   1,   0, ---, ---, ---, 
[75.215s][info][gc,stats    ]   CSR: CLDG Roots                    11 us, workers (us):  11, ---, ---, ---, ---, 
[75.215s][info][gc,stats    ] Concurrent Evacuation            343228 us
[75.215s][info][gc,stats    ] Pause Init Update Refs (G)          369 us
[75.215s][info][gc,stats    ] Pause Init Update Refs (N)          258 us
[75.215s][info][gc,stats    ]   Manage GCLABs                     230 us
[75.215s][info][gc,stats    ] Concurrent Update Refs          2718266 us
[75.215s][info][gc,stats    ] Concurrent Update Thread Roots     6965 us
[75.215s][info][gc,stats    ] Pause Final Update Refs (G)         124 us
[75.215s][info][gc,stats    ] Pause Final Update Refs (N)         102 us
[75.215s][info][gc,stats    ]   Update Region States               47 us
[75.215s][info][gc,stats    ]   Trash Collection Set               18 us
[75.215s][info][gc,stats    ]   Rebuild Free Set                    7 us
[75.215s][info][gc,stats    ] Concurrent Cleanup                   23 us
[75.215s][info][gc,stats    ] Pacing                           176996 us
[75.215s][info][gc,stats    ] 
[75.215s][info][gc,stats    ] Allocation pacing accrued:
[75.215s][info][gc,stats    ]      13 of  5023 ms (  0.2%): main
[75.215s][info][gc,stats    ]      20 of  5023 ms (  0.4%): ForkJoinPool-6-worker-1
[75.215s][info][gc,stats    ]      19 of  5023 ms (  0.4%): ForkJoinPool-6-worker-2
[75.215s][info][gc,stats    ]      17 of  5023 ms (  0.3%): ForkJoinPool-6-worker-3
[75.215s][info][gc,stats    ]      14 of  5023 ms (  0.3%): ForkJoinPool-6-worker-4
[75.215s][info][gc,stats    ]      19 of  5023 ms (  0.4%): ForkJoinPool-6-worker-7
[75.215s][info][gc,stats    ]      16 of  5023 ms (  0.3%): ForkJoinPool-6-worker-8
[75.215s][info][gc,stats    ]      21 of  5023 ms (  0.4%): ForkJoinPool-6-worker-9
[75.215s][info][gc,stats    ]      18 of  5023 ms (  0.4%): ForkJoinPool-6-worker-10
[75.215s][info][gc,stats    ]      21 of  5023 ms (  0.4%): ForkJoinPool-6-worker-11
[75.215s][info][gc,stats    ]     177 of  5023 ms (  3.5%): <total>
[75.215s][info][gc,stats    ]       2 of  5023 ms (  0.0%): <average total>
[75.215s][info][gc,stats    ]      18 of  5023 ms (  0.4%): <average non-zero>
[75.215s][info][gc,stats    ] 
[75.215s][info][gc,metaspace] Metaspace: 2276K(2432K)->2276K(2432K) NonClass: 2072K(2176K)->2072K(2176K) Class: 204K(256K)->204K(256K)
[75.215s][info][gc,ergo     ] Pacer for Idle. Initial: 245M, Alloc Tax Rate: 1.0x
[75.216s][info][gc          ] Trigger: Average GC time (7170.58 ms) is above the time for average allocation rate (1539 MB/s) to deplete free headroom (864M) (margin of error = 2.04)
[75.216s][info][gc,ergo     ] Free headroom: 1478M (free) - 614M (spike) - 0B (penalties) = 864M
[75.216s][info][gc,ergo     ] Free: 1478M, Max: 4096K regular, 560M humongous, Frag: 62% external, 25% internal; Reserve: 616M, Max: 4096K
[75.216s][info][gc,start    ] GC(33) Concurrent reset
[75.216s][info][gc,task     ] GC(33) Using 2 of 5 workers for concurrent reset
[75.216s][info][gc,ergo     ] GC(33) Pacer for Reset. Non-Taxable: 12288M
[75.255s][info][gc          ] GC(33) Concurrent reset 39.063ms
[75.255s][info][gc,start    ] GC(33) Pause Init Mark (unload classes)
[75.255s][info][gc,task     ] GC(33) Using 5 of 5 workers for init marking
[75.255s][info][gc,ergo     ] GC(33) Pacer for Mark. Expected Live: 2797M, Free: 1469M, Non-Taxable: 146M, Alloc Tax Rate: 2.3x
[75.255s][info][gc          ] GC(33) Pause Init Mark (unload classes) 0.086ms
[75.255s][info][gc,start    ] GC(33) Concurrent marking roots
[75.255s][info][gc,task     ] GC(33) Using 2 of 5 workers for concurrent marking roots
[75.256s][info][gc          ] GC(33) Concurrent marking roots 0.998ms
[75.256s][info][gc,start    ] GC(33) Concurrent marking (unload classes)
[75.256s][info][gc,task     ] GC(33) Using 2 of 5 workers for concurrent marking
[77.742s][info][gc          ] GC(33) Concurrent marking (unload classes) 2485.518ms
[77.742s][info][gc,start    ] GC(33) Pause Final Mark (unload classes)
[77.742s][info][gc,task     ] GC(33) Using 5 of 5 workers for final marking
[77.742s][info][gc,ergo     ] GC(33) Adaptive CSet Selection. Target Free: 1740M, Actual Free: 3687M, Max CSet: 512M, Min Garbage: 0B
[77.742s][info][gc,ergo     ] GC(33) Collectable Garbage: 3108M (99%), Immediate: 2755M (88%), CSet: 353M (11%)
[77.742s][info][gc,ergo     ] GC(33) Pacer for Evacuation. Used CSet: 811M, Free: 3102M, Non-Taxable: 310M, Alloc Tax Rate: 1.1x
[77.742s][info][gc          ] GC(33) Pause Final Mark (unload classes) 0.191ms
[77.742s][info][gc,start    ] GC(33) Concurrent thread roots
[77.742s][info][gc,task     ] GC(33) Using 2 of 5 workers for Concurrent thread roots
[77.743s][info][gc          ] GC(33) Concurrent thread roots 0.985ms
[77.743s][info][gc,start    ] GC(33) Concurrent weak references
[77.743s][info][gc,task     ] GC(33) Using 2 of 5 workers for concurrent weak references
[77.743s][info][gc,ref      ] GC(33) Encountered references: Soft: 170, Weak: 324, Final: 6, Phantom: 4
[77.743s][info][gc,ref      ] GC(33) Discovered  references: Soft: 0, Weak: 141, Final: 6, Phantom: 4
[77.743s][info][gc,ref      ] GC(33) Enqueued    references: Soft: 0, Weak: 0, Final: 0, Phantom: 0
[77.743s][info][gc          ] GC(33) Concurrent weak references 0.043ms
[77.743s][info][gc,start    ] GC(33) Concurrent weak roots
[77.743s][info][gc,task     ] GC(33) Using 2 of 5 workers for concurrent weak root
[77.743s][info][gc          ] GC(33) Concurrent weak roots 0.273ms
[77.743s][info][gc,start    ] GC(33) Concurrent cleanup
[77.744s][info][gc          ] GC(33) Concurrent cleanup 11319M->8564M(12288M) 0.026ms
[77.744s][info][gc,ergo     ] GC(33) Free: 3102M, Max: 4096K regular, 1428M humongous, Frag: 54% external, 19% internal; Reserve: 615M, Max: 4096K
[77.744s][info][gc,start    ] GC(33) Concurrent class unloading
[77.744s][info][gc,task     ] GC(33) Using 2 of 5 workers for concurrent class unloading
[77.744s][info][gc          ] GC(33) Concurrent class unloading 0.295ms
[77.744s][info][gc,start    ] GC(33) Concurrent strong roots
[77.744s][info][gc,task     ] GC(33) Using 2 of 5 workers for concurrent strong root
[77.744s][info][gc          ] GC(33) Concurrent strong roots 0.021ms
[77.744s][info][gc,start    ] GC(33) Concurrent evacuation
[77.744s][info][gc,task     ] GC(33) Using 2 of 5 workers for concurrent evacuation
[78.021s][info][gc          ] GC(33) Concurrent evacuation 277.262ms
[78.021s][info][gc,start    ] GC(33) Pause Init Update Refs
[78.021s][info][gc,ergo     ] GC(33) Pacer for Update Refs. Used: 9487M, Free: 2637M, Non-Taxable: 263M, Alloc Tax Rate: 4.4x
[78.021s][info][gc          ] GC(33) Pause Init Update Refs 0.027ms
[78.021s][info][gc,start    ] GC(33) Concurrent update references
[78.021s][info][gc,task     ] GC(33) Using 2 of 5 workers for concurrent reference update
[79.963s][info][gc          ] GC(33) Concurrent update references 1941.270ms
[79.963s][info][gc,start    ] GC(33) Concurrent update thread roots
[79.965s][info][gc          ] GC(33) Concurrent update thread roots 2.060ms
[79.965s][info][gc,start    ] GC(33) Pause Final Update Refs
[79.965s][info][gc,task     ] GC(33) Using 5 of 5 workers for final reference update
[79.965s][info][gc          ] GC(33) Pause Final Update Refs 0.081ms
[79.965s][info][gc,start    ] GC(33) Concurrent cleanup
[79.965s][info][gc          ] GC(33) Concurrent cleanup 11497M->10685M(12288M) 0.032ms
[79.965s][info][gc,ergo     ] Free: 981M, Max: 4096K regular, 156M humongous, Frag: 84% external, 50% internal; Reserve: 616M, Max: 4096K
[79.965s][info][gc,stats    ] 
[79.965s][info][gc,stats    ] All times are wall-clock times, except per-root-class counters, that are sum over
[79.965s][info][gc,stats    ] all workers. Dividing the <total> over the root stage time estimates parallelism.
[79.965s][info][gc,stats    ] 
[79.965s][info][gc,stats    ] Concurrent Reset                  39076 us
[79.965s][info][gc,stats    ] Pause Init Mark (G)                 112 us
[79.965s][info][gc,stats    ] Pause Init Mark (N)                  90 us
[79.965s][info][gc,stats    ]   Update Region States               46 us
[79.965s][info][gc,stats    ] Concurrent Mark Roots              1009 us, parallelism: 1.90x
[79.965s][info][gc,stats    ]   CMR: <total>                     1916 us
[79.965s][info][gc,stats    ]   CMR: Thread Roots                1890 us, workers (us): 930, 959, ---, ---, ---, 
[79.965s][info][gc,stats    ]   CMR: VM Strong Roots               13 us, workers (us):   8,   5, ---, ---, ---, 
[79.965s][info][gc,stats    ]   CMR: CLDG Roots                    13 us, workers (us):  13, ---, ---, ---, ---, 
[79.965s][info][gc,stats    ] Concurrent Marking              2485552 us
[79.965s][info][gc,stats    ] Pause Final Mark (G)                220 us
[79.965s][info][gc,stats    ] Pause Final Mark (N)                196 us
[79.965s][info][gc,stats    ]   Finish Mark                        62 us
[79.965s][info][gc,stats    ]   Update Region States               14 us
[79.965s][info][gc,stats    ]   Choose Collection Set              79 us
[79.965s][info][gc,stats    ]   Rebuild Free Set                    9 us
[79.965s][info][gc,stats    ] Concurrent Thread Roots             993 us, parallelism: 1.90x
[79.965s][info][gc,stats    ]   CTR: <total>                     1889 us
[79.965s][info][gc,stats    ]   CTR: Thread Roots                1889 us, workers (us): 961, 929, ---, ---, ---, 
[79.965s][info][gc,stats    ] Concurrent Weak References           46 us, parallelism: 0.33x
[79.965s][info][gc,stats    ]   CWRF: <total>                      15 us
[79.965s][info][gc,stats    ]   CWRF: Weak References              15 us, workers (us):  15,   0, ---, ---, ---, 
[79.965s][info][gc,stats    ] Concurrent Weak Roots               279 us
[79.965s][info][gc,stats    ]   Roots                             252 us, parallelism: 1.86x
[79.965s][info][gc,stats    ]     CWR: <total>                    468 us
[79.965s][info][gc,stats    ]     CWR: Code Cache Roots           445 us, workers (us): 227, 218, ---, ---, ---, 
[79.965s][info][gc,stats    ]     CWR: VM Weak Roots               20 us, workers (us):  11,   9, ---, ---, ---, 
[79.965s][info][gc,stats    ]     CWR: CLDG Roots                   2 us, workers (us):   2, ---, ---, ---, ---, 
[79.965s][info][gc,stats    ]   Rendezvous                         14 us
[79.965s][info][gc,stats    ] Concurrent Cleanup                   30 us
[79.965s][info][gc,stats    ] Concurrent Class Unloading          301 us
[79.965s][info][gc,stats    ]   Unlink Stale                      267 us
[79.965s][info][gc,stats    ]     System Dictionary                 1 us
[79.965s][info][gc,stats    ]     Weak Class Links                  0 us
[79.965s][info][gc,stats    ]     Code Roots                      266 us
[79.965s][info][gc,stats    ]   Rendezvous                         10 us
[79.965s][info][gc,stats    ]   Purge Unlinked                     10 us
[79.965s][info][gc,stats    ]     Code Roots                        8 us
[79.965s][info][gc,stats    ]     CLDG                              1 us
[79.965s][info][gc,stats    ]     Exception Caches                  0 us
[79.965s][info][gc,stats    ] Concurrent Strong Roots              25 us, parallelism: 0.29x
[79.965s][info][gc,stats    ]   CSR: <total>                        7 us
[79.965s][info][gc,stats    ]   CSR: VM Strong Roots                1 us, workers (us):   1,   0, ---, ---, ---, 
[79.965s][info][gc,stats    ]   CSR: CLDG Roots                     6 us, workers (us):   6, ---, ---, ---, ---, 
[79.965s][info][gc,stats    ] Concurrent Evacuation            277408 us
[79.965s][info][gc,stats    ] Pause Init Update Refs (G)           73 us
[79.965s][info][gc,stats    ] Pause Init Update Refs (N)           31 us
[79.965s][info][gc,stats    ]   Manage GCLABs                       9 us
[79.965s][info][gc,stats    ] Concurrent Update Refs          1941332 us
[79.965s][info][gc,stats    ] Concurrent Update Thread Roots     2072 us
[79.965s][info][gc,stats    ] Pause Final Update Refs (G)         156 us
[79.965s][info][gc,stats    ] Pause Final Update Refs (N)          93 us
[79.965s][info][gc,stats    ]   Update Region States               47 us
[79.965s][info][gc,stats    ]   Trash Collection Set                7 us
[79.965s][info][gc,stats    ]   Rebuild Free Set                    7 us
[79.965s][info][gc,stats    ] Concurrent Cleanup                   40 us
[79.965s][info][gc,stats    ] 
[79.965s][info][gc,stats    ] Allocation pacing accrued:
[79.965s][info][gc,stats    ]       0 of  4750 ms (  0.0%): <total>
[79.965s][info][gc,stats    ]       0 of  4750 ms (  0.0%): <average total>
[79.965s][info][gc,stats    ] 
[79.965s][info][gc,metaspace] Metaspace: 2276K(2432K)->2276K(2432K) NonClass: 2072K(2176K)->2072K(2176K) Class: 204K(256K)->204K(256K)
[79.965s][info][gc,ergo     ] Pacer for Idle. Initial: 245M, Alloc Tax Rate: 1.0x
[79.966s][info][gc          ] Trigger: Free (978M) is below minimum threshold (1228M)
[79.966s][info][gc,ergo     ] Free: 978M, Max: 4096K regular, 156M humongous, Frag: 84% external, 50% internal; Reserve: 616M, Max: 4096K
[79.966s][info][gc,start    ] GC(34) Concurrent reset
[79.966s][info][gc,task     ] GC(34) Using 2 of 5 workers for concurrent reset
[79.966s][info][gc,ergo     ] GC(34) Pacer for Reset. Non-Taxable: 12288M
[79.993s][info][gc          ] GC(34) Concurrent reset 26.968ms
[79.994s][info][gc,start    ] GC(34) Pause Init Mark (unload classes)
[79.994s][info][gc,task     ] GC(34) Using 5 of 5 workers for init marking
[79.994s][info][gc,ergo     ] GC(34) Pacer for Mark. Expected Live: 3924M, Free: 939M, Non-Taxable: 96188K, Alloc Tax Rate: 5.1x
[79.994s][info][gc          ] GC(34) Pause Init Mark (unload classes) 0.043ms
[79.994s][info][gc,start    ] GC(34) Concurrent marking roots
[79.994s][info][gc,task     ] GC(34) Using 2 of 5 workers for concurrent marking roots
[79.995s][info][gc          ] GC(34) Concurrent marking roots 0.923ms
[79.995s][info][gc,start    ] GC(34) Concurrent marking (unload classes)
[79.995s][info][gc,task     ] GC(34) Using 2 of 5 workers for concurrent marking
[80.572s][info][gc          ] GC(34) Concurrent marking (unload classes) 577.436ms
[80.572s][info][gc,start    ] GC(34) Pause Final Mark (unload classes)
[80.572s][info][gc,task     ] GC(34) Using 5 of 5 workers for final marking
[80.572s][info][gc,ergo     ] GC(34) Adaptive CSet Selection. Target Free: 1740M, Actual Free: 8535M, Max CSet: 512M, Min Garbage: 0B
[80.572s][info][gc,ergo     ] GC(34) Collectable Garbage: 8348M (94%), Immediate: 7415M (83%), CSet: 933M (10%)
[80.572s][info][gc,ergo     ] GC(34) Pacer for Evacuation. Used CSet: 1444M, Free: 7939M, Non-Taxable: 793M, Alloc Tax Rate: 1.1x
[80.572s][info][gc          ] GC(34) Pause Final Mark (unload classes) 0.141ms
[80.572s][info][gc,start    ] GC(34) Concurrent thread roots
[80.572s][info][gc,task     ] GC(34) Using 2 of 5 workers for Concurrent thread roots
[80.573s][info][gc          ] GC(34) Concurrent thread roots 0.903ms
[80.573s][info][gc,start    ] GC(34) Concurrent weak references
[80.573s][info][gc,task     ] GC(34) Using 2 of 5 workers for concurrent weak references
[80.573s][info][gc,ref      ] GC(34) Encountered references: Soft: 170, Weak: 324, Final: 6, Phantom: 5
[80.573s][info][gc,ref      ] GC(34) Discovered  references: Soft: 0, Weak: 144, Final: 2, Phantom: 5
[80.573s][info][gc,ref      ] GC(34) Enqueued    references: Soft: 0, Weak: 0, Final: 0, Phantom: 4
[80.573s][info][gc          ] GC(34) Concurrent weak references 0.046ms
[80.573s][info][gc,start    ] GC(34) Concurrent weak roots
[80.573s][info][gc,task     ] GC(34) Using 2 of 5 workers for concurrent weak root
[80.574s][info][gc          ] GC(34) Concurrent weak roots 0.574ms
[80.574s][info][gc,start    ] GC(34) Concurrent cleanup
[80.574s][info][gc          ] GC(34) Concurrent cleanup 11150M->3735M(12288M) 0.050ms
[80.574s][info][gc,ergo     ] GC(34) Free: 7931M, Max: 4096K regular, 2448M humongous, Frag: 70% external, 2% internal; Reserve: 619M, Max: 4096K
[80.574s][info][gc,start    ] GC(34) Concurrent class unloading
[80.574s][info][gc,task     ] GC(34) Using 2 of 5 workers for concurrent class unloading
[80.574s][info][gc          ] GC(34) Concurrent class unloading 0.383ms
[80.574s][info][gc,start    ] GC(34) Concurrent strong roots
[80.574s][info][gc,task     ] GC(34) Using 2 of 5 workers for concurrent strong root
[80.574s][info][gc          ] GC(34) Concurrent strong roots 0.064ms
[80.574s][info][gc,start    ] GC(34) Concurrent evacuation
[80.574s][info][gc,task     ] GC(34) Using 2 of 5 workers for concurrent evacuation
[80.700s][info][gc          ] GC(34) Concurrent evacuation 125.264ms
[80.700s][info][gc,start    ] GC(34) Pause Init Update Refs
[80.700s][info][gc,ergo     ] GC(34) Pacer for Update Refs. Used: 4406M, Free: 7776M, Non-Taxable: 777M, Alloc Tax Rate: 1.1x
[80.700s][info][gc          ] GC(34) Pause Init Update Refs 0.038ms
[80.700s][info][gc,start    ] GC(34) Concurrent update references
[80.700s][info][gc,task     ] GC(34) Using 2 of 5 workers for concurrent reference update
[80.933s][info][gc          ] GC(34) Concurrent update references 233.744ms
[80.933s][info][gc,start    ] GC(34) Concurrent update thread roots
[80.935s][info][gc          ] GC(34) Concurrent update thread roots 1.683ms
[80.935s][info][gc,start    ] GC(34) Pause Final Update Refs
[80.935s][info][gc,task     ] GC(34) Using 5 of 5 workers for final reference update
[80.935s][info][gc          ] GC(34) Pause Final Update Refs 0.040ms
[80.935s][info][gc,start    ] GC(34) Concurrent cleanup
[80.935s][info][gc          ] GC(34) Concurrent cleanup 4695M->3251M(12288M) 0.030ms
[80.935s][info][gc,ergo     ] Free: 8419M, Max: 4096K regular, 2448M humongous, Frag: 71% external, 2% internal; Reserve: 616M, Max: 4096K
[80.935s][info][gc,stats    ] 
[80.935s][info][gc,stats    ] All times are wall-clock times, except per-root-class counters, that are sum over
[80.935s][info][gc,stats    ] all workers. Dividing the <total> over the root stage time estimates parallelism.
[80.935s][info][gc,stats    ] 
[80.935s][info][gc,stats    ] Concurrent Reset                  26998 us
[80.935s][info][gc,stats    ] Pause Init Mark (G)                  98 us
[80.935s][info][gc,stats    ] Pause Init Mark (N)                  48 us
[80.935s][info][gc,stats    ]   Update Region States               16 us
[80.935s][info][gc,stats    ] Concurrent Mark Roots               931 us, parallelism: 1.89x
[80.935s][info][gc,stats    ]   CMR: <total>                     1755 us
[80.935s][info][gc,stats    ]   CMR: Thread Roots                1701 us, workers (us): 847, 854, ---, ---, ---, 
[80.935s][info][gc,stats    ]   CMR: VM Strong Roots               30 us, workers (us):  14,  16, ---, ---, ---, 
[80.935s][info][gc,stats    ]   CMR: CLDG Roots                    24 us, workers (us):  24, ---, ---, ---, ---, 
[80.935s][info][gc,stats    ] Concurrent Marking               577469 us
[80.935s][info][gc,stats    ] Pause Final Mark (G)                182 us
[80.935s][info][gc,stats    ] Pause Final Mark (N)                147 us
[80.935s][info][gc,stats    ]   Finish Mark                        42 us
[80.935s][info][gc,stats    ]   Update Region States               19 us
[80.935s][info][gc,stats    ]   Choose Collection Set              51 us
[80.935s][info][gc,stats    ]   Rebuild Free Set                    8 us
[80.935s][info][gc,stats    ] Concurrent Thread Roots             911 us, parallelism: 1.90x
[80.935s][info][gc,stats    ]   CTR: <total>                     1734 us
[80.935s][info][gc,stats    ]   CTR: Thread Roots                1734 us, workers (us): 879, 855, ---, ---, ---, 
[80.935s][info][gc,stats    ] Concurrent Weak References           51 us, parallelism: 0.14x
[80.935s][info][gc,stats    ]   CWRF: <total>                       7 us
[80.935s][info][gc,stats    ]   CWRF: Weak References               7 us, workers (us):   7,   0, ---, ---, ---, 
[80.935s][info][gc,stats    ] Concurrent Weak Roots               584 us
[80.935s][info][gc,stats    ]   Roots                             547 us, parallelism: 1.85x
[80.935s][info][gc,stats    ]     CWR: <total>                   1010 us
[80.935s][info][gc,stats    ]     CWR: Code Cache Roots           971 us, workers (us): 456, 515, ---, ---, ---, 
[80.935s][info][gc,stats    ]     CWR: VM Weak Roots               37 us, workers (us):  26,  12, ---, ---, ---, 
[80.935s][info][gc,stats    ]     CWR: CLDG Roots                   2 us, workers (us): ---,   2, ---, ---, ---, 
[80.935s][info][gc,stats    ]   Rendezvous                         15 us
[80.935s][info][gc,stats    ] Concurrent Cleanup                   55 us
[80.935s][info][gc,stats    ] Concurrent Class Unloading          389 us
[80.935s][info][gc,stats    ]   Unlink Stale                      328 us
[80.935s][info][gc,stats    ]     System Dictionary                 1 us
[80.935s][info][gc,stats    ]     Weak Class Links                  0 us
[80.935s][info][gc,stats    ]     Code Roots                      327 us
[80.935s][info][gc,stats    ]   Rendezvous                         39 us
[80.935s][info][gc,stats    ]   Purge Unlinked                      9 us
[80.935s][info][gc,stats    ]     Code Roots                        8 us
[80.935s][info][gc,stats    ]     CLDG                              1 us
[80.935s][info][gc,stats    ]     Exception Caches                  0 us
[80.935s][info][gc,stats    ] Concurrent Strong Roots              69 us, parallelism: 0.75x
[80.935s][info][gc,stats    ]   CSR: <total>                       52 us
[80.935s][info][gc,stats    ]   CSR: VM Strong Roots                2 us, workers (us):   2,   0, ---, ---, ---, 
[80.935s][info][gc,stats    ]   CSR: CLDG Roots                    50 us, workers (us):  50, ---, ---, ---, ---, 
[80.935s][info][gc,stats    ] Concurrent Evacuation            125293 us
[80.935s][info][gc,stats    ] Pause Init Update Refs (G)          134 us
[80.935s][info][gc,stats    ] Pause Init Update Refs (N)           42 us
[80.935s][info][gc,stats    ]   Manage GCLABs                      24 us
[80.935s][info][gc,stats    ] Concurrent Update Refs           233774 us
[80.936s][info][gc,stats    ] Concurrent Update Thread Roots     1695 us
[80.936s][info][gc,stats    ] Pause Final Update Refs (G)         128 us
[80.936s][info][gc,stats    ] Pause Final Update Refs (N)          47 us
[80.936s][info][gc,stats    ]   Update Region States               18 us
[80.936s][info][gc,stats    ]   Trash Collection Set                3 us
[80.936s][info][gc,stats    ]   Rebuild Free Set                    7 us
[80.936s][info][gc,stats    ] Concurrent Cleanup                   36 us
[80.936s][info][gc,stats    ] Pacing                           206676 us
[80.936s][info][gc,stats    ] 
[80.936s][info][gc,stats    ] Allocation pacing accrued:
[80.936s][info][gc,stats    ]     207 of   970 ms ( 21.3%): main
[80.936s][info][gc,stats    ]     207 of   970 ms ( 21.3%): <total>
[80.936s][info][gc,stats    ]       3 of   970 ms (  0.3%): <average total>
[80.936s][info][gc,stats    ]     207 of   970 ms ( 21.3%): <average non-zero>
[80.936s][info][gc,stats    ] 
[80.936s][info][gc,metaspace] Metaspace: 2276K(2432K)->2276K(2432K) NonClass: 2072K(2176K)->2072K(2176K) Class: 204K(256K)->204K(256K)
[80.936s][info][gc,ergo     ] Pacer for Idle. Initial: 245M, Alloc Tax Rate: 1.0x
[81.138s][info][gc          ] Trigger: Average GC time (6309.44 ms) is above the time for average allocation rate (1245 MB/s) to deplete free headroom (7546M) (margin of error = 2.05)
[81.138s][info][gc,ergo     ] Free headroom: 8160M (free) - 614M (spike) - 0B (penalties) = 7546M
[81.138s][info][gc,ergo     ] Free: 8160M, Max: 4096K regular, 2448M humongous, Frag: 70% external, 2% internal; Reserve: 616M, Max: 4096K
[81.138s][info][gc,start    ] GC(35) Concurrent reset
[81.138s][info][gc,task     ] GC(35) Using 2 of 5 workers for concurrent reset
[81.138s][info][gc,ergo     ] GC(35) Pacer for Reset. Non-Taxable: 12288M
[81.141s][info][gc          ] GC(35) Concurrent reset 2.504ms
[81.141s][info][gc,start    ] GC(35) Pause Init Mark (unload classes)
[81.141s][info][gc,task     ] GC(35) Using 5 of 5 workers for init marking
[81.141s][info][gc,ergo     ] GC(35) Pacer for Mark. Expected Live: 3946M, Free: 8156M, Non-Taxable: 815M, Alloc Tax Rate: 0.6x
[81.141s][info][gc          ] GC(35) Pause Init Mark (unload classes) 0.045ms
[81.141s][info][gc,start    ] GC(35) Concurrent marking roots
[81.141s][info][gc,task     ] GC(35) Using 2 of 5 workers for concurrent marking roots
[81.142s][info][gc          ] GC(35) Concurrent marking roots 0.907ms
[81.142s][info][gc,start    ] GC(35) Concurrent marking (unload classes)
[81.142s][info][gc,task     ] GC(35) Using 2 of 5 workers for concurrent marking
[81.567s][info][gc          ] GC(35) Concurrent marking (unload classes) 424.705ms
[81.567s][info][gc,start    ] GC(35) Pause Final Mark (unload classes)
[81.567s][info][gc,task     ] GC(35) Using 5 of 5 workers for final marking
[81.567s][info][gc,ergo     ] GC(35) Adaptive CSet Selection. Target Free: 1740M, Actual Free: 8248M, Max CSet: 512M, Min Garbage: 0B
[81.567s][info][gc,ergo     ] GC(35) Collectable Garbage: 390M (38%), Immediate: 0B (0%), CSet: 390M (38%)
[81.567s][info][gc,ergo     ] GC(35) Pacer for Evacuation. Used CSet: 900M, Free: 7647M, Non-Taxable: 764M, Alloc Tax Rate: 1.1x
[81.567s][info][gc          ] GC(35) Pause Final Mark (unload classes) 0.115ms
[81.567s][info][gc,start    ] GC(35) Concurrent thread roots
[81.567s][info][gc,task     ] GC(35) Using 2 of 5 workers for Concurrent thread roots
[81.568s][info][gc          ] GC(35) Concurrent thread roots 0.911ms
[81.568s][info][gc,start    ] GC(35) Concurrent weak references
[81.568s][info][gc,task     ] GC(35) Using 2 of 5 workers for concurrent weak references
[81.568s][info][gc,ref      ] GC(35) Encountered references: Soft: 170, Weak: 324, Final: 6, Phantom: 1
[81.568s][info][gc,ref      ] GC(35) Discovered  references: Soft: 0, Weak: 125, Final: 0, Phantom: 1
[81.568s][info][gc,ref      ] GC(35) Enqueued    references: Soft: 0, Weak: 0, Final: 0, Phantom: 0
[81.568s][info][gc          ] GC(35) Concurrent weak references 0.032ms
[81.568s][info][gc,start    ] GC(35) Concurrent weak roots
[81.568s][info][gc,task     ] GC(35) Using 2 of 5 workers for concurrent weak root
[81.568s][info][gc          ] GC(35) Concurrent weak roots 0.112ms
[81.568s][info][gc,start    ] GC(35) Concurrent cleanup
[81.568s][info][gc          ] GC(35) Concurrent cleanup 4024M->4024M(12288M) 0.013ms
[81.568s][info][gc,ergo     ] GC(35) Free: 7646M, Max: 4096K regular, 2448M humongous, Frag: 68% external, 2% internal; Reserve: 616M, Max: 4096K
[81.568s][info][gc,start    ] GC(35) Concurrent class unloading
[81.568s][info][gc,task     ] GC(35) Using 2 of 5 workers for concurrent class unloading
[81.568s][info][gc          ] GC(35) Concurrent class unloading 0.303ms
[81.568s][info][gc,start    ] GC(35) Concurrent strong roots
[81.568s][info][gc,task     ] GC(35) Using 2 of 5 workers for concurrent strong root
[81.568s][info][gc          ] GC(35) Concurrent strong roots 0.022ms
[81.568s][info][gc,start    ] GC(35) Concurrent evacuation
[81.568s][info][gc,task     ] GC(35) Using 2 of 5 workers for concurrent evacuation
[81.691s][info][gc          ] GC(35) Concurrent evacuation 123.224ms
[81.691s][info][gc,start    ] GC(35) Pause Init Update Refs
[81.691s][info][gc,ergo     ] GC(35) Pacer for Update Refs. Used: 4655M, Free: 7527M, Non-Taxable: 752M, Alloc Tax Rate: 1.1x
[81.691s][info][gc          ] GC(35) Pause Init Update Refs 0.014ms
[81.692s][info][gc,start    ] GC(35) Concurrent update references
[81.692s][info][gc,task     ] GC(35) Using 2 of 5 workers for concurrent reference update
[82.034s][info][gc          ] GC(35) Concurrent update references 342.528ms
[82.034s][info][gc,start    ] GC(35) Concurrent update thread roots
[82.036s][info][gc          ] GC(35) Concurrent update thread roots 1.507ms
[82.036s][info][gc,start    ] GC(35) Pause Final Update Refs
[82.036s][info][gc,task     ] GC(35) Using 5 of 5 workers for final reference update
[82.036s][info][gc          ] GC(35) Pause Final Update Refs 0.041ms
[82.036s][info][gc,start    ] GC(35) Concurrent cleanup
[82.036s][info][gc          ] GC(35) Concurrent cleanup 5019M->4119M(12288M) 0.018ms
[82.036s][info][gc,ergo     ] Free: 7551M, Max: 4096K regular, 2448M humongous, Frag: 68% external, 2% internal; Reserve: 616M, Max: 4096K
[82.036s][info][gc,stats    ] 
[82.036s][info][gc,stats    ] All times are wall-clock times, except per-root-class counters, that are sum over
[82.036s][info][gc,stats    ] all workers. Dividing the <total> over the root stage time estimates parallelism.
[82.036s][info][gc,stats    ] 
[82.036s][info][gc,stats    ] Concurrent Reset                   2517 us
[82.036s][info][gc,stats    ] Pause Init Mark (G)                  87 us
[82.036s][info][gc,stats    ] Pause Init Mark (N)                  50 us
[82.036s][info][gc,stats    ]   Update Region States               26 us
[82.036s][info][gc,stats    ] Concurrent Mark Roots               913 us, parallelism: 1.93x
[82.036s][info][gc,stats    ]   CMR: <total>                     1765 us
[82.036s][info][gc,stats    ]   CMR: Thread Roots                1751 us, workers (us): 883, 868, ---, ---, ---, 
[82.036s][info][gc,stats    ]   CMR: VM Strong Roots                3 us, workers (us):   2,   1, ---, ---, ---, 
[82.036s][info][gc,stats    ]   CMR: CLDG Roots                    12 us, workers (us): ---,  12, ---, ---, ---, 
[82.036s][info][gc,stats    ] Concurrent Marking               424725 us
[82.036s][info][gc,stats    ] Pause Final Mark (G)                152 us
[82.036s][info][gc,stats    ] Pause Final Mark (N)                119 us
[82.036s][info][gc,stats    ]   Finish Mark                        34 us
[82.036s][info][gc,stats    ]   Update Region States               17 us
[82.036s][info][gc,stats    ]   Choose Collection Set              40 us
[82.036s][info][gc,stats    ]   Rebuild Free Set                    8 us
[82.036s][info][gc,stats    ] Concurrent Thread Roots             918 us, parallelism: 1.91x
[82.036s][info][gc,stats    ]   CTR: <total>                     1750 us
[82.036s][info][gc,stats    ]   CTR: Thread Roots                1750 us, workers (us): 862, 888, ---, ---, ---, 
[82.036s][info][gc,stats    ] Concurrent Weak References           35 us, parallelism: 0.17x
[82.036s][info][gc,stats    ]   CWRF: <total>                       6 us
[82.036s][info][gc,stats    ]   CWRF: Weak References               6 us, workers (us):   6,   0, ---, ---, ---, 
[82.036s][info][gc,stats    ] Concurrent Weak Roots               125 us
[82.036s][info][gc,stats    ]   Roots                              73 us, parallelism: 1.51x
[82.036s][info][gc,stats    ]     CWR: <total>                    110 us
[82.036s][info][gc,stats    ]     CWR: Code Cache Roots            91 us, workers (us):  37,  54, ---, ---, ---, 
[82.036s][info][gc,stats    ]     CWR: VM Weak Roots               17 us, workers (us):  11,   6, ---, ---, ---, 
[82.036s][info][gc,stats    ]     CWR: CLDG Roots                   2 us, workers (us):   2, ---, ---, ---, ---, 
[82.036s][info][gc,stats    ]   Rendezvous                         33 us
[82.036s][info][gc,stats    ] Concurrent Cleanup                   18 us
[82.036s][info][gc,stats    ] Concurrent Class Unloading          308 us
[82.036s][info][gc,stats    ]   Unlink Stale                      247 us
[82.036s][info][gc,stats    ]     System Dictionary                 1 us
[82.036s][info][gc,stats    ]     Weak Class Links                  0 us
[82.036s][info][gc,stats    ]     Code Roots                      245 us
[82.036s][info][gc,stats    ]   Rendezvous                         35 us
[82.036s][info][gc,stats    ]   Purge Unlinked                     12 us
[82.036s][info][gc,stats    ]     Code Roots                       10 us
[82.036s][info][gc,stats    ]     CLDG                              2 us
[82.036s][info][gc,stats    ]     Exception Caches                  0 us
[82.036s][info][gc,stats    ] Concurrent Strong Roots              28 us, parallelism: 0.27x
[82.036s][info][gc,stats    ]   CSR: <total>                        8 us
[82.036s][info][gc,stats    ]   CSR: VM Strong Roots                1 us, workers (us):   1,   0, ---, ---, ---, 
[82.036s][info][gc,stats    ]   CSR: CLDG Roots                     6 us, workers (us):   6, ---, ---, ---, ---, 
[82.036s][info][gc,stats    ] Concurrent Evacuation            123259 us
[82.036s][info][gc,stats    ] Pause Init Update Refs (G)           62 us
[82.036s][info][gc,stats    ] Pause Init Update Refs (N)           17 us
[82.036s][info][gc,stats    ]   Manage GCLABs                       2 us
[82.036s][info][gc,stats    ] Concurrent Update Refs           342551 us
[82.036s][info][gc,stats    ] Concurrent Update Thread Roots     1519 us
[82.036s][info][gc,stats    ] Pause Final Update Refs (G)          98 us
[82.036s][info][gc,stats    ] Pause Final Update Refs (N)          50 us
[82.036s][info][gc,stats    ]   Update Region States               17 us
[82.036s][info][gc,stats    ]   Trash Collection Set                3 us
[82.036s][info][gc,stats    ]   Rebuild Free Set                    9 us
[82.036s][info][gc,stats    ] Concurrent Cleanup                   22 us
[82.036s][info][gc,stats    ] 
[82.036s][info][gc,stats    ] Allocation pacing accrued:
[82.036s][info][gc,stats    ]       0 of  1100 ms (  0.0%): <total>
[82.036s][info][gc,stats    ]       0 of  1100 ms (  0.0%): <average total>
[82.036s][info][gc,stats    ] 
[82.036s][info][gc,metaspace] Metaspace: 2276K(2432K)->2276K(2432K) NonClass: 2072K(2176K)->2072K(2176K) Class: 204K(256K)->204K(256K)
[82.036s][info][gc,ergo     ] Pacer for Idle. Initial: 245M, Alloc Tax Rate: 1.0x
[82.138s][info][gc          ] Trigger: Average GC time (4829.70 ms) is above the time for average allocation rate (2057 MB/s) to deplete free headroom (6641M) (margin of error = 2.05)
[82.138s][info][gc,ergo     ] Free headroom: 7255M (free) - 614M (spike) - 0B (penalties) = 6641M
[82.138s][info][gc,ergo     ] Free: 7255M, Max: 4096K regular, 2448M humongous, Frag: 67% external, 2% internal; Reserve: 616M, Max: 4096K
[82.138s][info][gc,start    ] GC(36) Concurrent reset
[82.138s][info][gc,task     ] GC(36) Using 2 of 5 workers for concurrent reset
[82.138s][info][gc,ergo     ] GC(36) Pacer for Reset. Non-Taxable: 12288M
[82.139s][info][gc          ] GC(36) Concurrent reset 0.956ms
[82.139s][info][gc,start    ] GC(36) Pause Init Mark (unload classes)
[82.139s][info][gc,task     ] GC(36) Using 5 of 5 workers for init marking
[82.139s][info][gc,ergo     ] GC(36) Pacer for Mark. Expected Live: 3989M, Free: 7253M, Non-Taxable: 725M, Alloc Tax Rate: 0.7x
[82.139s][info][gc          ] GC(36) Pause Init Mark (unload classes) 0.030ms
[82.139s][info][gc,start    ] GC(36) Concurrent marking roots
[82.139s][info][gc,task     ] GC(36) Using 2 of 5 workers for concurrent marking roots
[82.140s][info][gc          ] GC(36) Concurrent marking roots 0.924ms
[82.140s][info][gc,start    ] GC(36) Concurrent marking (unload classes)
[82.140s][info][gc,task     ] GC(36) Using 2 of 5 workers for concurrent marking
[82.730s][info][gc          ] GC(36) Concurrent marking (unload classes) 590.624ms
[82.730s][info][gc,start    ] GC(36) Pause Final Mark (unload classes)
[82.730s][info][gc,task     ] GC(36) Using 5 of 5 workers for final marking
[82.730s][info][gc,ergo     ] GC(36) Adaptive CSet Selection. Target Free: 1740M, Actual Free: 6784M, Max CSet: 512M, Min Garbage: 0B
[82.731s][info][gc,ergo     ] GC(36) Collectable Garbage: 385M (32%), Immediate: 0B (0%), CSet: 385M (32%)
[82.731s][info][gc,ergo     ] GC(36) Pacer for Evacuation. Used CSet: 896M, Free: 6183M, Non-Taxable: 618M, Alloc Tax Rate: 1.1x
[82.731s][info][gc          ] GC(36) Pause Final Mark (unload classes) 0.199ms
[82.731s][info][gc,start    ] GC(36) Concurrent thread roots
[82.731s][info][gc,task     ] GC(36) Using 2 of 5 workers for Concurrent thread roots
[82.731s][info][gc          ] GC(36) Concurrent thread roots 0.931ms
[82.731s][info][gc,start    ] GC(36) Concurrent weak references
[82.731s][info][gc,task     ] GC(36) Using 2 of 5 workers for concurrent weak references
[82.731s][info][gc,ref      ] GC(36) Encountered references: Soft: 170, Weak: 324, Final: 6, Phantom: 1
[82.731s][info][gc,ref      ] GC(36) Discovered  references: Soft: 0, Weak: 124, Final: 6, Phantom: 1
[82.731s][info][gc,ref      ] GC(36) Enqueued    references: Soft: 0, Weak: 0, Final: 0, Phantom: 0
[82.732s][info][gc          ] GC(36) Concurrent weak references 0.035ms
[82.732s][info][gc,start    ] GC(36) Concurrent weak roots
[82.732s][info][gc,task     ] GC(36) Using 2 of 5 workers for concurrent weak root
[82.732s][info][gc          ] GC(36) Concurrent weak roots 0.085ms
[82.732s][info][gc,start    ] GC(36) Concurrent cleanup
[82.732s][info][gc          ] GC(36) Concurrent cleanup 5489M->5489M(12288M) 0.008ms
[82.732s][info][gc,ergo     ] GC(36) Free: 6183M, Max: 4096K regular, 2296M humongous, Frag: 63% external, 2% internal; Reserve: 613M, Max: 4096K
[82.732s][info][gc,start    ] GC(36) Concurrent class unloading
[82.732s][info][gc,task     ] GC(36) Using 2 of 5 workers for concurrent class unloading
[82.732s][info][gc          ] GC(36) Concurrent class unloading 0.259ms
[82.732s][info][gc,start    ] GC(36) Concurrent strong roots
[82.732s][info][gc,task     ] GC(36) Using 2 of 5 workers for concurrent strong root
[82.732s][info][gc          ] GC(36) Concurrent strong roots 0.020ms
[82.732s][info][gc,start    ] GC(36) Concurrent evacuation
[82.732s][info][gc,task     ] GC(36) Using 2 of 5 workers for concurrent evacuation
[82.902s][info][gc          ] GC(36) Concurrent evacuation 170.151ms
[82.902s][info][gc,start    ] GC(36) Pause Init Update Refs
[82.902s][info][gc,ergo     ] GC(36) Pacer for Update Refs. Used: 6003M, Free: 6183M, Non-Taxable: 618M, Alloc Tax Rate: 1.2x
[82.902s][info][gc          ] GC(36) Pause Init Update Refs 0.021ms
[82.902s][info][gc,start    ] GC(36) Concurrent update references
[82.902s][info][gc,task     ] GC(36) Using 2 of 5 workers for concurrent reference update
[83.847s][info][gc          ] GC(36) Concurrent update references 944.615ms
[83.847s][info][gc,start    ] GC(36) Concurrent update thread roots
[83.849s][info][gc          ] GC(36) Concurrent update thread roots 2.307ms
[83.850s][info][gc,start    ] GC(36) Pause Final Update Refs
[83.850s][info][gc,task     ] GC(36) Using 5 of 5 workers for final reference update
[83.850s][info][gc          ] GC(36) Pause Final Update Refs 0.071ms
[83.850s][info][gc,start    ] GC(36) Concurrent cleanup
[83.850s][info][gc          ] GC(36) Concurrent cleanup 8766M->7870M(12288M) 0.017ms
[83.850s][info][gc,ergo     ] Free: 3800M, Max: 4096K regular, 1588M humongous, Frag: 59% external, 0% internal; Reserve: 616M, Max: 4096K
[83.850s][info][gc,stats    ] 
[83.850s][info][gc,stats    ] All times are wall-clock times, except per-root-class counters, that are sum over
[83.850s][info][gc,stats    ] all workers. Dividing the <total> over the root stage time estimates parallelism.
[83.850s][info][gc,stats    ] 
[83.850s][info][gc,stats    ] Concurrent Reset                    968 us
[83.850s][info][gc,stats    ] Pause Init Mark (G)                  74 us
[83.850s][info][gc,stats    ] Pause Init Mark (N)                  33 us
[83.850s][info][gc,stats    ]   Update Region States               13 us
[83.850s][info][gc,stats    ] Concurrent Mark Roots               930 us, parallelism: 1.92x
[83.850s][info][gc,stats    ]   CMR: <total>                     1781 us
[83.850s][info][gc,stats    ]   CMR: Thread Roots                1768 us, workers (us): 891, 877, ---, ---, ---, 
[83.850s][info][gc,stats    ]   CMR: VM Strong Roots                2 us, workers (us):   2,   0, ---, ---, ---, 
[83.850s][info][gc,stats    ]   CMR: CLDG Roots                    10 us, workers (us):  10, ---, ---, ---, ---, 
[83.850s][info][gc,stats    ] Concurrent Marking               590657 us
[83.850s][info][gc,stats    ] Pause Final Mark (G)                262 us
[83.850s][info][gc,stats    ] Pause Final Mark (N)                202 us
[83.850s][info][gc,stats    ]   Finish Mark                        38 us
[83.850s][info][gc,stats    ]   Update Region States               25 us
[83.850s][info][gc,stats    ]   Choose Collection Set             111 us
[83.850s][info][gc,stats    ]   Rebuild Free Set                    7 us
[83.850s][info][gc,stats    ] Concurrent Thread Roots             936 us, parallelism: 1.92x
[83.850s][info][gc,stats    ]   CTR: <total>                     1797 us
[83.850s][info][gc,stats    ]   CTR: Thread Roots                1797 us, workers (us): 893, 904, ---, ---, ---, 
[83.850s][info][gc,stats    ] Concurrent Weak References           39 us, parallelism: 0.11x
[83.850s][info][gc,stats    ]   CWRF: <total>                       4 us
[83.850s][info][gc,stats    ]   CWRF: Weak References               4 us, workers (us):   4,   0, ---, ---, ---, 
[83.850s][info][gc,stats    ] Concurrent Weak Roots                89 us
[83.850s][info][gc,stats    ]   Roots                              55 us, parallelism: 1.57x
[83.850s][info][gc,stats    ]     CWR: <total>                     86 us
[83.850s][info][gc,stats    ]     CWR: Code Cache Roots            66 us, workers (us):  37,  30, ---, ---, ---, 
[83.850s][info][gc,stats    ]     CWR: VM Weak Roots               18 us, workers (us):  11,   7, ---, ---, ---, 
[83.850s][info][gc,stats    ]     CWR: CLDG Roots                   2 us, workers (us): ---,   2, ---, ---, ---, 
[83.850s][info][gc,stats    ]   Rendezvous                         23 us
[83.850s][info][gc,stats    ] Concurrent Cleanup                   12 us
[83.850s][info][gc,stats    ] Concurrent Class Unloading          265 us
[83.850s][info][gc,stats    ]   Unlink Stale                      230 us
[83.850s][info][gc,stats    ]     System Dictionary                 1 us
[83.850s][info][gc,stats    ]     Code Roots                      229 us
[83.850s][info][gc,stats    ]   Rendezvous                         12 us
[83.850s][info][gc,stats    ]   Purge Unlinked                     10 us
[83.850s][info][gc,stats    ]     Code Roots                        9 us
[83.850s][info][gc,stats    ]     CLDG                              1 us
[83.850s][info][gc,stats    ]     Exception Caches                  0 us
[83.850s][info][gc,stats    ] Concurrent Strong Roots              24 us, parallelism: 0.35x
[83.850s][info][gc,stats    ]   CSR: <total>                        8 us
[83.850s][info][gc,stats    ]   CSR: VM Strong Roots                1 us, workers (us):   1,   0, ---, ---, ---, 
[83.850s][info][gc,stats    ]   CSR: CLDG Roots                     7 us, workers (us):   7, ---, ---, ---, ---, 
[83.850s][info][gc,stats    ] Concurrent Evacuation            170174 us
[83.850s][info][gc,stats    ] Pause Init Update Refs (G)           76 us
[83.850s][info][gc,stats    ] Pause Init Update Refs (N)           24 us
[83.850s][info][gc,stats    ]   Manage GCLABs                       2 us
[83.850s][info][gc,stats    ] Concurrent Update Refs           944942 us
[83.850s][info][gc,stats    ] Concurrent Update Thread Roots     2327 us
[83.850s][info][gc,stats    ] Pause Final Update Refs (G)         209 us
[83.850s][info][gc,stats    ] Pause Final Update Refs (N)          84 us
[83.850s][info][gc,stats    ]   Update Region States               41 us
[83.850s][info][gc,stats    ]   Trash Collection Set                5 us
[83.850s][info][gc,stats    ]   Rebuild Free Set                    8 us
[83.850s][info][gc,stats    ] Concurrent Cleanup                   22 us
[83.850s][info][gc,stats    ] 
[83.850s][info][gc,stats    ] Allocation pacing accrued:
[83.850s][info][gc,stats    ]       0 of  1814 ms (  0.0%): <total>
[83.850s][info][gc,stats    ]       0 of  1814 ms (  0.0%): <average total>
[83.850s][info][gc,stats    ] 
[83.850s][info][gc,metaspace] Metaspace: 2276K(2432K)->2281K(2432K) NonClass: 2072K(2176K)->2076K(2176K) Class: 204K(256K)->204K(256K)
[83.850s][info][gc,ergo     ] Pacer for Idle. Initial: 245M, Alloc Tax Rate: 1.0x
[83.852s][info][gc          ] Trigger: Average GC time (3929.01 ms) is above the time for average allocation rate (2159 MB/s) to deplete free headroom (3186M) (margin of error = 2.05)
[83.852s][info][gc,ergo     ] Free headroom: 3800M (free) - 614M (spike) - 0B (penalties) = 3186M
[83.852s][info][gc,ergo     ] Free: 3800M, Max: 4096K regular, 1588M humongous, Frag: 59% external, 0% internal; Reserve: 616M, Max: 4096K
[83.852s][info][gc,start    ] GC(37) Concurrent reset
[83.852s][info][gc,task     ] GC(37) Using 2 of 5 workers for concurrent reset
[83.852s][info][gc,ergo     ] GC(37) Pacer for Reset. Non-Taxable: 12288M
[83.882s][info][gc          ] GC(37) Concurrent reset 30.584ms
[83.883s][info][gc,start    ] GC(37) Pause Init Mark (unload classes)
[83.883s][info][gc,task     ] GC(37) Using 5 of 5 workers for init marking
[83.883s][info][gc,ergo     ] GC(37) Pacer for Mark. Expected Live: 4031M, Free: 3732M, Non-Taxable: 373M, Alloc Tax Rate: 1.3x
[83.883s][info][gc          ] GC(37) Pause Init Mark (unload classes) 0.048ms
[83.883s][info][gc,start    ] GC(37) Concurrent marking roots
[83.883s][info][gc,task     ] GC(37) Using 2 of 5 workers for concurrent marking roots
[83.886s][info][gc          ] GC(37) Concurrent marking roots 3.044ms
[83.886s][info][gc,start    ] GC(37) Concurrent marking (unload classes)
[83.886s][info][gc,task     ] GC(37) Using 2 of 5 workers for concurrent marking
[85.975s][info][gc          ] GC(37) Concurrent marking (unload classes) 2089.051ms
[85.975s][info][gc,start    ] GC(37) Pause Final Mark (unload classes)
[85.975s][info][gc,task     ] GC(37) Using 5 of 5 workers for final marking
[85.975s][info][gc,ergo     ] GC(37) Adaptive CSet Selection. Target Free: 1740M, Actual Free: 2667M, Max CSet: 512M, Min Garbage: 0B
[85.975s][info][gc,ergo     ] GC(37) Collectable Garbage: 679M (48%), Immediate: 279M (19%), CSet: 400M (28%)
[85.975s][info][gc,ergo     ] GC(37) Pacer for Evacuation. Used CSet: 912M, Free: 2065M, Non-Taxable: 206M, Alloc Tax Rate: 1.1x
[85.975s][info][gc          ] GC(37) Pause Final Mark (unload classes) 0.172ms
[85.975s][info][gc,start    ] GC(37) Concurrent thread roots
[85.975s][info][gc,task     ] GC(37) Using 2 of 5 workers for Concurrent thread roots
[85.976s][info][gc          ] GC(37) Concurrent thread roots 1.126ms
[85.976s][info][gc,start    ] GC(37) Concurrent weak references
[85.976s][info][gc,task     ] GC(37) Using 2 of 5 workers for concurrent weak references
[85.976s][info][gc,ref      ] GC(37) Encountered references: Soft: 170, Weak: 324, Final: 6, Phantom: 1
[85.976s][info][gc,ref      ] GC(37) Discovered  references: Soft: 0, Weak: 5, Final: 0, Phantom: 1
[85.976s][info][gc,ref      ] GC(37) Enqueued    references: Soft: 0, Weak: 0, Final: 0, Phantom: 0
[85.976s][info][gc          ] GC(37) Concurrent weak references 0.043ms
[85.976s][info][gc,start    ] GC(37) Concurrent weak roots
[85.976s][info][gc,task     ] GC(37) Using 2 of 5 workers for concurrent weak root
[85.977s][info][gc          ] GC(37) Concurrent weak roots 0.861ms
[85.977s][info][gc,start    ] GC(37) Concurrent cleanup
[85.977s][info][gc          ] GC(37) Concurrent cleanup 9883M->9604M(12288M) 0.013ms
[85.977s][info][gc,ergo     ] GC(37) Free: 2063M, Max: 4096K regular, 1924M humongous, Frag: 7% external, 0% internal; Reserve: 615M, Max: 4096K
[85.977s][info][gc,start    ] GC(37) Concurrent class unloading
[85.977s][info][gc,task     ] GC(37) Using 2 of 5 workers for concurrent class unloading
[85.978s][info][gc          ] GC(37) Concurrent class unloading 0.584ms
[85.978s][info][gc,start    ] GC(37) Concurrent strong roots
[85.978s][info][gc,task     ] GC(37) Using 2 of 5 workers for concurrent strong root
[85.978s][info][gc          ] GC(37) Concurrent strong roots 0.034ms
[85.978s][info][gc,start    ] GC(37) Concurrent evacuation
[85.978s][info][gc,task     ] GC(37) Using 2 of 5 workers for concurrent evacuation
[86.373s][info][gc          ] GC(37) Concurrent evacuation 395.275ms
[86.373s][info][gc,start    ] GC(37) Pause Init Update Refs
[86.373s][info][gc,ergo     ] GC(37) Pacer for Update Refs. Used: 10312M, Free: 1872M, Non-Taxable: 187M, Alloc Tax Rate: 6.7x
[86.373s][info][gc          ] GC(37) Pause Init Update Refs 0.026ms
[86.373s][info][gc,start    ] GC(37) Concurrent update references
[86.373s][info][gc,task     ] GC(37) Using 2 of 5 workers for concurrent reference update
[89.301s][info][gc          ] GC(37) Concurrent update references 2927.735ms
[89.301s][info][gc,start    ] GC(37) Concurrent update thread roots
[89.303s][info][gc          ] GC(37) Concurrent update thread roots 2.151ms
[89.303s][info][gc,start    ] GC(37) Pause Final Update Refs
[89.303s][info][gc,task     ] GC(37) Using 5 of 5 workers for final reference update
[89.303s][info][gc          ] GC(37) Pause Final Update Refs 0.076ms
[89.303s][info][gc,start    ] GC(37) Concurrent cleanup
[89.303s][info][gc          ] GC(37) Concurrent cleanup 11726M->10814M(12288M) 0.031ms
[89.303s][info][gc,ergo     ] Free: 853M, Max: 4096K regular, 340M humongous, Frag: 59% external, 47% internal; Reserve: 616M, Max: 4096K
[89.306s][info][gc,stats    ] 
[89.306s][info][gc,stats    ] All times are wall-clock times, except per-root-class counters, that are sum over
[89.306s][info][gc,stats    ] all workers. Dividing the <total> over the root stage time estimates parallelism.
[89.306s][info][gc,stats    ] 
[89.306s][info][gc,stats    ] Concurrent Reset                  30614 us
[89.306s][info][gc,stats    ] Pause Init Mark (G)                 262 us
[89.306s][info][gc,stats    ] Pause Init Mark (N)                  53 us
[89.306s][info][gc,stats    ]   Update Region States               18 us
[89.306s][info][gc,stats    ] Concurrent Mark Roots              3131 us, parallelism: 1.89x
[89.306s][info][gc,stats    ]   CMR: <total>                     5912 us
[89.306s][info][gc,stats    ]   CMR: Thread Roots                5448 us, workers (us): 2765, 2683, ---, ---, ---, 
[89.306s][info][gc,stats    ]   CMR: VM Strong Roots              376 us, workers (us): 107, 269, ---, ---, ---, 
[89.306s][info][gc,stats    ]   CMR: CLDG Roots                    88 us, workers (us):  88, ---, ---, ---, ---, 
[89.306s][info][gc,stats    ] Concurrent Marking              2089091 us
[89.306s][info][gc,stats    ] Pause Final Mark (G)                214 us
[89.306s][info][gc,stats    ] Pause Final Mark (N)                176 us
[89.306s][info][gc,stats    ]   Finish Mark                        45 us
[89.306s][info][gc,stats    ]   Update Region States               21 us
[89.306s][info][gc,stats    ]   Choose Collection Set              77 us
[89.306s][info][gc,stats    ]   Rebuild Free Set                    7 us
[89.306s][info][gc,stats    ] Concurrent Thread Roots            1142 us, parallelism: 1.93x
[89.306s][info][gc,stats    ]   CTR: <total>                     2201 us
[89.306s][info][gc,stats    ]   CTR: Thread Roots                2201 us, workers (us): 1106, 1094, ---, ---, ---, 
[89.306s][info][gc,stats    ] Concurrent Weak References           47 us, parallelism: 0.18x
[89.306s][info][gc,stats    ]   CWRF: <total>                       9 us
[89.306s][info][gc,stats    ]   CWRF: Weak References               9 us, workers (us):   8,   0, ---, ---, ---, 
[89.306s][info][gc,stats    ] Concurrent Weak Roots               869 us
[89.306s][info][gc,stats    ]   Roots                             831 us, parallelism: 1.70x
[89.306s][info][gc,stats    ]     CWR: <total>                   1416 us
[89.306s][info][gc,stats    ]     CWR: Code Cache Roots          1381 us, workers (us): 578, 803, ---, ---, ---, 
[89.306s][info][gc,stats    ]     CWR: VM Weak Roots               32 us, workers (us):  18,  14, ---, ---, ---, 
[89.306s][info][gc,stats    ]     CWR: CLDG Roots                   3 us, workers (us):   3, ---, ---, ---, ---, 
[89.306s][info][gc,stats    ]   Rendezvous                         23 us
[89.306s][info][gc,stats    ] Concurrent Cleanup                   18 us
[89.306s][info][gc,stats    ] Concurrent Class Unloading          596 us
[89.306s][info][gc,stats    ]   Unlink Stale                      544 us
[89.306s][info][gc,stats    ]     System Dictionary                 1 us
[89.306s][info][gc,stats    ]     Weak Class Links                  0 us
[89.306s][info][gc,stats    ]     Code Roots                      543 us
[89.306s][info][gc,stats    ]   Rendezvous                         15 us
[89.306s][info][gc,stats    ]   Purge Unlinked                     14 us
[89.306s][info][gc,stats    ]     Code Roots                       13 us
[89.306s][info][gc,stats    ]     CLDG                              1 us
[89.306s][info][gc,stats    ]     Exception Caches                  0 us
[89.306s][info][gc,stats    ] Concurrent Strong Roots              41 us, parallelism: 0.40x
[89.306s][info][gc,stats    ]   CSR: <total>                       16 us
[89.306s][info][gc,stats    ]   CSR: VM Strong Roots                2 us, workers (us):   2,   0, ---, ---, ---, 
[89.306s][info][gc,stats    ]   CSR: CLDG Roots                    14 us, workers (us):  14, ---, ---, ---, ---, 
[89.306s][info][gc,stats    ] Concurrent Evacuation            395306 us
[89.306s][info][gc,stats    ] Pause Init Update Refs (G)           74 us
[89.306s][info][gc,stats    ] Pause Init Update Refs (N)           30 us
[89.306s][info][gc,stats    ]   Manage GCLABs                       9 us
[89.306s][info][gc,stats    ] Concurrent Update Refs          2927770 us
[89.306s][info][gc,stats    ] Concurrent Update Thread Roots     2158 us
[89.306s][info][gc,stats    ] Pause Final Update Refs (G)         155 us
[89.306s][info][gc,stats    ] Pause Final Update Refs (N)          85 us
[89.306s][info][gc,stats    ]   Update Region States               39 us
[89.306s][info][gc,stats    ]   Trash Collection Set                8 us
[89.306s][info][gc,stats    ]   Rebuild Free Set                   10 us
[89.306s][info][gc,stats    ] Concurrent Cleanup                   36 us
[89.306s][info][gc,stats    ] Pacing                            11110 us
[89.306s][info][gc,stats    ] 
[89.306s][info][gc,stats    ] Allocation pacing accrued:
[89.306s][info][gc,stats    ]      11 of  5456 ms (  0.2%): main
[89.306s][info][gc,stats    ]      11 of  5456 ms (  0.2%): <total>
[89.306s][info][gc,stats    ]       0 of  5456 ms (  0.0%): <average total>
[89.306s][info][gc,stats    ]      11 of  5456 ms (  0.2%): <average non-zero>
[89.306s][info][gc,stats    ] 
[89.307s][info][gc,metaspace] Metaspace: 2281K(2432K)->2281K(2432K) NonClass: 2076K(2176K)->2076K(2176K) Class: 204K(256K)->204K(256K)
[89.307s][info][gc,ergo     ] Pacer for Idle. Initial: 245M, Alloc Tax Rate: 1.0x
[89.308s][info][gc          ] Trigger: Free (852M) is below minimum threshold (1228M)
[89.308s][info][gc,ergo     ] Free: 852M, Max: 4096K regular, 340M humongous, Frag: 59% external, 47% internal; Reserve: 616M, Max: 4096K
[89.308s][info][gc,start    ] GC(38) Concurrent reset
[89.308s][info][gc,task     ] GC(38) Using 2 of 5 workers for concurrent reset
[89.308s][info][gc,ergo     ] GC(38) Pacer for Reset. Non-Taxable: 12288M
[89.352s][info][gc          ] GC(38) Concurrent reset 44.072ms
[89.352s][info][gc,start    ] GC(38) Pause Init Mark (unload classes)
[89.352s][info][gc,task     ] GC(38) Using 5 of 5 workers for init marking
[89.352s][info][gc,ergo     ] GC(38) Pacer for Mark. Expected Live: 4237M, Free: 836M, Non-Taxable: 85658K, Alloc Tax Rate: 6.2x
[89.352s][info][gc          ] GC(38) Pause Init Mark (unload classes) 0.045ms
[89.352s][info][gc,start    ] GC(38) Concurrent marking roots
[89.352s][info][gc,task     ] GC(38) Using 2 of 5 workers for concurrent marking roots
[89.354s][info][gc          ] GC(38) Concurrent marking roots 1.129ms
[89.354s][info][gc,start    ] GC(38) Concurrent marking (unload classes)
[89.354s][info][gc,task     ] GC(38) Using 2 of 5 workers for concurrent marking
[90.206s][info][gc          ] Failed to allocate Shared, 279M
[90.207s][info][gc          ] Cancelling GC: Allocation Failure
[90.207s][info][gc          ] GC(38) Concurrent marking (unload classes) 853.192ms
[90.207s][info][gc,ergo     ] Free: 486M, Max: 4096K regular, 264M humongous, Frag: 43% external, 61% internal; Reserve: 616M, Max: 4096K
[90.207s][info][gc,stats    ] 
[90.207s][info][gc,stats    ] All times are wall-clock times, except per-root-class counters, that are sum over
[90.207s][info][gc,stats    ] all workers. Dividing the <total> over the root stage time estimates parallelism.
[90.207s][info][gc,stats    ] 
[90.207s][info][gc,stats    ] Concurrent Reset                  44089 us
[90.207s][info][gc,stats    ] Pause Init Mark (G)                  98 us
[90.207s][info][gc,stats    ] Pause Init Mark (N)                  51 us
[90.207s][info][gc,stats    ]   Update Region States               13 us
[90.207s][info][gc,stats    ] Concurrent Mark Roots              1135 us, parallelism: 1.93x
[90.207s][info][gc,stats    ]   CMR: <total>                     2185 us
[90.207s][info][gc,stats    ]   CMR: Thread Roots                2149 us, workers (us): 1072, 1077, ---, ---, ---, 
[90.207s][info][gc,stats    ]   CMR: VM Strong Roots               24 us, workers (us):  12,  12, ---, ---, ---, 
[90.207s][info][gc,stats    ]   CMR: CLDG Roots                    11 us, workers (us):  11, ---, ---, ---, ---, 
[90.207s][info][gc,stats    ] Concurrent Marking               853205 us
[90.207s][info][gc,stats    ] Pacing                            12507 us
[90.207s][info][gc,stats    ] 
[90.207s][info][gc,stats    ] Allocation pacing accrued:
[90.207s][info][gc,stats    ]      13 of   901 ms (  1.4%): main
[90.207s][info][gc,stats    ]      13 of   901 ms (  1.4%): <total>
[90.207s][info][gc,stats    ]       0 of   901 ms (  0.0%): <average total>
[90.207s][info][gc,stats    ]      13 of   901 ms (  1.4%): <average non-zero>
[90.207s][info][gc,stats    ] 
[90.207s][info][gc,metaspace] Metaspace: 2281K(2432K)->2281K(2432K) NonClass: 2076K(2176K)->2076K(2176K) Class: 204K(256K)->204K(256K)
[90.207s][info][gc,ergo     ] Pacer for Idle. Initial: 245M, Alloc Tax Rate: 1.0x
[90.208s][info][gc          ] Trigger: Handle Allocation Failure
[90.208s][info][gc,ergo     ] Free: 486M, Max: 4096K regular, 264M humongous, Frag: 43% external, 61% internal; Reserve: 616M, Max: 4096K
[90.208s][info][gc,start    ] GC(39) Pause Degenerated GC (Mark)
[90.208s][info][gc,task     ] GC(39) Using 5 of 5 workers for stw degenerated gc
[91.087s][info][gc,ref      ] GC(39) Encountered references: Soft: 170, Weak: 324, Final: 6, Phantom: 4
[91.087s][info][gc,ref      ] GC(39) Discovered  references: Soft: 0, Weak: 141, Final: 6, Phantom: 4
[91.087s][info][gc,ref      ] GC(39) Enqueued    references: Soft: 0, Weak: 0, Final: 0, Phantom: 0
[91.088s][info][gc,ergo     ] GC(39) Adaptive CSet Selection. Target Free: 1740M, Actual Free: 4082M, Max CSet: 512M, Min Garbage: 0B
[91.088s][info][gc,ergo     ] GC(39) Collectable Garbage: 3407M (90%), Immediate: 3006M (79%), CSet: 400M (10%)
[91.921s][info][gc,ergo     ] GC(39) Good progress for free space: 3888M, need 122M
[91.921s][info][gc,ergo     ] GC(39) Good progress for used space: 3394M, need 4096K
[91.921s][info][gc          ] GC(39) Pause Degenerated GC (Mark) 11173M->7779M(12288M) 1713.149ms
[91.921s][info][gc,ergo     ] Free: 3888M, Max: 4096K regular, 2112M humongous, Frag: 46% external, 8% internal; Reserve: 616M, Max: 4096K
[91.922s][info][gc,stats    ] 
[91.922s][info][gc,stats    ] All times are wall-clock times, except per-root-class counters, that are sum over
[91.922s][info][gc,stats    ] all workers. Dividing the <total> over the root stage time estimates parallelism.
[91.922s][info][gc,stats    ] 
[91.922s][info][gc,stats    ]   Finish Mark                    878927 us
[91.922s][info][gc,stats    ] Pause Degenerated GC (G)        1713245 us
[91.922s][info][gc,stats    ] Pause Degenerated GC (N)        1713155 us
[91.922s][info][gc,stats    ]     System Purge                    617 us
[91.922s][info][gc,stats    ]       Weak References               125 us, parallelism: 0.41x
[91.922s][info][gc,stats    ]         WRP: <total>                 51 us
[91.922s][info][gc,stats    ]         WRP: Weak References         51 us, workers (us):  51,   0,   0,   0,   0, 
[91.922s][info][gc,stats    ]       Unload Classes                448 us, parallelism: 4.59x
[91.922s][info][gc,stats    ]         DCU: <total>               2055 us
[91.922s][info][gc,stats    ]         DCU: Unload Code Caches     2055 us, workers (us): 402, 420, 414, 399, 419, 
[91.922s][info][gc,stats    ]       Weak Roots                     43 us, parallelism: 1.68x
[91.922s][info][gc,stats    ]         DWR: <total>                 72 us
[91.922s][info][gc,stats    ]         DWR: VM Weak Roots           72 us, workers (us):  14,  13,  13,  11,  21, 
[91.922s][info][gc,stats    ]       CLDG                            0 us
[91.922s][info][gc,stats    ]   Update Region States               28 us
[91.922s][info][gc,stats    ]   Manage GC/TLABs                     5 us
[91.922s][info][gc,stats    ]   Choose Collection Set              90 us
[91.922s][info][gc,stats    ]   Rebuild Free Set                    7 us
[91.922s][info][gc,stats    ]   Evacuation                     144790 us
[91.922s][info][gc,stats    ]   Manage GCLABs                       9 us
[91.922s][info][gc,stats    ]   Update References              687734 us
[91.922s][info][gc,stats    ]   Update Region States               15 us
[91.922s][info][gc,stats    ]   Trash Collection Set                3 us
[91.922s][info][gc,stats    ]   Rebuild Free Set                    9 us
[91.922s][info][gc,stats    ]   Degen Update Roots                690 us, parallelism: 4.38x
[91.922s][info][gc,stats    ]     DU: <total>                    3022 us
[91.922s][info][gc,stats    ]     DU: Thread Roots               1383 us, workers (us):  30, 557, 588,   3, 205, 
[91.922s][info][gc,stats    ]     DU: Code Cache Roots           1495 us, workers (us): 549,   0,   0, 576, 370, 
[91.922s][info][gc,stats    ]     DU: VM Strong Roots              43 us, workers (us):  12,   7,   7,   7,  10, 
[91.922s][info][gc,stats    ]     DU: VM Weak Roots                32 us, workers (us):   5,   8,   8,   8,   3, 
[91.922s][info][gc,stats    ]     DU: CLDG Roots                   68 us, workers (us):   8,  29,  11,   8,  11, 
[91.922s][info][gc,stats    ]   Cleanup                            13 us
[91.922s][info][gc,stats    ] 
[91.922s][info][gc,stats    ] Allocation pacing accrued:
[91.922s][info][gc,stats    ]       0 of  1715 ms (  0.0%): <total>
[91.922s][info][gc,stats    ]       0 of  1715 ms (  0.0%): <average total>
[91.922s][info][gc,stats    ] 
[91.922s][info][gc,metaspace] Metaspace: 2281K(2432K)->2281K(2432K) NonClass: 2076K(2176K)->2076K(2176K) Class: 204K(256K)->204K(256K)
[91.922s][info][gc,ergo     ] Pacer for Idle. Initial: 245M, Alloc Tax Rate: 1.0x
[91.923s][info][gc          ] Trigger: Average GC time (7970.60 ms) is above the time for average allocation rate (799 MB/s) to deplete free headroom (1765M) (margin of error = 2.17)
[91.923s][info][gc,ergo     ] Free headroom: 3608M (free) - 614M (spike) - 1228M (penalties) = 1765M
[91.923s][info][gc,ergo     ] Free: 3608M, Max: 4096K regular, 2112M humongous, Frag: 42% external, 8% internal; Reserve: 616M, Max: 4096K
[91.923s][info][gc,start    ] GC(40) Concurrent reset
[91.923s][info][gc,task     ] GC(40) Using 2 of 5 workers for concurrent reset
[91.923s][info][gc,ergo     ] GC(40) Pacer for Reset. Non-Taxable: 12288M
[91.934s][info][gc          ] GC(40) Concurrent reset 10.877ms
[91.934s][info][gc,start    ] GC(40) Pause Init Mark (unload classes)
[91.934s][info][gc,task     ] GC(40) Using 5 of 5 workers for init marking
[91.934s][info][gc,ergo     ] GC(40) Pacer for Mark. Expected Live: 4237M, Free: 3608M, Non-Taxable: 360M, Alloc Tax Rate: 1.4x
[91.934s][info][gc          ] GC(40) Pause Init Mark (unload classes) 0.046ms
[91.934s][info][gc,start    ] GC(40) Concurrent marking roots
[91.934s][info][gc,task     ] GC(40) Using 2 of 5 workers for concurrent marking roots
[91.935s][info][gc          ] GC(40) Concurrent marking roots 1.229ms
[91.935s][info][gc,start    ] GC(40) Concurrent marking (unload classes)
[91.935s][info][gc,task     ] GC(40) Using 2 of 5 workers for concurrent marking
[91.936s][info][gc          ] GC(40) Concurrent marking (unload classes) 0.660ms
[91.936s][info][gc,start    ] GC(40) Pause Final Mark (unload classes)
[91.936s][info][gc,task     ] GC(40) Using 5 of 5 workers for final marking
[91.936s][info][gc,ergo     ] GC(40) Collectable Garbage: 7703M (99%), Immediate: 7703M (99%), CSet: 0B (0%)
[91.936s][info][gc          ] GC(40) Pause Final Mark (unload classes) 0.122ms
[91.936s][info][gc,start    ] GC(40) Concurrent weak references
[91.936s][info][gc,task     ] GC(40) Using 2 of 5 workers for concurrent weak references
[91.936s][info][gc,ref      ] GC(40) Encountered references: Soft: 170, Weak: 324, Final: 6, Phantom: 6
[91.936s][info][gc,ref      ] GC(40) Discovered  references: Soft: 0, Weak: 124, Final: 6, Phantom: 4
[91.936s][info][gc,ref      ] GC(40) Enqueued    references: Soft: 0, Weak: 0, Final: 0, Phantom: 2
[91.936s][info][gc          ] GC(40) Concurrent weak references 0.030ms
[91.936s][info][gc,start    ] GC(40) Concurrent weak roots
[91.936s][info][gc,task     ] GC(40) Using 2 of 5 workers for concurrent weak root
[91.936s][info][gc          ] GC(40) Concurrent weak roots 0.092ms
[91.936s][info][gc,start    ] GC(40) Concurrent cleanup
[91.936s][info][gc          ] GC(40) Concurrent cleanup 8060M->357M(12288M) 0.050ms
[91.936s][info][gc,ergo     ] GC(40) Free: 11313M, Max: 4096K regular, 6568M humongous, Frag: 42% external, 0% internal; Reserve: 616M, Max: 4096K
[91.936s][info][gc,start    ] GC(40) Concurrent class unloading
[91.936s][info][gc,task     ] GC(40) Using 2 of 5 workers for concurrent class unloading
[91.937s][info][gc          ] GC(40) Concurrent class unloading 0.323ms
[91.937s][info][gc,start    ] GC(40) Pause Final Roots
[91.937s][info][gc          ] GC(40) Pause Final Roots 0.005ms
[91.937s][info][gc,ergo     ] Free: 11313M, Max: 4096K regular, 6568M humongous, Frag: 42% external, 0% internal; Reserve: 616M, Max: 4096K
[91.937s][info][gc,stats    ] 
[91.937s][info][gc,stats    ] All times are wall-clock times, except per-root-class counters, that are sum over
[91.937s][info][gc,stats    ] all workers. Dividing the <total> over the root stage time estimates parallelism.
[91.937s][info][gc,stats    ] 
[91.937s][info][gc,stats    ] Concurrent Reset                  10909 us
[91.937s][info][gc,stats    ] Pause Init Mark (G)                  74 us
[91.937s][info][gc,stats    ] Pause Init Mark (N)                  51 us
[91.937s][info][gc,stats    ]   Update Region States               24 us
[91.937s][info][gc,stats    ] Concurrent Mark Roots              1236 us, parallelism: 1.94x
[91.937s][info][gc,stats    ]   CMR: <total>                     2393 us
[91.937s][info][gc,stats    ]   CMR: Thread Roots                2374 us, workers (us): 1201, 1173, ---, ---, ---, 
[91.937s][info][gc,stats    ]   CMR: VM Strong Roots                8 us, workers (us):   6,   2, ---, ---, ---, 
[91.937s][info][gc,stats    ]   CMR: CLDG Roots                    11 us, workers (us): ---,  11, ---, ---, ---, 
[91.937s][info][gc,stats    ] Concurrent Marking                  666 us
[91.937s][info][gc,stats    ] Pause Final Mark (G)                136 us
[91.937s][info][gc,stats    ] Pause Final Mark (N)                127 us
[91.937s][info][gc,stats    ]   Finish Mark                        47 us
[91.937s][info][gc,stats    ]   Update Region States               19 us
[91.937s][info][gc,stats    ]   Choose Collection Set              21 us
[91.937s][info][gc,stats    ]   Rebuild Free Set                   10 us
[91.937s][info][gc,stats    ] Concurrent Weak References           34 us, parallelism: 0.07x
[91.937s][info][gc,stats    ]   CWRF: <total>                       2 us
[91.937s][info][gc,stats    ]   CWRF: Weak References               2 us, workers (us):   2,   0, ---, ---, ---, 
[91.937s][info][gc,stats    ] Concurrent Weak Roots                98 us
[91.937s][info][gc,stats    ]   Roots                              71 us, parallelism: 1.48x
[91.937s][info][gc,stats    ]     CWR: <total>                    106 us
[91.937s][info][gc,stats    ]     CWR: Code Cache Roots            91 us, workers (us):  49,  43, ---, ---, ---, 
[91.937s][info][gc,stats    ]     CWR: VM Weak Roots               14 us, workers (us):  13,   0, ---, ---, ---, 
[91.937s][info][gc,stats    ]     CWR: CLDG Roots                   1 us, workers (us): ---,   1, ---, ---, ---, 
[91.937s][info][gc,stats    ]   Rendezvous                         14 us
[91.937s][info][gc,stats    ] Concurrent Cleanup                   54 us
[91.937s][info][gc,stats    ] Concurrent Class Unloading          328 us
[91.937s][info][gc,stats    ]   Unlink Stale                      293 us
[91.937s][info][gc,stats    ]     System Dictionary                 1 us
[91.937s][info][gc,stats    ]     Weak Class Links                  0 us
[91.937s][info][gc,stats    ]     Code Roots                      292 us
[91.937s][info][gc,stats    ]   Rendezvous                         13 us
[91.937s][info][gc,stats    ]   Purge Unlinked                     10 us
[91.937s][info][gc,stats    ]     Code Roots                        9 us
[91.937s][info][gc,stats    ]     CLDG                              1 us
[91.937s][info][gc,stats    ]     Exception Caches                  0 us
[91.937s][info][gc,stats    ] Pause Final Roots (G)                37 us
[91.937s][info][gc,stats    ] Pause Final Roots (N)                 8 us
[91.937s][info][gc,stats    ] 
[91.937s][info][gc,stats    ] Allocation pacing accrued:
[91.937s][info][gc,stats    ]       0 of    15 ms (  0.0%): <total>
[91.937s][info][gc,stats    ]       0 of    15 ms (  0.0%): <average total>
[91.937s][info][gc,stats    ] 
[91.937s][info][gc,metaspace] Metaspace: 2281K(2432K)->2281K(2432K) NonClass: 2076K(2176K)->2076K(2176K) Class: 204K(256K)->204K(256K)
[91.937s][info][gc,ergo     ] Pacer for Idle. Initial: 245M, Alloc Tax Rate: 1.0x
[92.627s][info][gc          ] Trigger: Average GC time (6712.05 ms) is above the time for average allocation rate (1434 MB/s) to deplete free headroom (9103M) (margin of error = 2.15)
[92.627s][info][gc,ergo     ] Free headroom: 10823M (free) - 614M (spike) - 1105M (penalties) = 9103M
[92.627s][info][gc,ergo     ] Free: 10823M, Max: 4096K regular, 6568M humongous, Frag: 40% external, 0% internal; Reserve: 616M, Max: 4096K
[92.627s][info][gc,start    ] GC(41) Concurrent reset
[92.627s][info][gc,task     ] GC(41) Using 2 of 5 workers for concurrent reset
[92.627s][info][gc,ergo     ] GC(41) Pacer for Reset. Non-Taxable: 12288M
[92.630s][info][gc          ] GC(41) Concurrent reset 3.301ms
[92.674s][info][gc,start    ] GC(41) Pause Init Mark (unload classes)
[92.674s][info][gc,task     ] GC(41) Using 5 of 5 workers for init marking
[92.674s][info][gc,ergo     ] GC(41) Pacer for Mark. Expected Live: 3923M, Free: 10658M, Non-Taxable: 1065M, Alloc Tax Rate: 0.4x
[92.674s][info][gc          ] GC(41) Pause Init Mark (unload classes) 0.073ms
[92.674s][info][gc,start    ] GC(41) Concurrent marking roots
[92.674s][info][gc,task     ] GC(41) Using 2 of 5 workers for concurrent marking roots
[92.675s][info][gc          ] GC(41) Concurrent marking roots 1.021ms
[92.675s][info][gc,start    ] GC(41) Concurrent marking (unload classes)
[92.675s][info][gc,task     ] GC(41) Using 2 of 5 workers for concurrent marking
[92.734s][info][gc          ] GC(41) Concurrent marking (unload classes) 58.169ms
[92.734s][info][gc,start    ] GC(41) Pause Final Mark (unload classes)
[92.734s][info][gc,task     ] GC(41) Using 5 of 5 workers for final marking
[92.734s][info][gc,ergo     ] GC(41) Adaptive CSet Selection. Target Free: 1740M, Actual Free: 11404M, Max CSet: 512M, Min Garbage: 0B
[92.734s][info][gc,ergo     ] GC(41) Collectable Garbage: 356M (99%), Immediate: 280M (78%), CSet: 78338K (21%)
[92.734s][info][gc,ergo     ] GC(41) Pacer for Evacuation. Used CSet: 81832K, Free: 10802M, Non-Taxable: 1080M, Alloc Tax Rate: 1.1x
[92.734s][info][gc          ] GC(41) Pause Final Mark (unload classes) 0.127ms
[92.734s][info][gc,start    ] GC(41) Concurrent thread roots
[92.734s][info][gc,task     ] GC(41) Using 2 of 5 workers for Concurrent thread roots
[92.735s][info][gc          ] GC(41) Concurrent thread roots 1.001ms
[92.735s][info][gc,start    ] GC(41) Concurrent weak references
[92.735s][info][gc,task     ] GC(41) Using 2 of 5 workers for concurrent weak references
[92.735s][info][gc,ref      ] GC(41) Encountered references: Soft: 170, Weak: 324, Final: 6, Phantom: 3
[92.735s][info][gc,ref      ] GC(41) Discovered  references: Soft: 0, Weak: 124, Final: 6, Phantom: 3
[92.735s][info][gc,ref      ] GC(41) Enqueued    references: Soft: 0, Weak: 0, Final: 0, Phantom: 2
[92.735s][info][gc          ] GC(41) Concurrent weak references 0.041ms
[92.735s][info][gc,start    ] GC(41) Concurrent weak roots
[92.735s][info][gc,task     ] GC(41) Using 2 of 5 workers for concurrent weak root
[92.735s][info][gc          ] GC(41) Concurrent weak roots 0.116ms
[92.735s][info][gc,start    ] GC(41) Concurrent cleanup
[92.735s][info][gc          ] GC(41) Concurrent cleanup 1150M->870M(12288M) 0.016ms
[92.735s][info][gc,ergo     ] GC(41) Free: 10800M, Max: 4096K regular, 6572M humongous, Frag: 40% external, 0% internal; Reserve: 615M, Max: 4096K
[92.735s][info][gc,start    ] GC(41) Concurrent class unloading
[92.735s][info][gc,task     ] GC(41) Using 2 of 5 workers for concurrent class unloading
[92.735s][info][gc          ] GC(41) Concurrent class unloading 0.271ms
[92.735s][info][gc,start    ] GC(41) Concurrent strong roots
[92.735s][info][gc,task     ] GC(41) Using 2 of 5 workers for concurrent strong root
[92.735s][info][gc          ] GC(41) Concurrent strong roots 0.057ms
[92.735s][info][gc,start    ] GC(41) Concurrent evacuation
[92.735s][info][gc,task     ] GC(41) Using 2 of 5 workers for concurrent evacuation
[92.736s][info][gc          ] GC(41) Concurrent evacuation 0.618ms
[92.736s][info][gc,start    ] GC(41) Pause Init Update Refs
[92.736s][info][gc,ergo     ] GC(41) Pacer for Update Refs. Used: 878M, Free: 10796M, Non-Taxable: 1079M, Alloc Tax Rate: 1.1x
[92.736s][info][gc          ] GC(41) Pause Init Update Refs 0.010ms
[92.736s][info][gc,start    ] GC(41) Concurrent update references
[92.736s][info][gc,task     ] GC(41) Using 2 of 5 workers for concurrent reference update
[92.763s][info][gc          ] GC(41) Concurrent update references 26.867ms
[92.763s][info][gc,start    ] GC(41) Concurrent update thread roots
[92.765s][info][gc          ] GC(41) Concurrent update thread roots 1.704ms
[92.765s][info][gc,start    ] GC(41) Pause Final Update Refs
[92.765s][info][gc,task     ] GC(41) Using 5 of 5 workers for final reference update
[92.765s][info][gc          ] GC(41) Pause Final Update Refs 0.041ms
[92.765s][info][gc,start    ] GC(41) Concurrent cleanup
[92.765s][info][gc          ] GC(41) Concurrent cleanup 950M->870M(12288M) 0.014ms
[92.765s][info][gc,ergo     ] Free: 10800M, Max: 4096K regular, 9096M humongous, Frag: 16% external, 0% internal; Reserve: 616M, Max: 4096K
[92.765s][info][gc,stats    ] 
[92.765s][info][gc,stats    ] All times are wall-clock times, except per-root-class counters, that are sum over
[92.765s][info][gc,stats    ] all workers. Dividing the <total> over the root stage time estimates parallelism.
[92.765s][info][gc,stats    ] 
[92.765s][info][gc,stats    ] Concurrent Reset                   3313 us
[92.765s][info][gc,stats    ] Pause Init Mark (G)               44427 us
[92.765s][info][gc,stats    ] Pause Init Mark (N)                  77 us
[92.765s][info][gc,stats    ]   Update Region States               26 us
[92.765s][info][gc,stats    ] Concurrent Mark Roots              1031 us, parallelism: 1.91x
[92.765s][info][gc,stats    ]   CMR: <total>                     1970 us
[92.765s][info][gc,stats    ]   CMR: Thread Roots                1954 us, workers (us): 981, 973, ---, ---, ---, 
[92.765s][info][gc,stats    ]   CMR: VM Strong Roots                4 us, workers (us):   4,   0, ---, ---, ---, 
[92.765s][info][gc,stats    ]   CMR: CLDG Roots                    12 us, workers (us):  12, ---, ---, ---, ---, 
[92.765s][info][gc,stats    ] Concurrent Marking                58195 us
[92.765s][info][gc,stats    ] Pause Final Mark (G)                165 us
[92.765s][info][gc,stats    ] Pause Final Mark (N)                131 us
[92.765s][info][gc,stats    ]   Finish Mark                        43 us
[92.765s][info][gc,stats    ]   Update Region States               22 us
[92.765s][info][gc,stats    ]   Choose Collection Set              25 us
[92.765s][info][gc,stats    ]   Rebuild Free Set                    8 us
[92.765s][info][gc,stats    ] Concurrent Thread Roots            1013 us, parallelism: 1.90x
[92.765s][info][gc,stats    ]   CTR: <total>                     1921 us
[92.765s][info][gc,stats    ]   CTR: Thread Roots                1921 us, workers (us): 982, 940, ---, ---, ---, 
[92.765s][info][gc,stats    ] Concurrent Weak References           46 us, parallelism: 0.12x
[92.765s][info][gc,stats    ]   CWRF: <total>                       5 us
[92.765s][info][gc,stats    ]   CWRF: Weak References               5 us, workers (us):   4,   1, ---, ---, ---, 
[92.765s][info][gc,stats    ] Concurrent Weak Roots               121 us
[92.765s][info][gc,stats    ]   Roots                              91 us, parallelism: 1.67x
[92.765s][info][gc,stats    ]     CWR: <total>                    153 us
[92.765s][info][gc,stats    ]     CWR: Code Cache Roots           131 us, workers (us):  71,  60, ---, ---, ---, 
[92.765s][info][gc,stats    ]     CWR: VM Weak Roots               20 us, workers (us):  12,   8, ---, ---, ---, 
[92.765s][info][gc,stats    ]     CWR: CLDG Roots                   1 us, workers (us): ---,   1, ---, ---, ---, 
[92.765s][info][gc,stats    ]   Rendezvous                         16 us
[92.765s][info][gc,stats    ] Concurrent Cleanup                   20 us
[92.765s][info][gc,stats    ] Concurrent Class Unloading          277 us
[92.765s][info][gc,stats    ]   Unlink Stale                      242 us
[92.765s][info][gc,stats    ]     System Dictionary                 1 us
[92.765s][info][gc,stats    ]     Weak Class Links                  0 us
[92.765s][info][gc,stats    ]     Code Roots                      241 us
[92.765s][info][gc,stats    ]   Rendezvous                         11 us
[92.765s][info][gc,stats    ]   Purge Unlinked                     11 us
[92.765s][info][gc,stats    ]     Code Roots                       10 us
[92.765s][info][gc,stats    ]     CLDG                              1 us
[92.765s][info][gc,stats    ]     Exception Caches                  0 us
[92.765s][info][gc,stats    ] Concurrent Strong Roots              62 us, parallelism: 0.71x
[92.765s][info][gc,stats    ]   CSR: <total>                       44 us
[92.765s][info][gc,stats    ]   CSR: VM Strong Roots                1 us, workers (us):   1,   0, ---, ---, ---, 
[92.765s][info][gc,stats    ]   CSR: CLDG Roots                    42 us, workers (us):  42, ---, ---, ---, ---, 
[92.765s][info][gc,stats    ] Concurrent Evacuation               623 us
[92.765s][info][gc,stats    ] Pause Init Update Refs (G)           42 us
[92.765s][info][gc,stats    ] Pause Init Update Refs (N)           13 us
[92.765s][info][gc,stats    ]   Manage GCLABs                       2 us
[92.765s][info][gc,stats    ] Concurrent Update Refs            26891 us
[92.765s][info][gc,stats    ] Concurrent Update Thread Roots     1715 us
[92.765s][info][gc,stats    ] Pause Final Update Refs (G)          84 us
[92.765s][info][gc,stats    ] Pause Final Update Refs (N)          49 us
[92.765s][info][gc,stats    ]   Update Region States               20 us
[92.765s][info][gc,stats    ]   Trash Collection Set                2 us
[92.765s][info][gc,stats    ]   Rebuild Free Set                    8 us
[92.765s][info][gc,stats    ] Concurrent Cleanup                   20 us
[92.765s][info][gc,stats    ] 
[92.765s][info][gc,stats    ] Allocation pacing accrued:
[92.765s][info][gc,stats    ]       0 of   828 ms (  0.0%): <total>
[92.765s][info][gc,stats    ]       0 of   828 ms (  0.0%): <average total>
[92.765s][info][gc,stats    ] 
[92.765s][info][gc,metaspace] Metaspace: 2281K(2432K)->2281K(2432K) NonClass: 2076K(2176K)->2076K(2176K) Class: 204K(256K)->204K(256K)
[92.765s][info][gc,ergo     ] Pacer for Idle. Initial: 245M, Alloc Tax Rate: 1.0x
[92.766s][info][gc          ] Trigger: Average GC time (4849.34 ms) is above the time for average allocation rate (2122 MB/s) to deplete free headroom (9194M) (margin of error = 2.14)
[92.766s][info][gc,ergo     ] Free headroom: 10792M (free) - 614M (spike) - 983M (penalties) = 9194M
[92.766s][info][gc,ergo     ] Free: 10792M, Max: 4096K regular, 9096M humongous, Frag: 16% external, 0% internal; Reserve: 616M, Max: 4096K
[92.766s][info][gc,start    ] GC(42) Concurrent reset
[92.766s][info][gc,task     ] GC(42) Using 2 of 5 workers for concurrent reset
[92.766s][info][gc,ergo     ] GC(42) Pacer for Reset. Non-Taxable: 12288M
[92.767s][info][gc          ] GC(42) Concurrent reset 0.412ms
[92.767s][info][gc,start    ] GC(42) Pause Init Mark (unload classes)
[92.767s][info][gc,task     ] GC(42) Using 5 of 5 workers for init marking
[92.767s][info][gc,ergo     ] GC(42) Pacer for Mark. Expected Live: 3554M, Free: 10792M, Non-Taxable: 1079M, Alloc Tax Rate: 0.4x
[92.767s][info][gc          ] GC(42) Pause Init Mark (unload classes) 0.039ms
[92.767s][info][gc,start    ] GC(42) Concurrent marking roots
[92.767s][info][gc,task     ] GC(42) Using 2 of 5 workers for concurrent marking roots
[92.768s][info][gc          ] GC(42) Concurrent marking roots 0.915ms
[92.768s][info][gc,start    ] GC(42) Concurrent marking (unload classes)
[92.768s][info][gc,task     ] GC(42) Using 2 of 5 workers for concurrent marking
[92.851s][info][gc          ] GC(42) Concurrent marking (unload classes) 83.573ms
[92.851s][info][gc,start    ] GC(42) Pause Final Mark (unload classes)
[92.851s][info][gc,task     ] GC(42) Using 5 of 5 workers for final marking
[92.851s][info][gc,ergo     ] GC(42) Adaptive CSet Selection. Target Free: 1740M, Actual Free: 11176M, Max CSet: 512M, Min Garbage: 0B
[92.851s][info][gc,ergo     ] GC(42) Collectable Garbage: 100282K (98%), Immediate: 0B (0%), CSet: 100282K (98%)
[92.851s][info][gc,ergo     ] GC(42) Pacer for Evacuation. Used CSet: 228M, Free: 10575M, Non-Taxable: 1057M, Alloc Tax Rate: 1.1x
[92.851s][info][gc          ] GC(42) Pause Final Mark (unload classes) 0.095ms
[92.851s][info][gc,start    ] GC(42) Concurrent thread roots
[92.851s][info][gc,task     ] GC(42) Using 2 of 5 workers for Concurrent thread roots
[92.852s][info][gc          ] GC(42) Concurrent thread roots 1.004ms
[92.852s][info][gc,start    ] GC(42) Concurrent weak references
[92.852s][info][gc,task     ] GC(42) Using 2 of 5 workers for concurrent weak references
[92.852s][info][gc,ref      ] GC(42) Encountered references: Soft: 170, Weak: 324, Final: 6, Phantom: 1
[92.852s][info][gc,ref      ] GC(42) Discovered  references: Soft: 0, Weak: 124, Final: 6, Phantom: 1
[92.852s][info][gc,ref      ] GC(42) Enqueued    references: Soft: 0, Weak: 0, Final: 0, Phantom: 0
[92.853s][info][gc          ] GC(42) Concurrent weak references 0.043ms
[92.853s][info][gc,start    ] GC(42) Concurrent weak roots
[92.853s][info][gc,task     ] GC(42) Using 2 of 5 workers for concurrent weak root
[92.853s][info][gc          ] GC(42) Concurrent weak roots 0.077ms
[92.853s][info][gc,start    ] GC(42) Concurrent cleanup
[92.853s][info][gc          ] GC(42) Concurrent cleanup 1099M->1099M(12288M) 0.011ms
[92.853s][info][gc,ergo     ] GC(42) Free: 10571M, Max: 4096K regular, 9096M humongous, Frag: 14% external, 0% internal; Reserve: 615M, Max: 4096K
[92.853s][info][gc,start    ] GC(42) Concurrent class unloading
[92.853s][info][gc,task     ] GC(42) Using 2 of 5 workers for concurrent class unloading
[92.853s][info][gc          ] GC(42) Concurrent class unloading 0.277ms
[92.853s][info][gc,start    ] GC(42) Concurrent strong roots
[92.853s][info][gc,task     ] GC(42) Using 2 of 5 workers for concurrent strong root
[92.853s][info][gc          ] GC(42) Concurrent strong roots 0.066ms
[92.853s][info][gc,start    ] GC(42) Concurrent evacuation
[92.853s][info][gc,task     ] GC(42) Using 2 of 5 workers for concurrent evacuation
[92.885s][info][gc          ] GC(42) Concurrent evacuation 31.627ms
[92.885s][info][gc,start    ] GC(42) Pause Init Update Refs
[92.885s][info][gc,ergo     ] GC(42) Pacer for Update Refs. Used: 1275M, Free: 10531M, Non-Taxable: 1053M, Alloc Tax Rate: 1.1x
[92.885s][info][gc          ] GC(42) Pause Init Update Refs 0.020ms
[92.885s][info][gc,start    ] GC(42) Concurrent update references
[92.885s][info][gc,task     ] GC(42) Using 2 of 5 workers for concurrent reference update
[92.931s][info][gc          ] GC(42) Concurrent update references 46.323ms
[92.931s][info][gc,start    ] GC(42) Concurrent update thread roots
[92.933s][info][gc          ] GC(42) Concurrent update thread roots 1.750ms
[92.933s][info][gc,start    ] GC(42) Pause Final Update Refs
[92.933s][info][gc,task     ] GC(42) Using 5 of 5 workers for final reference update
[92.933s][info][gc          ] GC(42) Pause Final Update Refs 0.042ms
[92.933s][info][gc,start    ] GC(42) Concurrent cleanup
[92.933s][info][gc          ] GC(42) Concurrent cleanup 1347M->1119M(12288M) 0.016ms
[92.933s][info][gc,ergo     ] Free: 10551M, Max: 4096K regular, 9024M humongous, Frag: 15% external, 0% internal; Reserve: 616M, Max: 4096K
[92.933s][info][gc,stats    ] 
[92.933s][info][gc,stats    ] All times are wall-clock times, except per-root-class counters, that are sum over
[92.933s][info][gc,stats    ] all workers. Dividing the <total> over the root stage time estimates parallelism.
[92.933s][info][gc,stats    ] 
[92.933s][info][gc,stats    ] Concurrent Reset                    421 us
[92.933s][info][gc,stats    ] Pause Init Mark (G)                  77 us
[92.933s][info][gc,stats    ] Pause Init Mark (N)                  48 us
[92.933s][info][gc,stats    ]   Update Region States               13 us
[92.933s][info][gc,stats    ] Concurrent Mark Roots               922 us, parallelism: 1.91x
[92.933s][info][gc,stats    ]   CMR: <total>                     1763 us
[92.933s][info][gc,stats    ]   CMR: Thread Roots                1750 us, workers (us): 860, 890, ---, ---, ---, 
[92.933s][info][gc,stats    ]   CMR: VM Strong Roots                2 us, workers (us):   2,   0, ---, ---, ---, 
[92.933s][info][gc,stats    ]   CMR: CLDG Roots                    10 us, workers (us):  10, ---, ---, ---, ---, 
[92.933s][info][gc,stats    ] Concurrent Marking                83594 us
[92.933s][info][gc,stats    ] Pause Final Mark (G)                129 us
[92.933s][info][gc,stats    ] Pause Final Mark (N)                 98 us
[92.933s][info][gc,stats    ]   Finish Mark                        34 us
[92.933s][info][gc,stats    ]   Update Region States               15 us
[92.933s][info][gc,stats    ]   Choose Collection Set              20 us
[92.933s][info][gc,stats    ]   Rebuild Free Set                    8 us
[92.933s][info][gc,stats    ] Concurrent Thread Roots            1010 us, parallelism: 1.91x
[92.933s][info][gc,stats    ]   CTR: <total>                     1925 us
[92.933s][info][gc,stats    ]   CTR: Thread Roots                1925 us, workers (us): 985, 939, ---, ---, ---, 
[92.933s][info][gc,stats    ] Concurrent Weak References           48 us, parallelism: 0.09x
[92.933s][info][gc,stats    ]   CWRF: <total>                       4 us
[92.933s][info][gc,stats    ]   CWRF: Weak References               4 us, workers (us):   4,   0, ---, ---, ---, 
[92.933s][info][gc,stats    ] Concurrent Weak Roots                83 us
[92.933s][info][gc,stats    ]   Roots                              54 us, parallelism: 1.49x
[92.933s][info][gc,stats    ]     CWR: <total>                     80 us
[92.933s][info][gc,stats    ]     CWR: Code Cache Roots            61 us, workers (us):  35,  25, ---, ---, ---, 
[92.933s][info][gc,stats    ]     CWR: VM Weak Roots               18 us, workers (us):  11,   7, ---, ---, ---, 
[92.933s][info][gc,stats    ]     CWR: CLDG Roots                   2 us, workers (us): ---,   2, ---, ---, ---, 
[92.933s][info][gc,stats    ]   Rendezvous                         15 us
[92.933s][info][gc,stats    ] Concurrent Cleanup                   16 us
[92.933s][info][gc,stats    ] Concurrent Class Unloading          283 us
[92.933s][info][gc,stats    ]   Unlink Stale                      225 us
[92.933s][info][gc,stats    ]     System Dictionary                 1 us
[92.933s][info][gc,stats    ]     Weak Class Links                  0 us
[92.933s][info][gc,stats    ]     Code Roots                      224 us
[92.933s][info][gc,stats    ]   Rendezvous                         34 us
[92.933s][info][gc,stats    ]   Purge Unlinked                     11 us
[92.933s][info][gc,stats    ]     Code Roots                        9 us
[92.933s][info][gc,stats    ]     CLDG                              2 us
[92.933s][info][gc,stats    ] Concurrent Strong Roots              72 us, parallelism: 0.75x
[92.933s][info][gc,stats    ]   CSR: <total>                       53 us
[92.933s][info][gc,stats    ]   CSR: VM Strong Roots                1 us, workers (us):   1,   0, ---, ---, ---, 
[92.933s][info][gc,stats    ]   CSR: CLDG Roots                    52 us, workers (us):  52, ---, ---, ---, ---, 
[92.933s][info][gc,stats    ] Concurrent Evacuation             31659 us
[92.933s][info][gc,stats    ] Pause Init Update Refs (G)           80 us
[92.933s][info][gc,stats    ] Pause Init Update Refs (N)           32 us
[92.933s][info][gc,stats    ]   Manage GCLABs                       3 us
[92.933s][info][gc,stats    ] Concurrent Update Refs            46341 us
[92.933s][info][gc,stats    ] Concurrent Update Thread Roots     1762 us
[92.933s][info][gc,stats    ] Pause Final Update Refs (G)          89 us
[92.933s][info][gc,stats    ] Pause Final Update Refs (N)          52 us
[92.933s][info][gc,stats    ]   Update Region States               21 us
[92.933s][info][gc,stats    ]   Trash Collection Set                2 us
[92.933s][info][gc,stats    ]   Rebuild Free Set                    8 us
[92.933s][info][gc,stats    ] Concurrent Cleanup                   20 us
[92.933s][info][gc,stats    ] 
[92.933s][info][gc,stats    ] Allocation pacing accrued:
[92.933s][info][gc,stats    ]       0 of   168 ms (  0.0%): <total>
[92.933s][info][gc,stats    ]       0 of   168 ms (  0.0%): <average total>
[92.933s][info][gc,stats    ] 
[92.933s][info][gc,metaspace] Metaspace: 2281K(2432K)->2281K(2432K) NonClass: 2076K(2176K)->2076K(2176K) Class: 204K(256K)->204K(256K)
[92.933s][info][gc,ergo     ] Pacer for Idle. Initial: 245M, Alloc Tax Rate: 1.0x
[93.035s][info][gc          ] Trigger: Average GC time (3427.05 ms) is above the time for instantaneous allocation rate (2672 MB/s) to deplete free headroom (8804M) (spike threshold = 1.50)
[93.035s][info][gc,ergo     ] Free: 10279M, Max: 4096K regular, 8976M humongous, Frag: 13% external, 0% internal; Reserve: 616M, Max: 4096K
[93.035s][info][gc,start    ] GC(43) Concurrent reset
[93.035s][info][gc,task     ] GC(43) Using 2 of 5 workers for concurrent reset
[93.035s][info][gc,ergo     ] GC(43) Pacer for Reset. Non-Taxable: 12288M
[93.035s][info][gc          ] GC(43) Concurrent reset 0.257ms
[93.035s][info][gc,start    ] GC(43) Pause Init Mark (unload classes)
[93.035s][info][gc,task     ] GC(43) Using 5 of 5 workers for init marking
[93.035s][info][gc,ergo     ] GC(43) Pacer for Mark. Expected Live: 3063M, Free: 10278M, Non-Taxable: 1027M, Alloc Tax Rate: 0.4x
[93.035s][info][gc          ] GC(43) Pause Init Mark (unload classes) 0.037ms
[93.035s][info][gc,start    ] GC(43) Concurrent marking roots
[93.035s][info][gc,task     ] GC(43) Using 2 of 5 workers for concurrent marking roots
[93.036s][info][gc          ] GC(43) Concurrent marking roots 0.952ms
[93.036s][info][gc,start    ] GC(43) Concurrent marking (unload classes)
[93.036s][info][gc,task     ] GC(43) Using 2 of 5 workers for concurrent marking
[93.187s][info][gc          ] GC(43) Concurrent marking (unload classes) 151.295ms
[93.188s][info][gc,start    ] GC(43) Pause Final Mark (unload classes)
[93.188s][info][gc,task     ] GC(43) Using 5 of 5 workers for final marking
[93.188s][info][gc,ergo     ] GC(43) Adaptive CSet Selection. Target Free: 1740M, Actual Free: 10632M, Max CSet: 512M, Min Garbage: 0B
[93.188s][info][gc,ergo     ] GC(43) Collectable Garbage: 265M (99%), Immediate: 0B (0%), CSet: 265M (99%)
[93.188s][info][gc,ergo     ] GC(43) Pacer for Evacuation. Used CSet: 612M, Free: 10031M, Non-Taxable: 1003M, Alloc Tax Rate: 1.1x
[93.188s][info][gc          ] GC(43) Pause Final Mark (unload classes) 0.115ms
[93.188s][info][gc,start    ] GC(43) Concurrent thread roots
[93.188s][info][gc,task     ] GC(43) Using 2 of 5 workers for Concurrent thread roots
[93.189s][info][gc          ] GC(43) Concurrent thread roots 0.935ms
[93.189s][info][gc,start    ] GC(43) Concurrent weak references
[93.189s][info][gc,task     ] GC(43) Using 2 of 5 workers for concurrent weak references
[93.189s][info][gc,ref      ] GC(43) Encountered references: Soft: 170, Weak: 324, Final: 6, Phantom: 1
[93.189s][info][gc,ref      ] GC(43) Discovered  references: Soft: 0, Weak: 124, Final: 6, Phantom: 1
[93.189s][info][gc,ref      ] GC(43) Enqueued    references: Soft: 0, Weak: 0, Final: 0, Phantom: 0
[93.189s][info][gc          ] GC(43) Concurrent weak references 0.029ms
[93.189s][info][gc,start    ] GC(43) Concurrent weak roots
[93.189s][info][gc,task     ] GC(43) Using 2 of 5 workers for concurrent weak root
[93.189s][info][gc          ] GC(43) Concurrent weak roots 0.092ms
[93.189s][info][gc,start    ] GC(43) Concurrent cleanup
[93.189s][info][gc          ] GC(43) Concurrent cleanup 1643M->1643M(12288M) 0.012ms
[93.189s][info][gc,ergo     ] GC(43) Free: 10027M, Max: 4096K regular, 8724M humongous, Frag: 13% external, 0% internal; Reserve: 616M, Max: 4096K
[93.189s][info][gc,start    ] GC(43) Concurrent class unloading
[93.189s][info][gc,task     ] GC(43) Using 2 of 5 workers for concurrent class unloading
[93.189s][info][gc          ] GC(43) Concurrent class unloading 0.256ms
[93.189s][info][gc,start    ] GC(43) Concurrent strong roots
[93.189s][info][gc,task     ] GC(43) Using 2 of 5 workers for concurrent strong root
[93.189s][info][gc          ] GC(43) Concurrent strong roots 0.020ms
[93.189s][info][gc,start    ] GC(43) Concurrent evacuation
[93.189s][info][gc,task     ] GC(43) Using 2 of 5 workers for concurrent evacuation
[93.267s][info][gc          ] GC(43) Concurrent evacuation 78.395ms
[93.267s][info][gc,start    ] GC(43) Pause Init Update Refs
[93.268s][info][gc,ergo     ] GC(43) Pacer for Update Refs. Used: 2111M, Free: 9911M, Non-Taxable: 991M, Alloc Tax Rate: 1.1x
[93.268s][info][gc          ] GC(43) Pause Init Update Refs 0.019ms
[93.268s][info][gc,start    ] GC(43) Concurrent update references
[93.268s][info][gc,task     ] GC(43) Using 2 of 5 workers for concurrent reference update
[93.359s][info][gc          ] GC(43) Concurrent update references 91.491ms
[93.359s][info][gc,start    ] GC(43) Concurrent update thread roots
[93.361s][info][gc          ] GC(43) Concurrent update thread roots 1.745ms
[93.361s][info][gc,start    ] GC(43) Pause Final Update Refs
[93.361s][info][gc,task     ] GC(43) Using 5 of 5 workers for final reference update
[93.361s][info][gc          ] GC(43) Pause Final Update Refs 0.041ms
[93.361s][info][gc,start    ] GC(43) Concurrent cleanup
[93.361s][info][gc          ] GC(43) Concurrent cleanup 2247M->1635M(12288M) 0.016ms
[93.361s][info][gc,ergo     ] Free: 10035M, Max: 4096K regular, 8472M humongous, Frag: 16% external, 0% internal; Reserve: 616M, Max: 4096K
[93.361s][info][gc,stats    ] 
[93.361s][info][gc,stats    ] All times are wall-clock times, except per-root-class counters, that are sum over
[93.361s][info][gc,stats    ] all workers. Dividing the <total> over the root stage time estimates parallelism.
[93.361s][info][gc,stats    ] 
[93.361s][info][gc,stats    ] Concurrent Reset                    266 us
[93.361s][info][gc,stats    ] Pause Init Mark (G)                  77 us
[93.361s][info][gc,stats    ] Pause Init Mark (N)                  41 us
[93.361s][info][gc,stats    ]   Update Region States               15 us
[93.361s][info][gc,stats    ] Concurrent Mark Roots               957 us, parallelism: 1.91x
[93.361s][info][gc,stats    ]   CMR: <total>                     1825 us
[93.361s][info][gc,stats    ]   CMR: Thread Roots                1812 us, workers (us): 916, 897, ---, ---, ---, 
[93.361s][info][gc,stats    ]   CMR: VM Strong Roots                3 us, workers (us):   3,   0, ---, ---, ---, 
[93.361s][info][gc,stats    ]   CMR: CLDG Roots                    10 us, workers (us):  10, ---, ---, ---, ---, 
[93.361s][info][gc,stats    ] Concurrent Marking               151315 us
[93.361s][info][gc,stats    ] Pause Final Mark (G)                149 us
[93.361s][info][gc,stats    ] Pause Final Mark (N)                119 us
[93.361s][info][gc,stats    ]   Finish Mark                        41 us
[93.361s][info][gc,stats    ]   Update Region States               22 us
[93.361s][info][gc,stats    ]   Choose Collection Set              30 us
[93.361s][info][gc,stats    ]   Rebuild Free Set                    7 us
[93.361s][info][gc,stats    ] Concurrent Thread Roots             941 us, parallelism: 1.92x
[93.361s][info][gc,stats    ]   CTR: <total>                     1807 us
[93.361s][info][gc,stats    ]   CTR: Thread Roots                1807 us, workers (us): 915, 892, ---, ---, ---, 
[93.361s][info][gc,stats    ] Concurrent Weak References           32 us, parallelism: 0.19x
[93.361s][info][gc,stats    ]   CWRF: <total>                       6 us
[93.361s][info][gc,stats    ]   CWRF: Weak References               6 us, workers (us):   5,   1, ---, ---, ---, 
[93.361s][info][gc,stats    ] Concurrent Weak Roots                96 us
[93.361s][info][gc,stats    ]   Roots                              57 us, parallelism: 1.49x
[93.361s][info][gc,stats    ]     CWR: <total>                     85 us
[93.361s][info][gc,stats    ]     CWR: Code Cache Roots            66 us, workers (us):  38,  28, ---, ---, ---, 
[93.361s][info][gc,stats    ]     CWR: VM Weak Roots               18 us, workers (us):  11,   6, ---, ---, ---, 
[93.361s][info][gc,stats    ]     CWR: CLDG Roots                   2 us, workers (us): ---,   2, ---, ---, ---, 
[93.361s][info][gc,stats    ]   Rendezvous                         28 us
[93.361s][info][gc,stats    ] Concurrent Cleanup                   15 us
[93.361s][info][gc,stats    ] Concurrent Class Unloading          264 us
[93.361s][info][gc,stats    ]   Unlink Stale                      225 us
[93.361s][info][gc,stats    ]     System Dictionary                 1 us
[93.361s][info][gc,stats    ]     Weak Class Links                  0 us
[93.361s][info][gc,stats    ]     Code Roots                      224 us
[93.361s][info][gc,stats    ]   Rendezvous                         11 us
[93.361s][info][gc,stats    ]   Purge Unlinked                     15 us
[93.361s][info][gc,stats    ]     Code Roots                       13 us
[93.361s][info][gc,stats    ]     CLDG                              2 us
[93.361s][info][gc,stats    ]     Exception Caches                  0 us
[93.361s][info][gc,stats    ] Concurrent Strong Roots              24 us, parallelism: 0.34x
[93.361s][info][gc,stats    ]   CSR: <total>                        8 us
[93.361s][info][gc,stats    ]   CSR: VM Strong Roots                2 us, workers (us):   1,   0, ---, ---, ---, 
[93.361s][info][gc,stats    ]   CSR: CLDG Roots                     6 us, workers (us):   6, ---, ---, ---, ---, 
[93.361s][info][gc,stats    ] Concurrent Evacuation             78425 us
[93.361s][info][gc,stats    ] Pause Init Update Refs (G)           71 us
[93.361s][info][gc,stats    ] Pause Init Update Refs (N)           22 us
[93.361s][info][gc,stats    ]   Manage GCLABs                       8 us
[93.361s][info][gc,stats    ] Concurrent Update Refs            91509 us
[93.361s][info][gc,stats    ] Concurrent Update Thread Roots     1757 us
[93.361s][info][gc,stats    ] Pause Final Update Refs (G)          79 us
[93.361s][info][gc,stats    ] Pause Final Update Refs (N)          49 us
[93.361s][info][gc,stats    ]   Update Region States               19 us
[93.361s][info][gc,stats    ]   Trash Collection Set                2 us
[93.361s][info][gc,stats    ]   Rebuild Free Set                    8 us
[93.361s][info][gc,stats    ] Concurrent Cleanup                   19 us
[93.361s][info][gc,stats    ] 
[93.361s][info][gc,stats    ] Allocation pacing accrued:
[93.361s][info][gc,stats    ]       0 of   428 ms (  0.0%): <total>
[93.361s][info][gc,stats    ]       0 of   428 ms (  0.0%): <average total>
[93.361s][info][gc,stats    ] 
[93.361s][info][gc,metaspace] Metaspace: 2281K(2432K)->2281K(2432K) NonClass: 2076K(2176K)->2076K(2176K) Class: 204K(256K)->204K(256K)
[93.361s][info][gc,ergo     ] Pacer for Idle. Initial: 245M, Alloc Tax Rate: 1.0x
[95.574s][info][gc          ] Trigger: Average GC time (2485.09 ms) is above the time for average allocation rate (2798 MB/s) to deplete free headroom (4415M) (margin of error = 2.13)
[95.574s][info][gc,ergo     ] Free headroom: 5767M (free) - 614M (spike) - 737M (penalties) = 4415M
[95.574s][info][gc,ergo     ] Free: 5767M, Max: 4096K regular, 4808M humongous, Frag: 17% external, 0% internal; Reserve: 616M, Max: 4096K
[95.574s][info][gc,start    ] GC(44) Concurrent reset
[95.574s][info][gc,task     ] GC(44) Using 2 of 5 workers for concurrent reset
[95.574s][info][gc,ergo     ] GC(44) Pacer for Reset. Non-Taxable: 12288M
[95.574s][info][gc          ] GC(44) Concurrent reset 0.689ms
[95.574s][info][gc,start    ] GC(44) Pause Init Mark (unload classes)
[95.574s][info][gc,task     ] GC(44) Using 5 of 5 workers for init marking
[95.574s][info][gc,ergo     ] GC(44) Pacer for Mark. Expected Live: 1981M, Free: 5767M, Non-Taxable: 576M, Alloc Tax Rate: 0.4x
[95.574s][info][gc          ] GC(44) Pause Init Mark (unload classes) 0.052ms
[95.574s][info][gc,start    ] GC(44) Concurrent marking roots
[95.574s][info][gc,task     ] GC(44) Using 2 of 5 workers for concurrent marking roots
[95.575s][info][gc          ] GC(44) Concurrent marking roots 1.042ms
[95.575s][info][gc,start    ] GC(44) Concurrent marking (unload classes)
[95.575s][info][gc,task     ] GC(44) Using 2 of 5 workers for concurrent marking
[97.277s][info][gc          ] GC(44) Concurrent marking (unload classes) 1701.850ms
[97.278s][info][gc,start    ] GC(44) Pause Final Mark (unload classes)
[97.278s][info][gc,task     ] GC(44) Using 5 of 5 workers for final marking
[97.278s][info][gc,ergo     ] GC(44) Adaptive CSet Selection. Target Free: 1740M, Actual Free: 2827M, Max CSet: 512M, Min Garbage: 0B
[97.278s][info][gc,ergo     ] GC(44) Collectable Garbage: 671M (30%), Immediate: 279M (12%), CSet: 392M (17%)
[97.278s][info][gc,ergo     ] GC(44) Pacer for Evacuation. Used CSet: 904M, Free: 2227M, Non-Taxable: 222M, Alloc Tax Rate: 1.1x
[97.278s][info][gc          ] GC(44) Pause Final Mark (unload classes) 0.180ms
[97.278s][info][gc,start    ] GC(44) Concurrent thread roots
[97.278s][info][gc,task     ] GC(44) Using 2 of 5 workers for Concurrent thread roots
[97.280s][info][gc          ] GC(44) Concurrent thread roots 1.316ms
[97.280s][info][gc,start    ] GC(44) Concurrent weak references
[97.280s][info][gc,task     ] GC(44) Using 2 of 5 workers for concurrent weak references
[97.280s][info][gc,ref      ] GC(44) Encountered references: Soft: 170, Weak: 324, Final: 6, Phantom: 1
[97.280s][info][gc,ref      ] GC(44) Discovered  references: Soft: 0, Weak: 124, Final: 6, Phantom: 1
[97.280s][info][gc,ref      ] GC(44) Enqueued    references: Soft: 0, Weak: 0, Final: 0, Phantom: 0
[97.280s][info][gc          ] GC(44) Concurrent weak references 0.047ms
[97.280s][info][gc,start    ] GC(44) Concurrent weak roots
[97.280s][info][gc,task     ] GC(44) Using 2 of 5 workers for concurrent weak root
[97.282s][info][gc          ] GC(44) Concurrent weak roots 2.755ms
[97.282s][info][gc,start    ] GC(44) Concurrent cleanup
[97.283s][info][gc          ] GC(44) Concurrent cleanup 9722M->9443M(12288M) 0.013ms
[97.283s][info][gc,ergo     ] GC(44) Free: 2224M, Max: 4096K regular, 984M humongous, Frag: 56% external, 0% internal; Reserve: 615M, Max: 4096K
[97.283s][info][gc,start    ] GC(44) Concurrent class unloading
[97.283s][info][gc,task     ] GC(44) Using 2 of 5 workers for concurrent class unloading
[97.283s][info][gc          ] GC(44) Concurrent class unloading 0.770ms
[97.283s][info][gc,start    ] GC(44) Concurrent strong roots
[97.283s][info][gc,task     ] GC(44) Using 2 of 5 workers for concurrent strong root
[97.283s][info][gc          ] GC(44) Concurrent strong roots 0.031ms
[97.283s][info][gc,start    ] GC(44) Concurrent evacuation
[97.283s][info][gc,task     ] GC(44) Using 2 of 5 workers for concurrent evacuation
[97.583s][info][gc          ] GC(44) Concurrent evacuation 299.726ms
[97.583s][info][gc,start    ] GC(44) Pause Init Update Refs
[97.583s][info][gc,ergo     ] GC(44) Pacer for Update Refs. Used: 10096M, Free: 2087M, Non-Taxable: 208M, Alloc Tax Rate: 5.9x
[97.583s][info][gc          ] GC(44) Pause Init Update Refs 0.014ms
[97.583s][info][gc,start    ] GC(44) Concurrent update references
[97.583s][info][gc,task     ] GC(44) Using 2 of 5 workers for concurrent reference update
[99.731s][info][gc          ] GC(44) Concurrent update references 2147.765ms
[99.731s][info][gc,start    ] GC(44) Concurrent update thread roots
[99.734s][info][gc          ] GC(44) Concurrent update thread roots 2.471ms
[99.734s][info][gc,start    ] GC(44) Pause Final Update Refs
[99.734s][info][gc,task     ] GC(44) Using 5 of 5 workers for final reference update
[99.734s][info][gc          ] GC(44) Pause Final Update Refs 0.076ms
[99.734s][info][gc,start    ] GC(44) Concurrent cleanup
[99.734s][info][gc          ] GC(44) Concurrent cleanup 11329M->10425M(12288M) 0.033ms
[99.734s][info][gc,ergo     ] Free: 1242M, Max: 4096K regular, 592M humongous, Frag: 52% external, 0% internal; Reserve: 616M, Max: 4096K
[99.734s][info][gc,stats    ] 
[99.734s][info][gc,stats    ] All times are wall-clock times, except per-root-class counters, that are sum over
[99.734s][info][gc,stats    ] all workers. Dividing the <total> over the root stage time estimates parallelism.
[99.734s][info][gc,stats    ] 
[99.734s][info][gc,stats    ] Concurrent Reset                    707 us
[99.734s][info][gc,stats    ] Pause Init Mark (G)                 129 us
[99.734s][info][gc,stats    ] Pause Init Mark (N)                  56 us
[99.734s][info][gc,stats    ]   Update Region States               19 us
[99.734s][info][gc,stats    ] Concurrent Mark Roots              1051 us, parallelism: 1.90x
[99.734s][info][gc,stats    ]   CMR: <total>                     1993 us
[99.734s][info][gc,stats    ]   CMR: Thread Roots                1974 us, workers (us): 962, 1011, ---, ---, ---, 
[99.734s][info][gc,stats    ]   CMR: VM Strong Roots                2 us, workers (us):   2,   0, ---, ---, ---, 
[99.734s][info][gc,stats    ]   CMR: CLDG Roots                    17 us, workers (us):  17, ---, ---, ---, ---, 
[99.734s][info][gc,stats    ] Concurrent Marking              1702620 us
[99.734s][info][gc,stats    ] Pause Final Mark (G)                235 us
[99.734s][info][gc,stats    ] Pause Final Mark (N)                185 us
[99.734s][info][gc,stats    ]   Finish Mark                        34 us
[99.734s][info][gc,stats    ]   Update Region States               34 us
[99.734s][info][gc,stats    ]   Choose Collection Set              79 us
[99.734s][info][gc,stats    ]   Rebuild Free Set                    6 us
[99.734s][info][gc,stats    ] Concurrent Thread Roots            1324 us, parallelism: 1.93x
[99.734s][info][gc,stats    ]   CTR: <total>                     2557 us
[99.734s][info][gc,stats    ]   CTR: Thread Roots                2557 us, workers (us): 1270, 1287, ---, ---, ---, 
[99.734s][info][gc,stats    ] Concurrent Weak References           51 us, parallelism: 0.49x
[99.734s][info][gc,stats    ]   CWRF: <total>                      25 us
[99.734s][info][gc,stats    ]   CWRF: Weak References              25 us, workers (us):  19,   6, ---, ---, ---, 
[99.734s][info][gc,stats    ] Concurrent Weak Roots              2763 us
[99.734s][info][gc,stats    ]   Roots                            2730 us, parallelism: 1.83x
[99.734s][info][gc,stats    ]     CWR: <total>                   5009 us
[99.734s][info][gc,stats    ]     CWR: Code Cache Roots          4979 us, workers (us): 2278, 2701, ---, ---, ---, 
[99.734s][info][gc,stats    ]     CWR: VM Weak Roots               26 us, workers (us):  16,  10, ---, ---, ---, 
[99.734s][info][gc,stats    ]     CWR: CLDG Roots                   4 us, workers (us): ---,   4, ---, ---, ---, 
[99.734s][info][gc,stats    ]   Rendezvous                         18 us
[99.734s][info][gc,stats    ] Concurrent Cleanup                   19 us
[99.734s][info][gc,stats    ] Concurrent Class Unloading          777 us
[99.734s][info][gc,stats    ]   Unlink Stale                      728 us
[99.734s][info][gc,stats    ]     System Dictionary                 1 us
[99.734s][info][gc,stats    ]     Weak Class Links                  0 us
[99.734s][info][gc,stats    ]     Code Roots                      726 us
[99.734s][info][gc,stats    ]   Rendezvous                         21 us
[99.734s][info][gc,stats    ]   Purge Unlinked                     10 us
[99.734s][info][gc,stats    ]     Code Roots                        8 us
[99.734s][info][gc,stats    ]     CLDG                              2 us
[99.734s][info][gc,stats    ]     Exception Caches                  0 us
[99.734s][info][gc,stats    ] Concurrent Strong Roots              36 us, parallelism: 0.49x
[99.734s][info][gc,stats    ]   CSR: <total>                       18 us
[99.734s][info][gc,stats    ]   CSR: VM Strong Roots                2 us, workers (us):   1,   0, ---, ---, ---, 
[99.734s][info][gc,stats    ]   CSR: CLDG Roots                    16 us, workers (us):  16, ---, ---, ---, ---, 
[99.734s][info][gc,stats    ] Concurrent Evacuation            299753 us
[99.734s][info][gc,stats    ] Pause Init Update Refs (G)           81 us
[99.734s][info][gc,stats    ] Pause Init Update Refs (N)           18 us
[99.734s][info][gc,stats    ]   Manage GCLABs                       2 us
[99.734s][info][gc,stats    ] Concurrent Update Refs          2147834 us
[99.734s][info][gc,stats    ] Concurrent Update Thread Roots     2493 us
[99.734s][info][gc,stats    ] Pause Final Update Refs (G)         111 us
[99.734s][info][gc,stats    ] Pause Final Update Refs (N)          82 us
[99.734s][info][gc,stats    ]   Update Region States               42 us
[99.734s][info][gc,stats    ]   Trash Collection Set                8 us
[99.734s][info][gc,stats    ]   Rebuild Free Set                    6 us
[99.734s][info][gc,stats    ] Concurrent Cleanup                   40 us
[99.734s][info][gc,stats    ] 
[99.734s][info][gc,stats    ] Allocation pacing accrued:
[99.734s][info][gc,stats    ]       0 of  6373 ms (  0.0%): <total>
[99.734s][info][gc,stats    ]       0 of  6373 ms (  0.0%): <average total>
[99.734s][info][gc,stats    ] 
[99.734s][info][gc,metaspace] Metaspace: 2281K(2432K)->2285K(2432K) NonClass: 2076K(2176K)->2081K(2176K) Class: 204K(256K)->204K(256K)
[99.734s][info][gc,ergo     ] Pacer for Idle. Initial: 245M, Alloc Tax Rate: 1.0x
[99.735s][info][gc          ] Trigger: Average GC time (6532.92 ms) is above the time for average allocation rate (2033 MB/s) to deplete free headroom (11396K) (margin of error = 2.14)
[99.735s][info][gc,ergo     ] Free headroom: 1239M (free) - 614M (spike) - 614M (penalties) = 11396K
[99.735s][info][gc,ergo     ] Free: 1239M, Max: 4096K regular, 592M humongous, Frag: 52% external, 0% internal; Reserve: 616M, Max: 4096K
[99.735s][info][gc,start    ] GC(45) Concurrent reset
[99.735s][info][gc,task     ] GC(45) Using 2 of 5 workers for concurrent reset
[99.735s][info][gc,ergo     ] GC(45) Pacer for Reset. Non-Taxable: 12288M
[99.761s][info][gc          ] GC(45) Concurrent reset 25.835ms
[99.761s][info][gc,start    ] GC(45) Pause Init Mark (unload classes)
[99.761s][info][gc,task     ] GC(45) Using 5 of 5 workers for init marking
[99.761s][info][gc,ergo     ] GC(45) Pacer for Mark. Expected Live: 1311M, Free: 1223M, Non-Taxable: 122M, Alloc Tax Rate: 1.3x
[99.761s][info][gc          ] GC(45) Pause Init Mark (unload classes) 0.049ms
[99.761s][info][gc,start    ] GC(45) Concurrent marking roots
[99.761s][info][gc,task     ] GC(45) Using 2 of 5 workers for concurrent marking roots
[99.762s][info][gc          ] GC(45) Concurrent marking roots 1.096ms
[99.762s][info][gc,start    ] GC(45) Concurrent marking (unload classes)
[99.762s][info][gc,task     ] GC(45) Using 2 of 5 workers for concurrent marking
[102.283s][info][gc          ] Failed to allocate Shared, 100K
[102.283s][info][gc          ] Cancelling GC: Allocation Failure
[102.283s][info][gc          ] GC(45) Concurrent marking (unload classes) 2520.437ms
[102.283s][info][gc,ergo     ] Free: 0B, Max: 0B regular, 0B humongous, Frag: 0% external, 0% internal; Reserve: 616M, Max: 4096K
[102.283s][info][gc,stats    ] 
[102.283s][info][gc,stats    ] All times are wall-clock times, except per-root-class counters, that are sum over
[102.283s][info][gc,stats    ] all workers. Dividing the <total> over the root stage time estimates parallelism.
[102.283s][info][gc,stats    ] 
[102.283s][info][gc,stats    ] Concurrent Reset                  25863 us
[102.283s][info][gc,stats    ] Pause Init Mark (G)                  99 us
[102.283s][info][gc,stats    ] Pause Init Mark (N)                  55 us
[102.283s][info][gc,stats    ]   Update Region States               14 us
[102.283s][info][gc,stats    ] Concurrent Mark Roots              1102 us, parallelism: 1.91x
[102.283s][info][gc,stats    ]   CMR: <total>                     2103 us
[102.283s][info][gc,stats    ]   CMR: Thread Roots                2045 us, workers (us): 1031, 1015, ---, ---, ---, 
[102.283s][info][gc,stats    ]   CMR: VM Strong Roots               35 us, workers (us):   6,  29, ---, ---, ---, 
[102.283s][info][gc,stats    ]   CMR: CLDG Roots                    22 us, workers (us):  22, ---, ---, ---, ---, 
[102.283s][info][gc,stats    ] Concurrent Marking              2520450 us
[102.283s][info][gc,stats    ] 
[102.283s][info][gc,stats    ] Allocation pacing accrued:
[102.283s][info][gc,stats    ]       0 of  2549 ms (  0.0%): <total>
[102.283s][info][gc,stats    ]       0 of  2549 ms (  0.0%): <average total>
[102.283s][info][gc,stats    ] 
[102.283s][info][gc,metaspace] Metaspace: 2285K(2432K)->2285K(2432K) NonClass: 2081K(2176K)->2081K(2176K) Class: 204K(256K)->204K(256K)
[102.283s][info][gc,ergo     ] Pacer for Idle. Initial: 245M, Alloc Tax Rate: 1.0x
[102.284s][info][gc          ] Trigger: Handle Allocation Failure
[102.284s][info][gc,ergo     ] Free: 0B, Max: 0B regular, 0B humongous, Frag: 0% external, 0% internal; Reserve: 616M, Max: 4096K
[102.284s][info][gc,start    ] GC(46) Pause Degenerated GC (Mark)
[102.284s][info][gc,task     ] GC(46) Using 5 of 5 workers for stw degenerated gc
[102.484s][info][gc,ref      ] GC(46) Encountered references: Soft: 170, Weak: 324, Final: 6, Phantom: 1
[102.484s][info][gc,ref      ] GC(46) Discovered  references: Soft: 0, Weak: 3, Final: 0, Phantom: 1
[102.484s][info][gc,ref      ] GC(46) Enqueued    references: Soft: 0, Weak: 0, Final: 0, Phantom: 0
[102.485s][info][gc,ergo     ] GC(46) Adaptive CSet Selection. Target Free: 1740M, Actual Free: 2452M, Max CSet: 512M, Min Garbage: 0B
[102.485s][info][gc,ergo     ] GC(46) Collectable Garbage: 2232M (66%), Immediate: 1836M (54%), CSet: 396M (11%)
[104.088s][info][gc,ergo     ] GC(46) Good progress for free space: 2233M, need 122M
[104.088s][info][gc,ergo     ] GC(46) Good progress for used space: 2220M, need 4096K
[104.088s][info][gc          ] GC(46) Pause Degenerated GC (Mark) 11654M->9434M(12288M) 1804.174ms
[104.089s][info][gc,ergo     ] Free: 2233M, Max: 4096K regular, 1032M humongous, Frag: 54% external, 26% internal; Reserve: 616M, Max: 4096K
[104.089s][info][gc,stats    ] 
[104.089s][info][gc,stats    ] All times are wall-clock times, except per-root-class counters, that are sum over
[104.089s][info][gc,stats    ] all workers. Dividing the <total> over the root stage time estimates parallelism.
[104.089s][info][gc,stats    ] 
[104.089s][info][gc,stats    ]   Finish Mark                    199573 us
[104.089s][info][gc,stats    ] Pause Degenerated GC (G)        1804249 us
[104.089s][info][gc,stats    ] Pause Degenerated GC (N)        1804180 us
[104.089s][info][gc,stats    ]     System Purge                    627 us
[104.089s][info][gc,stats    ]       Weak References                70 us, parallelism: 0.32x
[104.089s][info][gc,stats    ]         WRP: <total>                 22 us
[104.089s][info][gc,stats    ]         WRP: Weak References         22 us, workers (us):  22,   0,   0,   0,   0, 
[104.089s][info][gc,stats    ]       Unload Classes                525 us, parallelism: 4.78x
[104.089s][info][gc,stats    ]         DCU: <total>               2510 us
[104.089s][info][gc,stats    ]         DCU: Unload Code Caches     2510 us, workers (us): 500, 509, 498, 504, 498, 
[104.089s][info][gc,stats    ]       Weak Roots                     30 us, parallelism: 1.63x
[104.089s][info][gc,stats    ]         DWR: <total>                 49 us
[104.089s][info][gc,stats    ]         DWR: VM Weak Roots           49 us, workers (us):  15,  11,  10,   9,   6, 
[104.089s][info][gc,stats    ]       CLDG                            0 us
[104.089s][info][gc,stats    ]   Update Region States               20 us
[104.089s][info][gc,stats    ]   Manage GC/TLABs                     5 us
[104.089s][info][gc,stats    ]   Choose Collection Set              89 us
[104.089s][info][gc,stats    ]   Rebuild Free Set                    6 us
[104.089s][info][gc,stats    ]   Evacuation                     179819 us
[104.089s][info][gc,stats    ]   Manage GCLABs                      82 us
[104.089s][info][gc,stats    ]   Update References             1422433 us
[104.089s][info][gc,stats    ]   Update Region States               41 us
[104.089s][info][gc,stats    ]   Trash Collection Set               10 us
[104.089s][info][gc,stats    ]   Rebuild Free Set                    7 us
[104.089s][info][gc,stats    ]   Degen Update Roots               1000 us, parallelism: 4.09x
[104.089s][info][gc,stats    ]     DU: <total>                    4091 us
[104.089s][info][gc,stats    ]     DU: Thread Roots               1618 us, workers (us): 742,   0, 724,   0, 151, 
[104.089s][info][gc,stats    ]     DU: Code Cache Roots           2220 us, workers (us):   0, 865,   0, 767, 588, 
[104.089s][info][gc,stats    ]     DU: VM Strong Roots              64 us, workers (us):  18,  19,  16,  11,   0, 
[104.089s][info][gc,stats    ]     DU: VM Weak Roots               109 us, workers (us):  17,  16,  19,  32,  25, 
[104.089s][info][gc,stats    ]     DU: CLDG Roots                   79 us, workers (us):  18,  13,  33,   3,  12, 
[104.089s][info][gc,stats    ]   Cleanup                            13 us
[104.089s][info][gc,stats    ] 
[104.089s][info][gc,stats    ] Allocation pacing accrued:
[104.089s][info][gc,stats    ]       0 of  1806 ms (  0.0%): <total>
[104.089s][info][gc,stats    ]       0 of  1806 ms (  0.0%): <average total>
[104.089s][info][gc,stats    ] 
[104.089s][info][gc,metaspace] Metaspace: 2285K(2432K)->2285K(2432K) NonClass: 2081K(2176K)->2081K(2176K) Class: 204K(256K)->204K(256K)
[104.089s][info][gc,ergo     ] Pacer for Idle. Initial: 245M, Alloc Tax Rate: 1.0x
[104.090s][info][gc          ] Trigger: Average GC time (6730.60 ms) is above the time for average allocation rate (1024 MB/s) to deplete free headroom (0B) (margin of error = 2.24)
[104.090s][info][gc,ergo     ] Free headroom: 2232M (free) - 614M (spike) - 1843M (penalties) = 0B
[104.090s][info][gc,ergo     ] Free: 2232M, Max: 4096K regular, 1032M humongous, Frag: 54% external, 26% internal; Reserve: 616M, Max: 4096K
[104.090s][info][gc,start    ] GC(47) Concurrent reset
[104.090s][info][gc,task     ] GC(47) Using 2 of 5 workers for concurrent reset
[104.090s][info][gc,ergo     ] GC(47) Pacer for Reset. Non-Taxable: 12288M
[104.114s][info][gc          ] GC(47) Concurrent reset 23.742ms
[104.114s][info][gc,start    ] GC(47) Pause Init Mark (unload classes)
[104.114s][info][gc,task     ] GC(47) Using 5 of 5 workers for init marking
[104.114s][info][gc,ergo     ] GC(47) Pacer for Mark. Expected Live: 2669M, Free: 2219M, Non-Taxable: 221M, Alloc Tax Rate: 1.5x
[104.114s][info][gc          ] GC(47) Pause Init Mark (unload classes) 0.044ms
[104.114s][info][gc,start    ] GC(47) Concurrent marking roots
[104.114s][info][gc,task     ] GC(47) Using 2 of 5 workers for concurrent marking roots
[104.115s][info][gc          ] GC(47) Concurrent marking roots 1.225ms
[104.115s][info][gc,start    ] GC(47) Concurrent marking (unload classes)
[104.115s][info][gc,task     ] GC(47) Using 2 of 5 workers for concurrent marking
[106.375s][info][gc          ] GC(47) Concurrent marking (unload classes) 2259.690ms
[106.375s][info][gc,start    ] GC(47) Pause Final Mark (unload classes)
[106.375s][info][gc,task     ] GC(47) Using 5 of 5 workers for final marking
[106.375s][info][gc,ergo     ] GC(47) Adaptive CSet Selection. Target Free: 1740M, Actual Free: 1958M, Max CSet: 512M, Min Garbage: 0B
[106.375s][info][gc,ergo     ] GC(47) Collectable Garbage: 1608M (67%), Immediate: 734M (30%), CSet: 874M (36%)
[106.375s][info][gc,ergo     ] GC(47) Pacer for Evacuation. Used CSet: 1385M, Free: 1357M, Non-Taxable: 135M, Alloc Tax Rate: 2.5x
[106.375s][info][gc          ] GC(47) Pause Final Mark (unload classes) 0.174ms
[106.375s][info][gc,start    ] GC(47) Concurrent thread roots
[106.375s][info][gc,task     ] GC(47) Using 2 of 5 workers for Concurrent thread roots
[106.376s][info][gc          ] GC(47) Concurrent thread roots 1.333ms
[106.376s][info][gc,start    ] GC(47) Concurrent weak references
[106.376s][info][gc,task     ] GC(47) Using 2 of 5 workers for concurrent weak references
[106.376s][info][gc,ref      ] GC(47) Encountered references: Soft: 170, Weak: 324, Final: 6, Phantom: 4
[106.376s][info][gc,ref      ] GC(47) Discovered  references: Soft: 0, Weak: 141, Final: 6, Phantom: 4
[106.376s][info][gc,ref      ] GC(47) Enqueued    references: Soft: 0, Weak: 0, Final: 0, Phantom: 0
[106.376s][info][gc          ] GC(47) Concurrent weak references 0.058ms
[106.376s][info][gc,start    ] GC(47) Concurrent weak roots
[106.376s][info][gc,task     ] GC(47) Using 2 of 5 workers for concurrent weak root
[106.377s][info][gc          ] GC(47) Concurrent weak roots 0.481ms
[106.377s][info][gc,start    ] GC(47) Concurrent cleanup
[106.377s][info][gc          ] GC(47) Concurrent cleanup 11044M->10310M(12288M) 0.016ms
[106.377s][info][gc,ergo     ] GC(47) Free: 1354M, Max: 4096K regular, 948M humongous, Frag: 30% external, 25% internal; Reserve: 615M, Max: 4096K
[106.377s][info][gc,start    ] GC(47) Concurrent class unloading
[106.377s][info][gc,task     ] GC(47) Using 2 of 5 workers for concurrent class unloading
[106.377s][info][gc          ] GC(47) Concurrent class unloading 0.354ms
[106.377s][info][gc,start    ] GC(47) Concurrent strong roots
[106.377s][info][gc,task     ] GC(47) Using 2 of 5 workers for concurrent strong root
[106.377s][info][gc          ] GC(47) Concurrent strong roots 0.052ms
[106.377s][info][gc,start    ] GC(47) Concurrent evacuation
[106.377s][info][gc,task     ] GC(47) Using 2 of 5 workers for concurrent evacuation
[106.774s][info][gc          ] GC(47) Concurrent evacuation 396.769ms
[106.774s][info][gc,start    ] GC(47) Pause Init Update Refs
[106.774s][info][gc,ergo     ] GC(47) Pacer for Update Refs. Used: 11166M, Free: 1009M, Non-Taxable: 100M, Alloc Tax Rate: 13.5x
[106.774s][info][gc          ] GC(47) Pause Init Update Refs 0.020ms
[106.774s][info][gc,start    ] GC(47) Concurrent update references
[106.774s][info][gc,task     ] GC(47) Using 2 of 5 workers for concurrent reference update
[109.328s][info][gc          ] GC(47) Concurrent update references 2553.414ms
[109.328s][info][gc,start    ] GC(47) Concurrent update thread roots
[109.330s][info][gc          ] GC(47) Concurrent update thread roots 2.392ms
[109.330s][info][gc,start    ] GC(47) Pause Final Update Refs
[109.330s][info][gc,task     ] GC(47) Using 5 of 5 workers for final reference update
[109.330s][info][gc          ] GC(47) Pause Final Update Refs 0.089ms
[109.330s][info][gc,start    ] GC(47) Concurrent cleanup
[109.330s][info][gc          ] GC(47) Concurrent cleanup 12067M->10681M(12288M) 0.036ms
[109.330s][info][gc,ergo     ] Free: 985M, Max: 4096K regular, 460M humongous, Frag: 54% external, 0% internal; Reserve: 616M, Max: 4096K
[109.330s][info][gc,stats    ] 
[109.330s][info][gc,stats    ] All times are wall-clock times, except per-root-class counters, that are sum over
[109.330s][info][gc,stats    ] all workers. Dividing the <total> over the root stage time estimates parallelism.
[109.330s][info][gc,stats    ] 
[109.330s][info][gc,stats    ] Concurrent Reset                  23760 us
[109.330s][info][gc,stats    ] Pause Init Mark (G)                 100 us
[109.330s][info][gc,stats    ] Pause Init Mark (N)                  51 us
[109.330s][info][gc,stats    ]   Update Region States               15 us
[109.330s][info][gc,stats    ] Concurrent Mark Roots              1232 us, parallelism: 1.92x
[109.330s][info][gc,stats    ]   CMR: <total>                     2369 us
[109.330s][info][gc,stats    ]   CMR: Thread Roots                2337 us, workers (us): 1165, 1173, ---, ---, ---, 
[109.330s][info][gc,stats    ]   CMR: VM Strong Roots               18 us, workers (us):  11,   7, ---, ---, ---, 
[109.330s][info][gc,stats    ]   CMR: CLDG Roots                    14 us, workers (us): ---,  14, ---, ---, ---, 
[109.330s][info][gc,stats    ] Concurrent Marking              2259749 us
[109.330s][info][gc,stats    ] Pause Final Mark (G)                198 us
[109.330s][info][gc,stats    ] Pause Final Mark (N)                177 us
[109.330s][info][gc,stats    ]   Finish Mark                        42 us
[109.330s][info][gc,stats    ]   Update Region States               24 us
[109.330s][info][gc,stats    ]   Choose Collection Set              74 us
[109.330s][info][gc,stats    ]   Rebuild Free Set                    7 us
[109.330s][info][gc,stats    ] Concurrent Thread Roots            1342 us, parallelism: 1.91x
[109.330s][info][gc,stats    ]   CTR: <total>                     2560 us
[109.330s][info][gc,stats    ]   CTR: Thread Roots                2560 us, workers (us): 1299, 1262, ---, ---, ---, 
[109.330s][info][gc,stats    ] Concurrent Weak References           62 us, parallelism: 0.46x
[109.330s][info][gc,stats    ]   CWRF: <total>                      28 us
[109.330s][info][gc,stats    ]   CWRF: Weak References              28 us, workers (us):  28,   0, ---, ---, ---, 
[109.330s][info][gc,stats    ] Concurrent Weak Roots               489 us
[109.330s][info][gc,stats    ]   Roots                             452 us, parallelism: 1.86x
[109.330s][info][gc,stats    ]     CWR: <total>                    842 us
[109.330s][info][gc,stats    ]     CWR: Code Cache Roots           738 us, workers (us): 355, 383, ---, ---, ---, 
[109.330s][info][gc,stats    ]     CWR: VM Weak Roots               99 us, workers (us):  48,  52, ---, ---, ---, 
[109.331s][info][gc,stats    ]     CWR: CLDG Roots                   4 us, workers (us):   4, ---, ---, ---, ---, 
[109.331s][info][gc,stats    ]   Rendezvous                         22 us
[109.331s][info][gc,stats    ] Concurrent Cleanup                   20 us
[109.331s][info][gc,stats    ] Concurrent Class Unloading          361 us
[109.331s][info][gc,stats    ]   Unlink Stale                      312 us
[109.331s][info][gc,stats    ]     System Dictionary                 1 us
[109.331s][info][gc,stats    ]     Weak Class Links                  0 us
[109.331s][info][gc,stats    ]     Code Roots                      311 us
[109.331s][info][gc,stats    ]   Rendezvous                         19 us
[109.331s][info][gc,stats    ]   Purge Unlinked                     15 us
[109.331s][info][gc,stats    ]     Code Roots                       10 us
[109.331s][info][gc,stats    ]     CLDG                              5 us
[109.331s][info][gc,stats    ]     Exception Caches                  0 us
[109.331s][info][gc,stats    ] Concurrent Strong Roots              57 us, parallelism: 0.80x
[109.331s][info][gc,stats    ]   CSR: <total>                       46 us
[109.331s][info][gc,stats    ]   CSR: VM Strong Roots               12 us, workers (us):   6,   7, ---, ---, ---, 
[109.331s][info][gc,stats    ]   CSR: CLDG Roots                    33 us, workers (us):  33, ---, ---, ---, ---, 
[109.331s][info][gc,stats    ] Concurrent Evacuation            396816 us
[109.331s][info][gc,stats    ] Pause Init Update Refs (G)           73 us
[109.331s][info][gc,stats    ] Pause Init Update Refs (N)           24 us
[109.331s][info][gc,stats    ]   Manage GCLABs                       2 us
[109.331s][info][gc,stats    ] Concurrent Update Refs          2553473 us
[109.331s][info][gc,stats    ] Concurrent Update Thread Roots     2410 us
[109.331s][info][gc,stats    ] Pause Final Update Refs (G)         120 us
[109.331s][info][gc,stats    ] Pause Final Update Refs (N)          96 us
[109.331s][info][gc,stats    ]   Update Region States               52 us
[109.331s][info][gc,stats    ]   Trash Collection Set               12 us
[109.331s][info][gc,stats    ]   Rebuild Free Set                    7 us
[109.331s][info][gc,stats    ] Concurrent Cleanup                   43 us
[109.331s][info][gc,stats    ] Pacing                          1527642 us
[109.331s][info][gc,stats    ] 
[109.331s][info][gc,stats    ] Allocation pacing accrued:
[109.331s][info][gc,stats    ]    1528 of  5242 ms ( 29.1%): main
[109.331s][info][gc,stats    ]    1528 of  5242 ms ( 29.1%): <total>
[109.331s][info][gc,stats    ]      16 of  5242 ms (  0.3%): <average total>
[109.331s][info][gc,stats    ]    1528 of  5242 ms ( 29.1%): <average non-zero>
[109.331s][info][gc,stats    ] 
[109.331s][info][gc,metaspace] Metaspace: 2285K(2432K)->2286K(2432K) NonClass: 2081K(2176K)->2081K(2176K) Class: 204K(256K)->204K(256K)
[109.331s][info][gc,ergo     ] Pacer for Idle. Initial: 245M, Alloc Tax Rate: 1.0x
[109.332s][info][gc          ] Trigger: Free (985M) is below minimum threshold (1228M)
[109.332s][info][gc,ergo     ] Free: 985M, Max: 4096K regular, 460M humongous, Frag: 54% external, 0% internal; Reserve: 616M, Max: 4096K
[109.332s][info][gc,start    ] GC(48) Concurrent reset
[109.332s][info][gc,task     ] GC(48) Using 2 of 5 workers for concurrent reset
[109.332s][info][gc,ergo     ] GC(48) Pacer for Reset. Non-Taxable: 12288M
[109.360s][info][gc          ] GC(48) Concurrent reset 28.493ms
[109.361s][info][gc,start    ] GC(48) Pause Init Mark (unload classes)
[109.361s][info][gc,task     ] GC(48) Using 5 of 5 workers for init marking
[109.361s][info][gc,ergo     ] GC(48) Pacer for Mark. Expected Live: 3953M, Free: 958M, Non-Taxable: 98142K, Alloc Tax Rate: 5.0x
[109.361s][info][gc          ] GC(48) Pause Init Mark (unload classes) 0.045ms
[109.361s][info][gc,start    ] GC(48) Concurrent marking roots
[109.361s][info][gc,task     ] GC(48) Using 2 of 5 workers for concurrent marking roots
[109.362s][info][gc          ] GC(48) Concurrent marking roots 1.081ms
[109.362s][info][gc,start    ] GC(48) Concurrent marking (unload classes)
[109.362s][info][gc,task     ] GC(48) Using 2 of 5 workers for concurrent marking
[109.791s][info][gc          ] GC(48) Concurrent marking (unload classes) 428.771ms
[109.791s][info][gc,start    ] GC(48) Pause Final Mark (unload classes)
[109.791s][info][gc,task     ] GC(48) Using 5 of 5 workers for final marking
[109.791s][info][gc,ergo     ] GC(48) Adaptive CSet Selection. Target Free: 1740M, Actual Free: 9216M, Max CSet: 512M, Min Garbage: 0B
[109.791s][info][gc,ergo     ] GC(48) Collectable Garbage: 8789M (96%), Immediate: 8024M (88%), CSet: 765M (8%)
[109.791s][info][gc,ergo     ] GC(48) Pacer for Evacuation. Used CSet: 1276M, Free: 8607M, Non-Taxable: 860M, Alloc Tax Rate: 1.1x
[109.791s][info][gc          ] GC(48) Pause Final Mark (unload classes) 0.139ms
[109.791s][info][gc,start    ] GC(48) Concurrent thread roots
[109.791s][info][gc,task     ] GC(48) Using 2 of 5 workers for Concurrent thread roots
[109.792s][info][gc          ] GC(48) Concurrent thread roots 1.111ms
[109.792s][info][gc,start    ] GC(48) Concurrent weak references
[109.792s][info][gc,task     ] GC(48) Using 2 of 5 workers for concurrent weak references
[109.792s][info][gc,ref      ] GC(48) Encountered references: Soft: 170, Weak: 324, Final: 6, Phantom: 5
[109.792s][info][gc,ref      ] GC(48) Discovered  references: Soft: 0, Weak: 144, Final: 0, Phantom: 5
[109.792s][info][gc,ref      ] GC(48) Enqueued    references: Soft: 0, Weak: 0, Final: 0, Phantom: 4
[109.792s][info][gc          ] GC(48) Concurrent weak references 0.031ms
[109.792s][info][gc,start    ] GC(48) Concurrent weak roots
[109.792s][info][gc,task     ] GC(48) Using 2 of 5 workers for concurrent weak root
[109.793s][info][gc          ] GC(48) Concurrent weak roots 0.583ms
[109.793s][info][gc,start    ] GC(48) Concurrent cleanup
[109.793s][info][gc          ] GC(48) Concurrent cleanup 11090M->3066M(12288M) 0.048ms
[109.793s][info][gc,ergo     ] GC(48) Free: 8605M, Max: 4096K regular, 2928M humongous, Frag: 66% external, 0% internal; Reserve: 615M, Max: 4096K
[109.793s][info][gc,start    ] GC(48) Concurrent class unloading
[109.793s][info][gc,task     ] GC(48) Using 2 of 5 workers for concurrent class unloading
[109.794s][info][gc          ] GC(48) Concurrent class unloading 0.620ms
[109.794s][info][gc,start    ] GC(48) Concurrent strong roots
[109.794s][info][gc,task     ] GC(48) Using 2 of 5 workers for concurrent strong root
[109.794s][info][gc          ] GC(48) Concurrent strong roots 0.068ms
[109.794s][info][gc,start    ] GC(48) Concurrent evacuation
[109.794s][info][gc,task     ] GC(48) Using 2 of 5 workers for concurrent evacuation
[109.924s][info][gc          ] GC(48) Concurrent evacuation 130.719ms
[109.924s][info][gc,start    ] GC(48) Pause Init Update Refs
[109.924s][info][gc,ergo     ] GC(48) Pacer for Update Refs. Used: 3761M, Free: 8425M, Non-Taxable: 842M, Alloc Tax Rate: 1.1x
[109.924s][info][gc          ] GC(48) Pause Init Update Refs 0.030ms
[109.924s][info][gc,start    ] GC(48) Concurrent update references
[109.924s][info][gc,task     ] GC(48) Using 2 of 5 workers for concurrent reference update
[110.097s][info][gc          ] GC(48) Concurrent update references 172.886ms
[110.097s][info][gc,start    ] GC(48) Concurrent update thread roots
[110.101s][info][gc          ] GC(48) Concurrent update thread roots 3.362ms
[110.101s][info][gc,start    ] GC(48) Pause Final Update Refs
[110.101s][info][gc,task     ] GC(48) Using 5 of 5 workers for final reference update
[110.101s][info][gc          ] GC(48) Pause Final Update Refs 0.069ms
[110.101s][info][gc,start    ] GC(48) Concurrent cleanup
[110.101s][info][gc          ] GC(48) Concurrent cleanup 3989M->2713M(12288M) 0.022ms
[110.101s][info][gc,ergo     ] Free: 8957M, Max: 4096K regular, 4320M humongous, Frag: 52% external, 0% internal; Reserve: 616M, Max: 4096K
[110.101s][info][gc,stats    ] 
[110.101s][info][gc,stats    ] All times are wall-clock times, except per-root-class counters, that are sum over
[110.101s][info][gc,stats    ] all workers. Dividing the <total> over the root stage time estimates parallelism.
[110.101s][info][gc,stats    ] 
[110.101s][info][gc,stats    ] Concurrent Reset                  28547 us
[110.101s][info][gc,stats    ] Pause Init Mark (G)                 115 us
[110.101s][info][gc,stats    ] Pause Init Mark (N)                  50 us
[110.101s][info][gc,stats    ]   Update Region States               15 us
[110.101s][info][gc,stats    ] Concurrent Mark Roots              1087 us, parallelism: 1.92x
[110.101s][info][gc,stats    ]   CMR: <total>                     2083 us
[110.101s][info][gc,stats    ]   CMR: Thread Roots                2048 us, workers (us): 1018, 1030, ---, ---, ---, 
[110.101s][info][gc,stats    ]   CMR: VM Strong Roots               13 us, workers (us):   7,   6, ---, ---, ---, 
[110.101s][info][gc,stats    ]   CMR: CLDG Roots                    22 us, workers (us):  22, ---, ---, ---, ---, 
[110.101s][info][gc,stats    ] Concurrent Marking               429156 us
[110.101s][info][gc,stats    ] Pause Final Mark (G)                163 us
[110.101s][info][gc,stats    ] Pause Final Mark (N)                143 us
[110.101s][info][gc,stats    ]   Finish Mark                        44 us
[110.101s][info][gc,stats    ]   Update Region States               15 us
[110.101s][info][gc,stats    ]   Choose Collection Set              45 us
[110.101s][info][gc,stats    ]   Rebuild Free Set                    7 us
[110.101s][info][gc,stats    ] Concurrent Thread Roots            1120 us, parallelism: 1.93x
[110.101s][info][gc,stats    ]   CTR: <total>                     2159 us
[110.101s][info][gc,stats    ]   CTR: Thread Roots                2159 us, workers (us): 1069, 1091, ---, ---, ---, 
[110.101s][info][gc,stats    ] Concurrent Weak References           36 us, parallelism: 0.18x
[110.101s][info][gc,stats    ]   CWRF: <total>                       6 us
[110.101s][info][gc,stats    ]   CWRF: Weak References               6 us, workers (us):   5,   2, ---, ---, ---, 
[110.101s][info][gc,stats    ] Concurrent Weak Roots               593 us
[110.101s][info][gc,stats    ]   Roots                             552 us, parallelism: 1.84x
[110.101s][info][gc,stats    ]     CWR: <total>                   1013 us
[110.101s][info][gc,stats    ]     CWR: Code Cache Roots           949 us, workers (us): 505, 444, ---, ---, ---, 
[110.101s][info][gc,stats    ]     CWR: VM Weak Roots               62 us, workers (us):  33,  29, ---, ---, ---, 
[110.101s][info][gc,stats    ]     CWR: CLDG Roots                   2 us, workers (us): ---,   2, ---, ---, ---, 
[110.101s][info][gc,stats    ]   Rendezvous                         22 us
[110.101s][info][gc,stats    ] Concurrent Cleanup                   52 us
[110.101s][info][gc,stats    ] Concurrent Class Unloading          627 us
[110.101s][info][gc,stats    ]   Unlink Stale                      561 us
[110.101s][info][gc,stats    ]     System Dictionary                 1 us
[110.101s][info][gc,stats    ]     Weak Class Links                  0 us
[110.101s][info][gc,stats    ]     Code Roots                      560 us
[110.101s][info][gc,stats    ]   Rendezvous                         38 us
[110.101s][info][gc,stats    ]   Purge Unlinked                     12 us
[110.101s][info][gc,stats    ]     Code Roots                       10 us
[110.101s][info][gc,stats    ]     CLDG                              2 us
[110.101s][info][gc,stats    ]     Exception Caches                  0 us
[110.101s][info][gc,stats    ] Concurrent Strong Roots              73 us, parallelism: 0.77x
[110.101s][info][gc,stats    ]   CSR: <total>                       56 us
[110.101s][info][gc,stats    ]   CSR: VM Strong Roots                5 us, workers (us):   3,   2, ---, ---, ---, 
[110.101s][info][gc,stats    ]   CSR: CLDG Roots                    51 us, workers (us): ---,  51, ---, ---, ---, 
[110.101s][info][gc,stats    ] Concurrent Evacuation            130755 us
[110.101s][info][gc,stats    ] Pause Init Update Refs (G)           81 us
[110.101s][info][gc,stats    ] Pause Init Update Refs (N)           34 us
[110.101s][info][gc,stats    ]   Manage GCLABs                      10 us
[110.101s][info][gc,stats    ] Concurrent Update Refs           172914 us
[110.101s][info][gc,stats    ] Concurrent Update Thread Roots     3376 us
[110.101s][info][gc,stats    ] Pause Final Update Refs (G)         106 us
[110.101s][info][gc,stats    ] Pause Final Update Refs (N)          76 us
[110.101s][info][gc,stats    ]   Update Region States               46 us
[110.101s][info][gc,stats    ]   Trash Collection Set                3 us
[110.101s][info][gc,stats    ]   Rebuild Free Set                    8 us
[110.101s][info][gc,stats    ] Concurrent Cleanup                   28 us
[110.101s][info][gc,stats    ] Pacing                           109660 us
[110.101s][info][gc,stats    ] 
[110.101s][info][gc,stats    ] Allocation pacing accrued:
[110.101s][info][gc,stats    ]     110 of   770 ms ( 14.2%): main
[110.101s][info][gc,stats    ]     110 of   770 ms ( 14.2%): <total>
[110.101s][info][gc,stats    ]       1 of   770 ms (  0.1%): <average total>
[110.101s][info][gc,stats    ]     110 of   770 ms ( 14.2%): <average non-zero>
[110.101s][info][gc,stats    ] 
[110.101s][info][gc,metaspace] Metaspace: 2286K(2432K)->2286K(2432K) NonClass: 2081K(2176K)->2081K(2176K) Class: 204K(256K)->204K(256K)
[110.101s][info][gc,ergo     ] Pacer for Idle. Initial: 245M, Alloc Tax Rate: 1.0x
[110.203s][info][gc          ] Trigger: Average GC time (6947.64 ms) is above the time for average allocation rate (1150 MB/s) to deplete free headroom (6606M) (margin of error = 2.25)
[110.203s][info][gc,ergo     ] Free headroom: 8818M (free) - 614M (spike) - 1597M (penalties) = 6606M
[110.203s][info][gc,ergo     ] Free: 8818M, Max: 4096K regular, 4320M humongous, Frag: 51% external, 0% internal; Reserve: 616M, Max: 4096K
[110.203s][info][gc,start    ] GC(49) Concurrent reset
[110.203s][info][gc,task     ] GC(49) Using 2 of 5 workers for concurrent reset
[110.203s][info][gc,ergo     ] GC(49) Pacer for Reset. Non-Taxable: 12288M
[110.210s][info][gc          ] GC(49) Concurrent reset 7.279ms
[110.210s][info][gc,start    ] GC(49) Pause Init Mark (unload classes)
[110.210s][info][gc,task     ] GC(49) Using 5 of 5 workers for init marking
[110.210s][info][gc,ergo     ] GC(49) Pacer for Mark. Expected Live: 4115M, Free: 8814M, Non-Taxable: 881M, Alloc Tax Rate: 0.6x
[110.210s][info][gc          ] GC(49) Pause Init Mark (unload classes) 0.036ms
[110.210s][info][gc,start    ] GC(49) Concurrent marking roots
[110.210s][info][gc,task     ] GC(49) Using 2 of 5 workers for concurrent marking roots
[110.211s][info][gc          ] GC(49) Concurrent marking roots 1.005ms
[110.211s][info][gc,start    ] GC(49) Concurrent marking (unload classes)
[110.211s][info][gc,task     ] GC(49) Using 2 of 5 workers for concurrent marking
[110.561s][info][gc          ] GC(49) Concurrent marking (unload classes) 350.093ms
[110.561s][info][gc,start    ] GC(49) Pause Final Mark (unload classes)
[110.561s][info][gc,task     ] GC(49) Using 5 of 5 workers for final marking
[110.562s][info][gc,ergo     ] GC(49) Adaptive CSet Selection. Target Free: 1740M, Actual Free: 9000M, Max CSet: 512M, Min Garbage: 0B
[110.562s][info][gc,ergo     ] GC(49) Collectable Garbage: 390M (53%), Immediate: 0B (0%), CSet: 390M (53%)
[110.562s][info][gc,ergo     ] GC(49) Pacer for Evacuation. Used CSet: 900M, Free: 8386M, Non-Taxable: 838M, Alloc Tax Rate: 1.1x
[110.562s][info][gc          ] GC(49) Pause Final Mark (unload classes) 0.182ms
[110.562s][info][gc,start    ] GC(49) Concurrent thread roots
[110.562s][info][gc,task     ] GC(49) Using 2 of 5 workers for Concurrent thread roots
[110.563s][info][gc          ] GC(49) Concurrent thread roots 1.000ms
[110.563s][info][gc,start    ] GC(49) Concurrent weak references
[110.563s][info][gc,task     ] GC(49) Using 2 of 5 workers for concurrent weak references
[110.563s][info][gc,ref      ] GC(49) Encountered references: Soft: 170, Weak: 324, Final: 6, Phantom: 1
[110.563s][info][gc,ref      ] GC(49) Discovered  references: Soft: 0, Weak: 124, Final: 6, Phantom: 1
[110.563s][info][gc,ref      ] GC(49) Enqueued    references: Soft: 0, Weak: 0, Final: 0, Phantom: 0
[110.563s][info][gc          ] GC(49) Concurrent weak references 0.038ms
[110.563s][info][gc,start    ] GC(49) Concurrent weak roots
[110.563s][info][gc,task     ] GC(49) Using 2 of 5 workers for concurrent weak root
[110.563s][info][gc          ] GC(49) Concurrent weak roots 0.093ms
[110.563s][info][gc,start    ] GC(49) Concurrent cleanup
[110.563s][info][gc          ] GC(49) Concurrent cleanup 3288M->3288M(12288M) 0.013ms
[110.563s][info][gc,ergo     ] GC(49) Free: 8382M, Max: 4096K regular, 4320M humongous, Frag: 49% external, 0% internal; Reserve: 616M, Max: 4096K
[110.563s][info][gc,start    ] GC(49) Concurrent class unloading
[110.563s][info][gc,task     ] GC(49) Using 2 of 5 workers for concurrent class unloading
[110.563s][info][gc          ] GC(49) Concurrent class unloading 0.265ms
[110.563s][info][gc,start    ] GC(49) Concurrent strong roots
[110.563s][info][gc,task     ] GC(49) Using 2 of 5 workers for concurrent strong root
[110.563s][info][gc          ] GC(49) Concurrent strong roots 0.019ms
[110.563s][info][gc,start    ] GC(49) Concurrent evacuation
[110.563s][info][gc,task     ] GC(49) Using 2 of 5 workers for concurrent evacuation
[110.697s][info][gc          ] GC(49) Concurrent evacuation 134.323ms
[110.698s][info][gc,start    ] GC(49) Pause Init Update Refs
[110.698s][info][gc,ergo     ] GC(49) Pacer for Update Refs. Used: 3936M, Free: 8250M, Non-Taxable: 825M, Alloc Tax Rate: 1.1x
[110.698s][info][gc          ] GC(49) Pause Init Update Refs 0.015ms
[110.698s][info][gc,start    ] GC(49) Concurrent update references
[110.698s][info][gc,task     ] GC(49) Using 2 of 5 workers for concurrent reference update
[110.955s][info][gc          ] GC(49) Concurrent update references 257.087ms
[110.955s][info][gc,start    ] GC(49) Concurrent update thread roots
[110.957s][info][gc          ] GC(49) Concurrent update thread roots 1.827ms
[110.957s][info][gc,start    ] GC(49) Pause Final Update Refs
[110.957s][info][gc,task     ] GC(49) Using 5 of 5 workers for final reference update
[110.957s][info][gc          ] GC(49) Pause Final Update Refs 0.042ms
[110.957s][info][gc,start    ] GC(49) Concurrent cleanup
[110.957s][info][gc          ] GC(49) Concurrent cleanup 4248M->3348M(12288M) 0.022ms
[110.957s][info][gc,ergo     ] Free: 8322M, Max: 4096K regular, 4320M humongous, Frag: 49% external, 0% internal; Reserve: 616M, Max: 4096K
[110.957s][info][gc,stats    ] 
[110.957s][info][gc,stats    ] All times are wall-clock times, except per-root-class counters, that are sum over
[110.957s][info][gc,stats    ] all workers. Dividing the <total> over the root stage time estimates parallelism.
[110.957s][info][gc,stats    ] 
[110.957s][info][gc,stats    ] Concurrent Reset                   7291 us
[110.957s][info][gc,stats    ] Pause Init Mark (G)                  81 us
[110.957s][info][gc,stats    ] Pause Init Mark (N)                  42 us
[110.957s][info][gc,stats    ]   Update Region States               14 us
[110.957s][info][gc,stats    ] Concurrent Mark Roots              1012 us, parallelism: 1.91x
[110.957s][info][gc,stats    ]   CMR: <total>                     1929 us
[110.957s][info][gc,stats    ]   CMR: Thread Roots                1918 us, workers (us): 942, 975, ---, ---, ---, 
[110.957s][info][gc,stats    ]   CMR: VM Strong Roots                3 us, workers (us):   3,   0, ---, ---, ---, 
[110.957s][info][gc,stats    ]   CMR: CLDG Roots                     9 us, workers (us):   9, ---, ---, ---, ---, 
[110.957s][info][gc,stats    ] Concurrent Marking               350123 us
[110.957s][info][gc,stats    ] Pause Final Mark (G)                235 us
[110.957s][info][gc,stats    ] Pause Final Mark (N)                186 us
[110.957s][info][gc,stats    ]   Finish Mark                        92 us
[110.957s][info][gc,stats    ]   Update Region States               20 us
[110.957s][info][gc,stats    ]   Choose Collection Set              42 us
[110.957s][info][gc,stats    ]   Rebuild Free Set                    8 us
[110.957s][info][gc,stats    ] Concurrent Thread Roots            1011 us, parallelism: 1.92x
[110.957s][info][gc,stats    ]   CTR: <total>                     1945 us
[110.957s][info][gc,stats    ]   CTR: Thread Roots                1945 us, workers (us): 973, 972, ---, ---, ---, 
[110.957s][info][gc,stats    ] Concurrent Weak References           42 us, parallelism: 0.23x
[110.957s][info][gc,stats    ]   CWRF: <total>                      10 us
[110.957s][info][gc,stats    ]   CWRF: Weak References              10 us, workers (us):   7,   2, ---, ---, ---, 
[110.957s][info][gc,stats    ] Concurrent Weak Roots               100 us
[110.957s][info][gc,stats    ]   Roots                              68 us, parallelism: 1.53x
[110.957s][info][gc,stats    ]     CWR: <total>                    104 us
[110.957s][info][gc,stats    ]     CWR: Code Cache Roots            85 us, workers (us):  34,  51, ---, ---, ---, 
[110.957s][info][gc,stats    ]     CWR: VM Weak Roots               17 us, workers (us):  10,   8, ---, ---, ---, 
[110.957s][info][gc,stats    ]     CWR: CLDG Roots                   2 us, workers (us): ---,   2, ---, ---, ---, 
[110.957s][info][gc,stats    ]   Rendezvous                         16 us
[110.957s][info][gc,stats    ] Concurrent Cleanup                   17 us
[110.957s][info][gc,stats    ] Concurrent Class Unloading          270 us
[110.957s][info][gc,stats    ]   Unlink Stale                      227 us
[110.957s][info][gc,stats    ]     System Dictionary                 1 us
[110.957s][info][gc,stats    ]     Weak Class Links                  0 us
[110.957s][info][gc,stats    ]     Code Roots                      225 us
[110.957s][info][gc,stats    ]   Rendezvous                         23 us
[110.957s][info][gc,stats    ]   Purge Unlinked                      9 us
[110.957s][info][gc,stats    ]     Code Roots                        7 us
[110.957s][info][gc,stats    ]     CLDG                              1 us
[110.957s][info][gc,stats    ]     Exception Caches                  0 us
[110.957s][info][gc,stats    ] Concurrent Strong Roots              24 us, parallelism: 0.35x
[110.957s][info][gc,stats    ]   CSR: <total>                        8 us
[110.957s][info][gc,stats    ]   CSR: VM Strong Roots                2 us, workers (us):   2,   0, ---, ---, ---, 
[110.957s][info][gc,stats    ]   CSR: CLDG Roots                     6 us, workers (us):   6, ---, ---, ---, ---, 
[110.957s][info][gc,stats    ] Concurrent Evacuation            134365 us
[110.957s][info][gc,stats    ] Pause Init Update Refs (G)           71 us
[110.957s][info][gc,stats    ] Pause Init Update Refs (N)           19 us
[110.957s][info][gc,stats    ]   Manage GCLABs                       2 us
[110.957s][info][gc,stats    ] Concurrent Update Refs           257119 us
[110.957s][info][gc,stats    ] Concurrent Update Thread Roots     1842 us
[110.957s][info][gc,stats    ] Pause Final Update Refs (G)          92 us
[110.957s][info][gc,stats    ] Pause Final Update Refs (N)          54 us
[110.957s][info][gc,stats    ]   Update Region States               19 us
[110.957s][info][gc,stats    ]   Trash Collection Set                3 us
[110.957s][info][gc,stats    ]   Rebuild Free Set                    7 us
[110.957s][info][gc,stats    ] Concurrent Cleanup                   27 us
[110.957s][info][gc,stats    ] 
[110.957s][info][gc,stats    ] Allocation pacing accrued:
[110.957s][info][gc,stats    ]       0 of   856 ms (  0.0%): <total>
[110.957s][info][gc,stats    ]       0 of   856 ms (  0.0%): <average total>
[110.957s][info][gc,stats    ] 
[110.957s][info][gc,metaspace] Metaspace: 2286K(2432K)->2286K(2432K) NonClass: 2081K(2176K)->2081K(2176K) Class: 204K(256K)->204K(256K)
[110.957s][info][gc,ergo     ] Pacer for Idle. Initial: 245M, Alloc Tax Rate: 1.0x
[111.058s][info][gc          ] Trigger: Average GC time (5234.60 ms) is above the time for average allocation rate (1165 MB/s) to deplete free headroom (6097M) (margin of error = 2.25)
[111.058s][info][gc,ergo     ] Free headroom: 8186M (free) - 614M (spike) - 1474M (penalties) = 6097M
[111.058s][info][gc,ergo     ] Free: 8186M, Max: 4096K regular, 4320M humongous, Frag: 48% external, 0% internal; Reserve: 616M, Max: 4096K
[111.058s][info][gc,start    ] GC(50) Concurrent reset
[111.058s][info][gc,task     ] GC(50) Using 2 of 5 workers for concurrent reset
[111.058s][info][gc,ergo     ] GC(50) Pacer for Reset. Non-Taxable: 12288M
[111.059s][info][gc          ] GC(50) Concurrent reset 0.805ms
[111.059s][info][gc,start    ] GC(50) Pause Init Mark (unload classes)
[111.059s][info][gc,task     ] GC(50) Using 5 of 5 workers for init marking
[111.059s][info][gc,ergo     ] GC(50) Pacer for Mark. Expected Live: 4315M, Free: 8186M, Non-Taxable: 818M, Alloc Tax Rate: 0.6x
[111.059s][info][gc          ] GC(50) Pause Init Mark (unload classes) 0.037ms
[111.059s][info][gc,start    ] GC(50) Concurrent marking roots
[111.059s][info][gc,task     ] GC(50) Using 2 of 5 workers for concurrent marking roots
[111.060s][info][gc          ] GC(50) Concurrent marking roots 1.032ms
[111.060s][info][gc,start    ] GC(50) Concurrent marking (unload classes)
[111.060s][info][gc,task     ] GC(50) Using 2 of 5 workers for concurrent marking
[111.525s][info][gc          ] GC(50) Concurrent marking (unload classes) 465.451ms
[111.525s][info][gc,start    ] GC(50) Pause Final Mark (unload classes)
[111.525s][info][gc,task     ] GC(50) Using 5 of 5 workers for final marking
[111.525s][info][gc,ergo     ] GC(50) Adaptive CSet Selection. Target Free: 1740M, Actual Free: 7972M, Max CSet: 512M, Min Garbage: 0B
[111.526s][info][gc,ergo     ] GC(50) Collectable Garbage: 392M (49%), Immediate: 0B (0%), CSet: 392M (49%)
[111.526s][info][gc,ergo     ] GC(50) Pacer for Evacuation. Used CSet: 904M, Free: 7358M, Non-Taxable: 735M, Alloc Tax Rate: 1.1x
[111.526s][info][gc          ] GC(50) Pause Final Mark (unload classes) 0.133ms
[111.526s][info][gc,start    ] GC(50) Concurrent thread roots
[111.526s][info][gc,task     ] GC(50) Using 2 of 5 workers for Concurrent thread roots
[111.527s][info][gc          ] GC(50) Concurrent thread roots 0.992ms
[111.527s][info][gc,start    ] GC(50) Concurrent weak references
[111.527s][info][gc,task     ] GC(50) Using 2 of 5 workers for concurrent weak references
[111.527s][info][gc,ref      ] GC(50) Encountered references: Soft: 170, Weak: 324, Final: 6, Phantom: 1
[111.527s][info][gc,ref      ] GC(50) Discovered  references: Soft: 0, Weak: 124, Final: 1, Phantom: 1
[111.527s][info][gc,ref      ] GC(50) Enqueued    references: Soft: 0, Weak: 0, Final: 0, Phantom: 0
[111.527s][info][gc          ] GC(50) Concurrent weak references 0.032ms
[111.527s][info][gc,start    ] GC(50) Concurrent weak roots
[111.527s][info][gc,task     ] GC(50) Using 2 of 5 workers for concurrent weak root
[111.527s][info][gc          ] GC(50) Concurrent weak roots 0.077ms
[111.527s][info][gc,start    ] GC(50) Concurrent cleanup
[111.527s][info][gc          ] GC(50) Concurrent cleanup 4316M->4316M(12288M) 0.014ms
[111.527s][info][gc,ergo     ] GC(50) Free: 7354M, Max: 4096K regular, 4320M humongous, Frag: 42% external, 0% internal; Reserve: 616M, Max: 4096K
[111.527s][info][gc,start    ] GC(50) Concurrent class unloading
[111.527s][info][gc,task     ] GC(50) Using 2 of 5 workers for concurrent class unloading
[111.527s][info][gc          ] GC(50) Concurrent class unloading 0.248ms
[111.527s][info][gc,start    ] GC(50) Concurrent strong roots
[111.527s][info][gc,task     ] GC(50) Using 2 of 5 workers for concurrent strong root
[111.527s][info][gc          ] GC(50) Concurrent strong roots 0.020ms
[111.527s][info][gc,start    ] GC(50) Concurrent evacuation
[111.527s][info][gc,task     ] GC(50) Using 2 of 5 workers for concurrent evacuation
[111.660s][info][gc          ] GC(50) Concurrent evacuation 133.090ms
[111.660s][info][gc,start    ] GC(50) Pause Init Update Refs
[111.660s][info][gc,ergo     ] GC(50) Pacer for Update Refs. Used: 5025M, Free: 7161M, Non-Taxable: 716M, Alloc Tax Rate: 1.1x
[111.660s][info][gc          ] GC(50) Pause Init Update Refs 0.020ms
[111.660s][info][gc,start    ] GC(50) Concurrent update references
[111.660s][info][gc,task     ] GC(50) Using 2 of 5 workers for concurrent reference update
[112.066s][info][gc          ] GC(50) Concurrent update references 405.553ms
[112.066s][info][gc,start    ] GC(50) Concurrent update thread roots
[112.152s][info][gc          ] GC(50) Concurrent update thread roots 86.031ms
[112.152s][info][gc,start    ] GC(50) Pause Final Update Refs
[112.152s][info][gc,task     ] GC(50) Using 5 of 5 workers for final reference update
[112.152s][info][gc          ] GC(50) Pause Final Update Refs 0.057ms
[112.152s][info][gc,start    ] GC(50) Concurrent cleanup
[112.152s][info][gc          ] GC(50) Concurrent cleanup 6012M->5108M(12288M) 0.025ms
[112.152s][info][gc,ergo     ] Free: 6562M, Max: 4096K regular, 4228M humongous, Frag: 36% external, 0% internal; Reserve: 616M, Max: 4096K
[112.152s][info][gc,stats    ] 
[112.152s][info][gc,stats    ] All times are wall-clock times, except per-root-class counters, that are sum over
[112.152s][info][gc,stats    ] all workers. Dividing the <total> over the root stage time estimates parallelism.
[112.152s][info][gc,stats    ] 
[112.152s][info][gc,stats    ] Concurrent Reset                    821 us
[112.152s][info][gc,stats    ] Pause Init Mark (G)                  85 us
[112.152s][info][gc,stats    ] Pause Init Mark (N)                  40 us
[112.152s][info][gc,stats    ]   Update Region States               17 us
[112.152s][info][gc,stats    ] Concurrent Mark Roots              1047 us, parallelism: 1.88x
[112.152s][info][gc,stats    ]   CMR: <total>                     1970 us
[112.152s][info][gc,stats    ]   CMR: Thread Roots                1955 us, workers (us): 961, 994, ---, ---, ---, 
[112.152s][info][gc,stats    ]   CMR: VM Strong Roots                3 us, workers (us):   3,   0, ---, ---, ---, 
[112.152s][info][gc,stats    ]   CMR: CLDG Roots                    12 us, workers (us):  12, ---, ---, ---, ---, 
[112.152s][info][gc,stats    ] Concurrent Marking               465483 us
[112.152s][info][gc,stats    ] Pause Final Mark (G)                200 us
[112.152s][info][gc,stats    ] Pause Final Mark (N)                136 us
[112.152s][info][gc,stats    ]   Finish Mark                        52 us
[112.152s][info][gc,stats    ]   Update Region States               17 us
[112.152s][info][gc,stats    ]   Choose Collection Set              38 us
[112.152s][info][gc,stats    ]   Rebuild Free Set                    7 us
[112.152s][info][gc,stats    ] Concurrent Thread Roots             998 us, parallelism: 1.94x
[112.152s][info][gc,stats    ]   CTR: <total>                     1936 us
[112.152s][info][gc,stats    ]   CTR: Thread Roots                1936 us, workers (us): 974, 962, ---, ---, ---, 
[112.152s][info][gc,stats    ] Concurrent Weak References           36 us, parallelism: 0.20x
[112.152s][info][gc,stats    ]   CWRF: <total>                       7 us
[112.152s][info][gc,stats    ]   CWRF: Weak References               7 us, workers (us):   7,   1, ---, ---, ---, 
[112.152s][info][gc,stats    ] Concurrent Weak Roots                83 us
[112.152s][info][gc,stats    ]   Roots                              52 us, parallelism: 1.53x
[112.152s][info][gc,stats    ]     CWR: <total>                     80 us
[112.152s][info][gc,stats    ]     CWR: Code Cache Roots            61 us, workers (us):  26,  35, ---, ---, ---, 
[112.152s][info][gc,stats    ]     CWR: VM Weak Roots               17 us, workers (us):  11,   7, ---, ---, ---, 
[112.152s][info][gc,stats    ]     CWR: CLDG Roots                   1 us, workers (us):   1, ---, ---, ---, ---, 
[112.152s][info][gc,stats    ]   Rendezvous                         18 us
[112.152s][info][gc,stats    ] Concurrent Cleanup                   18 us
[112.152s][info][gc,stats    ] Concurrent Class Unloading          254 us
[112.152s][info][gc,stats    ]   Unlink Stale                      220 us
[112.152s][info][gc,stats    ]     System Dictionary                 1 us
[112.152s][info][gc,stats    ]     Weak Class Links                  0 us
[112.152s][info][gc,stats    ]     Code Roots                      218 us
[112.152s][info][gc,stats    ]   Rendezvous                         12 us
[112.152s][info][gc,stats    ]   Purge Unlinked                     10 us
[112.152s][info][gc,stats    ]     Code Roots                        9 us
[112.152s][info][gc,stats    ]     CLDG                              1 us
[112.152s][info][gc,stats    ]     Exception Caches                  0 us
[112.152s][info][gc,stats    ] Concurrent Strong Roots              23 us, parallelism: 0.33x
[112.152s][info][gc,stats    ]   CSR: <total>                        8 us
[112.152s][info][gc,stats    ]   CSR: VM Strong Roots                2 us, workers (us):   2,   0, ---, ---, ---, 
[112.152s][info][gc,stats    ]   CSR: CLDG Roots                     6 us, workers (us):   6, ---, ---, ---, ---, 
[112.152s][info][gc,stats    ] Concurrent Evacuation            133129 us
[112.152s][info][gc,stats    ] Pause Init Update Refs (G)           76 us
[112.152s][info][gc,stats    ] Pause Init Update Refs (N)           23 us
[112.152s][info][gc,stats    ]   Manage GCLABs                       2 us
[112.152s][info][gc,stats    ] Concurrent Update Refs           405585 us
[112.152s][info][gc,stats    ] Concurrent Update Thread Roots    86057 us
[112.152s][info][gc,stats    ] Pause Final Update Refs (G)         116 us
[112.152s][info][gc,stats    ] Pause Final Update Refs (N)          62 us
[112.152s][info][gc,stats    ]   Update Region States               29 us
[112.152s][info][gc,stats    ]   Trash Collection Set                3 us
[112.152s][info][gc,stats    ]   Rebuild Free Set                    9 us
[112.152s][info][gc,stats    ] Concurrent Cleanup                   30 us
[112.152s][info][gc,stats    ] 
[112.152s][info][gc,stats    ] Allocation pacing accrued:
[112.152s][info][gc,stats    ]       0 of  1195 ms (  0.0%): <total>
[112.152s][info][gc,stats    ]       0 of  1195 ms (  0.0%): <average total>
[112.152s][info][gc,stats    ] 
[112.152s][info][gc,metaspace] Metaspace: 2286K(2432K)->2286K(2432K) NonClass: 2081K(2176K)->2081K(2176K) Class: 204K(256K)->204K(256K)
[112.152s][info][gc,ergo     ] Pacer for Idle. Initial: 245M, Alloc Tax Rate: 1.0x
[112.153s][info][gc          ] Trigger: Average GC time (3977.08 ms) is above the time for average allocation rate (1503 MB/s) to deplete free headroom (4596M) (margin of error = 2.25)
[112.153s][info][gc,ergo     ] Free headroom: 6562M (free) - 614M (spike) - 1351M (penalties) = 4596M
[112.153s][info][gc,ergo     ] Free: 6562M, Max: 4096K regular, 4228M humongous, Frag: 36% external, 0% internal; Reserve: 616M, Max: 4096K
[112.153s][info][gc,start    ] GC(51) Concurrent reset
[112.153s][info][gc,task     ] GC(51) Using 2 of 5 workers for concurrent reset
[112.153s][info][gc,ergo     ] GC(51) Pacer for Reset. Non-Taxable: 12288M
[112.158s][info][gc          ] GC(51) Concurrent reset 4.540ms
[112.158s][info][gc,start    ] GC(51) Pause Init Mark (unload classes)
[112.158s][info][gc,task     ] GC(51) Using 5 of 5 workers for init marking
[112.158s][info][gc,ergo     ] GC(51) Pacer for Mark. Expected Live: 4110M, Free: 6562M, Non-Taxable: 656M, Alloc Tax Rate: 0.8x
[112.158s][info][gc          ] GC(51) Pause Init Mark (unload classes) 0.044ms
[112.158s][info][gc,start    ] GC(51) Concurrent marking roots
[112.158s][info][gc,task     ] GC(51) Using 2 of 5 workers for concurrent marking roots
[112.159s][info][gc          ] GC(51) Concurrent marking roots 1.020ms
[112.159s][info][gc,start    ] GC(51) Concurrent marking (unload classes)
[112.159s][info][gc,task     ] GC(51) Using 2 of 5 workers for concurrent marking
[113.680s][info][gc          ] GC(51) Concurrent marking (unload classes) 1520.930ms
[113.680s][info][gc,start    ] GC(51) Pause Final Mark (unload classes)
[113.680s][info][gc,task     ] GC(51) Using 5 of 5 workers for final marking
[113.680s][info][gc,ergo     ] GC(51) Adaptive CSet Selection. Target Free: 1740M, Actual Free: 3703M, Max CSet: 512M, Min Garbage: 0B
[113.680s][info][gc,ergo     ] GC(51) Collectable Garbage: 667M (48%), Immediate: 279M (20%), CSet: 388M (28%)
[113.680s][info][gc,ergo     ] GC(51) Pacer for Evacuation. Used CSet: 900M, Free: 3089M, Non-Taxable: 308M, Alloc Tax Rate: 1.1x
[113.680s][info][gc          ] GC(51) Pause Final Mark (unload classes) 0.193ms
[113.680s][info][gc,start    ] GC(51) Concurrent thread roots
[113.680s][info][gc,task     ] GC(51) Using 2 of 5 workers for Concurrent thread roots
[113.682s][info][gc          ] GC(51) Concurrent thread roots 1.378ms
[113.682s][info][gc,start    ] GC(51) Concurrent weak references
[113.682s][info][gc,task     ] GC(51) Using 2 of 5 workers for concurrent weak references
[113.682s][info][gc,ref      ] GC(51) Encountered references: Soft: 170, Weak: 324, Final: 6, Phantom: 1
[113.682s][info][gc,ref      ] GC(51) Discovered  references: Soft: 0, Weak: 144, Final: 0, Phantom: 1
[113.682s][info][gc,ref      ] GC(51) Enqueued    references: Soft: 0, Weak: 0, Final: 0, Phantom: 0
[113.682s][info][gc          ] GC(51) Concurrent weak references 0.034ms
[113.682s][info][gc,start    ] GC(51) Concurrent weak roots
[113.682s][info][gc,task     ] GC(51) Using 2 of 5 workers for concurrent weak root
[113.683s][info][gc          ] GC(51) Concurrent weak roots 0.840ms
[113.683s][info][gc,start    ] GC(51) Concurrent cleanup
[113.683s][info][gc          ] GC(51) Concurrent cleanup 8861M->8582M(12288M) 0.014ms
[113.683s][info][gc,ergo     ] GC(51) Free: 3086M, Max: 4096K regular, 1204M humongous, Frag: 61% external, 0% internal; Reserve: 616M, Max: 4096K
[113.683s][info][gc,start    ] GC(51) Concurrent class unloading
[113.683s][info][gc,task     ] GC(51) Using 2 of 5 workers for concurrent class unloading
[113.683s][info][gc          ] GC(51) Concurrent class unloading 0.519ms
[113.683s][info][gc,start    ] GC(51) Concurrent strong roots
[113.683s][info][gc,task     ] GC(51) Using 2 of 5 workers for concurrent strong root
[113.683s][info][gc          ] GC(51) Concurrent strong roots 0.054ms
[113.683s][info][gc,start    ] GC(51) Concurrent evacuation
[113.683s][info][gc,task     ] GC(51) Using 2 of 5 workers for concurrent evacuation
[114.044s][info][gc          ] GC(51) Concurrent evacuation 360.288ms
[114.044s][info][gc,start    ] GC(51) Pause Init Update Refs
[114.044s][info][gc,ergo     ] GC(51) Pacer for Update Refs. Used: 9277M, Free: 2902M, Non-Taxable: 290M, Alloc Tax Rate: 3.9x
[114.044s][info][gc          ] GC(51) Pause Init Update Refs 0.021ms
[114.044s][info][gc,start    ] GC(51) Concurrent update references
[114.044s][info][gc,task     ] GC(51) Using 2 of 5 workers for concurrent reference update
[116.109s][info][gc          ] GC(51) Concurrent update references 2065.726ms
[116.110s][info][gc,start    ] GC(51) Concurrent update thread roots
[116.116s][info][gc          ] GC(51) Concurrent update thread roots 5.772ms
[116.116s][info][gc,start    ] GC(51) Pause Final Update Refs
[116.116s][info][gc,task     ] GC(51) Using 5 of 5 workers for final reference update
[116.116s][info][gc          ] GC(51) Pause Final Update Refs 0.082ms
[116.116s][info][gc,start    ] GC(51) Concurrent cleanup
[116.116s][info][gc          ] GC(51) Concurrent cleanup 10586M->9686M(12288M) 0.029ms
[116.116s][info][gc,ergo     ] Free: 1982M, Max: 4096K regular, 780M humongous, Frag: 61% external, 0% internal; Reserve: 616M, Max: 4096K
[116.116s][info][gc,stats    ] 
[116.116s][info][gc,stats    ] All times are wall-clock times, except per-root-class counters, that are sum over
[116.116s][info][gc,stats    ] all workers. Dividing the <total> over the root stage time estimates parallelism.
[116.116s][info][gc,stats    ] 
[116.116s][info][gc,stats    ] Concurrent Reset                   4551 us
[116.116s][info][gc,stats    ] Pause Init Mark (G)                  96 us
[116.116s][info][gc,stats    ] Pause Init Mark (N)                  48 us
[116.116s][info][gc,stats    ]   Update Region States               24 us
[116.116s][info][gc,stats    ] Concurrent Mark Roots              1026 us, parallelism: 1.91x
[116.116s][info][gc,stats    ]   CMR: <total>                     1961 us
[116.116s][info][gc,stats    ]   CMR: Thread Roots                1941 us, workers (us): 954, 987, ---, ---, ---, 
[116.116s][info][gc,stats    ]   CMR: VM Strong Roots                6 us, workers (us):   2,   3, ---, ---, ---, 
[116.116s][info][gc,stats    ]   CMR: CLDG Roots                    14 us, workers (us):  14, ---, ---, ---, ---, 
[116.116s][info][gc,stats    ] Concurrent Marking              1520973 us
[116.116s][info][gc,stats    ] Pause Final Mark (G)                225 us
[116.116s][info][gc,stats    ] Pause Final Mark (N)                196 us
[116.116s][info][gc,stats    ]   Finish Mark                        57 us
[116.116s][info][gc,stats    ]   Update Region States               35 us
[116.116s][info][gc,stats    ]   Choose Collection Set              74 us
[116.116s][info][gc,stats    ]   Rebuild Free Set                    7 us
[116.116s][info][gc,stats    ] Concurrent Thread Roots            1385 us, parallelism: 1.94x
[116.116s][info][gc,stats    ]   CTR: <total>                     2681 us
[116.116s][info][gc,stats    ]   CTR: Thread Roots                2681 us, workers (us): 1345, 1336, ---, ---, ---, 
[116.116s][info][gc,stats    ] Concurrent Weak References           37 us, parallelism: 0.43x
[116.116s][info][gc,stats    ]   CWRF: <total>                      16 us
[116.116s][info][gc,stats    ]   CWRF: Weak References              16 us, workers (us):  11,   5, ---, ---, ---, 
[116.116s][info][gc,stats    ] Concurrent Weak Roots               849 us
[116.116s][info][gc,stats    ]   Roots                             820 us, parallelism: 1.72x
[116.116s][info][gc,stats    ]     CWR: <total>                   1412 us
[116.116s][info][gc,stats    ]     CWR: Code Cache Roots          1384 us, workers (us): 796, 588, ---, ---, ---, 
[116.116s][info][gc,stats    ]     CWR: VM Weak Roots               24 us, workers (us):  15,  10, ---, ---, ---, 
[116.116s][info][gc,stats    ]     CWR: CLDG Roots                   4 us, workers (us): ---,   4, ---, ---, ---, 
[116.116s][info][gc,stats    ]   Rendezvous                         15 us
[116.116s][info][gc,stats    ] Concurrent Cleanup                   19 us
[116.116s][info][gc,stats    ] Concurrent Class Unloading          526 us
[116.116s][info][gc,stats    ]   Unlink Stale                      479 us
[116.116s][info][gc,stats    ]     System Dictionary                 1 us
[116.116s][info][gc,stats    ]     Weak Class Links                  0 us
[116.116s][info][gc,stats    ]     Code Roots                      478 us
[116.116s][info][gc,stats    ]   Rendezvous                         14 us
[116.116s][info][gc,stats    ]   Purge Unlinked                     17 us
[116.116s][info][gc,stats    ]     Code Roots                       16 us
[116.116s][info][gc,stats    ]     CLDG                              1 us
[116.116s][info][gc,stats    ]     Exception Caches                  0 us
[116.116s][info][gc,stats    ] Concurrent Strong Roots              61 us, parallelism: 0.55x
[116.116s][info][gc,stats    ]   CSR: <total>                       33 us
[116.116s][info][gc,stats    ]   CSR: VM Strong Roots                2 us, workers (us):   1,   0, ---, ---, ---, 
[116.116s][info][gc,stats    ]   CSR: CLDG Roots                    31 us, workers (us): ---,  31, ---, ---, ---, 
[116.116s][info][gc,stats    ] Concurrent Evacuation            360311 us
[116.116s][info][gc,stats    ] Pause Init Update Refs (G)           69 us
[116.116s][info][gc,stats    ] Pause Init Update Refs (N)           24 us
[116.116s][info][gc,stats    ]   Manage GCLABs                       9 us
[116.116s][info][gc,stats    ] Concurrent Update Refs          2066106 us
[116.116s][info][gc,stats    ] Concurrent Update Thread Roots     5788 us
[116.116s][info][gc,stats    ] Pause Final Update Refs (G)         121 us
[116.116s][info][gc,stats    ] Pause Final Update Refs (N)          90 us
[116.116s][info][gc,stats    ]   Update Region States               47 us
[116.116s][info][gc,stats    ]   Trash Collection Set                8 us
[116.116s][info][gc,stats    ]   Rebuild Free Set                    8 us
[116.116s][info][gc,stats    ] Concurrent Cleanup                   37 us
[116.116s][info][gc,stats    ] Pacing                          1904537 us
[116.116s][info][gc,stats    ] 
[116.116s][info][gc,stats    ] Allocation pacing accrued:
[116.116s][info][gc,stats    ]      13 of  3964 ms (  0.3%): main
[116.116s][info][gc,stats    ]     169 of  3964 ms (  4.3%): ForkJoinPool-9-worker-1
[116.116s][info][gc,stats    ]     147 of  3964 ms (  3.7%): ForkJoinPool-9-worker-2
[116.116s][info][gc,stats    ]     186 of  3964 ms (  4.7%): ForkJoinPool-9-worker-3
[116.116s][info][gc,stats    ]     197 of  3964 ms (  5.0%): ForkJoinPool-9-worker-4
[116.116s][info][gc,stats    ]     184 of  3964 ms (  4.7%): ForkJoinPool-9-worker-5
[116.116s][info][gc,stats    ]     175 of  3964 ms (  4.4%): ForkJoinPool-9-worker-6
[116.116s][info][gc,stats    ]     199 of  3964 ms (  5.0%): ForkJoinPool-9-worker-8
[116.116s][info][gc,stats    ]     193 of  3964 ms (  4.9%): ForkJoinPool-9-worker-7
[116.116s][info][gc,stats    ]     170 of  3964 ms (  4.3%): ForkJoinPool-9-worker-9
[116.116s][info][gc,stats    ]      99 of  3964 ms (  2.5%): ForkJoinPool-9-worker-10
[116.116s][info][gc,stats    ]     173 of  3964 ms (  4.4%): ForkJoinPool-9-worker-11
[116.116s][info][gc,stats    ]    1905 of  3964 ms ( 48.0%): <total>
[116.116s][info][gc,stats    ]      18 of  3964 ms (  0.4%): <average total>
[116.116s][info][gc,stats    ]     159 of  3964 ms (  4.0%): <average non-zero>
[116.116s][info][gc,stats    ] 
[116.116s][info][gc,metaspace] Metaspace: 2286K(2432K)->2286K(2432K) NonClass: 2081K(2176K)->2081K(2176K) Class: 204K(256K)->204K(256K)
[116.116s][info][gc,ergo     ] Pacer for Idle. Initial: 245M, Alloc Tax Rate: 1.0x
[116.117s][info][gc          ] Trigger: Average GC time (6195.44 ms) is above the time for average allocation rate (1416 MB/s) to deplete free headroom (137M) (margin of error = 2.27)
[116.117s][info][gc,ergo     ] Free headroom: 1980M (free) - 614M (spike) - 1228M (penalties) = 137M
[116.117s][info][gc,ergo     ] Free: 1980M, Max: 4096K regular, 780M humongous, Frag: 61% external, 0% internal; Reserve: 616M, Max: 4096K
[116.117s][info][gc,start    ] GC(52) Concurrent reset
[116.117s][info][gc,task     ] GC(52) Using 2 of 5 workers for concurrent reset
[116.117s][info][gc,ergo     ] GC(52) Pacer for Reset. Non-Taxable: 12288M
[116.144s][info][gc          ] GC(52) Concurrent reset 26.274ms
[116.144s][info][gc,start    ] GC(52) Pause Init Mark (unload classes)
[116.144s][info][gc,task     ] GC(52) Using 5 of 5 workers for init marking
[116.144s][info][gc,ergo     ] GC(52) Pacer for Mark. Expected Live: 3440M, Free: 1968M, Non-Taxable: 196M, Alloc Tax Rate: 2.1x
[116.144s][info][gc          ] GC(52) Pause Init Mark (unload classes) 0.053ms
[116.144s][info][gc,start    ] GC(52) Concurrent marking roots
[116.144s][info][gc,task     ] GC(52) Using 2 of 5 workers for concurrent marking roots
[116.147s][info][gc          ] GC(52) Concurrent marking roots 2.979ms
[116.147s][info][gc,start    ] GC(52) Concurrent marking (unload classes)
[116.147s][info][gc,task     ] GC(52) Using 2 of 5 workers for concurrent marking
[118.336s][info][gc          ] GC(52) Concurrent marking (unload classes) 2189.675ms
[118.336s][info][gc,start    ] GC(52) Pause Final Mark (unload classes)
[118.336s][info][gc,task     ] GC(52) Using 5 of 5 workers for final marking
[118.337s][info][gc,ergo     ] GC(52) Adaptive CSet Selection. Target Free: 1740M, Actual Free: 3280M, Max CSet: 512M, Min Garbage: 0B
[118.337s][info][gc,ergo     ] GC(52) Collectable Garbage: 2280M (86%), Immediate: 1884M (71%), CSet: 396M (15%)
[118.337s][info][gc,ergo     ] GC(52) Pacer for Evacuation. Used CSet: 907M, Free: 2685M, Non-Taxable: 268M, Alloc Tax Rate: 1.1x
[118.337s][info][gc          ] GC(52) Pause Final Mark (unload classes) 0.207ms
[118.337s][info][gc,start    ] GC(52) Concurrent thread roots
[118.337s][info][gc,task     ] GC(52) Using 2 of 5 workers for Concurrent thread roots
[118.338s][info][gc          ] GC(52) Concurrent thread roots 1.438ms
[118.338s][info][gc,start    ] GC(52) Concurrent weak references
[118.338s][info][gc,task     ] GC(52) Using 2 of 5 workers for concurrent weak references
[118.338s][info][gc,ref      ] GC(52) Encountered references: Soft: 170, Weak: 324, Final: 6, Phantom: 1
[118.338s][info][gc,ref      ] GC(52) Discovered  references: Soft: 0, Weak: 3, Final: 0, Phantom: 1
[118.338s][info][gc,ref      ] GC(52) Enqueued    references: Soft: 0, Weak: 0, Final: 0, Phantom: 0
[118.338s][info][gc          ] GC(52) Concurrent weak references 0.045ms
[118.338s][info][gc,start    ] GC(52) Concurrent weak roots
[118.338s][info][gc,task     ] GC(52) Using 2 of 5 workers for concurrent weak root
[118.339s][info][gc          ] GC(52) Concurrent weak roots 0.404ms
[118.339s][info][gc,start    ] GC(52) Concurrent cleanup
[118.339s][info][gc          ] GC(52) Concurrent cleanup 10868M->8984M(12288M) 0.020ms
[118.339s][info][gc,ergo     ] GC(52) Free: 2666M, Max: 4096K regular, 1512M humongous, Frag: 44% external, 0% internal; Reserve: 615M, Max: 4096K
[118.339s][info][gc,start    ] GC(52) Concurrent class unloading
[118.339s][info][gc,task     ] GC(52) Using 2 of 5 workers for concurrent class unloading
[118.339s][info][gc          ] GC(52) Concurrent class unloading 0.346ms
[118.339s][info][gc,start    ] GC(52) Concurrent strong roots
[118.339s][info][gc,task     ] GC(52) Using 2 of 5 workers for concurrent strong root
[118.339s][info][gc          ] GC(52) Concurrent strong roots 0.021ms
[118.339s][info][gc,start    ] GC(52) Concurrent evacuation
[118.339s][info][gc,task     ] GC(52) Using 2 of 5 workers for concurrent evacuation
[118.636s][info][gc          ] GC(52) Concurrent evacuation 297.210ms
[118.636s][info][gc,start    ] GC(52) Pause Init Update Refs
[118.636s][info][gc,ergo     ] GC(52) Pacer for Update Refs. Used: 9635M, Free: 2524M, Non-Taxable: 252M, Alloc Tax Rate: 4.7x
[118.636s][info][gc          ] GC(52) Pause Init Update Refs 0.017ms
[118.636s][info][gc,start    ] GC(52) Concurrent update references
[118.636s][info][gc,task     ] GC(52) Using 2 of 5 workers for concurrent reference update
[120.958s][info][gc          ] GC(52) Concurrent update references 2321.914ms
[120.958s][info][gc,start    ] GC(52) Concurrent update thread roots
[120.961s][info][gc          ] GC(52) Concurrent update thread roots 2.311ms
[120.961s][info][gc,start    ] GC(52) Pause Final Update Refs
[120.961s][info][gc,task     ] GC(52) Using 5 of 5 workers for final reference update
[120.961s][info][gc          ] GC(52) Pause Final Update Refs 0.085ms
[120.961s][info][gc,start    ] GC(52) Concurrent cleanup
[120.961s][info][gc          ] GC(52) Concurrent cleanup 11470M->10562M(12288M) 0.021ms
[120.961s][info][gc,ergo     ] Free: 1104M, Max: 4096K regular, 344M humongous, Frag: 69% external, 58% internal; Reserve: 616M, Max: 4096K
[120.961s][info][gc,stats    ] 
[120.961s][info][gc,stats    ] All times are wall-clock times, except per-root-class counters, that are sum over
[120.961s][info][gc,stats    ] all workers. Dividing the <total> over the root stage time estimates parallelism.
[120.961s][info][gc,stats    ] 
[120.961s][info][gc,stats    ] Concurrent Reset                  26326 us
[120.961s][info][gc,stats    ] Pause Init Mark (G)                 118 us
[120.961s][info][gc,stats    ] Pause Init Mark (N)                  57 us
[120.961s][info][gc,stats    ]   Update Region States               25 us
[120.961s][info][gc,stats    ] Concurrent Mark Roots              2989 us, parallelism: 1.88x
[120.961s][info][gc,stats    ]   CMR: <total>                     5610 us
[120.961s][info][gc,stats    ]   CMR: Thread Roots                5372 us, workers (us): 2698, 2673, ---, ---, ---, 
[120.961s][info][gc,stats    ]   CMR: VM Strong Roots              166 us, workers (us):  28, 138, ---, ---, ---, 
[120.961s][info][gc,stats    ]   CMR: CLDG Roots                    72 us, workers (us):  72, ---, ---, ---, ---, 
[120.961s][info][gc,stats    ] Concurrent Marking              2189711 us
[120.961s][info][gc,stats    ] Pause Final Mark (G)                239 us
[120.961s][info][gc,stats    ] Pause Final Mark (N)                211 us
[120.961s][info][gc,stats    ]   Finish Mark                        85 us
[120.961s][info][gc,stats    ]   Update Region States               20 us
[120.961s][info][gc,stats    ]   Choose Collection Set              75 us
[120.961s][info][gc,stats    ]   Rebuild Free Set                    7 us
[120.961s][info][gc,stats    ] Concurrent Thread Roots            1444 us, parallelism: 1.95x
[120.961s][info][gc,stats    ]   CTR: <total>                     2821 us
[120.961s][info][gc,stats    ]   CTR: Thread Roots                2821 us, workers (us): 1413, 1408, ---, ---, ---, 
[120.961s][info][gc,stats    ] Concurrent Weak References           50 us, parallelism: 0.32x
[120.961s][info][gc,stats    ]   CWRF: <total>                      16 us
[120.961s][info][gc,stats    ]   CWRF: Weak References              16 us, workers (us):  16,   0, ---, ---, ---, 
[120.961s][info][gc,stats    ] Concurrent Weak Roots               411 us
[120.961s][info][gc,stats    ]   Roots                             380 us, parallelism: 1.80x
[120.961s][info][gc,stats    ]     CWR: <total>                    684 us
[120.961s][info][gc,stats    ]     CWR: Code Cache Roots           658 us, workers (us): 357, 301, ---, ---, ---, 
[120.961s][info][gc,stats    ]     CWR: VM Weak Roots               23 us, workers (us):  14,   9, ---, ---, ---, 
[120.961s][info][gc,stats    ]     CWR: CLDG Roots                   4 us, workers (us): ---,   4, ---, ---, ---, 
[120.961s][info][gc,stats    ]   Rendezvous                         17 us
[120.961s][info][gc,stats    ] Concurrent Cleanup                   24 us
[120.961s][info][gc,stats    ] Concurrent Class Unloading          353 us
[120.961s][info][gc,stats    ]   Unlink Stale                      314 us
[120.961s][info][gc,stats    ]     System Dictionary                 1 us
[120.961s][info][gc,stats    ]     Weak Class Links                  0 us
[120.961s][info][gc,stats    ]     Code Roots                      313 us
[120.961s][info][gc,stats    ]   Rendezvous                         15 us
[120.961s][info][gc,stats    ]   Purge Unlinked                     11 us
[120.961s][info][gc,stats    ]     Code Roots                        9 us
[120.961s][info][gc,stats    ]     CLDG                              1 us
[120.961s][info][gc,stats    ]     Exception Caches                  0 us
[120.961s][info][gc,stats    ] Concurrent Strong Roots              25 us, parallelism: 0.31x
[120.961s][info][gc,stats    ]   CSR: <total>                        8 us
[120.961s][info][gc,stats    ]   CSR: VM Strong Roots                2 us, workers (us):   2,   0, ---, ---, ---, 
[120.961s][info][gc,stats    ]   CSR: CLDG Roots                     6 us, workers (us):   6, ---, ---, ---, ---, 
[120.961s][info][gc,stats    ] Concurrent Evacuation            297231 us
[120.961s][info][gc,stats    ] Pause Init Update Refs (G)           51 us
[120.961s][info][gc,stats    ] Pause Init Update Refs (N)           22 us
[120.961s][info][gc,stats    ]   Manage GCLABs                       2 us
[120.961s][info][gc,stats    ] Concurrent Update Refs          2321970 us
[120.961s][info][gc,stats    ] Concurrent Update Thread Roots     2323 us
[120.961s][info][gc,stats    ] Pause Final Update Refs (G)         129 us
[120.961s][info][gc,stats    ] Pause Final Update Refs (N)          95 us
[120.961s][info][gc,stats    ]   Update Region States               50 us
[120.961s][info][gc,stats    ]   Trash Collection Set                8 us
[120.961s][info][gc,stats    ]   Rebuild Free Set                    8 us
[120.961s][info][gc,stats    ] Concurrent Cleanup                   25 us
[120.961s][info][gc,stats    ] 
[120.961s][info][gc,stats    ] Allocation pacing accrued:
[120.961s][info][gc,stats    ]       0 of  4845 ms (  0.0%): <total>
[120.961s][info][gc,stats    ]       0 of  4845 ms (  0.0%): <average total>
[120.961s][info][gc,stats    ] 
[120.961s][info][gc,metaspace] Metaspace: 2286K(2432K)->2288K(2432K) NonClass: 2081K(2176K)->2083K(2176K) Class: 204K(256K)->204K(256K)
[120.961s][info][gc,ergo     ] Pacer for Idle. Initial: 245M, Alloc Tax Rate: 1.0x
[120.962s][info][gc          ] Trigger: Free (1102M) is below minimum threshold (1228M)
[120.962s][info][gc,ergo     ] Free: 1102M, Max: 4096K regular, 344M humongous, Frag: 68% external, 58% internal; Reserve: 616M, Max: 4096K
[120.962s][info][gc,start    ] GC(53) Concurrent reset
[120.962s][info][gc,task     ] GC(53) Using 2 of 5 workers for concurrent reset
[120.962s][info][gc,ergo     ] GC(53) Pacer for Reset. Non-Taxable: 12288M
[120.991s][info][gc          ] GC(53) Concurrent reset 28.325ms
[120.991s][info][gc,start    ] GC(53) Pause Init Mark (unload classes)
[120.991s][info][gc,task     ] GC(53) Using 5 of 5 workers for init marking
[120.991s][info][gc,ergo     ] GC(53) Pacer for Mark. Expected Live: 3440M, Free: 1079M, Non-Taxable: 107M, Alloc Tax Rate: 3.9x
[120.991s][info][gc          ] GC(53) Pause Init Mark (unload classes) 0.047ms
[120.991s][info][gc,start    ] GC(53) Concurrent marking roots
[120.991s][info][gc,task     ] GC(53) Using 2 of 5 workers for concurrent marking roots
[120.992s][info][gc          ] GC(53) Concurrent marking roots 1.093ms
[120.992s][info][gc,start    ] GC(53) Concurrent marking (unload classes)
[120.992s][info][gc,task     ] GC(53) Using 2 of 5 workers for concurrent marking
[121.149s][info][gc          ] GC(53) Concurrent marking (unload classes) 157.337ms
[121.149s][info][gc,start    ] GC(53) Pause Final Mark (unload classes)
[121.149s][info][gc,task     ] GC(53) Using 5 of 5 workers for final marking
[121.149s][info][gc,ergo     ] GC(53) Collectable Garbage: 9076M (95%), Immediate: 9076M (95%), CSet: 0B (0%)
[121.149s][info][gc          ] GC(53) Pause Final Mark (unload classes) 0.178ms
[121.149s][info][gc,start    ] GC(53) Concurrent weak references
[121.149s][info][gc,task     ] GC(53) Using 2 of 5 workers for concurrent weak references
[121.149s][info][gc,ref      ] GC(53) Encountered references: Soft: 170, Weak: 324, Final: 6, Phantom: 5
[121.149s][info][gc,ref      ] GC(53) Discovered  references: Soft: 0, Weak: 144, Final: 4, Phantom: 5
[121.149s][info][gc,ref      ] GC(53) Enqueued    references: Soft: 0, Weak: 0, Final: 0, Phantom: 4
[121.150s][info][gc          ] GC(53) Concurrent weak references 0.034ms
[121.150s][info][gc,start    ] GC(53) Concurrent weak roots
[121.150s][info][gc,task     ] GC(53) Using 2 of 5 workers for concurrent weak root
[121.150s][info][gc          ] GC(53) Concurrent weak roots 0.632ms
[121.150s][info][gc,start    ] GC(53) Concurrent cleanup
[121.150s][info][gc          ] GC(53) Concurrent cleanup 10774M->1697M(12288M) 0.053ms
[121.150s][info][gc,ergo     ] GC(53) Free: 9973M, Max: 4096K regular, 3324M humongous, Frag: 67% external, 2% internal; Reserve: 616M, Max: 4096K
[121.150s][info][gc,start    ] GC(53) Concurrent class unloading
[121.150s][info][gc,task     ] GC(53) Using 2 of 5 workers for concurrent class unloading
[121.151s][info][gc          ] GC(53) Concurrent class unloading 0.437ms
[121.151s][info][gc,start    ] GC(53) Pause Final Roots
[121.151s][info][gc          ] GC(53) Pause Final Roots 0.007ms
[121.151s][info][gc,ergo     ] Free: 9972M, Max: 4096K regular, 3324M humongous, Frag: 67% external, 2% internal; Reserve: 616M, Max: 4096K
[121.151s][info][gc,stats    ] 
[121.151s][info][gc,stats    ] All times are wall-clock times, except per-root-class counters, that are sum over
[121.151s][info][gc,stats    ] all workers. Dividing the <total> over the root stage time estimates parallelism.
[121.151s][info][gc,stats    ] 
[121.151s][info][gc,stats    ] Concurrent Reset                  28362 us
[121.151s][info][gc,stats    ] Pause Init Mark (G)                  96 us
[121.151s][info][gc,stats    ] Pause Init Mark (N)                  54 us
[121.151s][info][gc,stats    ]   Update Region States               13 us
[121.151s][info][gc,stats    ] Concurrent Mark Roots              1099 us, parallelism: 1.93x
[121.151s][info][gc,stats    ]   CMR: <total>                     2121 us
[121.151s][info][gc,stats    ]   CMR: Thread Roots                2094 us, workers (us): 1044, 1050, ---, ---, ---, 
[121.151s][info][gc,stats    ]   CMR: VM Strong Roots               13 us, workers (us):   4,   9, ---, ---, ---, 
[121.151s][info][gc,stats    ]   CMR: CLDG Roots                    14 us, workers (us):  14, ---, ---, ---, ---, 
[121.151s][info][gc,stats    ] Concurrent Marking               157380 us
[121.151s][info][gc,stats    ] Pause Final Mark (G)                218 us
[121.151s][info][gc,stats    ] Pause Final Mark (N)                183 us
[121.151s][info][gc,stats    ]   Finish Mark                        98 us
[121.151s][info][gc,stats    ]   Update Region States               21 us
[121.151s][info][gc,stats    ]   Choose Collection Set              35 us
[121.151s][info][gc,stats    ]   Rebuild Free Set                    8 us
[121.151s][info][gc,stats    ] Concurrent Weak References           38 us, parallelism: 0.17x
[121.151s][info][gc,stats    ]   CWRF: <total>                       7 us
[121.151s][info][gc,stats    ]   CWRF: Weak References               7 us, workers (us):   5,   1, ---, ---, ---, 
[121.151s][info][gc,stats    ] Concurrent Weak Roots               640 us
[121.151s][info][gc,stats    ]   Roots                             597 us, parallelism: 1.82x
[121.151s][info][gc,stats    ]     CWR: <total>                   1084 us
[121.151s][info][gc,stats    ]     CWR: Code Cache Roots          1056 us, workers (us): 570, 486, ---, ---, ---, 
[121.151s][info][gc,stats    ]     CWR: VM Weak Roots               26 us, workers (us):  15,  11, ---, ---, ---, 
[121.151s][info][gc,stats    ]     CWR: CLDG Roots                   2 us, workers (us): ---,   2, ---, ---, ---, 
[121.151s][info][gc,stats    ]   Rendezvous                         27 us
[121.151s][info][gc,stats    ] Concurrent Cleanup                   57 us
[121.151s][info][gc,stats    ] Concurrent Class Unloading          447 us
[121.151s][info][gc,stats    ]   Unlink Stale                      377 us
[121.151s][info][gc,stats    ]     System Dictionary                 1 us
[121.151s][info][gc,stats    ]     Weak Class Links                  0 us
[121.151s][info][gc,stats    ]     Code Roots                      376 us
[121.151s][info][gc,stats    ]   Rendezvous                         41 us
[121.151s][info][gc,stats    ]   Purge Unlinked                     12 us
[121.151s][info][gc,stats    ]     Code Roots                       10 us
[121.151s][info][gc,stats    ]     CLDG                              2 us
[121.151s][info][gc,stats    ]     Exception Caches                  0 us
[121.151s][info][gc,stats    ] Pause Final Roots (G)                28 us
[121.151s][info][gc,stats    ] Pause Final Roots (N)                12 us
[121.151s][info][gc,stats    ] 
[121.151s][info][gc,stats    ] Allocation pacing accrued:
[121.151s][info][gc,stats    ]       0 of   190 ms (  0.0%): <total>
[121.151s][info][gc,stats    ]       0 of   190 ms (  0.0%): <average total>
[121.151s][info][gc,stats    ] 
[121.151s][info][gc,metaspace] Metaspace: 2288K(2432K)->2288K(2432K) NonClass: 2083K(2176K)->2083K(2176K) Class: 204K(256K)->204K(256K)
[121.151s][info][gc,ergo     ] Pacer for Idle. Initial: 245M, Alloc Tax Rate: 1.0x
[121.253s][info][gc          ] Trigger: Average GC time (6730.77 ms) is above the time for average allocation rate (1331 MB/s) to deplete free headroom (8214M) (margin of error = 2.28)
[121.253s][info][gc,ergo     ] Free headroom: 9811M (free) - 614M (spike) - 983M (penalties) = 8214M
[121.253s][info][gc,ergo     ] Free: 9811M, Max: 4096K regular, 3324M humongous, Frag: 67% external, 3% internal; Reserve: 616M, Max: 4096K
[121.253s][info][gc,start    ] GC(54) Concurrent reset
[121.253s][info][gc,task     ] GC(54) Using 2 of 5 workers for concurrent reset
[121.253s][info][gc,ergo     ] GC(54) Pacer for Reset. Non-Taxable: 12288M
[121.257s][info][gc          ] GC(54) Concurrent reset 4.349ms
[121.257s][info][gc,start    ] GC(54) Pause Init Mark (unload classes)
[121.257s][info][gc,task     ] GC(54) Using 5 of 5 workers for init marking
[121.257s][info][gc,ergo     ] GC(54) Pacer for Mark. Expected Live: 3340M, Free: 9809M, Non-Taxable: 980M, Alloc Tax Rate: 0.4x
[121.257s][info][gc          ] GC(54) Pause Init Mark (unload classes) 0.039ms
[121.257s][info][gc,start    ] GC(54) Concurrent marking roots
[121.257s][info][gc,task     ] GC(54) Using 2 of 5 workers for concurrent marking roots
[121.258s][info][gc          ] GC(54) Concurrent marking roots 1.026ms
[121.258s][info][gc,start    ] GC(54) Concurrent marking (unload classes)
[121.259s][info][gc,task     ] GC(54) Using 2 of 5 workers for concurrent marking
[121.441s][info][gc          ] GC(54) Concurrent marking (unload classes) 182.271ms
[121.441s][info][gc,start    ] GC(54) Pause Final Mark (unload classes)
[121.441s][info][gc,task     ] GC(54) Using 5 of 5 workers for final marking
[121.441s][info][gc,ergo     ] GC(54) Adaptive CSet Selection. Target Free: 1740M, Actual Free: 10220M, Max CSet: 512M, Min Garbage: 0B
[121.441s][info][gc,ergo     ] GC(54) Collectable Garbage: 473M (82%), Immediate: 4096K (0%), CSet: 469M (82%)
[121.441s][info][gc,ergo     ] GC(54) Pacer for Evacuation. Used CSet: 979M, Free: 9609M, Non-Taxable: 960M, Alloc Tax Rate: 1.1x
[121.441s][info][gc          ] GC(54) Pause Final Mark (unload classes) 0.109ms
[121.441s][info][gc,start    ] GC(54) Concurrent thread roots
[121.441s][info][gc,task     ] GC(54) Using 2 of 5 workers for Concurrent thread roots
[121.442s][info][gc          ] GC(54) Concurrent thread roots 1.144ms
[121.442s][info][gc,start    ] GC(54) Concurrent weak references
[121.442s][info][gc,task     ] GC(54) Using 2 of 5 workers for concurrent weak references
[121.442s][info][gc,ref      ] GC(54) Encountered references: Soft: 170, Weak: 324, Final: 6, Phantom: 1
[121.442s][info][gc,ref      ] GC(54) Discovered  references: Soft: 0, Weak: 124, Final: 4, Phantom: 1
[121.442s][info][gc,ref      ] GC(54) Enqueued    references: Soft: 0, Weak: 0, Final: 0, Phantom: 0
[121.442s][info][gc          ] GC(54) Concurrent weak references 0.037ms
[121.442s][info][gc,start    ] GC(54) Concurrent weak roots
[121.442s][info][gc,task     ] GC(54) Using 2 of 5 workers for concurrent weak root
[121.442s][info][gc          ] GC(54) Concurrent weak roots 0.103ms
[121.442s][info][gc,start    ] GC(54) Concurrent cleanup
[121.442s][info][gc          ] GC(54) Concurrent cleanup 2069M->2065M(12288M) 0.011ms
[121.442s][info][gc,ergo     ] GC(54) Free: 9605M, Max: 4096K regular, 3324M humongous, Frag: 66% external, 3% internal; Reserve: 615M, Max: 4096K
[121.442s][info][gc,start    ] GC(54) Concurrent class unloading
[121.442s][info][gc,task     ] GC(54) Using 2 of 5 workers for concurrent class unloading
[121.443s][info][gc          ] GC(54) Concurrent class unloading 0.278ms
[121.443s][info][gc,start    ] GC(54) Concurrent strong roots
[121.443s][info][gc,task     ] GC(54) Using 2 of 5 workers for concurrent strong root
[121.443s][info][gc          ] GC(54) Concurrent strong roots 0.074ms
[121.443s][info][gc,start    ] GC(54) Concurrent evacuation
[121.443s][info][gc,task     ] GC(54) Using 2 of 5 workers for concurrent evacuation
[121.554s][info][gc          ] GC(54) Concurrent evacuation 111.142ms
[121.554s][info][gc,start    ] GC(54) Pause Init Update Refs
[121.554s][info][gc,ergo     ] GC(54) Pacer for Update Refs. Used: 2701M, Free: 9485M, Non-Taxable: 948M, Alloc Tax Rate: 1.1x
[121.554s][info][gc          ] GC(54) Pause Init Update Refs 0.417ms
[121.554s][info][gc,start    ] GC(54) Concurrent update references
[121.554s][info][gc,task     ] GC(54) Using 2 of 5 workers for concurrent reference update
[121.658s][info][gc          ] GC(54) Concurrent update references 103.875ms
[121.658s][info][gc,start    ] GC(54) Concurrent update thread roots
[121.660s][info][gc          ] GC(54) Concurrent update thread roots 1.883ms
[121.660s][info][gc,start    ] GC(54) Pause Final Update Refs
[121.660s][info][gc,task     ] GC(54) Using 5 of 5 workers for final reference update
[121.660s][info][gc          ] GC(54) Pause Final Update Refs 0.038ms
[121.660s][info][gc,start    ] GC(54) Concurrent cleanup
[121.660s][info][gc          ] GC(54) Concurrent cleanup 2817M->1837M(12288M) 0.018ms
[121.660s][info][gc,ergo     ] Free: 9833M, Max: 4096K regular, 6068M humongous, Frag: 39% external, 2% internal; Reserve: 616M, Max: 4096K
[121.660s][info][gc,stats    ] 
[121.660s][info][gc,stats    ] All times are wall-clock times, except per-root-class counters, that are sum over
[121.660s][info][gc,stats    ] all workers. Dividing the <total> over the root stage time estimates parallelism.
[121.660s][info][gc,stats    ] 
[121.660s][info][gc,stats    ] Concurrent Reset                   4359 us
[121.660s][info][gc,stats    ] Pause Init Mark (G)                 116 us
[121.660s][info][gc,stats    ] Pause Init Mark (N)                  44 us
[121.660s][info][gc,stats    ]   Update Region States               17 us
[121.660s][info][gc,stats    ] Concurrent Mark Roots              1031 us, parallelism: 1.93x
[121.660s][info][gc,stats    ]   CMR: <total>                     1992 us
[121.660s][info][gc,stats    ]   CMR: Thread Roots                1972 us, workers (us): 990, 982, ---, ---, ---, 
[121.660s][info][gc,stats    ]   CMR: VM Strong Roots                7 us, workers (us):   6,   0, ---, ---, ---, 
[121.660s][info][gc,stats    ]   CMR: CLDG Roots                    13 us, workers (us): ---,  13, ---, ---, ---, 
[121.660s][info][gc,stats    ] Concurrent Marking               182299 us
[121.660s][info][gc,stats    ] Pause Final Mark (G)                150 us
[121.660s][info][gc,stats    ] Pause Final Mark (N)                113 us
[121.660s][info][gc,stats    ]   Finish Mark                        36 us
[121.660s][info][gc,stats    ]   Update Region States               18 us
[121.660s][info][gc,stats    ]   Choose Collection Set              30 us
[121.660s][info][gc,stats    ]   Rebuild Free Set                    8 us
[121.660s][info][gc,stats    ] Concurrent Thread Roots            1151 us, parallelism: 1.94x
[121.660s][info][gc,stats    ]   CTR: <total>                     2235 us
[121.660s][info][gc,stats    ]   CTR: Thread Roots                2235 us, workers (us): 1124, 1111, ---, ---, ---, 
[121.660s][info][gc,stats    ] Concurrent Weak References           40 us, parallelism: 0.21x
[121.660s][info][gc,stats    ]   CWRF: <total>                       8 us
[121.660s][info][gc,stats    ]   CWRF: Weak References               8 us, workers (us):   3,   6, ---, ---, ---, 
[121.660s][info][gc,stats    ] Concurrent Weak Roots               109 us
[121.660s][info][gc,stats    ]   Roots                              77 us, parallelism: 1.70x
[121.660s][info][gc,stats    ]     CWR: <total>                    131 us
[121.660s][info][gc,stats    ]     CWR: Code Cache Roots            74 us, workers (us):  40,  34, ---, ---, ---, 
[121.660s][info][gc,stats    ]     CWR: VM Weak Roots               56 us, workers (us):  29,  27, ---, ---, ---, 
[121.660s][info][gc,stats    ]     CWR: CLDG Roots                   2 us, workers (us):   2, ---, ---, ---, ---, 
[121.660s][info][gc,stats    ]   Rendezvous                         17 us
[121.660s][info][gc,stats    ] Concurrent Cleanup                   16 us
[121.660s][info][gc,stats    ] Concurrent Class Unloading          283 us
[121.660s][info][gc,stats    ]   Unlink Stale                      225 us
[121.660s][info][gc,stats    ]     System Dictionary                 1 us
[121.660s][info][gc,stats    ]     Weak Class Links                  0 us
[121.660s][info][gc,stats    ]     Code Roots                      223 us
[121.660s][info][gc,stats    ]   Rendezvous                         32 us
[121.660s][info][gc,stats    ]   Purge Unlinked                     10 us
[121.660s][info][gc,stats    ]     Code Roots                        8 us
[121.660s][info][gc,stats    ]     CLDG                              1 us
[121.660s][info][gc,stats    ]     Exception Caches                  0 us
[121.660s][info][gc,stats    ] Concurrent Strong Roots              79 us, parallelism: 0.79x
[121.660s][info][gc,stats    ]   CSR: <total>                       63 us
[121.660s][info][gc,stats    ]   CSR: VM Strong Roots                3 us, workers (us):   3,   0, ---, ---, ---, 
[121.660s][info][gc,stats    ]   CSR: CLDG Roots                    59 us, workers (us):  59, ---, ---, ---, ---, 
[121.661s][info][gc,stats    ] Concurrent Evacuation            111168 us
[121.661s][info][gc,stats    ] Pause Init Update Refs (G)          518 us
[121.661s][info][gc,stats    ] Pause Init Update Refs (N)          421 us
[121.661s][info][gc,stats    ]   Manage GCLABs                     401 us
[121.661s][info][gc,stats    ] Concurrent Update Refs           104020 us
[121.661s][info][gc,stats    ] Concurrent Update Thread Roots     1892 us
[121.661s][info][gc,stats    ] Pause Final Update Refs (G)          74 us
[121.661s][info][gc,stats    ] Pause Final Update Refs (N)          42 us
[121.661s][info][gc,stats    ]   Update Region States               14 us
[121.661s][info][gc,stats    ]   Trash Collection Set                3 us
[121.661s][info][gc,stats    ]   Rebuild Free Set                    9 us
[121.661s][info][gc,stats    ] Concurrent Cleanup                   23 us
[121.661s][info][gc,stats    ] 
[121.661s][info][gc,stats    ] Allocation pacing accrued:
[121.661s][info][gc,stats    ]       0 of   510 ms (  0.0%): <total>
[121.661s][info][gc,stats    ]       0 of   510 ms (  0.0%): <average total>
[121.661s][info][gc,stats    ] 
[121.661s][info][gc,metaspace] Metaspace: 2288K(2432K)->2288K(2432K) NonClass: 2083K(2176K)->2083K(2176K) Class: 204K(256K)->204K(256K)
[121.661s][info][gc,ergo     ] Pacer for Idle. Initial: 245M, Alloc Tax Rate: 1.0x
[121.762s][info][gc          ] Trigger: Average GC time (4976.92 ms) is above the time for average allocation rate (2117 MB/s) to deplete free headroom (8056M) (margin of error = 2.27)
[121.762s][info][gc,ergo     ] Free headroom: 9530M (free) - 614M (spike) - 860M (penalties) = 8056M
[121.762s][info][gc,ergo     ] Free: 9530M, Max: 4096K regular, 6068M humongous, Frag: 37% external, 3% internal; Reserve: 616M, Max: 4096K
[121.762s][info][gc,start    ] GC(55) Concurrent reset
[121.762s][info][gc,task     ] GC(55) Using 2 of 5 workers for concurrent reset
[121.762s][info][gc,ergo     ] GC(55) Pacer for Reset. Non-Taxable: 12288M
[121.763s][info][gc          ] GC(55) Concurrent reset 0.495ms
[121.763s][info][gc,start    ] GC(55) Pause Init Mark (unload classes)
[121.763s][info][gc,task     ] GC(55) Using 5 of 5 workers for init marking
[121.763s][info][gc,ergo     ] GC(55) Pacer for Mark. Expected Live: 3174M, Free: 9530M, Non-Taxable: 953M, Alloc Tax Rate: 0.4x
[121.763s][info][gc          ] GC(55) Pause Init Mark (unload classes) 0.035ms
[121.763s][info][gc,start    ] GC(55) Concurrent marking roots
[121.763s][info][gc,task     ] GC(55) Using 2 of 5 workers for concurrent marking roots
[121.764s][info][gc          ] GC(55) Concurrent marking roots 1.002ms
[121.764s][info][gc,start    ] GC(55) Concurrent marking (unload classes)
[121.764s][info][gc,task     ] GC(55) Using 2 of 5 workers for concurrent marking
[122.023s][info][gc          ] GC(55) Concurrent marking (unload classes) 258.700ms
[122.023s][info][gc,start    ] GC(55) Pause Final Mark (unload classes)
[122.023s][info][gc,task     ] GC(55) Using 5 of 5 workers for final marking
[122.023s][info][gc,ergo     ] GC(55) Adaptive CSet Selection. Target Free: 1740M, Actual Free: 9812M, Max CSet: 512M, Min Garbage: 0B
[122.023s][info][gc,ergo     ] GC(55) Collectable Garbage: 388M (91%), Immediate: 0B (0%), CSet: 388M (91%)
[122.023s][info][gc,ergo     ] GC(55) Pacer for Evacuation. Used CSet: 900M, Free: 9201M, Non-Taxable: 920M, Alloc Tax Rate: 1.1x
[122.023s][info][gc          ] GC(55) Pause Final Mark (unload classes) 0.108ms
[122.023s][info][gc,start    ] GC(55) Concurrent thread roots
[122.023s][info][gc,task     ] GC(55) Using 2 of 5 workers for Concurrent thread roots
[122.024s][info][gc          ] GC(55) Concurrent thread roots 1.019ms
[122.024s][info][gc,start    ] GC(55) Concurrent weak references
[122.024s][info][gc,task     ] GC(55) Using 2 of 5 workers for concurrent weak references
[122.024s][info][gc,ref      ] GC(55) Encountered references: Soft: 170, Weak: 324, Final: 6, Phantom: 1
[122.024s][info][gc,ref      ] GC(55) Discovered  references: Soft: 0, Weak: 124, Final: 6, Phantom: 1
[122.024s][info][gc,ref      ] GC(55) Enqueued    references: Soft: 0, Weak: 0, Final: 0, Phantom: 0
[122.024s][info][gc          ] GC(55) Concurrent weak references 0.037ms
[122.024s][info][gc,start    ] GC(55) Concurrent weak roots
[122.024s][info][gc,task     ] GC(55) Using 2 of 5 workers for concurrent weak root
[122.024s][info][gc          ] GC(55) Concurrent weak roots 0.075ms
[122.024s][info][gc,start    ] GC(55) Concurrent cleanup
[122.024s][info][gc          ] GC(55) Concurrent cleanup 2473M->2473M(12288M) 0.009ms
[122.024s][info][gc,ergo     ] GC(55) Free: 9197M, Max: 4096K regular, 5800M humongous, Frag: 37% external, 3% internal; Reserve: 615M, Max: 4096K
[122.024s][info][gc,start    ] GC(55) Concurrent class unloading
[122.024s][info][gc,task     ] GC(55) Using 2 of 5 workers for concurrent class unloading
[122.024s][info][gc          ] GC(55) Concurrent class unloading 0.243ms
[122.024s][info][gc,start    ] GC(55) Concurrent strong roots
[122.024s][info][gc,task     ] GC(55) Using 2 of 5 workers for concurrent strong root
[122.024s][info][gc          ] GC(55) Concurrent strong roots 0.022ms
[122.024s][info][gc,start    ] GC(55) Concurrent evacuation
[122.024s][info][gc,task     ] GC(55) Using 2 of 5 workers for concurrent evacuation
[122.136s][info][gc          ] GC(55) Concurrent evacuation 111.340ms
[122.136s][info][gc,start    ] GC(55) Pause Init Update Refs
[122.136s][info][gc,ergo     ] GC(55) Pacer for Update Refs. Used: 3125M, Free: 9057M, Non-Taxable: 905M, Alloc Tax Rate: 1.1x
[122.136s][info][gc          ] GC(55) Pause Init Update Refs 0.022ms
[122.136s][info][gc,start    ] GC(55) Concurrent update references
[122.136s][info][gc,task     ] GC(55) Using 2 of 5 workers for concurrent reference update
[122.314s][info][gc          ] GC(55) Concurrent update references 178.484ms
[122.314s][info][gc,start    ] GC(55) Concurrent update thread roots
[122.316s][info][gc          ] GC(55) Concurrent update thread roots 1.859ms
[122.316s][info][gc,start    ] GC(55) Pause Final Update Refs
[122.316s][info][gc,task     ] GC(55) Using 5 of 5 workers for final reference update
[122.316s][info][gc          ] GC(55) Pause Final Update Refs 0.041ms
[122.316s][info][gc,start    ] GC(55) Concurrent cleanup
[122.316s][info][gc          ] GC(55) Concurrent cleanup 3317M->2417M(12288M) 0.015ms
[122.316s][info][gc,ergo     ] Free: 9253M, Max: 4096K regular, 5468M humongous, Frag: 41% external, 3% internal; Reserve: 616M, Max: 4096K
[122.316s][info][gc,stats    ] 
[122.316s][info][gc,stats    ] All times are wall-clock times, except per-root-class counters, that are sum over
[122.316s][info][gc,stats    ] all workers. Dividing the <total> over the root stage time estimates parallelism.
[122.316s][info][gc,stats    ] 
[122.316s][info][gc,stats    ] Concurrent Reset                    508 us
[122.316s][info][gc,stats    ] Pause Init Mark (G)                  81 us
[122.316s][info][gc,stats    ] Pause Init Mark (N)                  39 us
[122.316s][info][gc,stats    ]   Update Region States               15 us
[122.316s][info][gc,stats    ] Concurrent Mark Roots              1008 us, parallelism: 1.92x
[122.316s][info][gc,stats    ]   CMR: <total>                     1938 us
[122.316s][info][gc,stats    ]   CMR: Thread Roots                1925 us, workers (us): 964, 961, ---, ---, ---, 
[122.316s][info][gc,stats    ]   CMR: VM Strong Roots                3 us, workers (us):   3,   0, ---, ---, ---, 
[122.316s][info][gc,stats    ]   CMR: CLDG Roots                    10 us, workers (us):  10, ---, ---, ---, ---, 
[122.316s][info][gc,stats    ] Concurrent Marking               258723 us
[122.316s][info][gc,stats    ] Pause Final Mark (G)                146 us
[122.316s][info][gc,stats    ] Pause Final Mark (N)                112 us
[122.316s][info][gc,stats    ]   Finish Mark                        32 us
[122.316s][info][gc,stats    ]   Update Region States               17 us
[122.316s][info][gc,stats    ]   Choose Collection Set              33 us
[122.316s][info][gc,stats    ]   Rebuild Free Set                    8 us
[122.316s][info][gc,stats    ] Concurrent Thread Roots            1035 us, parallelism: 1.92x
[122.316s][info][gc,stats    ]   CTR: <total>                     1992 us
[122.316s][info][gc,stats    ]   CTR: Thread Roots                1992 us, workers (us): 995, 997, ---, ---, ---, 
[122.316s][info][gc,stats    ] Concurrent Weak References           41 us, parallelism: 0.12x
[122.316s][info][gc,stats    ]   CWRF: <total>                       5 us
[122.316s][info][gc,stats    ]   CWRF: Weak References               5 us, workers (us):   4,   1, ---, ---, ---, 
[122.316s][info][gc,stats    ] Concurrent Weak Roots                80 us
[122.316s][info][gc,stats    ]   Roots                              55 us, parallelism: 1.54x
[122.316s][info][gc,stats    ]     CWR: <total>                     85 us
[122.316s][info][gc,stats    ]     CWR: Code Cache Roots            66 us, workers (us):  27,  38, ---, ---, ---, 
[122.316s][info][gc,stats    ]     CWR: VM Weak Roots               17 us, workers (us):  11,   7, ---, ---, ---, 
[122.316s][info][gc,stats    ]     CWR: CLDG Roots                   2 us, workers (us):   2, ---, ---, ---, ---, 
[122.316s][info][gc,stats    ]   Rendezvous                         12 us
[122.316s][info][gc,stats    ] Concurrent Cleanup                   12 us
[122.316s][info][gc,stats    ] Concurrent Class Unloading          249 us
[122.316s][info][gc,stats    ]   Unlink Stale                      215 us
[122.316s][info][gc,stats    ]     System Dictionary                 1 us
[122.316s][info][gc,stats    ]     Weak Class Links                  1 us
[122.316s][info][gc,stats    ]     Code Roots                      213 us
[122.316s][info][gc,stats    ]   Rendezvous                         11 us
[122.316s][info][gc,stats    ]   Purge Unlinked                     10 us
[122.316s][info][gc,stats    ]     Code Roots                        9 us
[122.316s][info][gc,stats    ]     CLDG                              1 us
[122.316s][info][gc,stats    ]     Exception Caches                  0 us
[122.316s][info][gc,stats    ] Concurrent Strong Roots              27 us, parallelism: 0.33x
[122.316s][info][gc,stats    ]   CSR: <total>                        9 us
[122.316s][info][gc,stats    ]   CSR: VM Strong Roots                1 us, workers (us):   1,   0, ---, ---, ---, 
[122.316s][info][gc,stats    ]   CSR: CLDG Roots                     7 us, workers (us):   7, ---, ---, ---, ---, 
[122.316s][info][gc,stats    ] Concurrent Evacuation            111377 us
[122.316s][info][gc,stats    ] Pause Init Update Refs (G)           74 us
[122.316s][info][gc,stats    ] Pause Init Update Refs (N)           26 us
[122.316s][info][gc,stats    ]   Manage GCLABs                       3 us
[122.316s][info][gc,stats    ] Concurrent Update Refs           178507 us
[122.316s][info][gc,stats    ] Concurrent Update Thread Roots     1870 us
[122.316s][info][gc,stats    ] Pause Final Update Refs (G)          86 us
[122.316s][info][gc,stats    ] Pause Final Update Refs (N)          48 us
[122.316s][info][gc,stats    ]   Update Region States               18 us
[122.316s][info][gc,stats    ]   Trash Collection Set                2 us
[122.316s][info][gc,stats    ]   Rebuild Free Set                    8 us
[122.316s][info][gc,stats    ] Concurrent Cleanup                   19 us
[122.316s][info][gc,stats    ] 
[122.316s][info][gc,stats    ] Allocation pacing accrued:
[122.316s][info][gc,stats    ]       0 of   656 ms (  0.0%): <total>
[122.316s][info][gc,stats    ]       0 of   656 ms (  0.0%): <average total>
[122.316s][info][gc,stats    ] 
[122.316s][info][gc,metaspace] Metaspace: 2288K(2432K)->2288K(2432K) NonClass: 2083K(2176K)->2083K(2176K) Class: 204K(256K)->204K(256K)
[122.316s][info][gc,ergo     ] Pacer for Idle. Initial: 245M, Alloc Tax Rate: 1.0x
[122.418s][info][gc          ] Trigger: Average GC time (3633.54 ms) is above the time for average allocation rate (2409 MB/s) to deplete free headroom (7583M) (margin of error = 2.26)
[122.418s][info][gc,ergo     ] Free headroom: 8934M (free) - 614M (spike) - 737M (penalties) = 7583M
[122.418s][info][gc,ergo     ] Free: 8934M, Max: 4096K regular, 5468M humongous, Frag: 39% external, 3% internal; Reserve: 616M, Max: 4096K
[122.418s][info][gc,start    ] GC(56) Concurrent reset
[122.418s][info][gc,task     ] GC(56) Using 2 of 5 workers for concurrent reset
[122.418s][info][gc,ergo     ] GC(56) Pacer for Reset. Non-Taxable: 12288M
[122.419s][info][gc          ] GC(56) Concurrent reset 0.617ms
[122.419s][info][gc,start    ] GC(56) Pause Init Mark (unload classes)
[122.419s][info][gc,task     ] GC(56) Using 5 of 5 workers for init marking
[122.419s][info][gc,ergo     ] GC(56) Pacer for Mark. Expected Live: 2978M, Free: 8934M, Non-Taxable: 893M, Alloc Tax Rate: 0.4x
[122.419s][info][gc          ] GC(56) Pause Init Mark (unload classes) 0.037ms
[122.419s][info][gc,start    ] GC(56) Concurrent marking roots
[122.419s][info][gc,task     ] GC(56) Using 2 of 5 workers for concurrent marking roots
[122.420s][info][gc          ] GC(56) Concurrent marking roots 1.008ms
[122.420s][info][gc,start    ] GC(56) Concurrent marking (unload classes)
[122.420s][info][gc,task     ] GC(56) Using 2 of 5 workers for concurrent marking
[122.786s][info][gc          ] GC(56) Concurrent marking (unload classes) 366.598ms
[122.787s][info][gc,start    ] GC(56) Pause Final Mark (unload classes)
[122.787s][info][gc,task     ] GC(56) Using 5 of 5 workers for final marking
[122.787s][info][gc,ergo     ] GC(56) Adaptive CSet Selection. Target Free: 1740M, Actual Free: 8864M, Max CSet: 512M, Min Garbage: 0B
[122.787s][info][gc,ergo     ] GC(56) Collectable Garbage: 384M (83%), Immediate: 0B (0%), CSet: 384M (83%)
[122.787s][info][gc,ergo     ] GC(56) Pacer for Evacuation. Used CSet: 896M, Free: 8253M, Non-Taxable: 825M, Alloc Tax Rate: 1.1x
[122.787s][info][gc          ] GC(56) Pause Final Mark (unload classes) 0.127ms
[122.787s][info][gc,start    ] GC(56) Concurrent thread roots
[122.787s][info][gc,task     ] GC(56) Using 2 of 5 workers for Concurrent thread roots
[122.788s][info][gc          ] GC(56) Concurrent thread roots 1.023ms
[122.788s][info][gc,start    ] GC(56) Concurrent weak references
[122.788s][info][gc,task     ] GC(56) Using 2 of 5 workers for concurrent weak references
[122.788s][info][gc,ref      ] GC(56) Encountered references: Soft: 170, Weak: 324, Final: 6, Phantom: 1
[122.788s][info][gc,ref      ] GC(56) Discovered  references: Soft: 0, Weak: 124, Final: 6, Phantom: 1
[122.788s][info][gc,ref      ] GC(56) Enqueued    references: Soft: 0, Weak: 0, Final: 0, Phantom: 0
[122.788s][info][gc          ] GC(56) Concurrent weak references 0.033ms
[122.788s][info][gc,start    ] GC(56) Concurrent weak roots
[122.788s][info][gc,task     ] GC(56) Using 2 of 5 workers for concurrent weak root
[122.788s][info][gc          ] GC(56) Concurrent weak roots 0.073ms
[122.788s][info][gc,start    ] GC(56) Concurrent cleanup
[122.788s][info][gc          ] GC(56) Concurrent cleanup 3420M->3420M(12288M) 0.011ms
[122.788s][info][gc,ergo     ] GC(56) Free: 8250M, Max: 4096K regular, 5148M humongous, Frag: 38% external, 3% internal; Reserve: 616M, Max: 4096K
[122.788s][info][gc,start    ] GC(56) Concurrent class unloading
[122.788s][info][gc,task     ] GC(56) Using 2 of 5 workers for concurrent class unloading
[122.788s][info][gc          ] GC(56) Concurrent class unloading 0.235ms
[122.788s][info][gc,start    ] GC(56) Concurrent strong roots
[122.788s][info][gc,task     ] GC(56) Using 2 of 5 workers for concurrent strong root
[122.788s][info][gc          ] GC(56) Concurrent strong roots 0.022ms
[122.788s][info][gc,start    ] GC(56) Concurrent evacuation
[122.788s][info][gc,task     ] GC(56) Using 2 of 5 workers for concurrent evacuation
[122.908s][info][gc          ] GC(56) Concurrent evacuation 119.454ms
[122.915s][info][gc,start    ] GC(56) Pause Init Update Refs
[122.915s][info][gc,ergo     ] GC(56) Pacer for Update Refs. Used: 4068M, Free: 8114M, Non-Taxable: 811M, Alloc Tax Rate: 1.1x
[122.915s][info][gc          ] GC(56) Pause Init Update Refs 0.063ms
[122.915s][info][gc,start    ] GC(56) Concurrent update references
[122.915s][info][gc,task     ] GC(56) Using 2 of 5 workers for concurrent reference update
[123.220s][info][gc          ] GC(56) Concurrent update references 305.369ms
[123.220s][info][gc,start    ] GC(56) Concurrent update thread roots
[123.222s][info][gc          ] GC(56) Concurrent update thread roots 2.052ms
[123.222s][info][gc,start    ] GC(56) Pause Final Update Refs
[123.222s][info][gc,task     ] GC(56) Using 5 of 5 workers for final reference update
[123.223s][info][gc          ] GC(56) Pause Final Update Refs 0.066ms
[123.223s][info][gc,start    ] GC(56) Concurrent cleanup
[123.223s][info][gc          ] GC(56) Concurrent cleanup 4424M->3528M(12288M) 0.017ms
[123.223s][info][gc,ergo     ] Free: 8142M, Max: 4096K regular, 4656M humongous, Frag: 43% external, 3% internal; Reserve: 616M, Max: 4096K
[123.223s][info][gc,stats    ] 
[123.223s][info][gc,stats    ] All times are wall-clock times, except per-root-class counters, that are sum over
[123.223s][info][gc,stats    ] all workers. Dividing the <total> over the root stage time estimates parallelism.
[123.223s][info][gc,stats    ] 
[123.223s][info][gc,stats    ] Concurrent Reset                    630 us
[123.223s][info][gc,stats    ] Pause Init Mark (G)                  81 us
[123.223s][info][gc,stats    ] Pause Init Mark (N)                  42 us
[123.223s][info][gc,stats    ]   Update Region States               15 us
[123.223s][info][gc,stats    ] Concurrent Mark Roots              1014 us, parallelism: 1.92x
[123.223s][info][gc,stats    ]   CMR: <total>                     1952 us
[123.223s][info][gc,stats    ]   CMR: Thread Roots                1939 us, workers (us): 961, 978, ---, ---, ---, 
[123.223s][info][gc,stats    ]   CMR: VM Strong Roots                2 us, workers (us):   2,   0, ---, ---, ---, 
[123.223s][info][gc,stats    ]   CMR: CLDG Roots                    10 us, workers (us):  10, ---, ---, ---, ---, 
[123.223s][info][gc,stats    ] Concurrent Marking               366626 us
[123.223s][info][gc,stats    ] Pause Final Mark (G)                167 us
[123.223s][info][gc,stats    ] Pause Final Mark (N)                131 us
[123.223s][info][gc,stats    ]   Finish Mark                        41 us
[123.223s][info][gc,stats    ]   Update Region States               14 us
[123.223s][info][gc,stats    ]   Choose Collection Set              38 us
[123.223s][info][gc,stats    ]   Rebuild Free Set                    7 us
[123.223s][info][gc,stats    ] Concurrent Thread Roots            1029 us, parallelism: 1.90x
[123.223s][info][gc,stats    ]   CTR: <total>                     1958 us
[123.223s][info][gc,stats    ]   CTR: Thread Roots                1958 us, workers (us): 987, 971, ---, ---, ---, 
[123.223s][info][gc,stats    ] Concurrent Weak References           37 us, parallelism: 0.11x
[123.223s][info][gc,stats    ]   CWRF: <total>                       4 us
[123.223s][info][gc,stats    ]   CWRF: Weak References               4 us, workers (us):   4,   0, ---, ---, ---, 
[123.223s][info][gc,stats    ] Concurrent Weak Roots                78 us
[123.223s][info][gc,stats    ]   Roots                              52 us, parallelism: 1.55x
[123.223s][info][gc,stats    ]     CWR: <total>                     81 us
[123.223s][info][gc,stats    ]     CWR: Code Cache Roots            62 us, workers (us):  26,  36, ---, ---, ---, 
[123.223s][info][gc,stats    ]     CWR: VM Weak Roots               17 us, workers (us):  11,   7, ---, ---, ---, 
[123.223s][info][gc,stats    ]     CWR: CLDG Roots                   2 us, workers (us):   2, ---, ---, ---, ---, 
[123.223s][info][gc,stats    ]   Rendezvous                         13 us
[123.223s][info][gc,stats    ] Concurrent Cleanup                   14 us
[123.223s][info][gc,stats    ] Concurrent Class Unloading          239 us
[123.223s][info][gc,stats    ]   Unlink Stale                      208 us
[123.223s][info][gc,stats    ]     System Dictionary                 1 us
[123.223s][info][gc,stats    ]     Weak Class Links                  0 us
[123.223s][info][gc,stats    ]     Code Roots                      206 us
[123.223s][info][gc,stats    ]   Rendezvous                         11 us
[123.223s][info][gc,stats    ]   Purge Unlinked                      9 us
[123.223s][info][gc,stats    ]     Code Roots                        8 us
[123.223s][info][gc,stats    ]     CLDG                              1 us
[123.223s][info][gc,stats    ]     Exception Caches                  0 us
[123.223s][info][gc,stats    ] Concurrent Strong Roots              27 us, parallelism: 0.33x
[123.223s][info][gc,stats    ]   CSR: <total>                        9 us
[123.223s][info][gc,stats    ]   CSR: VM Strong Roots                2 us, workers (us):   1,   0, ---, ---, ---, 
[123.223s][info][gc,stats    ]   CSR: CLDG Roots                     7 us, workers (us): ---,   7, ---, ---, ---, 
[123.223s][info][gc,stats    ] Concurrent Evacuation            119475 us
[123.223s][info][gc,stats    ] Pause Init Update Refs (G)         7404 us
[123.223s][info][gc,stats    ] Pause Init Update Refs (N)           66 us
[123.223s][info][gc,stats    ]   Manage GCLABs                       5 us
[123.223s][info][gc,stats    ] Concurrent Update Refs           305394 us
[123.223s][info][gc,stats    ] Concurrent Update Thread Roots     2061 us
[123.223s][info][gc,stats    ] Pause Final Update Refs (G)         108 us
[123.223s][info][gc,stats    ] Pause Final Update Refs (N)          73 us
[123.223s][info][gc,stats    ]   Update Region States               45 us
[123.223s][info][gc,stats    ]   Trash Collection Set                2 us
[123.223s][info][gc,stats    ]   Rebuild Free Set                    8 us
[123.223s][info][gc,stats    ] Concurrent Cleanup                   22 us
[123.223s][info][gc,stats    ] 
[123.223s][info][gc,stats    ] Allocation pacing accrued:
[123.223s][info][gc,stats    ]       0 of   906 ms (  0.0%): <total>
[123.223s][info][gc,stats    ]       0 of   906 ms (  0.0%): <average total>
[123.223s][info][gc,stats    ] 
[123.223s][info][gc,metaspace] Metaspace: 2288K(2432K)->2288K(2432K) NonClass: 2083K(2176K)->2083K(2176K) Class: 204K(256K)->204K(256K)
[123.223s][info][gc,ergo     ] Pacer for Idle. Initial: 245M, Alloc Tax Rate: 1.0x
[123.324s][info][gc          ] Trigger: Average GC time (2792.80 ms) is above the time for average allocation rate (2546 MB/s) to deplete free headroom (6598M) (margin of error = 2.26)
[123.324s][info][gc,ergo     ] Free headroom: 7827M (free) - 614M (spike) - 614M (penalties) = 6598M
[123.324s][info][gc,ergo     ] Free: 7827M, Max: 4096K regular, 4656M humongous, Frag: 41% external, 3% internal; Reserve: 616M, Max: 4096K
[123.324s][info][gc,start    ] GC(57) Concurrent reset
[123.324s][info][gc,task     ] GC(57) Using 2 of 5 workers for concurrent reset
[123.324s][info][gc,ergo     ] GC(57) Pacer for Reset. Non-Taxable: 12288M
[123.325s][info][gc          ] GC(57) Concurrent reset 0.722ms
[123.325s][info][gc,start    ] GC(57) Pause Init Mark (unload classes)
[123.325s][info][gc,task     ] GC(57) Using 5 of 5 workers for init marking
[123.325s][info][gc,ergo     ] GC(57) Pacer for Mark. Expected Live: 2689M, Free: 7826M, Non-Taxable: 782M, Alloc Tax Rate: 0.4x
[123.325s][info][gc          ] GC(57) Pause Init Mark (unload classes) 0.030ms
[123.325s][info][gc,start    ] GC(57) Concurrent marking roots
[123.325s][info][gc,task     ] GC(57) Using 2 of 5 workers for concurrent marking roots
[123.326s][info][gc          ] GC(57) Concurrent marking roots 1.004ms
[123.326s][info][gc,start    ] GC(57) Concurrent marking (unload classes)
[123.326s][info][gc,task     ] GC(57) Using 2 of 5 workers for concurrent marking
[123.922s][info][gc          ] GC(57) Concurrent marking (unload classes) 596.230ms
[123.923s][info][gc,start    ] GC(57) Pause Final Mark (unload classes)
[123.923s][info][gc,task     ] GC(57) Using 5 of 5 workers for final marking
[123.923s][info][gc,ergo     ] GC(57) Adaptive CSet Selection. Target Free: 1740M, Actual Free: 7184M, Max CSet: 512M, Min Garbage: 0B
[123.923s][info][gc,ergo     ] GC(57) Collectable Garbage: 385M (53%), Immediate: 0B (0%), CSet: 385M (53%)
[123.923s][info][gc,ergo     ] GC(57) Pacer for Evacuation. Used CSet: 896M, Free: 6573M, Non-Taxable: 657M, Alloc Tax Rate: 1.1x
[123.923s][info][gc          ] GC(57) Pause Final Mark (unload classes) 0.131ms
[123.923s][info][gc,start    ] GC(57) Concurrent thread roots
[123.923s][info][gc,task     ] GC(57) Using 2 of 5 workers for Concurrent thread roots
[123.924s][info][gc          ] GC(57) Concurrent thread roots 0.994ms
[123.924s][info][gc,start    ] GC(57) Concurrent weak references
[123.924s][info][gc,task     ] GC(57) Using 2 of 5 workers for concurrent weak references
[123.924s][info][gc,ref      ] GC(57) Encountered references: Soft: 170, Weak: 324, Final: 6, Phantom: 1
[123.924s][info][gc,ref      ] GC(57) Discovered  references: Soft: 0, Weak: 124, Final: 4, Phantom: 1
[123.924s][info][gc,ref      ] GC(57) Enqueued    references: Soft: 0, Weak: 0, Final: 0, Phantom: 0
[123.924s][info][gc          ] GC(57) Concurrent weak references 0.039ms
[123.924s][info][gc,start    ] GC(57) Concurrent weak roots
[123.924s][info][gc,task     ] GC(57) Using 2 of 5 workers for concurrent weak root
[123.924s][info][gc          ] GC(57) Concurrent weak roots 0.092ms
[123.924s][info][gc,start    ] GC(57) Concurrent cleanup
[123.924s][info][gc          ] GC(57) Concurrent cleanup 5097M->5097M(12288M) 0.010ms
[123.924s][info][gc,ergo     ] GC(57) Free: 6573M, Max: 4096K regular, 3984M humongous, Frag: 40% external, 4% internal; Reserve: 616M, Max: 4096K
[123.924s][info][gc,start    ] GC(57) Concurrent class unloading
[123.924s][info][gc,task     ] GC(57) Using 2 of 5 workers for concurrent class unloading
[123.924s][info][gc          ] GC(57) Concurrent class unloading 0.244ms
[123.924s][info][gc,start    ] GC(57) Concurrent strong roots
[123.924s][info][gc,task     ] GC(57) Using 2 of 5 workers for concurrent strong root
[123.924s][info][gc          ] GC(57) Concurrent strong roots 0.021ms
[123.924s][info][gc,start    ] GC(57) Concurrent evacuation
[123.924s][info][gc,task     ] GC(57) Using 2 of 5 workers for concurrent evacuation
[124.074s][info][gc          ] GC(57) Concurrent evacuation 149.882ms
[124.074s][info][gc,start    ] GC(57) Pause Init Update Refs
[124.074s][info][gc,ergo     ] GC(57) Pacer for Update Refs. Used: 5609M, Free: 6573M, Non-Taxable: 657M, Alloc Tax Rate: 1.1x
[124.074s][info][gc          ] GC(57) Pause Init Update Refs 0.013ms
[124.074s][info][gc,start    ] GC(57) Concurrent update references
[124.074s][info][gc,task     ] GC(57) Using 2 of 5 workers for concurrent reference update
[125.024s][info][gc          ] GC(57) Concurrent update references 950.025ms
[125.024s][info][gc,start    ] GC(57) Concurrent update thread roots
[125.029s][info][gc          ] GC(57) Concurrent update thread roots 5.086ms
[125.029s][info][gc,start    ] GC(57) Pause Final Update Refs
[125.029s][info][gc,task     ] GC(57) Using 5 of 5 workers for final reference update
[125.030s][info][gc          ] GC(57) Pause Final Update Refs 0.297ms
[125.030s][info][gc,start    ] GC(57) Concurrent cleanup
[125.030s][info][gc          ] GC(57) Concurrent cleanup 8573M->7677M(12288M) 0.038ms
[125.030s][info][gc,ergo     ] Free: 3993M, Max: 4096K regular, 1108M humongous, Frag: 73% external, 6% internal; Reserve: 616M, Max: 4096K
[125.030s][info][gc,stats    ] 
[125.030s][info][gc,stats    ] All times are wall-clock times, except per-root-class counters, that are sum over
[125.030s][info][gc,stats    ] all workers. Dividing the <total> over the root stage time estimates parallelism.
[125.030s][info][gc,stats    ] 
[125.030s][info][gc,stats    ] Concurrent Reset                    730 us
[125.030s][info][gc,stats    ] Pause Init Mark (G)                  73 us
[125.030s][info][gc,stats    ] Pause Init Mark (N)                  34 us
[125.030s][info][gc,stats    ]   Update Region States               12 us
[125.030s][info][gc,stats    ] Concurrent Mark Roots              1009 us, parallelism: 1.93x
[125.030s][info][gc,stats    ]   CMR: <total>                     1950 us
[125.030s][info][gc,stats    ]   CMR: Thread Roots                1938 us, workers (us): 967, 971, ---, ---, ---, 
[125.030s][info][gc,stats    ]   CMR: VM Strong Roots                2 us, workers (us):   2,   0, ---, ---, ---, 
[125.030s][info][gc,stats    ]   CMR: CLDG Roots                    10 us, workers (us):  10, ---, ---, ---, ---, 
[125.030s][info][gc,stats    ] Concurrent Marking               596254 us
[125.030s][info][gc,stats    ] Pause Final Mark (G)                184 us
[125.030s][info][gc,stats    ] Pause Final Mark (N)                134 us
[125.030s][info][gc,stats    ]   Finish Mark                        40 us
[125.030s][info][gc,stats    ]   Update Region States               14 us
[125.030s][info][gc,stats    ]   Choose Collection Set              45 us
[125.030s][info][gc,stats    ]   Rebuild Free Set                    7 us
[125.030s][info][gc,stats    ] Concurrent Thread Roots            1002 us, parallelism: 1.95x
[125.030s][info][gc,stats    ]   CTR: <total>                     1950 us
[125.030s][info][gc,stats    ]   CTR: Thread Roots                1950 us, workers (us): 978, 973, ---, ---, ---, 
[125.030s][info][gc,stats    ] Concurrent Weak References           43 us, parallelism: 0.12x
[125.030s][info][gc,stats    ]   CWRF: <total>                       5 us
[125.030s][info][gc,stats    ]   CWRF: Weak References               5 us, workers (us):   5,   0, ---, ---, ---, 
[125.030s][info][gc,stats    ] Concurrent Weak Roots               100 us
[125.030s][info][gc,stats    ]   Roots                              56 us, parallelism: 1.56x
[125.030s][info][gc,stats    ]     CWR: <total>                     88 us
[125.030s][info][gc,stats    ]     CWR: Code Cache Roots            68 us, workers (us):  29,  39, ---, ---, ---, 
[125.030s][info][gc,stats    ]     CWR: VM Weak Roots               18 us, workers (us):  11,   7, ---, ---, ---, 
[125.030s][info][gc,stats    ]     CWR: CLDG Roots                   2 us, workers (us):   2, ---, ---, ---, ---, 
[125.030s][info][gc,stats    ]   Rendezvous                         28 us
[125.030s][info][gc,stats    ] Concurrent Cleanup                   14 us
[125.030s][info][gc,stats    ] Concurrent Class Unloading          250 us
[125.030s][info][gc,stats    ]   Unlink Stale                      215 us
[125.030s][info][gc,stats    ]     System Dictionary                 1 us
[125.030s][info][gc,stats    ]     Weak Class Links                  0 us
[125.030s][info][gc,stats    ]     Code Roots                      214 us
[125.030s][info][gc,stats    ]   Rendezvous                         12 us
[125.030s][info][gc,stats    ]   Purge Unlinked                     11 us
[125.030s][info][gc,stats    ]     Code Roots                        9 us
[125.030s][info][gc,stats    ]     CLDG                              3 us
[125.030s][info][gc,stats    ]     Exception Caches                  0 us
[125.030s][info][gc,stats    ] Concurrent Strong Roots              24 us, parallelism: 0.32x
[125.030s][info][gc,stats    ]   CSR: <total>                        8 us
[125.030s][info][gc,stats    ]   CSR: VM Strong Roots                2 us, workers (us):   2,   0, ---, ---, ---, 
[125.030s][info][gc,stats    ]   CSR: CLDG Roots                     6 us, workers (us):   6, ---, ---, ---, ---, 
[125.030s][info][gc,stats    ] Concurrent Evacuation            149902 us
[125.030s][info][gc,stats    ] Pause Init Update Refs (G)           73 us
[125.030s][info][gc,stats    ] Pause Init Update Refs (N)           16 us
[125.030s][info][gc,stats    ]   Manage GCLABs                       2 us
[125.030s][info][gc,stats    ] Concurrent Update Refs           950151 us
[125.030s][info][gc,stats    ] Concurrent Update Thread Roots     5105 us
[125.030s][info][gc,stats    ] Pause Final Update Refs (G)         381 us
[125.030s][info][gc,stats    ] Pause Final Update Refs (N)         306 us
[125.030s][info][gc,stats    ]   Update Region States              246 us
[125.030s][info][gc,stats    ]   Trash Collection Set                8 us
[125.030s][info][gc,stats    ]   Rebuild Free Set                    7 us
[125.030s][info][gc,stats    ] Concurrent Cleanup                   42 us
[125.030s][info][gc,stats    ] 
[125.030s][info][gc,stats    ] Allocation pacing accrued:
[125.030s][info][gc,stats    ]       0 of  1807 ms (  0.0%): <total>
[125.030s][info][gc,stats    ]       0 of  1807 ms (  0.0%): <average total>
[125.030s][info][gc,stats    ] 
[125.030s][info][gc,metaspace] Metaspace: 2288K(2432K)->2293K(2432K) NonClass: 2083K(2176K)->2088K(2176K) Class: 204K(256K)->205K(256K)
[125.030s][info][gc,ergo     ] Pacer for Idle. Initial: 245M, Alloc Tax Rate: 1.0x
[125.032s][info][gc          ] Trigger: Average GC time (2973.42 ms) is above the time for average allocation rate (2527 MB/s) to deplete free headroom (2887M) (margin of error = 2.27)
[125.032s][info][gc,ergo     ] Free headroom: 3993M (free) - 614M (spike) - 491M (penalties) = 2887M
[125.032s][info][gc,ergo     ] Free: 3993M, Max: 4096K regular, 1108M humongous, Frag: 73% external, 6% internal; Reserve: 616M, Max: 4096K
[125.032s][info][gc,start    ] GC(58) Concurrent reset
[125.032s][info][gc,task     ] GC(58) Using 2 of 5 workers for concurrent reset
[125.032s][info][gc,ergo     ] GC(58) Pacer for Reset. Non-Taxable: 12288M
[125.058s][info][gc          ] GC(58) Concurrent reset 25.788ms
[125.153s][info][gc,start    ] GC(58) Pause Init Mark (unload classes)
[125.153s][info][gc,task     ] GC(58) Using 5 of 5 workers for init marking
[125.153s][info][gc,ergo     ] GC(58) Pacer for Mark. Expected Live: 1900M, Free: 3581M, Non-Taxable: 358M, Alloc Tax Rate: 0.6x
[125.153s][info][gc          ] GC(58) Pause Init Mark (unload classes) 0.083ms
[125.153s][info][gc,start    ] GC(58) Concurrent marking roots
[125.153s][info][gc,task     ] GC(58) Using 2 of 5 workers for concurrent marking roots
[125.154s][info][gc          ] GC(58) Concurrent marking roots 1.179ms
[125.154s][info][gc,start    ] GC(58) Concurrent marking (unload classes)
[125.154s][info][gc,task     ] GC(58) Using 2 of 5 workers for concurrent marking
[127.595s][info][gc          ] GC(58) Concurrent marking (unload classes) 2440.347ms
[127.596s][info][gc,start    ] GC(58) Pause Final Mark (unload classes)
[127.596s][info][gc,task     ] GC(58) Using 5 of 5 workers for final marking
[127.596s][info][gc,ergo     ] GC(58) Adaptive CSet Selection. Target Free: 1740M, Actual Free: 2847M, Max CSet: 512M, Min Garbage: 0B
[127.596s][info][gc,ergo     ] GC(58) Collectable Garbage: 675M (66%), Immediate: 279M (27%), CSet: 396M (39%)
[127.596s][info][gc,ergo     ] GC(58) Pacer for Evacuation. Used CSet: 908M, Free: 2238M, Non-Taxable: 223M, Alloc Tax Rate: 1.1x
[127.596s][info][gc          ] GC(58) Pause Final Mark (unload classes) 0.353ms
[127.596s][info][gc,start    ] GC(58) Concurrent thread roots
[127.596s][info][gc,task     ] GC(58) Using 2 of 5 workers for Concurrent thread roots
[127.598s][info][gc          ] GC(58) Concurrent thread roots 2.147ms
[127.598s][info][gc,start    ] GC(58) Concurrent weak references
[127.598s][info][gc,task     ] GC(58) Using 2 of 5 workers for concurrent weak references
[127.598s][info][gc,ref      ] GC(58) Encountered references: Soft: 170, Weak: 324, Final: 6, Phantom: 1
[127.598s][info][gc,ref      ] GC(58) Discovered  references: Soft: 0, Weak: 3, Final: 0, Phantom: 1
[127.598s][info][gc,ref      ] GC(58) Enqueued    references: Soft: 0, Weak: 0, Final: 0, Phantom: 0
[127.598s][info][gc          ] GC(58) Concurrent weak references 0.036ms
[127.598s][info][gc,start    ] GC(58) Concurrent weak roots
[127.598s][info][gc,task     ] GC(58) Using 2 of 5 workers for concurrent weak root
[127.599s][info][gc          ] GC(58) Concurrent weak roots 0.638ms
[127.599s][info][gc,start    ] GC(58) Concurrent cleanup
[127.599s][info][gc          ] GC(58) Concurrent cleanup 9710M->9431M(12288M) 0.017ms
[127.599s][info][gc,ergo     ] GC(58) Free: 2236M, Max: 4096K regular, 1108M humongous, Frag: 51% external, 11% internal; Reserve: 615M, Max: 4096K
[127.599s][info][gc,start    ] GC(58) Concurrent class unloading
[127.599s][info][gc,task     ] GC(58) Using 2 of 5 workers for concurrent class unloading
[127.599s][info][gc          ] GC(58) Concurrent class unloading 0.391ms
[127.599s][info][gc,start    ] GC(58) Concurrent strong roots
[127.599s][info][gc,task     ] GC(58) Using 2 of 5 workers for concurrent strong root
[127.599s][info][gc          ] GC(58) Concurrent strong roots 0.027ms
[127.599s][info][gc,start    ] GC(58) Concurrent evacuation
[127.599s][info][gc,task     ] GC(58) Using 2 of 5 workers for concurrent evacuation
[128.067s][info][gc          ] GC(58) Concurrent evacuation 467.954ms
[128.067s][info][gc,start    ] GC(58) Pause Init Update Refs
[128.067s][info][gc,ergo     ] GC(58) Pacer for Update Refs. Used: 10141M, Free: 2042M, Non-Taxable: 204M, Alloc Tax Rate: 6.1x
[128.067s][info][gc          ] GC(58) Pause Init Update Refs 0.023ms
[128.067s][info][gc,start    ] GC(58) Concurrent update references
[128.067s][info][gc,task     ] GC(58) Using 2 of 5 workers for concurrent reference update
[131.121s][info][gc          ] GC(58) Concurrent update references 3053.336ms
[131.121s][info][gc,start    ] GC(58) Concurrent update thread roots
[131.123s][info][gc          ] GC(58) Concurrent update thread roots 2.551ms
[131.123s][info][gc,start    ] GC(58) Pause Final Update Refs
[131.123s][info][gc,task     ] GC(58) Using 5 of 5 workers for final reference update
[131.123s][info][gc          ] GC(58) Pause Final Update Refs 0.092ms
[131.123s][info][gc,start    ] GC(58) Concurrent cleanup
[131.123s][info][gc          ] GC(58) Concurrent cleanup 11518M->10610M(12288M) 0.028ms
[131.123s][info][gc,ergo     ] Free: 1057M, Max: 4096K regular, 540M humongous, Frag: 49% external, 46% internal; Reserve: 616M, Max: 4096K
[131.123s][info][gc,stats    ] 
[131.123s][info][gc,stats    ] All times are wall-clock times, except per-root-class counters, that are sum over
[131.123s][info][gc,stats    ] all workers. Dividing the <total> over the root stage time estimates parallelism.
[131.123s][info][gc,stats    ] 
[131.123s][info][gc,stats    ] Concurrent Reset                  25815 us
[131.123s][info][gc,stats    ] Pause Init Mark (G)               95604 us
[131.123s][info][gc,stats    ] Pause Init Mark (N)                  88 us
[131.123s][info][gc,stats    ]   Update Region States               21 us
[131.124s][info][gc,stats    ] Concurrent Mark Roots              1190 us, parallelism: 1.93x
[131.124s][info][gc,stats    ]   CMR: <total>                     2300 us
[131.124s][info][gc,stats    ]   CMR: Thread Roots                2249 us, workers (us): 1128, 1121, ---, ---, ---, 
[131.124s][info][gc,stats    ]   CMR: VM Strong Roots               30 us, workers (us):   6,  24, ---, ---, ---, 
[131.124s][info][gc,stats    ]   CMR: CLDG Roots                    21 us, workers (us):  21, ---, ---, ---, ---, 
[131.124s][info][gc,stats    ] Concurrent Marking              2441178 us
[131.124s][info][gc,stats    ] Pause Final Mark (G)                460 us
[131.124s][info][gc,stats    ] Pause Final Mark (N)                358 us
[131.124s][info][gc,stats    ]   Finish Mark                        60 us
[131.124s][info][gc,stats    ]   Update Region States               99 us
[131.124s][info][gc,stats    ]   Choose Collection Set             160 us
[131.124s][info][gc,stats    ]   Rebuild Free Set                    7 us
[131.124s][info][gc,stats    ] Concurrent Thread Roots            2158 us, parallelism: 1.95x
[131.124s][info][gc,stats    ]   CTR: <total>                     4202 us
[131.124s][info][gc,stats    ]   CTR: Thread Roots                4202 us, workers (us): 2100, 2103, ---, ---, ---, 
[131.124s][info][gc,stats    ] Concurrent Weak References           40 us, parallelism: 0.18x
[131.124s][info][gc,stats    ]   CWRF: <total>                       7 us
[131.124s][info][gc,stats    ]   CWRF: Weak References               7 us, workers (us):   7,   0, ---, ---, ---, 
[131.124s][info][gc,stats    ] Concurrent Weak Roots               644 us
[131.124s][info][gc,stats    ]   Roots                             613 us, parallelism: 1.79x
[131.124s][info][gc,stats    ]     CWR: <total>                   1100 us
[131.124s][info][gc,stats    ]     CWR: Code Cache Roots          1066 us, workers (us): 584, 482, ---, ---, ---, 
[131.124s][info][gc,stats    ]     CWR: VM Weak Roots               30 us, workers (us):  17,  13, ---, ---, ---, 
[131.124s][info][gc,stats    ]     CWR: CLDG Roots                   4 us, workers (us): ---,   4, ---, ---, ---, 
[131.124s][info][gc,stats    ]   Rendezvous                         17 us
[131.124s][info][gc,stats    ] Concurrent Cleanup                   21 us
[131.124s][info][gc,stats    ] Concurrent Class Unloading          403 us
[131.124s][info][gc,stats    ]   Unlink Stale                      360 us
[131.124s][info][gc,stats    ]     System Dictionary                 1 us
[131.124s][info][gc,stats    ]     Weak Class Links                  0 us
[131.124s][info][gc,stats    ]     Code Roots                      358 us
[131.124s][info][gc,stats    ]   Rendezvous                         15 us
[131.124s][info][gc,stats    ]   Purge Unlinked                     10 us
[131.124s][info][gc,stats    ]     Code Roots                        8 us
[131.124s][info][gc,stats    ]     CLDG                              2 us
[131.124s][info][gc,stats    ]     Exception Caches                  0 us
[131.124s][info][gc,stats    ] Concurrent Strong Roots              33 us, parallelism: 0.39x
[131.124s][info][gc,stats    ]   CSR: <total>                       13 us
[131.124s][info][gc,stats    ]   CSR: VM Strong Roots                2 us, workers (us):   2,   0, ---, ---, ---, 
[131.124s][info][gc,stats    ]   CSR: CLDG Roots                    11 us, workers (us):  11, ---, ---, ---, ---, 
[131.124s][info][gc,stats    ] Concurrent Evacuation            467985 us
[131.124s][info][gc,stats    ] Pause Init Update Refs (G)           67 us
[131.124s][info][gc,stats    ] Pause Init Update Refs (N)           26 us
[131.124s][info][gc,stats    ]   Manage GCLABs                       9 us
[131.124s][info][gc,stats    ] Concurrent Update Refs          3053376 us
[131.124s][info][gc,stats    ] Concurrent Update Thread Roots     2560 us
[131.124s][info][gc,stats    ] Pause Final Update Refs (G)         118 us
[131.124s][info][gc,stats    ] Pause Final Update Refs (N)          96 us
[131.124s][info][gc,stats    ]   Update Region States               53 us
[131.124s][info][gc,stats    ]   Trash Collection Set               12 us
[131.124s][info][gc,stats    ]   Rebuild Free Set                    6 us
[131.124s][info][gc,stats    ] Concurrent Cleanup                   36 us
[131.124s][info][gc,stats    ] 
[131.124s][info][gc,stats    ] Allocation pacing accrued:
[131.124s][info][gc,stats    ]       0 of  6094 ms (  0.0%): <total>
[131.124s][info][gc,stats    ]       0 of  6094 ms (  0.0%): <average total>
[131.124s][info][gc,stats    ] 
[131.124s][info][gc,metaspace] Metaspace: 2293K(2432K)->2293K(2432K) NonClass: 2088K(2176K)->2088K(2176K) Class: 205K(256K)->205K(256K)
[131.124s][info][gc,ergo     ] Pacer for Idle. Initial: 245M, Alloc Tax Rate: 1.0x
[131.125s][info][gc          ] Trigger: Free (1056M) is below minimum threshold (1228M)
[131.125s][info][gc,ergo     ] Free: 1056M, Max: 4096K regular, 540M humongous, Frag: 48% external, 46% internal; Reserve: 616M, Max: 4096K
[131.125s][info][gc,start    ] GC(59) Concurrent reset
[131.125s][info][gc,task     ] GC(59) Using 2 of 5 workers for concurrent reset
[131.125s][info][gc,ergo     ] GC(59) Pacer for Reset. Non-Taxable: 12288M
[131.167s][info][gc          ] GC(59) Concurrent reset 41.822ms
[131.167s][info][gc,start    ] GC(59) Pause Init Mark (unload classes)
[131.167s][info][gc,task     ] GC(59) Using 5 of 5 workers for init marking
[131.167s][info][gc,ergo     ] GC(59) Pacer for Mark. Expected Live: 3096M, Free: 1040M, Non-Taxable: 104M, Alloc Tax Rate: 3.6x
[131.167s][info][gc          ] GC(59) Pause Init Mark (unload classes) 0.039ms
[131.167s][info][gc,start    ] GC(59) Concurrent marking roots
[131.167s][info][gc,task     ] GC(59) Using 2 of 5 workers for concurrent marking roots
[131.168s][info][gc          ] GC(59) Concurrent marking roots 1.216ms
[131.168s][info][gc,start    ] GC(59) Concurrent marking (unload classes)
[131.168s][info][gc,task     ] GC(59) Using 2 of 5 workers for concurrent marking
[131.680s][info][gc          ] Cancelling GC: Stopping VM
[131.680s][info][gc          ] GC(59) Concurrent marking (unload classes) 511.805ms
[131.680s][info][gc,ergo     ] Free: 889M, Max: 4096K regular, 420M humongous, Frag: 52% external, 50% internal; Reserve: 616M, Max: 4096K
[131.680s][info][gc,stats    ] 
[131.680s][info][gc,stats    ] All times are wall-clock times, except per-root-class counters, that are sum over
[131.680s][info][gc,stats    ] all workers. Dividing the <total> over the root stage time estimates parallelism.
[131.680s][info][gc,stats    ] 
[131.680s][info][gc,stats    ] Concurrent Reset                  41842 us
[131.680s][info][gc,stats    ] Pause Init Mark (G)                  68 us
[131.680s][info][gc,stats    ] Pause Init Mark (N)                  44 us
[131.680s][info][gc,stats    ]   Update Region States               15 us
[131.680s][info][gc,stats    ] Concurrent Mark Roots              1223 us, parallelism: 1.93x
[131.680s][info][gc,stats    ]   CMR: <total>                     2363 us
[131.680s][info][gc,stats    ]   CMR: Thread Roots                2328 us, workers (us): 1160, 1167, ---, ---, ---, 
[131.680s][info][gc,stats    ]   CMR: VM Strong Roots               19 us, workers (us):   9,  10, ---, ---, ---, 
[131.680s][info][gc,stats    ]   CMR: CLDG Roots                    17 us, workers (us):  17, ---, ---, ---, ---, 
[131.680s][info][gc,stats    ] 
[131.680s][info][gc,stats    ] Allocation pacing accrued:
[131.680s][info][gc,stats    ]       0 of   556 ms (  0.0%): <total>
[131.680s][info][gc,stats    ]       0 of   556 ms (  0.0%): <average total>
[131.680s][info][gc,stats    ] 
[131.680s][info][gc,metaspace] Metaspace: 2293K(2432K)->2359K(2496K) NonClass: 2088K(2176K)->2146K(2240K) Class: 205K(256K)->212K(256K)
[131.680s][info][gc,ergo     ] Pacer for Idle. Initial: 245M, Alloc Tax Rate: 1.0x
[131.681s][info][gc,heap,exit] Heap
[131.681s][info][gc,heap,exit] Shenandoah Heap
[131.681s][info][gc,heap,exit]  12288M max, 12288M soft max, 12288M committed, 10775M used
[131.681s][info][gc,heap,exit]  3072 x 4096K regions
[131.681s][info][gc,heap,exit] Status: marking, cancelled
[131.681s][info][gc,heap,exit] Reserved region:
[131.681s][info][gc,heap,exit]  - [0x0000000b20400000, 0x0000000e20400000) 
[131.681s][info][gc,heap,exit] Collection set:
[131.681s][info][gc,heap,exit]  - map (vanilla): 0x000000010271ec81
[131.681s][info][gc,heap,exit]  - map (biased):  0x000000010271c000
[131.681s][info][gc,heap,exit] 
[131.681s][info][gc,heap,exit]  Metaspace       used 2359K, committed 2496K, reserved 1114112K
[131.681s][info][gc,heap,exit]   class space    used 212K, committed 256K, reserved 1048576K
[131.681s][info][gc,stats    ] 
[131.681s][info][gc,stats    ] GC STATISTICS:
[131.681s][info][gc,stats    ]   "(G)" (gross) pauses include VM time: time to notify and block threads, do the pre-
[131.681s][info][gc,stats    ]         and post-safepoint housekeeping. Use -Xlog:safepoint+stats to dissect.
[131.681s][info][gc,stats    ]   "(N)" (net) pauses are the times spent in the actual GC code.
[131.681s][info][gc,stats    ]   "a" is average time for each phase, look at levels to see if average makes sense.
[131.681s][info][gc,stats    ]   "lvls" are quantiles: 0% (minimum), 25%, 50% (median), 75%, 100% (maximum).
[131.681s][info][gc,stats    ] 
[131.681s][info][gc,stats    ]   All times are wall-clock times, except per-root-class counters, that are sum over
[131.681s][info][gc,stats    ]   all workers. Dividing the <total> over the root stage time estimates parallelism.
[131.681s][info][gc,stats    ] 
[131.681s][info][gc,stats    ]   Pacing delays are measured from entering the pacing code till exiting it. Therefore,
[131.681s][info][gc,stats    ]   observed pacing delays may be higher than the threshold when paced thread spent more
[131.681s][info][gc,stats    ]   time in the pacing code. It usually happens when thread is de-scheduled while paced,
[131.681s][info][gc,stats    ]   OS takes longer to unblock the thread, or JVM experiences an STW pause.
[131.681s][info][gc,stats    ] 
[131.681s][info][gc,stats    ]   Higher delay would prevent application outpacing the GC, but it will hide the GC latencies
[131.681s][info][gc,stats    ]   from the STW pause times. Pacing affects the individual threads, and so it would also be
[131.681s][info][gc,stats    ]   invisible to the usual profiling tools, but would add up to end-to-end application latency.
[131.682s][info][gc,stats    ]   Raise max pacing delay with care.
[131.682s][info][gc,stats    ] 
[131.682s][info][gc,stats    ] Concurrent Reset               =    0.760 s (a =    13572 us) (n =    56) (lvls, us =      145,      771,     4355,    26953,    44089)
[131.682s][info][gc,stats    ] Pause Init Mark (G)            =    0.363 s (a =     6474 us) (n =    56) (lvls, us =       68,       81,       97,      117,   109066)
[131.682s][info][gc,stats    ] Pause Init Mark (N)            =    0.003 s (a =       54 us) (n =    56) (lvls, us =       32,       41,       48,       57,      128)
[131.682s][info][gc,stats    ]   Update Region States         =    0.001 s (a =       19 us) (n =    56) (lvls, us =       10,       13,       15,       21,       66)
[131.682s][info][gc,stats    ] Concurrent Mark Roots          =    0.048 s (a =      854 us) (n =    56) (lvls, us =       82,      492,      742,     1016,     3131)
[131.682s][info][gc,stats    ]   CMR: <total>                 =    0.090 s (a =     1604 us) (n =    56) (lvls, us =       96,      893,     1406,     1953,     5912)
[131.682s][info][gc,stats    ]   CMR: Thread Roots            =    0.087 s (a =     1548 us) (n =    56) (lvls, us =       86,      877,     1387,     1953,     5448)
[131.682s][info][gc,stats    ]   CMR: VM Strong Roots         =    0.002 s (a =       34 us) (n =    56) (lvls, us =        2,        2,        6,       21,      415)
[131.682s][info][gc,stats    ]   CMR: CLDG Roots              =    0.001 s (a =       23 us) (n =    56) (lvls, us =        8,       10,       13,       19,      247)
[131.682s][info][gc,stats    ] Concurrent Marking             =   51.835 s (a =   942456 us) (n =    55) (lvls, us =      504,   257812,   464844,  1796875,  2713911)
[131.682s][info][gc,stats    ] Pause Final Mark (G)           =    0.014 s (a =      270 us) (n =    51) (lvls, us =      100,      150,      195,      225,     3657)
[131.682s][info][gc,stats    ] Pause Final Mark (N)           =    0.008 s (a =      155 us) (n =    51) (lvls, us =       90,      117,      135,      182,      358)
[131.682s][info][gc,stats    ]   Finish Mark                  =    2.060 s (a =    37462 us) (n =    55) (lvls, us =       24,       33,       41,       55,   878927)
[131.682s][info][gc,stats    ]   Update Region States         =    0.001 s (a =       21 us) (n =    51) (lvls, us =       13,       15,       17,       21,       99)
[131.682s][info][gc,stats    ]   Choose Collection Set        =    0.003 s (a =       57 us) (n =    51) (lvls, us =       20,       35,       47,       76,      160)
[131.682s][info][gc,stats    ]   Rebuild Free Set             =    0.000 s (a =        7 us) (n =    51) (lvls, us =        6,        7,        7,        8,       10)
[131.682s][info][gc,stats    ] Concurrent Thread Roots        =    0.041 s (a =      889 us) (n =    46) (lvls, us =       66,      594,      910,     1016,     2516)
[131.682s][info][gc,stats    ]   CTR: <total>                 =    0.078 s (a =     1695 us) (n =    46) (lvls, us =       79,     1094,     1719,     1953,     4933)
[131.682s][info][gc,stats    ]   CTR: Thread Roots            =    0.078 s (a =     1695 us) (n =    46) (lvls, us =       79,     1094,     1719,     1953,     4933)
[131.682s][info][gc,stats    ] Concurrent Weak References     =    0.005 s (a =       90 us) (n =    51) (lvls, us =       32,       39,       43,       52,     2088)
[131.682s][info][gc,stats    ]   CWRF: <total>                =    0.003 s (a =       54 us) (n =    51) (lvls, us =        2,        5,        7,       16,     2052)
[131.682s][info][gc,stats    ]   CWRF: Weak References        =    0.003 s (a =       54 us) (n =    51) (lvls, us =        2,        5,        7,       16,     2052)
[131.682s][info][gc,stats    ] Concurrent Weak Roots          =    0.022 s (a =      436 us) (n =    51) (lvls, us =       64,       83,      121,      496,     3491)
[131.682s][info][gc,stats    ]   Roots                        =    0.020 s (a =      402 us) (n =    51) (lvls, us =       36,       54,       77,      461,     3459)
[131.682s][info][gc,stats    ]     CWR: <total>               =    0.038 s (a =      737 us) (n =    51) (lvls, us =       46,       83,      131,      840,     6788)
[131.682s][info][gc,stats    ]     CWR: Code Cache Roots      =    0.036 s (a =      703 us) (n =    51) (lvls, us =       30,       61,       91,      809,     6645)
[131.682s][info][gc,stats    ]     CWR: VM Weak Roots         =    0.002 s (a =       31 us) (n =    51) (lvls, us =       11,       17,       20,       32,      102)
[131.682s][info][gc,stats    ]     CWR: CLDG Roots            =    0.000 s (a =        3 us) (n =    51) (lvls, us =        0,        2,        2,        2,       49)
[131.682s][info][gc,stats    ]   Rendezvous                   =    0.001 s (a =       19 us) (n =    51) (lvls, us =       10,       12,       15,       21,       47)
[131.682s][info][gc,stats    ] Concurrent Cleanup             =    0.001 s (a =       24 us) (n =    51) (lvls, us =       12,       15,       18,       24,       58)
[131.682s][info][gc,stats    ] Concurrent Class Unloading     =    0.016 s (a =      313 us) (n =    51) (lvls, us =      137,      242,      275,      352,      777)
[131.682s][info][gc,stats    ]   Unlink Stale                 =    0.014 s (a =      272 us) (n =    51) (lvls, us =      109,      203,      227,      311,      728)
[131.682s][info][gc,stats    ]     System Dictionary          =    0.000 s (a =        1 us) (n =    51) (lvls, us =        1,        1,        1,        1,        2)
[131.682s][info][gc,stats    ]     Weak Class Links           =    0.000 s (a =        0 us) (n =    51) (lvls, us =        0,        0,        0,        0,        1)
[131.682s][info][gc,stats    ]     Code Roots                 =    0.014 s (a =      270 us) (n =    51) (lvls, us =      109,      201,      227,      309,      726)
[131.682s][info][gc,stats    ]   Rendezvous                   =    0.001 s (a =       16 us) (n =    51) (lvls, us =        7,        9,       12,       19,       41)
[131.682s][info][gc,stats    ]   Purge Unlinked               =    0.001 s (a =       11 us) (n =    51) (lvls, us =        8,        9,       10,       11,       17)
[131.682s][info][gc,stats    ]     Code Roots                 =    0.000 s (a =        9 us) (n =    51) (lvls, us =        7,        8,        8,       10,       16)
[131.682s][info][gc,stats    ]     CLDG                       =    0.000 s (a =        1 us) (n =    51) (lvls, us =        1,        1,        1,        1,        5)
[131.682s][info][gc,stats    ]     Exception Caches           =    0.000 s (a =        0 us) (n =    51) (lvls, us =        0,        0,        0,        0,        0)
[131.682s][info][gc,stats    ] Concurrent Strong Roots        =    0.002 s (a =       41 us) (n =    46) (lvls, us =       20,       24,       28,       57,      109)
[131.682s][info][gc,stats    ]   CSR: <total>                 =    0.001 s (a =       22 us) (n =    46) (lvls, us =        6,        8,        9,       33,       87)
[131.682s][info][gc,stats    ]   CSR: VM Strong Roots         =    0.000 s (a =        2 us) (n =    46) (lvls, us =        1,        1,        1,        2,       12)
[131.682s][info][gc,stats    ]   CSR: CLDG Roots              =    0.001 s (a =       20 us) (n =    46) (lvls, us =        5,        6,        7,       31,       83)
[131.682s][info][gc,stats    ] Concurrent Evacuation          =    8.649 s (a =   188021 us) (n =    46) (lvls, us =      621,   111328,   126953,   296875,   467985)
[131.682s][info][gc,stats    ] Pause Final Roots (G)          =    0.000 s (a =       33 us) (n =     5) (lvls, us =       18,       18,       28,       37,       45)
[131.682s][info][gc,stats    ] Pause Final Roots (N)          =    0.000 s (a =       10 us) (n =     5) (lvls, us =        8,        8,       10,       10,       13)
[131.682s][info][gc,stats    ] Pause Init Update Refs (G)     =    0.033 s (a =      715 us) (n =    46) (lvls, us =       42,       68,       74,       81,    19974)
[131.682s][info][gc,stats    ] Pause Init Update Refs (N)     =    0.002 s (a =       41 us) (n =    46) (lvls, us =       13,       19,       24,       31,      421)
[131.682s][info][gc,stats    ]   Manage GCLABs                =    0.001 s (a =       21 us) (n =    46) (lvls, us =        1,        2,        4,        9,      401)
[131.682s][info][gc,stats    ] Concurrent Update Refs         =   48.416 s (a =  1052528 us) (n =    46) (lvls, us =    23633,   177734,   404297,  1972656,  3372936)
[131.682s][info][gc,stats    ] Concurrent Update Thread Roots =    0.179 s (a =     3892 us) (n =    46) (lvls, us =       93,      932,     1758,     2402,    86057)
[131.682s][info][gc,stats    ] Pause Final Update Refs (G)    =    0.017 s (a =      367 us) (n =    46) (lvls, us =       74,       90,      111,      129,     6160)
[131.682s][info][gc,stats    ] Pause Final Update Refs (N)    =    0.004 s (a =       80 us) (n =    46) (lvls, us =       42,       50,       73,       90,      306)
[131.682s][info][gc,stats    ]   Update Region States         =    0.002 s (a =       40 us) (n =    46) (lvls, us =       14,       18,       38,       46,      246)
[131.682s][info][gc,stats    ]   Trash Collection Set         =    0.000 s (a =        6 us) (n =    46) (lvls, us =        1,        2,        3,        8,       22)
[131.682s][info][gc,stats    ]   Rebuild Free Set             =    0.000 s (a =        8 us) (n =    46) (lvls, us =        6,        7,        8,        9,       10)
[131.682s][info][gc,stats    ] Concurrent Cleanup             =    0.001 s (a =       29 us) (n =    46) (lvls, us =       19,       22,       26,       35,       44)
[131.682s][info][gc,stats    ] Pause Degenerated GC (G)       =    7.518 s (a =  1879491 us) (n =     4) (lvls, us =  1699219,  1699219,  1796875,  1855469,  2137925)
[131.682s][info][gc,stats    ] Pause Degenerated GC (N)       =    7.518 s (a =  1879417 us) (n =     4) (lvls, us =  1699219,  1699219,  1796875,  1855469,  2137849)
[131.682s][info][gc,stats    ]     System Purge               =    0.003 s (a =      654 us) (n =     4) (lvls, us =      549,      549,      615,      625,      822)
[131.682s][info][gc,stats    ]       Weak References          =    0.001 s (a =      172 us) (n =     4) (lvls, us =       66,       66,       70,      123,      425)
[131.682s][info][gc,stats    ]         WRP: <total>           =    0.000 s (a =       30 us) (n =     4) (lvls, us =       19,       19,       22,       28,       51)
[131.682s][info][gc,stats    ]         WRP: Weak References   =    0.000 s (a =       30 us) (n =     4) (lvls, us =       19,       19,       22,       28,       51)
[131.682s][info][gc,stats    ]       Unload Classes           =    0.002 s (a =      448 us) (n =     4) (lvls, us =      363,      363,      447,      453,      525)
[131.682s][info][gc,stats    ]         DCU: <total>           =    0.008 s (a =     2046 us) (n =     4) (lvls, us =     1562,     1562,     2031,     2051,     2510)
[131.682s][info][gc,stats    ]         DCU: Unload Code Caches =    0.008 s (a =     2046 us) (n =     4) (lvls, us =     1562,     1562,     2031,     2051,     2510)
[131.682s][info][gc,stats    ]       Weak Roots               =    0.000 s (a =       33 us) (n =     4) (lvls, us =       29,       29,       30,       31,       43)
[131.682s][info][gc,stats    ]         DWR: <total>           =    0.000 s (a =       57 us) (n =     4) (lvls, us =       49,       49,       53,       54,       72)
[131.682s][info][gc,stats    ]         DWR: VM Weak Roots     =    0.000 s (a =       57 us) (n =     4) (lvls, us =       49,       49,       53,       54,       72)
[131.682s][info][gc,stats    ]       CLDG                     =    0.000 s (a =        0 us) (n =     4) (lvls, us =        0,        0,        0,        0,        0)
[131.682s][info][gc,stats    ]   Update Region States         =    0.000 s (a =       30 us) (n =     4) (lvls, us =       20,       20,       28,       28,       46)
[131.682s][info][gc,stats    ]   Manage GC/TLABs              =    0.000 s (a =        4 us) (n =     4) (lvls, us =        3,        3,        3,        5,        5)
[131.682s][info][gc,stats    ]   Choose Collection Set        =    0.000 s (a =       86 us) (n =     4) (lvls, us =       73,       73,       89,       90,       92)
[131.682s][info][gc,stats    ]   Rebuild Free Set             =    0.000 s (a =        7 us) (n =     4) (lvls, us =        6,        6,        6,        7,        7)
[131.682s][info][gc,stats    ]   Evacuation                   =    0.707 s (a =   176790 us) (n =     4) (lvls, us =   144531,   144531,   148438,   179688,   232339)
[131.682s][info][gc,stats    ]   Manage GCLABs                =    0.000 s (a =       28 us) (n =     4) (lvls, us =        9,        9,        9,       13,       82)
[131.682s][info][gc,stats    ]   Update References            =    4.745 s (a =  1186172 us) (n =     4) (lvls, us =   687500,   687500,  1152344,  1406250,  1464752)
[131.682s][info][gc,stats    ]   Update Region States         =    0.000 s (a =       33 us) (n =     4) (lvls, us =       15,       15,       31,       41,       45)
[131.682s][info][gc,stats    ]   Trash Collection Set         =    0.000 s (a =        9 us) (n =     4) (lvls, us =        3,        3,       10,       10,       13)
[131.682s][info][gc,stats    ]   Rebuild Free Set             =    0.000 s (a =        8 us) (n =     4) (lvls, us =        7,        7,        7,        9,        9)
[131.682s][info][gc,stats    ]   Degen Update Roots           =    0.003 s (a =      800 us) (n =     4) (lvls, us =      689,      689,      697,      811,     1000)
[131.682s][info][gc,stats    ]     DU: <total>                =    0.013 s (a =     3142 us) (n =     4) (lvls, us =     2559,     2559,     2871,     3008,     4091)
[131.682s][info][gc,stats    ]     DU: Thread Roots           =    0.005 s (a =     1272 us) (n =     4) (lvls, us =     1016,     1016,     1055,     1367,     1618)
[131.682s][info][gc,stats    ]     DU: Code Cache Roots       =    0.007 s (a =     1690 us) (n =     4) (lvls, us =     1328,     1328,     1484,     1699,     2220)
[131.682s][info][gc,stats    ]     DU: VM Strong Roots        =    0.000 s (a =       42 us) (n =     4) (lvls, us =       23,       23,       36,       43,       64)
[131.682s][info][gc,stats    ]     DU: VM Weak Roots          =    0.000 s (a =       69 us) (n =     4) (lvls, us =       32,       32,       67,       69,      109)
[131.682s][info][gc,stats    ]     DU: CLDG Roots             =    0.000 s (a =       69 us) (n =     4) (lvls, us =       58,       58,       68,       71,       79)
[131.682s][info][gc,stats    ]   Cleanup                      =    0.000 s (a =       13 us) (n =     4) (lvls, us =       12,       12,       13,       13,       14)
[131.682s][info][gc,stats    ] Pacing                         =    9.617 s (a =   163005 us) (n =    59) (lvls, us =        0,        0,        0,    10938,  2279334)
[131.682s][info][gc,stats    ] 
[131.682s][info][gc,stats    ] 
[131.682s][info][gc,stats    ] Under allocation pressure, concurrent cycles may cancel, and either continue cycle
[131.682s][info][gc,stats    ] under stop-the-world pause or result in stop-the-world Full GC. Increase heap size,
[131.682s][info][gc,stats    ] tune GC heuristics, set more aggressive pacing delay, or lower allocation rate
[131.682s][info][gc,stats    ] to avoid Degenerated and Full GC cycles.
[131.682s][info][gc,stats    ] 
[131.682s][info][gc,stats    ]    51 successful concurrent GCs
[131.682s][info][gc,stats    ]       0 invoked explicitly
[131.682s][info][gc,stats    ]       0 invoked implicitly
[131.682s][info][gc,stats    ] 
[131.682s][info][gc,stats    ]     4 Degenerated GCs
[131.682s][info][gc,stats    ]       4 caused by allocation failure
[131.682s][info][gc,stats    ]         4 happened at Mark
[131.682s][info][gc,stats    ]       0 upgraded to Full GC
[131.682s][info][gc,stats    ] 
[131.682s][info][gc,stats    ]     0 Full GCs
[131.682s][info][gc,stats    ]       0 invoked explicitly
[131.682s][info][gc,stats    ]       0 invoked implicitly
[131.682s][info][gc,stats    ]       0 caused by allocation failure
[131.682s][info][gc,stats    ]       0 upgraded from Degenerated GC
[131.682s][info][gc,stats    ] 
[131.682s][info][gc,stats    ] 
