[0.005s][info][gc] Using G1
[0.006s][info][gc,init] Version: 17.0.16+8-LTS (release)
[0.006s][info][gc,init] CPUs: 11 total, 11 available
[0.006s][info][gc,init] Memory: 18432M
[0.006s][info][gc,init] Large Page Support: Disabled
[0.006s][info][gc,init] NUMA Support: Disabled
[0.006s][info][gc,init] Compressed Oops: Enabled (Non-zero based)
[0.006s][info][gc,init] Heap Region Size: 8M
[0.006s][info][gc,init] Heap Min Capacity: 8M
[0.006s][info][gc,init] Heap Initial Capacity: 288M
[0.006s][info][gc,init] Heap Max Capacity: 12G
[0.006s][info][gc,init] Pre-touch: Disabled
[0.006s][info][gc,init] Parallel Workers: 9
[0.006s][info][gc,init] Concurrent Workers: 2
[0.006s][info][gc,init] Concurrent Refinement Workers: 9
[0.006s][info][gc,init] Periodic GC: Disabled
[0.009s][info][gc,metaspace] CDS archive(s) mapped at: [0x000000b000000000-0x000000b000bc0000-0x000000b000bc0000), size 12320768, SharedBaseAddress: 0x000000b000000000, ArchiveRelocationMode: 1.
[0.009s][info][gc,metaspace] Compressed class space mapped at: 0x000000b001000000-0x000000b041000000, reserved size: 1073741824
[0.009s][info][gc,metaspace] Narrow klass base: 0x000000b000000000, Narrow klass shift: 0, Narrow klass range: 0x100000000
[0.053s][info][gc,start    ] GC(0) Pause Young (Concurrent Start) (G1 Humongous Allocation)
[0.053s][info][gc,task     ] GC(0) Using 7 workers of 9 for evacuation
[0.053s][info][gc,phases   ] GC(0)   Pre Evacuate Collection Set: 0.0ms
[0.053s][info][gc,phases   ] GC(0)   Merge Heap Roots: 0.0ms
[0.053s][info][gc,phases   ] GC(0)   Evacuate Collection Set: 0.2ms
[0.053s][info][gc,phases   ] GC(0)   Post Evacuate Collection Set: 0.1ms
[0.053s][info][gc,phases   ] GC(0)   Other: 0.2ms
[0.053s][info][gc,heap     ] GC(0) Eden regions: 1->0(2)
[0.053s][info][gc,heap     ] GC(0) Survivor regions: 0->1(1)
[0.053s][info][gc,heap     ] GC(0) Old regions: 0->0
[0.053s][info][gc,heap     ] GC(0) Archive regions: 2->2
[0.053s][info][gc,heap     ] GC(0) Humongous regions: 0->0
[0.053s][info][gc,metaspace] GC(0) Metaspace: 1495K(1664K)->1495K(1664K) NonClass: 1355K(1472K)->1355K(1472K) Class: 139K(192K)->139K(192K)
[0.053s][info][gc          ] GC(0) Pause Young (Concurrent Start) (G1 Humongous Allocation) 9M->8M(304M) 0.650ms
[0.053s][info][gc,cpu      ] GC(0) User=0.00s Sys=0.00s Real=0.00s
[0.053s][info][gc          ] GC(1) Concurrent Undo Cycle
[0.053s][info][gc,start    ] GC(2) Pause Young (Normal) (G1 Preventive Collection)
[0.053s][info][gc,marking  ] GC(1) Concurrent Cleanup for Next Mark
[0.053s][info][gc,task     ] GC(2) Using 7 workers of 9 for evacuation
[0.054s][info][gc,phases   ] GC(2)   Pre Evacuate Collection Set: 0.0ms
[0.054s][info][gc,phases   ] GC(2)   Merge Heap Roots: 0.0ms
[0.054s][info][gc,phases   ] GC(2)   Evacuate Collection Set: 0.2ms
[0.054s][info][gc,phases   ] GC(2)   Post Evacuate Collection Set: 0.1ms
[0.054s][info][gc,phases   ] GC(2)   Other: 0.0ms
[0.054s][info][gc,heap     ] GC(2) Eden regions: 0->0(5)
[0.054s][info][gc,heap     ] GC(2) Survivor regions: 1->1(1)
[0.054s][info][gc,heap     ] GC(2) Old regions: 0->0
[0.054s][info][gc,heap     ] GC(2) Archive regions: 2->2
[0.054s][info][gc,heap     ] GC(2) Humongous regions: 0->0
[0.054s][info][gc,metaspace] GC(2) Metaspace: 1495K(1664K)->1495K(1664K) NonClass: 1355K(1472K)->1355K(1472K) Class: 139K(192K)->139K(192K)
[0.054s][info][gc          ] GC(2) Pause Young (Normal) (G1 Preventive Collection) 8M->8M(304M) 0.403ms
[0.054s][info][gc,cpu      ] GC(2) User=0.00s Sys=0.01s Real=0.00s
[0.054s][info][gc,marking  ] GC(1) Concurrent Cleanup for Next Mark 0.774ms
[0.054s][info][gc          ] GC(1) Concurrent Undo Cycle 0.800ms
[0.067s][info][gc,start    ] GC(3) Pause Young (Normal) (G1 Evacuation Pause)
[0.067s][info][gc,task     ] GC(3) Using 7 workers of 9 for evacuation
[0.067s][info][gc,phases   ] GC(3)   Pre Evacuate Collection Set: 0.0ms
[0.067s][info][gc,phases   ] GC(3)   Merge Heap Roots: 0.0ms
[0.067s][info][gc,phases   ] GC(3)   Evacuate Collection Set: 0.2ms
[0.068s][info][gc,phases   ] GC(3)   Post Evacuate Collection Set: 0.1ms
[0.068s][info][gc,phases   ] GC(3)   Other: 0.0ms
[0.068s][info][gc,heap     ] GC(3) Eden regions: 0->0(1)
[0.068s][info][gc,heap     ] GC(3) Survivor regions: 1->1(1)
[0.068s][info][gc,heap     ] GC(3) Old regions: 0->0
[0.068s][info][gc,heap     ] GC(3) Archive regions: 2->2
[0.068s][info][gc,heap     ] GC(3) Humongous regions: 35->35
[0.068s][info][gc,metaspace] GC(3) Metaspace: 1535K(1664K)->1535K(1664K) NonClass: 1394K(1472K)->1394K(1472K) Class: 140K(192K)->140K(192K)
[0.068s][info][gc          ] GC(3) Pause Young (Normal) (G1 Evacuation Pause) 288M->288M(312M) 0.430ms
[0.068s][info][gc,cpu      ] GC(3) User=0.00s Sys=0.01s Real=0.00s
[0.091s][info][gc,start    ] GC(4) Pause Young (Concurrent Start) (G1 Evacuation Pause)
[0.091s][info][gc,task     ] GC(4) Using 7 workers of 9 for evacuation
[0.091s][info][gc,phases   ] GC(4)   Pre Evacuate Collection Set: 0.0ms
[0.091s][info][gc,phases   ] GC(4)   Merge Heap Roots: 0.1ms
[0.091s][info][gc,phases   ] GC(4)   Evacuate Collection Set: 0.3ms
[0.091s][info][gc,phases   ] GC(4)   Post Evacuate Collection Set: 0.1ms
[0.091s][info][gc,phases   ] GC(4)   Other: 0.1ms
[0.091s][info][gc,heap     ] GC(4) Eden regions: 1->0(1)
[0.091s][info][gc,heap     ] GC(4) Survivor regions: 1->1(1)
[0.091s][info][gc,heap     ] GC(4) Old regions: 0->0
[0.091s][info][gc,heap     ] GC(4) Archive regions: 2->2
[0.091s][info][gc,heap     ] GC(4) Humongous regions: 35->35
[0.091s][info][gc,metaspace] GC(4) Metaspace: 1653K(1856K)->1653K(1856K) NonClass: 1503K(1600K)->1503K(1600K) Class: 150K(256K)->150K(256K)
[0.091s][info][gc          ] GC(4) Pause Young (Concurrent Start) (G1 Evacuation Pause) 296M->288M(320M) 0.600ms
[0.091s][info][gc,cpu      ] GC(4) User=0.00s Sys=0.00s Real=0.00s
[0.091s][info][gc          ] GC(5) Concurrent Mark Cycle
[0.091s][info][gc,marking  ] GC(5) Concurrent Clear Claimed Marks
[0.091s][info][gc,marking  ] GC(5) Concurrent Clear Claimed Marks 0.004ms
[0.091s][info][gc,marking  ] GC(5) Concurrent Scan Root Regions
[0.092s][info][gc,marking  ] GC(5) Concurrent Scan Root Regions 0.214ms
[0.092s][info][gc,marking  ] GC(5) Concurrent Mark
[0.092s][info][gc,marking  ] GC(5) Concurrent Mark From Roots
[0.092s][info][gc,task     ] GC(5) Using 2 workers of 2 for marking
[0.092s][info][gc,marking  ] GC(5) Concurrent Mark From Roots 0.574ms
[0.092s][info][gc,marking  ] GC(5) Concurrent Preclean
[0.092s][info][gc,marking  ] GC(5) Concurrent Preclean 0.013ms
[0.092s][info][gc,start    ] GC(5) Pause Remark
[0.093s][info][gc          ] GC(5) Pause Remark 288M->288M(520M) 0.329ms
[0.093s][info][gc,cpu      ] GC(5) User=0.00s Sys=0.00s Real=0.00s
[0.093s][info][gc,marking  ] GC(5) Concurrent Mark 0.954ms
[0.093s][info][gc,marking  ] GC(5) Concurrent Rebuild Remembered Sets
[0.093s][info][gc,marking  ] GC(5) Concurrent Rebuild Remembered Sets 0.003ms
[0.093s][info][gc,start    ] GC(5) Pause Cleanup
[0.093s][info][gc          ] GC(5) Pause Cleanup 288M->288M(520M) 0.006ms
[0.093s][info][gc,cpu      ] GC(5) User=0.00s Sys=0.00s Real=0.00s
[0.093s][info][gc,marking  ] GC(5) Concurrent Cleanup for Next Mark
[0.093s][info][gc,marking  ] GC(5) Concurrent Cleanup for Next Mark 0.395ms
[0.093s][info][gc          ] GC(5) Concurrent Mark Cycle 1.657ms
[0.111s][info][gc,start    ] GC(6) Pause Young (Normal) (G1 Evacuation Pause)
[0.111s][info][gc,task     ] GC(6) Using 9 workers of 9 for evacuation
[0.111s][info][gc,phases   ] GC(6)   Pre Evacuate Collection Set: 0.1ms
[0.111s][info][gc,phases   ] GC(6)   Merge Heap Roots: 0.0ms
[0.111s][info][gc,phases   ] GC(6)   Evacuate Collection Set: 0.2ms
[0.111s][info][gc,phases   ] GC(6)   Post Evacuate Collection Set: 0.1ms
[0.111s][info][gc,phases   ] GC(6)   Other: 0.1ms
[0.111s][info][gc,heap     ] GC(6) Eden regions: 1->0(12)
[0.111s][info][gc,heap     ] GC(6) Survivor regions: 1->1(1)
[0.111s][info][gc,heap     ] GC(6) Old regions: 0->0
[0.111s][info][gc,heap     ] GC(6) Archive regions: 2->2
[0.111s][info][gc,heap     ] GC(6) Humongous regions: 35->35
[0.111s][info][gc,metaspace] GC(6) Metaspace: 1653K(1856K)->1653K(1856K) NonClass: 1503K(1600K)->1503K(1600K) Class: 150K(256K)->150K(256K)
[0.111s][info][gc          ] GC(6) Pause Young (Normal) (G1 Evacuation Pause) 296M->288M(520M) 0.475ms
[0.111s][info][gc,cpu      ] GC(6) User=0.00s Sys=0.00s Real=0.00s
[0.327s][info][gc,start    ] GC(7) Pause Young (Concurrent Start) (G1 Evacuation Pause)
[0.327s][info][gc,task     ] GC(7) Using 9 workers of 9 for evacuation
[0.328s][info][gc,phases   ] GC(7)   Pre Evacuate Collection Set: 0.0ms
[0.328s][info][gc,phases   ] GC(7)   Merge Heap Roots: 0.1ms
[0.328s][info][gc,phases   ] GC(7)   Evacuate Collection Set: 0.2ms
[0.328s][info][gc,phases   ] GC(7)   Post Evacuate Collection Set: 0.1ms
[0.328s][info][gc,phases   ] GC(7)   Other: 0.1ms
[0.328s][info][gc,heap     ] GC(7) Eden regions: 12->0(19)
[0.328s][info][gc,heap     ] GC(7) Survivor regions: 1->1(2)
[0.328s][info][gc,heap     ] GC(7) Old regions: 0->0
[0.328s][info][gc,heap     ] GC(7) Archive regions: 2->2
[0.328s][info][gc,heap     ] GC(7) Humongous regions: 35->35
[0.328s][info][gc,metaspace] GC(7) Metaspace: 1653K(1856K)->1653K(1856K) NonClass: 1503K(1600K)->1503K(1600K) Class: 150K(256K)->150K(256K)
[0.328s][info][gc          ] GC(7) Pause Young (Concurrent Start) (G1 Evacuation Pause) 384M->288M(520M) 0.576ms
[0.328s][info][gc,cpu      ] GC(7) User=0.00s Sys=0.00s Real=0.00s
[0.328s][info][gc          ] GC(8) Concurrent Mark Cycle
[0.328s][info][gc,marking  ] GC(8) Concurrent Clear Claimed Marks
[0.328s][info][gc,marking  ] GC(8) Concurrent Clear Claimed Marks 0.003ms
[0.328s][info][gc,marking  ] GC(8) Concurrent Scan Root Regions
[0.328s][info][gc,marking  ] GC(8) Concurrent Scan Root Regions 0.184ms
[0.328s][info][gc,marking  ] GC(8) Concurrent Mark
[0.328s][info][gc,marking  ] GC(8) Concurrent Mark From Roots
[0.328s][info][gc,task     ] GC(8) Using 2 workers of 2 for marking
[0.329s][info][gc,marking  ] GC(8) Concurrent Mark From Roots 0.531ms
[0.329s][info][gc,marking  ] GC(8) Concurrent Preclean
[0.329s][info][gc,marking  ] GC(8) Concurrent Preclean 0.013ms
[0.329s][info][gc,start    ] GC(8) Pause Remark
[0.329s][info][gc          ] GC(8) Pause Remark 290M->290M(520M) 0.157ms
[0.329s][info][gc,cpu      ] GC(8) User=0.00s Sys=0.00s Real=0.00s
[0.329s][info][gc,marking  ] GC(8) Concurrent Mark 0.738ms
[0.329s][info][gc,marking  ] GC(8) Concurrent Rebuild Remembered Sets
[0.329s][info][gc,marking  ] GC(8) Concurrent Rebuild Remembered Sets 0.003ms
[0.329s][info][gc,start    ] GC(8) Pause Cleanup
[0.329s][info][gc          ] GC(8) Pause Cleanup 290M->290M(520M) 0.004ms
[0.329s][info][gc,cpu      ] GC(8) User=0.00s Sys=0.00s Real=0.00s
[0.329s][info][gc,marking  ] GC(8) Concurrent Cleanup for Next Mark
[0.329s][info][gc,marking  ] GC(8) Concurrent Cleanup for Next Mark 0.256ms
[0.329s][info][gc          ] GC(8) Concurrent Mark Cycle 1.228ms
[0.677s][info][gc,start    ] GC(9) Pause Young (Normal) (G1 Evacuation Pause)
[0.677s][info][gc,task     ] GC(9) Using 9 workers of 9 for evacuation
[0.678s][info][gc,phases   ] GC(9)   Pre Evacuate Collection Set: 0.0ms
[0.678s][info][gc,phases   ] GC(9)   Merge Heap Roots: 0.0ms
[0.678s][info][gc,phases   ] GC(9)   Evacuate Collection Set: 0.3ms
[0.678s][info][gc,phases   ] GC(9)   Post Evacuate Collection Set: 0.1ms
[0.678s][info][gc,phases   ] GC(9)   Other: 0.1ms
[0.678s][info][gc,heap     ] GC(9) Eden regions: 19->0(19)
[0.678s][info][gc,heap     ] GC(9) Survivor regions: 1->1(3)
[0.678s][info][gc,heap     ] GC(9) Old regions: 0->0
[0.678s][info][gc,heap     ] GC(9) Archive regions: 2->2
[0.678s][info][gc,heap     ] GC(9) Humongous regions: 35->35
[0.678s][info][gc,metaspace] GC(9) Metaspace: 1653K(1856K)->1653K(1856K) NonClass: 1503K(1600K)->1503K(1600K) Class: 150K(256K)->150K(256K)
[0.678s][info][gc          ] GC(9) Pause Young (Normal) (G1 Evacuation Pause) 440M->288M(520M) 0.545ms
[0.678s][info][gc,cpu      ] GC(9) User=0.00s Sys=0.00s Real=0.00s
[0.717s][info][gc,start    ] GC(10) Pause Young (Concurrent Start) (G1 Evacuation Pause)
[0.717s][info][gc,task     ] GC(10) Using 9 workers of 9 for evacuation
[0.727s][info][gc,phases   ] GC(10)   Pre Evacuate Collection Set: 0.0ms
[0.727s][info][gc,phases   ] GC(10)   Merge Heap Roots: 0.1ms
[0.727s][info][gc,phases   ] GC(10)   Evacuate Collection Set: 9.4ms
[0.727s][info][gc,phases   ] GC(10)   Post Evacuate Collection Set: 0.1ms
[0.727s][info][gc,phases   ] GC(10)   Other: 0.1ms
[0.727s][info][gc,heap     ] GC(10) Eden regions: 19->0(4)
[0.727s][info][gc,heap     ] GC(10) Survivor regions: 1->3(3)
[0.727s][info][gc,heap     ] GC(10) Old regions: 0->14
[0.727s][info][gc,heap     ] GC(10) Archive regions: 2->2
[0.727s][info][gc,heap     ] GC(10) Humongous regions: 35->35
[0.727s][info][gc,metaspace] GC(10) Metaspace: 1667K(1856K)->1667K(1856K) NonClass: 1512K(1600K)->1512K(1600K) Class: 154K(256K)->154K(256K)
[0.727s][info][gc          ] GC(10) Pause Young (Concurrent Start) (G1 Evacuation Pause) 440M->423M(592M) 9.792ms
[0.727s][info][gc,cpu      ] GC(10) User=0.08s Sys=0.01s Real=0.01s
[0.727s][info][gc          ] GC(11) Concurrent Mark Cycle
[0.727s][info][gc,marking  ] GC(11) Concurrent Clear Claimed Marks
[0.727s][info][gc,marking  ] GC(11) Concurrent Clear Claimed Marks 0.008ms
[0.727s][info][gc,marking  ] GC(11) Concurrent Scan Root Regions
[0.732s][info][gc,marking  ] GC(11) Concurrent Scan Root Regions 5.192ms
[0.732s][info][gc,start    ] GC(12) Pause Young (Normal) (G1 Evacuation Pause)
[0.732s][info][gc,marking  ] GC(11) Concurrent Mark
[0.732s][info][gc,task     ] GC(12) Using 9 workers of 9 for evacuation
[0.732s][info][gc,marking  ] GC(11) Concurrent Mark From Roots
[0.732s][info][gc,task     ] GC(11) Using 2 workers of 2 for marking
[0.736s][info][gc,phases   ] GC(12)   Pre Evacuate Collection Set: 4.7ms
[0.736s][info][gc,phases   ] GC(12)   Merge Heap Roots: 0.0ms
[0.736s][info][gc,phases   ] GC(12)   Evacuate Collection Set: 3.6ms
[0.736s][info][gc,phases   ] GC(12)   Post Evacuate Collection Set: 0.4ms
[0.736s][info][gc,phases   ] GC(12)   Other: 0.1ms
[0.736s][info][gc,heap     ] GC(12) Eden regions: 4->0(99)
[0.736s][info][gc,heap     ] GC(12) Survivor regions: 3->1(1)
[0.736s][info][gc,heap     ] GC(12) Old regions: 14->20
[0.736s][info][gc,heap     ] GC(12) Archive regions: 2->2
[0.736s][info][gc,heap     ] GC(12) Humongous regions: 35->35
[0.736s][info][gc,metaspace] GC(12) Metaspace: 1667K(1856K)->1667K(1856K) NonClass: 1512K(1600K)->1512K(1600K) Class: 154K(256K)->154K(256K)
[0.736s][info][gc          ] GC(12) Pause Young (Normal) (G1 Evacuation Pause) 455M->455M(1592M) 4.165ms
[0.736s][info][gc,cpu      ] GC(12) User=0.03s Sys=0.00s Real=0.00s
[0.737s][info][gc,marking  ] GC(11) Concurrent Mark From Roots 4.699ms
[0.737s][info][gc,marking  ] GC(11) Concurrent Preclean
[0.737s][info][gc,marking  ] GC(11) Concurrent Preclean 0.012ms
[0.737s][info][gc,start    ] GC(11) Pause Remark
[0.738s][info][gc          ] GC(11) Pause Remark 471M->471M(1592M) 0.236ms
[0.738s][info][gc,cpu      ] GC(11) User=0.00s Sys=0.00s Real=0.00s
[0.738s][info][gc,marking  ] GC(11) Concurrent Mark 5.280ms
[0.738s][info][gc,marking  ] GC(11) Concurrent Rebuild Remembered Sets
[0.738s][info][gc,marking  ] GC(11) Concurrent Rebuild Remembered Sets 0.003ms
[0.738s][info][gc,start    ] GC(11) Pause Cleanup
[0.738s][info][gc          ] GC(11) Pause Cleanup 479M->479M(1592M) 0.008ms
[0.738s][info][gc,cpu      ] GC(11) User=0.00s Sys=0.00s Real=0.00s
[0.738s][info][gc,marking  ] GC(11) Concurrent Cleanup for Next Mark
[0.739s][info][gc,marking  ] GC(11) Concurrent Cleanup for Next Mark 0.953ms
[0.739s][info][gc          ] GC(11) Concurrent Mark Cycle 11.954ms
[0.997s][info][gc,start    ] GC(13) Pause Young (Normal) (G1 Evacuation Pause)
[0.997s][info][gc,task     ] GC(13) Using 9 workers of 9 for evacuation
[1.119s][info][gc,phases   ] GC(13)   Pre Evacuate Collection Set: 0.1ms
[1.119s][info][gc,phases   ] GC(13)   Merge Heap Roots: 0.1ms
[1.119s][info][gc,phases   ] GC(13)   Evacuate Collection Set: 121.7ms
[1.119s][info][gc,phases   ] GC(13)   Post Evacuate Collection Set: 0.2ms
[1.119s][info][gc,phases   ] GC(13)   Other: 0.1ms
[1.119s][info][gc,heap     ] GC(13) Eden regions: 99->0(18)
[1.119s][info][gc,heap     ] GC(13) Survivor regions: 1->13(13)
[1.119s][info][gc,heap     ] GC(13) Old regions: 20->76
[1.119s][info][gc,heap     ] GC(13) Archive regions: 2->2
[1.119s][info][gc,heap     ] GC(13) Humongous regions: 35->35
[1.119s][info][gc,metaspace] GC(13) Metaspace: 1682K(1856K)->1682K(1856K) NonClass: 1527K(1600K)->1527K(1600K) Class: 154K(256K)->154K(256K)
[1.119s][info][gc          ] GC(13) Pause Young (Normal) (G1 Evacuation Pause) 1247M->998M(1808M) 122.188ms
[1.119s][info][gc,cpu      ] GC(13) User=0.70s Sys=0.27s Real=0.13s
[1.163s][info][gc,start    ] GC(14) Pause Young (Concurrent Start) (G1 Evacuation Pause)
[1.163s][info][gc,task     ] GC(14) Using 9 workers of 9 for evacuation
[1.184s][info][gc,phases   ] GC(14)   Pre Evacuate Collection Set: 0.1ms
[1.184s][info][gc,phases   ] GC(14)   Merge Heap Roots: 0.1ms
[1.184s][info][gc,phases   ] GC(14)   Evacuate Collection Set: 20.4ms
[1.184s][info][gc,phases   ] GC(14)   Post Evacuate Collection Set: 0.1ms
[1.184s][info][gc,phases   ] GC(14)   Other: 0.1ms
[1.184s][info][gc,heap     ] GC(14) Eden regions: 18->0(17)
[1.184s][info][gc,heap     ] GC(14) Survivor regions: 13->4(4)
[1.184s][info][gc,heap     ] GC(14) Old regions: 76->99
[1.184s][info][gc,heap     ] GC(14) Archive regions: 2->2
[1.184s][info][gc,heap     ] GC(14) Humongous regions: 35->35
[1.184s][info][gc,metaspace] GC(14) Metaspace: 1682K(1856K)->1682K(1856K) NonClass: 1527K(1600K)->1527K(1600K) Class: 154K(256K)->154K(256K)
[1.184s][info][gc          ] GC(14) Pause Young (Concurrent Start) (G1 Evacuation Pause) 1142M->1107M(1808M) 20.795ms
[1.184s][info][gc,cpu      ] GC(14) User=0.18s Sys=0.00s Real=0.02s
[1.184s][info][gc          ] GC(15) Concurrent Mark Cycle
[1.184s][info][gc,marking  ] GC(15) Concurrent Clear Claimed Marks
[1.184s][info][gc,marking  ] GC(15) Concurrent Clear Claimed Marks 0.006ms
[1.184s][info][gc,marking  ] GC(15) Concurrent Scan Root Regions
[1.197s][info][gc,marking  ] GC(15) Concurrent Scan Root Regions 12.547ms
[1.197s][info][gc,marking  ] GC(15) Concurrent Mark
[1.197s][info][gc,marking  ] GC(15) Concurrent Mark From Roots
[1.197s][info][gc,task     ] GC(15) Using 2 workers of 2 for marking
[1.230s][info][gc,start    ] GC(16) Pause Young (Normal) (G1 Evacuation Pause)
[1.230s][info][gc,task     ] GC(16) Using 9 workers of 9 for evacuation
[1.243s][info][gc,phases   ] GC(16)   Pre Evacuate Collection Set: 0.1ms
[1.243s][info][gc,phases   ] GC(16)   Merge Heap Roots: 0.1ms
[1.243s][info][gc,phases   ] GC(16)   Evacuate Collection Set: 13.2ms
[1.243s][info][gc,phases   ] GC(16)   Post Evacuate Collection Set: 0.1ms
[1.243s][info][gc,phases   ] GC(16)   Other: 0.1ms
[1.243s][info][gc,heap     ] GC(16) Eden regions: 17->0(19)
[1.243s][info][gc,heap     ] GC(16) Survivor regions: 4->3(3)
[1.243s][info][gc,heap     ] GC(16) Old regions: 99->112
[1.243s][info][gc,heap     ] GC(16) Archive regions: 2->2
[1.243s][info][gc,heap     ] GC(16) Humongous regions: 35->35
[1.243s][info][gc,metaspace] GC(16) Metaspace: 1682K(1856K)->1682K(1856K) NonClass: 1527K(1600K)->1527K(1600K) Class: 154K(256K)->154K(256K)
[1.243s][info][gc          ] GC(16) Pause Young (Normal) (G1 Evacuation Pause) 1243M->1203M(1808M) 13.587ms
[1.243s][info][gc,cpu      ] GC(16) User=0.12s Sys=0.00s Real=0.01s
[1.296s][info][gc,start    ] GC(17) Pause Young (Normal) (G1 Evacuation Pause)
[1.296s][info][gc,task     ] GC(17) Using 9 workers of 9 for evacuation
[1.309s][info][gc,phases   ] GC(17)   Pre Evacuate Collection Set: 0.1ms
[1.309s][info][gc,phases   ] GC(17)   Merge Heap Roots: 0.0ms
[1.309s][info][gc,phases   ] GC(17)   Evacuate Collection Set: 12.9ms
[1.309s][info][gc,phases   ] GC(17)   Post Evacuate Collection Set: 0.1ms
[1.309s][info][gc,phases   ] GC(17)   Other: 0.1ms
[1.309s][info][gc,heap     ] GC(17) Eden regions: 19->0(15)
[1.309s][info][gc,heap     ] GC(17) Survivor regions: 3->3(3)
[1.309s][info][gc,heap     ] GC(17) Old regions: 112->124
[1.309s][info][gc,heap     ] GC(17) Archive regions: 2->2
[1.309s][info][gc,heap     ] GC(17) Humongous regions: 35->35
[1.309s][info][gc,metaspace] GC(17) Metaspace: 1682K(1856K)->1682K(1856K) NonClass: 1527K(1600K)->1527K(1600K) Class: 154K(256K)->154K(256K)
[1.309s][info][gc          ] GC(17) Pause Young (Normal) (G1 Evacuation Pause) 1355M->1298M(1808M) 13.211ms
[1.309s][info][gc,cpu      ] GC(17) User=0.11s Sys=0.00s Real=0.02s
[1.327s][info][gc,marking  ] GC(15) Concurrent Mark From Roots 130.845ms
[1.327s][info][gc,marking  ] GC(15) Concurrent Preclean
[1.327s][info][gc,marking  ] GC(15) Concurrent Preclean 0.021ms
[1.328s][info][gc,start    ] GC(15) Pause Remark
[1.328s][info][gc          ] GC(15) Pause Remark 1353M->1353M(2280M) 0.457ms
[1.328s][info][gc,cpu      ] GC(15) User=0.00s Sys=0.01s Real=0.00s
[1.328s][info][gc,marking  ] GC(15) Concurrent Mark 131.430ms
[1.328s][info][gc,marking  ] GC(15) Concurrent Rebuild Remembered Sets
[1.358s][info][gc,start    ] GC(18) Pause Young (Normal) (G1 Evacuation Pause)
[1.358s][info][gc,task     ] GC(18) Using 9 workers of 9 for evacuation
[1.373s][info][gc,phases   ] GC(18)   Pre Evacuate Collection Set: 0.1ms
[1.373s][info][gc,phases   ] GC(18)   Merge Heap Roots: 0.0ms
[1.373s][info][gc,phases   ] GC(18)   Evacuate Collection Set: 14.2ms
[1.373s][info][gc,phases   ] GC(18)   Post Evacuate Collection Set: 0.1ms
[1.373s][info][gc,phases   ] GC(18)   Other: 0.1ms
[1.373s][info][gc,heap     ] GC(18) Eden regions: 15->0(30)
[1.373s][info][gc,heap     ] GC(18) Survivor regions: 3->3(3)
[1.373s][info][gc,heap     ] GC(18) Old regions: 124->133
[1.373s][info][gc,heap     ] GC(18) Archive regions: 2->2
[1.373s][info][gc,heap     ] GC(18) Humongous regions: 35->35
[1.373s][info][gc,metaspace] GC(18) Metaspace: 1682K(1856K)->1682K(1856K) NonClass: 1527K(1600K)->1527K(1600K) Class: 154K(256K)->154K(256K)
[1.373s][info][gc          ] GC(18) Pause Young (Normal) (G1 Evacuation Pause) 1418M->1374M(2280M) 14.470ms
[1.373s][info][gc,cpu      ] GC(18) User=0.12s Sys=0.00s Real=0.01s
[1.463s][info][gc,marking  ] GC(15) Concurrent Rebuild Remembered Sets 134.595ms
[1.463s][info][gc,start    ] GC(15) Pause Cleanup
[1.463s][info][gc          ] GC(15) Pause Cleanup 1590M->1590M(2280M) 0.107ms
[1.463s][info][gc,cpu      ] GC(15) User=0.00s Sys=0.00s Real=0.00s
[1.463s][info][gc,marking  ] GC(15) Concurrent Cleanup for Next Mark
[1.464s][info][gc,marking  ] GC(15) Concurrent Cleanup for Next Mark 1.332ms
[1.464s][info][gc          ] GC(15) Concurrent Mark Cycle 280.153ms
[1.473s][info][gc,start    ] GC(19) Pause Young (Normal) (G1 Evacuation Pause)
[1.473s][info][gc,task     ] GC(19) Using 9 workers of 9 for evacuation
[1.501s][info][gc,phases   ] GC(19)   Pre Evacuate Collection Set: 0.0ms
[1.501s][info][gc,phases   ] GC(19)   Merge Heap Roots: 0.1ms
[1.501s][info][gc,phases   ] GC(19)   Evacuate Collection Set: 28.0ms
[1.501s][info][gc,phases   ] GC(19)   Post Evacuate Collection Set: 0.1ms
[1.501s][info][gc,phases   ] GC(19)   Other: 0.1ms
[1.501s][info][gc,heap     ] GC(19) Eden regions: 30->0(24)
[1.501s][info][gc,heap     ] GC(19) Survivor regions: 3->5(5)
[1.501s][info][gc,heap     ] GC(19) Old regions: 133->149
[1.501s][info][gc,heap     ] GC(19) Archive regions: 2->2
[1.501s][info][gc,heap     ] GC(19) Humongous regions: 35->35
[1.501s][info][gc,metaspace] GC(19) Metaspace: 1682K(1856K)->1682K(1856K) NonClass: 1527K(1600K)->1527K(1600K) Class: 154K(256K)->154K(256K)
[1.501s][info][gc          ] GC(19) Pause Young (Normal) (G1 Evacuation Pause) 1614M->1518M(2280M) 28.316ms
[1.501s][info][gc,cpu      ] GC(19) User=0.23s Sys=0.01s Real=0.03s
[1.559s][info][gc,start    ] GC(20) Pause Young (Concurrent Start) (G1 Evacuation Pause)
[1.559s][info][gc,task     ] GC(20) Using 9 workers of 9 for evacuation
[1.579s][info][gc,phases   ] GC(20)   Pre Evacuate Collection Set: 0.1ms
[1.579s][info][gc,phases   ] GC(20)   Merge Heap Roots: 0.1ms
[1.579s][info][gc,phases   ] GC(20)   Evacuate Collection Set: 18.7ms
[1.579s][info][gc,phases   ] GC(20)   Post Evacuate Collection Set: 1.5ms
[1.579s][info][gc,phases   ] GC(20)   Other: 0.1ms
[1.579s][info][gc,heap     ] GC(20) Eden regions: 24->0(179)
[1.579s][info][gc,heap     ] GC(20) Survivor regions: 5->4(4)
[1.579s][info][gc,heap     ] GC(20) Old regions: 149->165
[1.579s][info][gc,heap     ] GC(20) Archive regions: 2->2
[1.579s][info][gc,heap     ] GC(20) Humongous regions: 35->35
[1.579s][info][gc,metaspace] GC(20) Metaspace: 1682K(1856K)->1682K(1856K) NonClass: 1527K(1600K)->1527K(1600K) Class: 154K(256K)->154K(256K)
[1.579s][info][gc          ] GC(20) Pause Young (Concurrent Start) (G1 Evacuation Pause) 1710M->1639M(6288M) 20.448ms
[1.580s][info][gc,cpu      ] GC(20) User=0.17s Sys=0.01s Real=0.02s
[1.580s][info][gc          ] GC(21) Concurrent Mark Cycle
[1.580s][info][gc,marking  ] GC(21) Concurrent Clear Claimed Marks
[1.580s][info][gc,marking  ] GC(21) Concurrent Clear Claimed Marks 0.006ms
[1.580s][info][gc,marking  ] GC(21) Concurrent Scan Root Regions
[1.591s][info][gc,marking  ] GC(21) Concurrent Scan Root Regions 11.048ms
[1.591s][info][gc,marking  ] GC(21) Concurrent Mark
[1.591s][info][gc,marking  ] GC(21) Concurrent Mark From Roots
[1.591s][info][gc,task     ] GC(21) Using 2 workers of 2 for marking
[1.827s][info][gc,marking  ] GC(21) Concurrent Mark From Roots 236.571ms
[1.827s][info][gc,marking  ] GC(21) Concurrent Preclean
[1.827s][info][gc,marking  ] GC(21) Concurrent Preclean 0.021ms
[1.827s][info][gc,start    ] GC(21) Pause Remark
[1.828s][info][gc          ] GC(21) Pause Remark 2187M->2187M(6288M) 0.287ms
[1.828s][info][gc,cpu      ] GC(21) User=0.00s Sys=0.00s Real=0.00s
[1.828s][info][gc,marking  ] GC(21) Concurrent Mark 236.986ms
[1.828s][info][gc,marking  ] GC(21) Concurrent Rebuild Remembered Sets
[1.984s][info][gc,marking  ] GC(21) Concurrent Rebuild Remembered Sets 156.647ms
[1.984s][info][gc,start    ] GC(21) Pause Cleanup
[1.984s][info][gc          ] GC(21) Pause Cleanup 2535M->2535M(6288M) 0.082ms
[1.984s][info][gc,cpu      ] GC(21) User=0.00s Sys=0.00s Real=0.00s
[1.984s][info][gc,marking  ] GC(21) Concurrent Cleanup for Next Mark
[1.988s][info][gc,marking  ] GC(21) Concurrent Cleanup for Next Mark 3.738ms
[1.988s][info][gc          ] GC(21) Concurrent Mark Cycle 408.708ms
[2.193s][info][gc,start    ] GC(22) Pause Young (Prepare Mixed) (G1 Evacuation Pause)
[2.193s][info][gc,task     ] GC(22) Using 9 workers of 9 for evacuation
[2.345s][info][gc,phases   ] GC(22)   Pre Evacuate Collection Set: 0.1ms
[2.345s][info][gc,phases   ] GC(22)   Merge Heap Roots: 0.1ms
[2.345s][info][gc,phases   ] GC(22)   Evacuate Collection Set: 151.7ms
[2.345s][info][gc,phases   ] GC(22)   Post Evacuate Collection Set: 0.2ms
[2.345s][info][gc,phases   ] GC(22)   Other: 0.1ms
[2.345s][info][gc,heap     ] GC(22) Eden regions: 174->0(16)
[2.345s][info][gc,heap     ] GC(22) Survivor regions: 4->23(23)
[2.345s][info][gc,heap     ] GC(22) Old regions: 165->248
[2.345s][info][gc,heap     ] GC(22) Archive regions: 2->2
[2.345s][info][gc,heap     ] GC(22) Humongous regions: 35->35
[2.345s][info][gc,metaspace] GC(22) Metaspace: 1682K(1856K)->1682K(1856K) NonClass: 1527K(1600K)->1527K(1600K) Class: 154K(256K)->154K(256K)
[2.345s][info][gc          ] GC(22) Pause Young (Prepare Mixed) (G1 Evacuation Pause) 3031M->2450M(6288M) 152.265ms
[2.345s][info][gc,cpu      ] GC(22) User=1.27s Sys=0.07s Real=0.15s
[2.384s][info][gc,start    ] GC(23) Pause Young (Mixed) (G1 Evacuation Pause)
[2.384s][info][gc,task     ] GC(23) Using 9 workers of 9 for evacuation
[2.425s][info][gc,phases   ] GC(23)   Pre Evacuate Collection Set: 0.1ms
[2.425s][info][gc,phases   ] GC(23)   Merge Heap Roots: 0.1ms
[2.425s][info][gc,phases   ] GC(23)   Evacuate Collection Set: 41.0ms
[2.425s][info][gc,phases   ] GC(23)   Post Evacuate Collection Set: 0.1ms
[2.425s][info][gc,phases   ] GC(23)   Other: 0.1ms
[2.425s][info][gc,heap     ] GC(23) Eden regions: 16->0(42)
[2.425s][info][gc,heap     ] GC(23) Survivor regions: 23->5(5)
[2.425s][info][gc,heap     ] GC(23) Old regions: 248->276
[2.425s][info][gc,heap     ] GC(23) Archive regions: 2->2
[2.425s][info][gc,heap     ] GC(23) Humongous regions: 35->35
[2.425s][info][gc,metaspace] GC(23) Metaspace: 1682K(1856K)->1682K(1856K) NonClass: 1527K(1600K)->1527K(1600K) Class: 154K(256K)->154K(256K)
[2.425s][info][gc          ] GC(23) Pause Young (Mixed) (G1 Evacuation Pause) 2578M->2535M(6288M) 41.395ms
[2.425s][info][gc,cpu      ] GC(23) User=0.34s Sys=0.02s Real=0.04s
[2.526s][info][gc,start    ] GC(24) Pause Young (Normal) (G1 Evacuation Pause)
[2.526s][info][gc,task     ] GC(24) Using 9 workers of 9 for evacuation
[2.557s][info][gc,phases   ] GC(24)   Pre Evacuate Collection Set: 0.1ms
[2.557s][info][gc,phases   ] GC(24)   Merge Heap Roots: 0.1ms
[2.557s][info][gc,phases   ] GC(24)   Evacuate Collection Set: 31.3ms
[2.557s][info][gc,phases   ] GC(24)   Post Evacuate Collection Set: 0.1ms
[2.557s][info][gc,phases   ] GC(24)   Other: 0.1ms
[2.557s][info][gc,heap     ] GC(24) Eden regions: 42->0(56)
[2.557s][info][gc,heap     ] GC(24) Survivor regions: 5->6(6)
[2.557s][info][gc,heap     ] GC(24) Old regions: 276->301
[2.557s][info][gc,heap     ] GC(24) Archive regions: 2->2
[2.557s][info][gc,heap     ] GC(24) Humongous regions: 35->35
[2.557s][info][gc,metaspace] GC(24) Metaspace: 1682K(1856K)->1682K(1856K) NonClass: 1527K(1600K)->1527K(1600K) Class: 154K(256K)->154K(256K)
[2.557s][info][gc          ] GC(24) Pause Young (Normal) (G1 Evacuation Pause) 2871M->2743M(6288M) 31.717ms
[2.557s][info][gc,cpu      ] GC(24) User=0.25s Sys=0.03s Real=0.03s
[2.691s][info][gc,start    ] GC(25) Pause Young (Normal) (G1 Evacuation Pause)
[2.691s][info][gc,task     ] GC(25) Using 9 workers of 9 for evacuation
[2.733s][info][gc,phases   ] GC(25)   Pre Evacuate Collection Set: 0.1ms
[2.733s][info][gc,phases   ] GC(25)   Merge Heap Roots: 0.1ms
[2.733s][info][gc,phases   ] GC(25)   Evacuate Collection Set: 41.2ms
[2.733s][info][gc,phases   ] GC(25)   Post Evacuate Collection Set: 0.2ms
[2.733s][info][gc,phases   ] GC(25)   Other: 0.1ms
[2.733s][info][gc,heap     ] GC(25) Eden regions: 56->0(67)
[2.733s][info][gc,heap     ] GC(25) Survivor regions: 6->8(8)
[2.733s][info][gc,heap     ] GC(25) Old regions: 301->333
[2.733s][info][gc,heap     ] GC(25) Archive regions: 2->2
[2.733s][info][gc,heap     ] GC(25) Humongous regions: 35->35
[2.733s][info][gc,metaspace] GC(25) Metaspace: 1682K(1856K)->1682K(1856K) NonClass: 1527K(1600K)->1527K(1600K) Class: 154K(256K)->154K(256K)
[2.733s][info][gc          ] GC(25) Pause Young (Normal) (G1 Evacuation Pause) 3191M->3015M(6288M) 41.669ms
[2.733s][info][gc,cpu      ] GC(25) User=0.33s Sys=0.04s Real=0.04s
[2.893s][info][gc,start    ] GC(26) Pause Young (Concurrent Start) (G1 Evacuation Pause)
[2.893s][info][gc,task     ] GC(26) Using 9 workers of 9 for evacuation
[2.943s][info][gc,phases   ] GC(26)   Pre Evacuate Collection Set: 0.1ms
[2.943s][info][gc,phases   ] GC(26)   Merge Heap Roots: 0.1ms
[2.943s][info][gc,phases   ] GC(26)   Evacuate Collection Set: 49.0ms
[2.943s][info][gc,phases   ] GC(26)   Post Evacuate Collection Set: 1.0ms
[2.943s][info][gc,phases   ] GC(26)   Other: 0.1ms
[2.943s][info][gc,heap     ] GC(26) Eden regions: 67->0(226)
[2.943s][info][gc,heap     ] GC(26) Survivor regions: 8->10(10)
[2.943s][info][gc,heap     ] GC(26) Old regions: 333->372
[2.943s][info][gc,heap     ] GC(26) Archive regions: 2->2
[2.943s][info][gc,heap     ] GC(26) Humongous regions: 35->35
[2.943s][info][gc,metaspace] GC(26) Metaspace: 1682K(1856K)->1682K(1856K) NonClass: 1527K(1600K)->1527K(1600K) Class: 154K(256K)->154K(256K)
[2.943s][info][gc          ] GC(26) Pause Young (Concurrent Start) (G1 Evacuation Pause) 3551M->3343M(8688M) 50.297ms
[2.943s][info][gc,cpu      ] GC(26) User=0.39s Sys=0.04s Real=0.05s
[2.943s][info][gc          ] GC(27) Concurrent Mark Cycle
[2.943s][info][gc,marking  ] GC(27) Concurrent Clear Claimed Marks
[2.943s][info][gc,marking  ] GC(27) Concurrent Clear Claimed Marks 0.005ms
[2.943s][info][gc,marking  ] GC(27) Concurrent Scan Root Regions
[2.973s][info][gc,marking  ] GC(27) Concurrent Scan Root Regions 29.890ms
[2.973s][info][gc,marking  ] GC(27) Concurrent Mark
[2.973s][info][gc,marking  ] GC(27) Concurrent Mark From Roots
[2.973s][info][gc,task     ] GC(27) Using 2 workers of 2 for marking
[3.455s][info][gc,marking  ] GC(27) Concurrent Mark From Roots 482.258ms
[3.456s][info][gc,marking  ] GC(27) Concurrent Preclean
[3.456s][info][gc,marking  ] GC(27) Concurrent Preclean 0.019ms
[3.456s][info][gc,start    ] GC(27) Pause Remark
[3.456s][info][gc          ] GC(27) Pause Remark 4523M->4523M(8688M) 0.294ms
[3.456s][info][gc,cpu      ] GC(27) User=0.00s Sys=0.01s Real=0.00s
[3.456s][info][gc,marking  ] GC(27) Concurrent Mark 482.726ms
[3.456s][info][gc,marking  ] GC(27) Concurrent Rebuild Remembered Sets
[3.663s][info][gc,start    ] GC(28) Pause Young (Normal) (G1 Evacuation Pause)
[3.663s][info][gc,task     ] GC(28) Using 9 workers of 9 for evacuation
[3.921s][info][gc,mmu      ] GC(28) MMU target violated: 201.0ms (200.0ms/201.0ms)
[3.921s][info][gc,phases   ] GC(28)   Pre Evacuate Collection Set: 0.1ms
[3.921s][info][gc,phases   ] GC(28)   Merge Heap Roots: 0.1ms
[3.921s][info][gc,phases   ] GC(28)   Evacuate Collection Set: 257.2ms
[3.921s][info][gc,phases   ] GC(28)   Post Evacuate Collection Set: 0.5ms
[3.921s][info][gc,phases   ] GC(28)   Other: 0.1ms
[3.921s][info][gc,heap     ] GC(28) Eden regions: 226->0(137)
[3.921s][info][gc,heap     ] GC(28) Survivor regions: 10->30(30)
[3.921s][info][gc,heap     ] GC(28) Old regions: 372->537
[3.921s][info][gc,heap     ] GC(28) Archive regions: 2->2
[3.921s][info][gc,heap     ] GC(28) Humongous regions: 35->35
[3.921s][info][gc,metaspace] GC(28) Metaspace: 1730K(1920K)->1730K(1920K) NonClass: 1572K(1664K)->1572K(1664K) Class: 158K(256K)->158K(256K)
[3.921s][info][gc          ] GC(28) Pause Young (Normal) (G1 Evacuation Pause) 5151M->4819M(8688M) 258.047ms
[3.921s][info][gc,cpu      ] GC(28) User=1.91s Sys=0.32s Real=0.26s
[3.985s][info][gc,start    ] GC(29) Pause Young (Normal) (G1 Evacuation Pause)
[3.985s][info][gc,task     ] GC(29) Using 9 workers of 9 for evacuation
[4.162s][info][gc,phases   ] GC(29)   Pre Evacuate Collection Set: 0.1ms
[4.162s][info][gc,phases   ] GC(29)   Merge Heap Roots: 0.3ms
[4.162s][info][gc,phases   ] GC(29)   Evacuate Collection Set: 176.0ms
[4.162s][info][gc,phases   ] GC(29)   Post Evacuate Collection Set: 0.2ms
[4.162s][info][gc,phases   ] GC(29)   Other: 0.1ms
[4.162s][info][gc,heap     ] GC(29) Eden regions: 137->0(78)
[4.162s][info][gc,heap     ] GC(29) Survivor regions: 30->21(21)
[4.162s][info][gc,heap     ] GC(29) Old regions: 537->684
[4.162s][info][gc,heap     ] GC(29) Archive regions: 2->2
[4.162s][info][gc,heap     ] GC(29) Humongous regions: 35->35
[4.162s][info][gc,metaspace] GC(29) Metaspace: 1730K(1920K)->1730K(1920K) NonClass: 1572K(1664K)->1572K(1664K) Class: 158K(256K)->158K(256K)
[4.162s][info][gc          ] GC(29) Pause Young (Normal) (G1 Evacuation Pause) 5915M->5927M(8688M) 176.754ms
[4.162s][info][gc,cpu      ] GC(29) User=1.55s Sys=0.03s Real=0.18s
[4.201s][info][gc,start    ] GC(30) Pause Young (Normal) (G1 Evacuation Pause)
[4.201s][info][gc,task     ] GC(30) Using 9 workers of 9 for evacuation
[4.288s][info][gc,phases   ] GC(30)   Pre Evacuate Collection Set: 0.1ms
[4.289s][info][gc,phases   ] GC(30)   Merge Heap Roots: 0.2ms
[4.289s][info][gc,phases   ] GC(30)   Evacuate Collection Set: 86.8ms
[4.289s][info][gc,phases   ] GC(30)   Post Evacuate Collection Set: 0.2ms
[4.289s][info][gc,phases   ] GC(30)   Other: 0.1ms
[4.289s][info][gc,heap     ] GC(30) Eden regions: 78->0(49)
[4.289s][info][gc,heap     ] GC(30) Survivor regions: 21->13(13)
[4.289s][info][gc,heap     ] GC(30) Old regions: 684->772
[4.289s][info][gc,heap     ] GC(30) Archive regions: 2->2
[4.289s][info][gc,heap     ] GC(30) Humongous regions: 35->35
[4.289s][info][gc,metaspace] GC(30) Metaspace: 1730K(1920K)->1730K(1920K) NonClass: 1572K(1664K)->1572K(1664K) Class: 158K(256K)->158K(256K)
[4.289s][info][gc          ] GC(30) Pause Young (Normal) (G1 Evacuation Pause) 6551M->6563M(8688M) 87.430ms
[4.289s][info][gc,cpu      ] GC(30) User=0.73s Sys=0.03s Real=0.09s
[4.314s][info][gc,start    ] GC(31) Pause Young (Normal) (G1 Evacuation Pause)
[4.314s][info][gc,task     ] GC(31) Using 9 workers of 9 for evacuation
[4.386s][info][gc,phases   ] GC(31)   Pre Evacuate Collection Set: 0.1ms
[4.386s][info][gc,phases   ] GC(31)   Merge Heap Roots: 0.1ms
[4.386s][info][gc,phases   ] GC(31)   Evacuate Collection Set: 71.0ms
[4.386s][info][gc,phases   ] GC(31)   Post Evacuate Collection Set: 0.2ms
[4.386s][info][gc,phases   ] GC(31)   Other: 0.1ms
[4.386s][info][gc,heap     ] GC(31) Eden regions: 49->0(46)
[4.386s][info][gc,heap     ] GC(31) Survivor regions: 13->8(8)
[4.386s][info][gc,heap     ] GC(31) Old regions: 772->827
[4.386s][info][gc,heap     ] GC(31) Archive regions: 2->2
[4.386s][info][gc,heap     ] GC(31) Humongous regions: 35->35
[4.386s][info][gc,metaspace] GC(31) Metaspace: 1733K(1920K)->1733K(1920K) NonClass: 1574K(1664K)->1574K(1664K) Class: 158K(256K)->158K(256K)
[4.386s][info][gc          ] GC(31) Pause Young (Normal) (G1 Evacuation Pause) 6955M->6967M(8688M) 71.486ms
[4.386s][info][gc,cpu      ] GC(31) User=0.47s Sys=0.03s Real=0.07s
[4.472s][info][gc,start    ] GC(32) Pause Young (Normal) (G1 Evacuation Pause)
[4.472s][info][gc,task     ] GC(32) Using 9 workers of 9 for evacuation
[4.505s][info][gc,phases   ] GC(32)   Pre Evacuate Collection Set: 0.1ms
[4.506s][info][gc,phases   ] GC(32)   Merge Heap Roots: 0.1ms
[4.506s][info][gc,phases   ] GC(32)   Evacuate Collection Set: 32.9ms
[4.506s][info][gc,phases   ] GC(32)   Post Evacuate Collection Set: 0.8ms
[4.506s][info][gc,phases   ] GC(32)   Other: 0.1ms
[4.506s][info][gc,heap     ] GC(32) Eden regions: 46->0(59)
[4.506s][info][gc,heap     ] GC(32) Survivor regions: 8->7(7)
[4.506s][info][gc,heap     ] GC(32) Old regions: 827->863
[4.506s][info][gc,heap     ] GC(32) Archive regions: 2->2
[4.506s][info][gc,heap     ] GC(32) Humongous regions: 82->82
[4.506s][info][gc,metaspace] GC(32) Metaspace: 1811K(1984K)->1811K(1984K) NonClass: 1649K(1728K)->1649K(1728K) Class: 162K(256K)->162K(256K)
[4.506s][info][gc          ] GC(32) Pause Young (Normal) (G1 Evacuation Pause) 7711M->7623M(10128M) 33.983ms
[4.506s][info][gc,cpu      ] GC(32) User=0.30s Sys=0.00s Real=0.03s
[4.816s][info][gc,marking  ] GC(27) Concurrent Rebuild Remembered Sets 1359.913ms
[4.816s][info][gc,start    ] GC(27) Pause Cleanup
[4.816s][info][gc          ] GC(27) Pause Cleanup 8031M->8031M(10128M) 0.193ms
[4.816s][info][gc,cpu      ] GC(27) User=0.00s Sys=0.00s Real=0.00s
[4.816s][info][gc,marking  ] GC(27) Concurrent Cleanup for Next Mark
[4.837s][info][gc,marking  ] GC(27) Concurrent Cleanup for Next Mark 21.266ms
[4.837s][info][gc          ] GC(27) Concurrent Mark Cycle 1894.151ms
[4.885s][info][gc,start    ] GC(33) Pause Young (Prepare Mixed) (G1 Evacuation Pause)
[4.885s][info][gc,task     ] GC(33) Using 9 workers of 9 for evacuation
[4.897s][info][gc,phases   ] GC(33)   Pre Evacuate Collection Set: 0.1ms
[4.897s][info][gc,phases   ] GC(33)   Merge Heap Roots: 0.1ms
[4.897s][info][gc,phases   ] GC(33)   Evacuate Collection Set: 11.1ms
[4.897s][info][gc,phases   ] GC(33)   Post Evacuate Collection Set: 0.1ms
[4.897s][info][gc,phases   ] GC(33)   Other: 0.1ms
[4.897s][info][gc,heap     ] GC(33) Eden regions: 59->0(63)
[4.897s][info][gc,heap     ] GC(33) Survivor regions: 7->0(9)
[4.897s][info][gc,heap     ] GC(33) Old regions: 863->873
[4.897s][info][gc,heap     ] GC(33) Archive regions: 2->2
[4.897s][info][gc,heap     ] GC(33) Humongous regions: 82->82
[4.897s][info][gc,metaspace] GC(33) Metaspace: 1811K(1984K)->1811K(1984K) NonClass: 1649K(1728K)->1649K(1728K) Class: 162K(256K)->162K(256K)
[4.897s][info][gc          ] GC(33) Pause Young (Prepare Mixed) (G1 Evacuation Pause) 8095M->7647M(10128M) 11.511ms
[4.897s][info][gc,cpu      ] GC(33) User=0.08s Sys=0.01s Real=0.01s
[5.264s][info][gc,start    ] GC(34) Pause Young (Mixed) (G1 Evacuation Pause)
[5.265s][info][gc,task     ] GC(34) Using 9 workers of 9 for evacuation
[5.266s][info][gc,phases   ] GC(34)   Pre Evacuate Collection Set: 0.1ms
[5.266s][info][gc,phases   ] GC(34)   Merge Heap Roots: 0.1ms
[5.266s][info][gc,phases   ] GC(34)   Evacuate Collection Set: 1.1ms
[5.266s][info][gc,phases   ] GC(34)   Post Evacuate Collection Set: 0.1ms
[5.266s][info][gc,phases   ] GC(34)   Other: 0.1ms
[5.266s][info][gc,heap     ] GC(34) Eden regions: 63->0(73)
[5.266s][info][gc,heap     ] GC(34) Survivor regions: 0->0(8)
[5.266s][info][gc,heap     ] GC(34) Old regions: 873->873
[5.266s][info][gc,heap     ] GC(34) Archive regions: 2->2
[5.266s][info][gc,heap     ] GC(34) Humongous regions: 82->82
[5.266s][info][gc,metaspace] GC(34) Metaspace: 1811K(1984K)->1811K(1984K) NonClass: 1649K(1728K)->1649K(1728K) Class: 162K(256K)->162K(256K)
[5.266s][info][gc          ] GC(34) Pause Young (Mixed) (G1 Evacuation Pause) 8151M->7647M(10128M) 1.599ms
[5.266s][info][gc,cpu      ] GC(34) User=0.00s Sys=0.00s Real=0.00s
[5.683s][info][gc,start    ] GC(35) Pause Young (Concurrent Start) (G1 Evacuation Pause)
[5.683s][info][gc,task     ] GC(35) Using 9 workers of 9 for evacuation
[5.684s][info][gc,phases   ] GC(35)   Pre Evacuate Collection Set: 0.2ms
[5.684s][info][gc,phases   ] GC(35)   Merge Heap Roots: 0.0ms
[5.684s][info][gc,phases   ] GC(35)   Evacuate Collection Set: 0.2ms
[5.684s][info][gc,phases   ] GC(35)   Post Evacuate Collection Set: 0.1ms
[5.684s][info][gc,phases   ] GC(35)   Other: 0.1ms
[5.684s][info][gc,heap     ] GC(35) Eden regions: 73->0(83)
[5.684s][info][gc,heap     ] GC(35) Survivor regions: 0->0(10)
[5.684s][info][gc,heap     ] GC(35) Old regions: 873->873
[5.684s][info][gc,heap     ] GC(35) Archive regions: 2->2
[5.684s][info][gc,heap     ] GC(35) Humongous regions: 82->82
[5.684s][info][gc,metaspace] GC(35) Metaspace: 1811K(1984K)->1811K(1984K) NonClass: 1649K(1728K)->1649K(1728K) Class: 162K(256K)->162K(256K)
[5.684s][info][gc          ] GC(35) Pause Young (Concurrent Start) (G1 Evacuation Pause) 8231M->7647M(10128M) 0.653ms
[5.684s][info][gc,cpu      ] GC(35) User=0.00s Sys=0.00s Real=0.00s
[5.684s][info][gc          ] GC(36) Concurrent Mark Cycle
[5.684s][info][gc,marking  ] GC(36) Concurrent Clear Claimed Marks
[5.684s][info][gc,marking  ] GC(36) Concurrent Clear Claimed Marks 0.005ms
[5.684s][info][gc,marking  ] GC(36) Concurrent Scan Root Regions
[5.684s][info][gc,marking  ] GC(36) Concurrent Scan Root Regions 0.003ms
[5.684s][info][gc,marking  ] GC(36) Concurrent Mark
[5.684s][info][gc,marking  ] GC(36) Concurrent Mark From Roots
[5.684s][info][gc,task     ] GC(36) Using 2 workers of 2 for marking
[6.350s][info][gc,start    ] GC(37) Pause Young (Normal) (G1 Evacuation Pause)
[6.350s][info][gc,task     ] GC(37) Using 9 workers of 9 for evacuation
[6.350s][info][gc,phases   ] GC(37)   Pre Evacuate Collection Set: 0.1ms
[6.350s][info][gc,phases   ] GC(37)   Merge Heap Roots: 0.0ms
[6.350s][info][gc,phases   ] GC(37)   Evacuate Collection Set: 0.3ms
[6.350s][info][gc,phases   ] GC(37)   Post Evacuate Collection Set: 0.2ms
[6.350s][info][gc,phases   ] GC(37)   Other: 0.0ms
[6.350s][info][gc,heap     ] GC(37) Eden regions: 83->0(91)
[6.350s][info][gc,heap     ] GC(37) Survivor regions: 0->1(11)
[6.350s][info][gc,heap     ] GC(37) Old regions: 873->873
[6.350s][info][gc,heap     ] GC(37) Archive regions: 2->2
[6.350s][info][gc,heap     ] GC(37) Humongous regions: 82->82
[6.350s][info][gc,metaspace] GC(37) Metaspace: 2093K(2240K)->2093K(2240K) NonClass: 1908K(1984K)->1908K(1984K) Class: 185K(256K)->185K(256K)
[6.350s][info][gc          ] GC(37) Pause Young (Normal) (G1 Evacuation Pause) 8311M->7648M(10128M) 0.611ms
[6.350s][info][gc,cpu      ] GC(37) User=0.00s Sys=0.00s Real=0.00s
[7.227s][info][gc,marking  ] GC(36) Concurrent Mark From Roots 1543.170ms
[7.227s][info][gc,marking  ] GC(36) Concurrent Preclean
[7.227s][info][gc,marking  ] GC(36) Concurrent Preclean 0.032ms
[7.227s][info][gc,start    ] GC(36) Pause Remark
[7.229s][info][gc          ] GC(36) Pause Remark 8269M->7989M(12288M) 1.394ms
[7.229s][info][gc,cpu      ] GC(36) User=0.00s Sys=0.01s Real=0.01s
[7.229s][info][gc,marking  ] GC(36) Concurrent Mark 1545.163ms
[7.229s][info][gc,marking  ] GC(36) Concurrent Rebuild Remembered Sets
[7.386s][info][gc,start    ] GC(38) Pause Young (Normal) (G1 Evacuation Pause)
[7.386s][info][gc,task     ] GC(38) Using 9 workers of 9 for evacuation
[7.386s][info][gc,phases   ] GC(38)   Pre Evacuate Collection Set: 0.1ms
[7.386s][info][gc,phases   ] GC(38)   Merge Heap Roots: 0.0ms
[7.386s][info][gc,phases   ] GC(38)   Evacuate Collection Set: 0.1ms
[7.386s][info][gc,phases   ] GC(38)   Post Evacuate Collection Set: 0.1ms
[7.386s][info][gc,phases   ] GC(38)   Other: 0.1ms
[7.386s][info][gc,heap     ] GC(38) Eden regions: 91->0(173)
[7.386s][info][gc,heap     ] GC(38) Survivor regions: 1->1(12)
[7.386s][info][gc,heap     ] GC(38) Old regions: 873->873
[7.386s][info][gc,heap     ] GC(38) Archive regions: 2->2
[7.386s][info][gc,heap     ] GC(38) Humongous regions: 47->47
[7.386s][info][gc,metaspace] GC(38) Metaspace: 2095K(2240K)->2095K(2240K) NonClass: 1909K(1984K)->1909K(1984K) Class: 185K(256K)->185K(256K)
[7.386s][info][gc          ] GC(38) Pause Young (Normal) (G1 Evacuation Pause) 8096M->7367M(12288M) 0.595ms
[7.386s][info][gc,cpu      ] GC(38) User=0.00s Sys=0.00s Real=0.00s
[8.573s][info][gc,marking  ] GC(36) Concurrent Rebuild Remembered Sets 1343.801ms
[8.573s][info][gc,start    ] GC(36) Pause Cleanup
[8.573s][info][gc          ] GC(36) Pause Cleanup 8143M->8143M(12288M) 0.193ms
[8.573s][info][gc,cpu      ] GC(36) User=0.00s Sys=0.00s Real=0.00s
[8.573s][info][gc,marking  ] GC(36) Concurrent Cleanup for Next Mark
[8.614s][info][gc,marking  ] GC(36) Concurrent Cleanup for Next Mark 40.681ms
[8.614s][info][gc          ] GC(36) Concurrent Mark Cycle 2929.967ms
[9.091s][info][gc,start    ] GC(39) Pause Young (Prepare Mixed) (G1 Evacuation Pause)
[9.091s][info][gc,task     ] GC(39) Using 9 workers of 9 for evacuation
[9.272s][info][gc,phases   ] GC(39)   Pre Evacuate Collection Set: 0.1ms
[9.272s][info][gc,phases   ] GC(39)   Merge Heap Roots: 0.0ms
[9.272s][info][gc,phases   ] GC(39)   Evacuate Collection Set: 180.2ms
[9.272s][info][gc,phases   ] GC(39)   Post Evacuate Collection Set: 0.5ms
[9.272s][info][gc,phases   ] GC(39)   Other: 0.1ms
[9.272s][info][gc,heap     ] GC(39) Eden regions: 173->0(54)
[9.272s][info][gc,heap     ] GC(39) Survivor regions: 1->22(22)
[9.272s][info][gc,heap     ] GC(39) Old regions: 873->928
[9.272s][info][gc,heap     ] GC(39) Archive regions: 2->2
[9.272s][info][gc,heap     ] GC(39) Humongous regions: 82->82
[9.272s][info][gc,metaspace] GC(39) Metaspace: 2218K(2368K)->2218K(2368K) NonClass: 2014K(2112K)->2014K(2112K) Class: 204K(256K)->204K(256K)
[9.272s][info][gc          ] GC(39) Pause Young (Prepare Mixed) (G1 Evacuation Pause) 9031M->8259M(12288M) 180.955ms
[9.272s][info][gc,cpu      ] GC(39) User=0.51s Sys=0.55s Real=0.18s
[9.510s][info][gc,start    ] GC(40) Pause Young (Mixed) (G1 Evacuation Pause)
[9.510s][info][gc,task     ] GC(40) Using 9 workers of 9 for evacuation
[9.642s][info][gc,phases   ] GC(40)   Pre Evacuate Collection Set: 0.1ms
[9.642s][info][gc,phases   ] GC(40)   Merge Heap Roots: 0.1ms
[9.642s][info][gc,phases   ] GC(40)   Evacuate Collection Set: 131.8ms
[9.642s][info][gc,phases   ] GC(40)   Post Evacuate Collection Set: 0.2ms
[9.642s][info][gc,phases   ] GC(40)   Other: 0.1ms
[9.642s][info][gc,heap     ] GC(40) Eden regions: 54->0(88)
[9.642s][info][gc,heap     ] GC(40) Survivor regions: 22->10(10)
[9.642s][info][gc,heap     ] GC(40) Old regions: 928->965
[9.642s][info][gc,heap     ] GC(40) Archive regions: 2->2
[9.642s][info][gc,heap     ] GC(40) Humongous regions: 82->82
[9.642s][info][gc,metaspace] GC(40) Metaspace: 2218K(2368K)->2218K(2368K) NonClass: 2014K(2112K)->2014K(2112K) Class: 204K(256K)->204K(256K)
[9.642s][info][gc          ] GC(40) Pause Young (Mixed) (G1 Evacuation Pause) 8691M->8461M(12288M) 132.255ms
[9.642s][info][gc,cpu      ] GC(40) User=0.44s Sys=0.25s Real=0.13s
[9.870s][info][gc,start    ] GC(41) Pause Young (Concurrent Start) (G1 Evacuation Pause)
[9.870s][info][gc,task     ] GC(41) Using 9 workers of 9 for evacuation
[9.984s][info][gc,phases   ] GC(41)   Pre Evacuate Collection Set: 0.1ms
[9.984s][info][gc,phases   ] GC(41)   Merge Heap Roots: 0.1ms
[9.984s][info][gc,phases   ] GC(41)   Evacuate Collection Set: 113.0ms
[9.984s][info][gc,phases   ] GC(41)   Post Evacuate Collection Set: 0.2ms
[9.984s][info][gc,phases   ] GC(41)   Other: 0.1ms
[9.984s][info][gc,heap     ] GC(41) Eden regions: 88->0(85)
[9.984s][info][gc,heap     ] GC(41) Survivor regions: 10->13(13)
[9.984s][info][gc,heap     ] GC(41) Old regions: 965->1014
[9.984s][info][gc,heap     ] GC(41) Archive regions: 2->2
[9.984s][info][gc,heap     ] GC(41) Humongous regions: 82->82
[9.984s][info][gc,metaspace] GC(41) Metaspace: 2218K(2368K)->2218K(2368K) NonClass: 2014K(2112K)->2014K(2112K) Class: 204K(256K)->204K(256K)
[9.984s][info][gc          ] GC(41) Pause Young (Concurrent Start) (G1 Evacuation Pause) 9165M->8879M(12288M) 113.686ms
[9.984s][info][gc,cpu      ] GC(41) User=0.50s Sys=0.17s Real=0.11s
[9.984s][info][gc          ] GC(42) Concurrent Mark Cycle
[9.984s][info][gc,marking  ] GC(42) Concurrent Clear Claimed Marks
[9.984s][info][gc,marking  ] GC(42) Concurrent Clear Claimed Marks 0.006ms
[9.984s][info][gc,marking  ] GC(42) Concurrent Scan Root Regions
[10.023s][info][gc,marking  ] GC(42) Concurrent Scan Root Regions 39.473ms
[10.023s][info][gc,marking  ] GC(42) Concurrent Mark
[10.023s][info][gc,marking  ] GC(42) Concurrent Mark From Roots
[10.023s][info][gc,task     ] GC(42) Using 2 workers of 2 for marking
[10.203s][info][gc,start    ] GC(43) Pause Young (Normal) (G1 Evacuation Pause)
[10.203s][info][gc,task     ] GC(43) Using 9 workers of 9 for evacuation
[10.276s][info][gc,phases   ] GC(43)   Pre Evacuate Collection Set: 0.1ms
[10.276s][info][gc,phases   ] GC(43)   Merge Heap Roots: 0.1ms
[10.276s][info][gc,phases   ] GC(43)   Evacuate Collection Set: 72.8ms
[10.276s][info][gc,phases   ] GC(43)   Post Evacuate Collection Set: 0.2ms
[10.276s][info][gc,phases   ] GC(43)   Other: 0.1ms
[10.276s][info][gc,heap     ] GC(43) Eden regions: 85->0(91)
[10.277s][info][gc,heap     ] GC(43) Survivor regions: 13->13(13)
[10.277s][info][gc,heap     ] GC(43) Old regions: 1014->1065
[10.277s][info][gc,heap     ] GC(43) Archive regions: 2->2
[10.277s][info][gc,heap     ] GC(43) Humongous regions: 82->82
[10.277s][info][gc,metaspace] GC(43) Metaspace: 2218K(2368K)->2218K(2368K) NonClass: 2014K(2112K)->2014K(2112K) Class: 204K(256K)->204K(256K)
[10.277s][info][gc          ] GC(43) Pause Young (Normal) (G1 Evacuation Pause) 9559M->9283M(12288M) 73.310ms
[10.277s][info][gc,cpu      ] GC(43) User=0.52s Sys=0.06s Real=0.07s
[10.277s][info][gc,marking  ] GC(42) Concurrent Mark From Roots 253.419ms
[10.277s][info][gc,marking  ] GC(42) Concurrent Preclean
[10.277s][info][gc,marking  ] GC(42) Concurrent Preclean 0.023ms
[10.277s][info][gc,start    ] GC(42) Pause Remark
[10.281s][info][gc          ] GC(42) Pause Remark 9287M->2127M(7152M) 3.696ms
[10.281s][info][gc,cpu      ] GC(42) User=0.00s Sys=0.02s Real=0.01s
[10.281s][info][gc,marking  ] GC(42) Concurrent Mark 257.250ms
[10.281s][info][gc,marking  ] GC(42) Concurrent Rebuild Remembered Sets
[10.567s][info][gc,marking  ] GC(42) Concurrent Rebuild Remembered Sets 286.282ms
[10.567s][info][gc,start    ] GC(42) Pause Cleanup
[10.567s][info][gc          ] GC(42) Pause Cleanup 2791M->2791M(7152M) 0.133ms
[10.567s][info][gc,cpu      ] GC(42) User=0.00s Sys=0.00s Real=0.00s
[10.567s][info][gc,marking  ] GC(42) Concurrent Cleanup for Next Mark
[10.570s][info][gc,marking  ] GC(42) Concurrent Cleanup for Next Mark 3.297ms
[10.570s][info][gc          ] GC(42) Concurrent Mark Cycle 586.612ms
[10.595s][info][gc,start    ] GC(44) Pause Young (Prepare Mixed) (G1 Evacuation Pause)
[10.595s][info][gc,task     ] GC(44) Using 9 workers of 9 for evacuation
[10.661s][info][gc,phases   ] GC(44)   Pre Evacuate Collection Set: 0.1ms
[10.661s][info][gc,phases   ] GC(44)   Merge Heap Roots: 0.1ms
[10.661s][info][gc,phases   ] GC(44)   Evacuate Collection Set: 65.5ms
[10.661s][info][gc,phases   ] GC(44)   Post Evacuate Collection Set: 0.2ms
[10.661s][info][gc,phases   ] GC(44)   Other: 0.1ms
[10.661s][info][gc,heap     ] GC(44) Eden regions: 91->0(31)
[10.661s][info][gc,heap     ] GC(44) Survivor regions: 13->13(13)
[10.661s][info][gc,heap     ] GC(44) Old regions: 217->271
[10.661s][info][gc,heap     ] GC(44) Archive regions: 2->2
[10.661s][info][gc,heap     ] GC(44) Humongous regions: 35->35
[10.661s][info][gc,metaspace] GC(44) Metaspace: 2218K(2368K)->2218K(2368K) NonClass: 2014K(2112K)->2014K(2112K) Class: 204K(256K)->204K(256K)
[10.661s][info][gc          ] GC(44) Pause Young (Prepare Mixed) (G1 Evacuation Pause) 2851M->2555M(7152M) 65.992ms
[10.661s][info][gc,cpu      ] GC(44) User=0.56s Sys=0.03s Real=0.07s
[10.736s][info][gc,start    ] GC(45) Pause Young (Mixed) (G1 Evacuation Pause)
[10.736s][info][gc,task     ] GC(45) Using 9 workers of 9 for evacuation
[10.767s][info][gc,phases   ] GC(45)   Pre Evacuate Collection Set: 0.1ms
[10.767s][info][gc,phases   ] GC(45)   Merge Heap Roots: 0.1ms
[10.767s][info][gc,phases   ] GC(45)   Evacuate Collection Set: 30.7ms
[10.767s][info][gc,phases   ] GC(45)   Post Evacuate Collection Set: 0.1ms
[10.767s][info][gc,phases   ] GC(45)   Other: 0.1ms
[10.767s][info][gc,heap     ] GC(45) Eden regions: 31->0(115)
[10.767s][info][gc,heap     ] GC(45) Survivor regions: 13->6(6)
[10.767s][info][gc,heap     ] GC(45) Old regions: 271->296
[10.767s][info][gc,heap     ] GC(45) Archive regions: 2->2
[10.767s][info][gc,heap     ] GC(45) Humongous regions: 35->35
[10.767s][info][gc,metaspace] GC(45) Metaspace: 2218K(2368K)->2218K(2368K) NonClass: 2014K(2112K)->2014K(2112K) Class: 204K(256K)->204K(256K)
[10.767s][info][gc          ] GC(45) Pause Young (Mixed) (G1 Evacuation Pause) 2803M->2699M(7152M) 31.089ms
[10.767s][info][gc,cpu      ] GC(45) User=0.27s Sys=0.01s Real=0.03s
[11.048s][info][gc,start    ] GC(46) Pause Young (Concurrent Start) (G1 Evacuation Pause)
[11.048s][info][gc,task     ] GC(46) Using 9 workers of 9 for evacuation
[11.127s][info][gc,phases   ] GC(46)   Pre Evacuate Collection Set: 0.1ms
[11.127s][info][gc,phases   ] GC(46)   Merge Heap Roots: 0.1ms
[11.127s][info][gc,phases   ] GC(46)   Evacuate Collection Set: 77.7ms
[11.127s][info][gc,phases   ] GC(46)   Post Evacuate Collection Set: 0.2ms
[11.127s][info][gc,phases   ] GC(46)   Other: 0.1ms
[11.127s][info][gc,heap     ] GC(46) Eden regions: 115->0(89)
[11.127s][info][gc,heap     ] GC(46) Survivor regions: 6->16(16)
[11.127s][info][gc,heap     ] GC(46) Old regions: 296->354
[11.127s][info][gc,heap     ] GC(46) Archive regions: 2->2
[11.127s][info][gc,heap     ] GC(46) Humongous regions: 35->35
[11.127s][info][gc,metaspace] GC(46) Metaspace: 2218K(2368K)->2218K(2368K) NonClass: 2014K(2112K)->2014K(2112K) Class: 204K(256K)->204K(256K)
[11.127s][info][gc          ] GC(46) Pause Young (Concurrent Start) (G1 Evacuation Pause) 3619M->3243M(7152M) 78.279ms
[11.127s][info][gc,cpu      ] GC(46) User=0.65s Sys=0.05s Real=0.07s
[11.127s][info][gc          ] GC(47) Concurrent Mark Cycle
[11.127s][info][gc,marking  ] GC(47) Concurrent Clear Claimed Marks
[11.127s][info][gc,marking  ] GC(47) Concurrent Clear Claimed Marks 0.006ms
[11.127s][info][gc,marking  ] GC(47) Concurrent Scan Root Regions
[11.169s][info][gc,marking  ] GC(47) Concurrent Scan Root Regions 41.887ms
[11.169s][info][gc,marking  ] GC(47) Concurrent Mark
[11.169s][info][gc,marking  ] GC(47) Concurrent Mark From Roots
[11.169s][info][gc,task     ] GC(47) Using 2 workers of 2 for marking
[11.357s][info][gc,start    ] GC(48) Pause Young (Normal) (G1 Evacuation Pause)
[11.357s][info][gc,task     ] GC(48) Using 9 workers of 9 for evacuation
[11.424s][info][gc,phases   ] GC(48)   Pre Evacuate Collection Set: 0.1ms
[11.424s][info][gc,phases   ] GC(48)   Merge Heap Roots: 0.1ms
[11.424s][info][gc,phases   ] GC(48)   Evacuate Collection Set: 67.5ms
[11.425s][info][gc,phases   ] GC(48)   Post Evacuate Collection Set: 0.2ms
[11.425s][info][gc,phases   ] GC(48)   Other: 0.1ms
[11.425s][info][gc,heap     ] GC(48) Eden regions: 89->0(114)
[11.425s][info][gc,heap     ] GC(48) Survivor regions: 16->14(14)
[11.425s][info][gc,heap     ] GC(48) Old regions: 354->409
[11.425s][info][gc,heap     ] GC(48) Archive regions: 2->2
[11.425s][info][gc,heap     ] GC(48) Humongous regions: 35->35
[11.425s][info][gc,metaspace] GC(48) Metaspace: 2218K(2368K)->2218K(2368K) NonClass: 2014K(2112K)->2014K(2112K) Class: 204K(256K)->204K(256K)
[11.425s][info][gc          ] GC(48) Pause Young (Normal) (G1 Evacuation Pause) 3955M->3663M(7152M) 68.018ms
[11.425s][info][gc,cpu      ] GC(48) User=0.58s Sys=0.03s Real=0.07s
[11.657s][info][gc,marking  ] GC(47) Concurrent Mark From Roots 488.527ms
[11.657s][info][gc,marking  ] GC(47) Concurrent Preclean
[11.657s][info][gc,marking  ] GC(47) Concurrent Preclean 0.022ms
[11.657s][info][gc,start    ] GC(47) Pause Remark
[11.658s][info][gc          ] GC(47) Pause Remark 4415M->4415M(7392M) 0.415ms
[11.658s][info][gc,cpu      ] GC(47) User=0.00s Sys=0.00s Real=0.00s
[11.658s][info][gc,marking  ] GC(47) Concurrent Mark 489.089ms
[11.658s][info][gc,marking  ] GC(47) Concurrent Rebuild Remembered Sets
[11.765s][info][gc,start    ] GC(49) Pause Young (Normal) (G1 Evacuation Pause)
[11.765s][info][gc,task     ] GC(49) Using 9 workers of 9 for evacuation
[11.884s][info][gc,phases   ] GC(49)   Pre Evacuate Collection Set: 0.1ms
[11.884s][info][gc,phases   ] GC(49)   Merge Heap Roots: 0.1ms
[11.884s][info][gc,phases   ] GC(49)   Evacuate Collection Set: 118.4ms
[11.884s][info][gc,phases   ] GC(49)   Post Evacuate Collection Set: 0.3ms
[11.884s][info][gc,phases   ] GC(49)   Other: 0.1ms
[11.884s][info][gc,heap     ] GC(49) Eden regions: 114->0(105)
[11.884s][info][gc,heap     ] GC(49) Survivor regions: 14->16(16)
[11.884s][info][gc,heap     ] GC(49) Old regions: 409->501
[11.884s][info][gc,heap     ] GC(49) Archive regions: 2->2
[11.884s][info][gc,heap     ] GC(49) Humongous regions: 35->35
[11.884s][info][gc,metaspace] GC(49) Metaspace: 2238K(2368K)->2238K(2368K) NonClass: 2034K(2112K)->2034K(2112K) Class: 204K(256K)->204K(256K)
[11.884s][info][gc          ] GC(49) Pause Young (Normal) (G1 Evacuation Pause) 4575M->4419M(7392M) 118.958ms
[11.884s][info][gc,cpu      ] GC(49) User=0.87s Sys=0.17s Real=0.12s
[11.927s][info][gc,start    ] GC(50) Pause Young (Normal) (G1 Evacuation Pause)
[11.927s][info][gc,task     ] GC(50) Using 9 workers of 9 for evacuation
[12.098s][info][gc,phases   ] GC(50)   Pre Evacuate Collection Set: 0.1ms
[12.098s][info][gc,phases   ] GC(50)   Merge Heap Roots: 0.3ms
[12.098s][info][gc,phases   ] GC(50)   Evacuate Collection Set: 169.4ms
[12.098s][info][gc,phases   ] GC(50)   Post Evacuate Collection Set: 0.7ms
[12.098s][info][gc,phases   ] GC(50)   Other: 0.1ms
[12.098s][info][gc,heap     ] GC(50) Eden regions: 105->0(114)
[12.098s][info][gc,heap     ] GC(50) Survivor regions: 16->16(16)
[12.098s][info][gc,heap     ] GC(50) Old regions: 501->609
[12.098s][info][gc,heap     ] GC(50) Archive regions: 2->2
[12.098s][info][gc,heap     ] GC(50) Humongous regions: 35->35
[12.098s][info][gc,metaspace] GC(50) Metaspace: 2248K(2368K)->2248K(2368K) NonClass: 2044K(2112K)->2044K(2112K) Class: 204K(256K)->204K(256K)
[12.098s][info][gc          ] GC(50) Pause Young (Normal) (G1 Evacuation Pause) 5259M->5283M(9352M) 170.540ms
[12.098s][info][gc,cpu      ] GC(50) User=1.20s Sys=0.26s Real=0.17s
[12.166s][info][gc,start    ] GC(51) Pause Young (Normal) (G1 Evacuation Pause)
[12.166s][info][gc,task     ] GC(51) Using 9 workers of 9 for evacuation
[12.421s][info][gc,mmu      ] GC(51) MMU target violated: 201.0ms (200.0ms/201.0ms)
[12.421s][info][gc,phases   ] GC(51)   Pre Evacuate Collection Set: 0.1ms
[12.421s][info][gc,phases   ] GC(51)   Merge Heap Roots: 0.2ms
[12.421s][info][gc,phases   ] GC(51)   Evacuate Collection Set: 253.8ms
[12.421s][info][gc,phases   ] GC(51)   Post Evacuate Collection Set: 0.2ms
[12.421s][info][gc,phases   ] GC(51)   Other: 0.1ms
[12.421s][info][gc,heap     ] GC(51) Eden regions: 114->0(53)
[12.421s][info][gc,heap     ] GC(51) Survivor regions: 16->17(17)
[12.421s][info][gc,heap     ] GC(51) Old regions: 609->724
[12.421s][info][gc,heap     ] GC(51) Archive regions: 2->2
[12.421s][info][gc,heap     ] GC(51) Humongous regions: 35->35
[12.421s][info][gc,metaspace] GC(51) Metaspace: 2248K(2368K)->2248K(2368K) NonClass: 2044K(2112K)->2044K(2112K) Class: 204K(256K)->204K(256K)
[12.421s][info][gc          ] GC(51) Pause Young (Normal) (G1 Evacuation Pause) 6195M->6207M(9352M) 254.436ms
[12.421s][info][gc,cpu      ] GC(51) User=1.92s Sys=0.30s Real=0.26s
[12.444s][info][gc,start    ] GC(52) Pause Young (Normal) (G1 Evacuation Pause)
[12.444s][info][gc,task     ] GC(52) Using 9 workers of 9 for evacuation
[12.536s][info][gc,phases   ] GC(52)   Pre Evacuate Collection Set: 0.1ms
[12.536s][info][gc,phases   ] GC(52)   Merge Heap Roots: 0.1ms
[12.536s][info][gc,phases   ] GC(52)   Evacuate Collection Set: 91.6ms
[12.536s][info][gc,phases   ] GC(52)   Post Evacuate Collection Set: 0.2ms
[12.536s][info][gc,phases   ] GC(52)   Other: 0.1ms
[12.536s][info][gc,heap     ] GC(52) Eden regions: 53->0(68)
[12.536s][info][gc,heap     ] GC(52) Survivor regions: 17->9(9)
[12.536s][info][gc,heap     ] GC(52) Old regions: 724->787
[12.536s][info][gc,heap     ] GC(52) Archive regions: 2->2
[12.536s][info][gc,heap     ] GC(52) Humongous regions: 35->35
[12.536s][info][gc,metaspace] GC(52) Metaspace: 2248K(2368K)->2248K(2368K) NonClass: 2044K(2112K)->2044K(2112K) Class: 204K(256K)->204K(256K)
[12.536s][info][gc          ] GC(52) Pause Young (Normal) (G1 Evacuation Pause) 6631M->6647M(9352M) 92.162ms
[12.536s][info][gc,cpu      ] GC(52) User=0.81s Sys=0.01s Real=0.09s
[12.569s][info][gc,start    ] GC(53) Pause Young (Normal) (G1 Evacuation Pause)
[12.569s][info][gc,task     ] GC(53) Using 9 workers of 9 for evacuation
[12.634s][info][gc,phases   ] GC(53)   Pre Evacuate Collection Set: 0.1ms
[12.634s][info][gc,phases   ] GC(53)   Merge Heap Roots: 0.1ms
[12.634s][info][gc,phases   ] GC(53)   Evacuate Collection Set: 64.6ms
[12.634s][info][gc,phases   ] GC(53)   Post Evacuate Collection Set: 0.2ms
[12.634s][info][gc,phases   ] GC(53)   Other: 0.1ms
[12.634s][info][gc,heap     ] GC(53) Eden regions: 68->0(48)
[12.634s][info][gc,heap     ] GC(53) Survivor regions: 9->10(10)
[12.634s][info][gc,heap     ] GC(53) Old regions: 787->855
[12.634s][info][gc,heap     ] GC(53) Archive regions: 2->2
[12.634s][info][gc,heap     ] GC(53) Humongous regions: 35->35
[12.634s][info][gc,metaspace] GC(53) Metaspace: 2248K(2368K)->2248K(2368K) NonClass: 2044K(2112K)->2044K(2112K) Class: 204K(256K)->204K(256K)
[12.634s][info][gc          ] GC(53) Pause Young (Normal) (G1 Evacuation Pause) 7191M->7203M(9352M) 65.069ms
[12.634s][info][gc,cpu      ] GC(53) User=0.57s Sys=0.00s Real=0.06s
[12.785s][info][gc,start    ] GC(54) Pause Young (Normal) (G1 Evacuation Pause)
[12.785s][info][gc,task     ] GC(54) Using 9 workers of 9 for evacuation
[12.810s][info][gc,phases   ] GC(54)   Pre Evacuate Collection Set: 0.1ms
[12.810s][info][gc,phases   ] GC(54)   Merge Heap Roots: 0.1ms
[12.810s][info][gc,phases   ] GC(54)   Evacuate Collection Set: 23.7ms
[12.810s][info][gc,phases   ] GC(54)   Post Evacuate Collection Set: 0.5ms
[12.810s][info][gc,phases   ] GC(54)   Other: 0.1ms
[12.810s][info][gc,heap     ] GC(54) Eden regions: 48->0(70)
[12.810s][info][gc,heap     ] GC(54) Survivor regions: 10->8(8)
[12.810s][info][gc,heap     ] GC(54) Old regions: 855->875
[12.810s][info][gc,heap     ] GC(54) Archive regions: 2->2
[12.810s][info][gc,heap     ] GC(54) Humongous regions: 82->82
[12.810s][info][gc,metaspace] GC(54) Metaspace: 2249K(2368K)->2249K(2368K) NonClass: 2045K(2112K)->2045K(2112K) Class: 204K(256K)->204K(256K)
[12.810s][info][gc          ] GC(54) Pause Young (Normal) (G1 Evacuation Pause) 7963M->7719M(10528M) 24.482ms
[12.810s][info][gc,cpu      ] GC(54) User=0.18s Sys=0.02s Real=0.03s
[13.079s][info][gc,marking  ] GC(47) Concurrent Rebuild Remembered Sets 1421.301ms
[13.079s][info][gc,start    ] GC(47) Pause Cleanup
[13.079s][info][gc          ] GC(47) Pause Cleanup 8159M->8159M(10528M) 0.199ms
[13.079s][info][gc,cpu      ] GC(47) User=0.00s Sys=0.00s Real=0.00s
[13.079s][info][gc,marking  ] GC(47) Concurrent Cleanup for Next Mark
[13.084s][info][gc,marking  ] GC(47) Concurrent Cleanup for Next Mark 5.137ms
[13.084s][info][gc          ] GC(47) Concurrent Mark Cycle 1957.817ms
[13.153s][info][gc,start    ] GC(55) Pause Young (Prepare Mixed) (G1 Evacuation Pause)
[13.153s][info][gc,task     ] GC(55) Using 9 workers of 9 for evacuation
[13.162s][info][gc,phases   ] GC(55)   Pre Evacuate Collection Set: 0.1ms
[13.162s][info][gc,phases   ] GC(55)   Merge Heap Roots: 0.1ms
[13.162s][info][gc,phases   ] GC(55)   Evacuate Collection Set: 8.4ms
[13.162s][info][gc,phases   ] GC(55)   Post Evacuate Collection Set: 0.1ms
[13.162s][info][gc,phases   ] GC(55)   Other: 0.1ms
[13.162s][info][gc,heap     ] GC(55) Eden regions: 70->0(65)
[13.162s][info][gc,heap     ] GC(55) Survivor regions: 8->0(10)
[13.162s][info][gc,heap     ] GC(55) Old regions: 875->886
[13.162s][info][gc,heap     ] GC(55) Archive regions: 2->2
[13.162s][info][gc,heap     ] GC(55) Humongous regions: 82->82
[13.162s][info][gc,metaspace] GC(55) Metaspace: 2249K(2368K)->2249K(2368K) NonClass: 2045K(2112K)->2045K(2112K) Class: 204K(256K)->204K(256K)
[13.162s][info][gc          ] GC(55) Pause Young (Prepare Mixed) (G1 Evacuation Pause) 8279M->7743M(10528M) 8.793ms
[13.162s][info][gc,cpu      ] GC(55) User=0.06s Sys=0.01s Real=0.01s
[13.420s][info][gc,start    ] GC(56) Pause Young (Mixed) (G1 Evacuation Pause)
[13.420s][info][gc,task     ] GC(56) Using 9 workers of 9 for evacuation
[13.420s][info][gc,phases   ] GC(56)   Pre Evacuate Collection Set: 0.1ms
[13.420s][info][gc,phases   ] GC(56)   Merge Heap Roots: 0.0ms
[13.420s][info][gc,phases   ] GC(56)   Evacuate Collection Set: 0.1ms
[13.420s][info][gc,phases   ] GC(56)   Post Evacuate Collection Set: 0.2ms
[13.420s][info][gc,phases   ] GC(56)   Other: 0.1ms
[13.420s][info][gc,heap     ] GC(56) Eden regions: 65->0(65)
[13.420s][info][gc,heap     ] GC(56) Survivor regions: 0->0(9)
[13.420s][info][gc,heap     ] GC(56) Old regions: 886->884
[13.420s][info][gc,heap     ] GC(56) Archive regions: 2->2
[13.420s][info][gc,heap     ] GC(56) Humongous regions: 82->82
[13.420s][info][gc,metaspace] GC(56) Metaspace: 2249K(2368K)->2249K(2368K) NonClass: 2045K(2112K)->2045K(2112K) Class: 204K(256K)->204K(256K)
[13.420s][info][gc          ] GC(56) Pause Young (Mixed) (G1 Evacuation Pause) 8263M->7731M(10528M) 0.581ms
[13.420s][info][gc,cpu      ] GC(56) User=0.01s Sys=0.00s Real=0.00s
[13.644s][info][gc,start    ] GC(57) Pause Young (Concurrent Start) (G1 Evacuation Pause)
[13.644s][info][gc,task     ] GC(57) Using 9 workers of 9 for evacuation
[13.644s][info][gc,phases   ] GC(57)   Pre Evacuate Collection Set: 0.1ms
[13.644s][info][gc,phases   ] GC(57)   Merge Heap Roots: 0.0ms
[13.644s][info][gc,phases   ] GC(57)   Evacuate Collection Set: 0.1ms
[13.644s][info][gc,phases   ] GC(57)   Post Evacuate Collection Set: 0.1ms
[13.644s][info][gc,phases   ] GC(57)   Other: 0.1ms
[13.644s][info][gc,heap     ] GC(57) Eden regions: 65->0(99)
[13.644s][info][gc,heap     ] GC(57) Survivor regions: 0->0(9)
[13.644s][info][gc,heap     ] GC(57) Old regions: 884->884
[13.644s][info][gc,heap     ] GC(57) Archive regions: 2->2
[13.644s][info][gc,heap     ] GC(57) Humongous regions: 82->82
[13.644s][info][gc,metaspace] GC(57) Metaspace: 2249K(2368K)->2249K(2368K) NonClass: 2045K(2112K)->2045K(2112K) Class: 204K(256K)->204K(256K)
[13.644s][info][gc          ] GC(57) Pause Young (Concurrent Start) (G1 Evacuation Pause) 8251M->7731M(10528M) 0.488ms
[13.644s][info][gc,cpu      ] GC(57) User=0.00s Sys=0.01s Real=0.00s
[13.644s][info][gc          ] GC(58) Concurrent Mark Cycle
[13.644s][info][gc,marking  ] GC(58) Concurrent Clear Claimed Marks
[13.644s][info][gc,marking  ] GC(58) Concurrent Clear Claimed Marks 0.004ms
[13.644s][info][gc,marking  ] GC(58) Concurrent Scan Root Regions
[13.644s][info][gc,marking  ] GC(58) Concurrent Scan Root Regions 0.003ms
[13.644s][info][gc,marking  ] GC(58) Concurrent Mark
[13.644s][info][gc,marking  ] GC(58) Concurrent Mark From Roots
[13.644s][info][gc,task     ] GC(58) Using 2 workers of 2 for marking
[14.409s][info][gc,start    ] GC(59) Pause Young (Normal) (G1 Evacuation Pause)
[14.409s][info][gc,task     ] GC(59) Using 9 workers of 9 for evacuation
[14.409s][info][gc,phases   ] GC(59)   Pre Evacuate Collection Set: 0.1ms
[14.409s][info][gc,phases   ] GC(59)   Merge Heap Roots: 0.0ms
[14.409s][info][gc,phases   ] GC(59)   Evacuate Collection Set: 0.2ms
[14.409s][info][gc,phases   ] GC(59)   Post Evacuate Collection Set: 0.2ms
[14.409s][info][gc,phases   ] GC(59)   Other: 0.4ms
[14.409s][info][gc,heap     ] GC(59) Eden regions: 99->0(110)
[14.409s][info][gc,heap     ] GC(59) Survivor regions: 0->1(13)
[14.409s][info][gc,heap     ] GC(59) Old regions: 884->884
[14.409s][info][gc,heap     ] GC(59) Archive regions: 2->2
[14.409s][info][gc,heap     ] GC(59) Humongous regions: 82->82
[14.409s][info][gc,metaspace] GC(59) Metaspace: 2249K(2368K)->2249K(2368K) NonClass: 2045K(2112K)->2045K(2112K) Class: 204K(256K)->204K(256K)
[14.409s][info][gc          ] GC(59) Pause Young (Normal) (G1 Evacuation Pause) 8522M->7731M(10528M) 0.905ms
[14.409s][info][gc,cpu      ] GC(59) User=0.00s Sys=0.01s Real=0.00s
[14.956s][info][gc,marking  ] GC(58) Concurrent Mark From Roots 1311.921ms
[14.956s][info][gc,marking  ] GC(58) Concurrent Preclean
[14.956s][info][gc,marking  ] GC(58) Concurrent Preclean 0.024ms
[14.956s][info][gc,start    ] GC(58) Pause Remark
[14.957s][info][gc          ] GC(58) Pause Remark 8123M->7843M(12288M) 0.981ms
[14.957s][info][gc,cpu      ] GC(58) User=0.01s Sys=0.00s Real=0.00s
[14.957s][info][gc,marking  ] GC(58) Concurrent Mark 1313.066ms
[14.957s][info][gc,marking  ] GC(58) Concurrent Rebuild Remembered Sets
[16.096s][info][gc,start    ] GC(60) Pause Young (Normal) (G1 Evacuation Pause)
[16.096s][info][gc,task     ] GC(60) Using 9 workers of 9 for evacuation
[16.096s][info][gc,phases   ] GC(60)   Pre Evacuate Collection Set: 0.1ms
[16.096s][info][gc,phases   ] GC(60)   Merge Heap Roots: 0.0ms
[16.096s][info][gc,phases   ] GC(60)   Evacuate Collection Set: 0.1ms
[16.096s][info][gc,phases   ] GC(60)   Post Evacuate Collection Set: 0.2ms
[16.096s][info][gc,phases   ] GC(60)   Other: 0.1ms
[16.096s][info][gc,heap     ] GC(60) Eden regions: 110->0(233)
[16.096s][info][gc,heap     ] GC(60) Survivor regions: 1->1(14)
[16.096s][info][gc,heap     ] GC(60) Old regions: 884->884
[16.096s][info][gc,heap     ] GC(60) Archive regions: 2->2
[16.096s][info][gc,heap     ] GC(60) Humongous regions: 82->82
[16.096s][info][gc,metaspace] GC(60) Metaspace: 2249K(2368K)->2249K(2368K) NonClass: 2045K(2112K)->2045K(2112K) Class: 204K(256K)->204K(256K)
[16.096s][info][gc          ] GC(60) Pause Young (Normal) (G1 Evacuation Pause) 8611M->7731M(12288M) 0.657ms
[16.096s][info][gc,cpu      ] GC(60) User=0.00s Sys=0.00s Real=0.00s
[16.356s][info][gc,marking  ] GC(58) Concurrent Rebuild Remembered Sets 1398.287ms
[16.356s][info][gc,start    ] GC(58) Pause Cleanup
[16.356s][info][gc          ] GC(58) Pause Cleanup 7839M->7839M(12288M) 0.253ms
[16.356s][info][gc,cpu      ] GC(58) User=0.00s Sys=0.00s Real=0.00s
[16.356s][info][gc,marking  ] GC(58) Concurrent Cleanup for Next Mark
[16.401s][info][gc,marking  ] GC(58) Concurrent Cleanup for Next Mark 45.271ms
[16.401s][info][gc          ] GC(58) Concurrent Mark Cycle 2757.039ms
[17.056s][info][gc,start    ] GC(61) Pause Young (Prepare Mixed) (G1 Evacuation Pause)
[17.056s][info][gc,task     ] GC(61) Using 9 workers of 9 for evacuation
[17.251s][info][gc,phases   ] GC(61)   Pre Evacuate Collection Set: 0.1ms
[17.251s][info][gc,phases   ] GC(61)   Merge Heap Roots: 0.0ms
[17.251s][info][gc,phases   ] GC(61)   Evacuate Collection Set: 193.9ms
[17.251s][info][gc,phases   ] GC(61)   Post Evacuate Collection Set: 0.4ms
[17.251s][info][gc,phases   ] GC(61)   Other: 0.1ms
[17.251s][info][gc,heap     ] GC(61) Eden regions: 233->0(46)
[17.251s][info][gc,heap     ] GC(61) Survivor regions: 1->30(30)
[17.251s][info][gc,heap     ] GC(61) Old regions: 884->1000
[17.251s][info][gc,heap     ] GC(61) Archive regions: 2->2
[17.251s][info][gc,heap     ] GC(61) Humongous regions: 82->82
[17.251s][info][gc,metaspace] GC(61) Metaspace: 2249K(2368K)->2249K(2368K) NonClass: 2045K(2112K)->2045K(2112K) Class: 204K(256K)->204K(256K)
[17.251s][info][gc          ] GC(61) Pause Young (Prepare Mixed) (G1 Evacuation Pause) 9595M->8893M(12288M) 194.575ms
[17.251s][info][gc,cpu      ] GC(61) User=1.16s Sys=0.36s Real=0.20s
[17.376s][info][gc,start    ] GC(62) Pause Young (Mixed) (G1 Evacuation Pause)
[17.376s][info][gc,task     ] GC(62) Using 9 workers of 9 for evacuation
[17.443s][info][gc,phases   ] GC(62)   Pre Evacuate Collection Set: 0.1ms
[17.443s][info][gc,phases   ] GC(62)   Merge Heap Roots: 0.1ms
[17.443s][info][gc,phases   ] GC(62)   Evacuate Collection Set: 66.8ms
[17.443s][info][gc,phases   ] GC(62)   Post Evacuate Collection Set: 0.3ms
[17.443s][info][gc,phases   ] GC(62)   Other: 0.1ms
[17.443s][info][gc,heap     ] GC(62) Eden regions: 46->0(66)
[17.443s][info][gc,heap     ] GC(62) Survivor regions: 30->10(10)
[17.443s][info][gc,heap     ] GC(62) Old regions: 1000->1046
[17.443s][info][gc,heap     ] GC(62) Archive regions: 2->2
[17.443s][info][gc,heap     ] GC(62) Humongous regions: 82->82
[17.443s][info][gc,metaspace] GC(62) Metaspace: 2249K(2368K)->2249K(2368K) NonClass: 2045K(2112K)->2045K(2112K) Class: 204K(256K)->204K(256K)
[17.443s][info][gc          ] GC(62) Pause Young (Mixed) (G1 Evacuation Pause) 9261M->9103M(12288M) 67.337ms
[17.443s][info][gc,cpu      ] GC(62) User=0.40s Sys=0.07s Real=0.07s
[17.611s][info][gc,start    ] GC(63) Pause Young (Mixed) (G1 Evacuation Pause)
[17.611s][info][gc,task     ] GC(63) Using 9 workers of 9 for evacuation
[17.681s][info][gc,phases   ] GC(63)   Pre Evacuate Collection Set: 0.1ms
[17.681s][info][gc,phases   ] GC(63)   Merge Heap Roots: 0.1ms
[17.681s][info][gc,phases   ] GC(63)   Evacuate Collection Set: 67.8ms
[17.681s][info][gc,phases   ] GC(63)   Post Evacuate Collection Set: 2.5ms
[17.681s][info][gc,phases   ] GC(63)   Other: 0.1ms
[17.681s][info][gc,heap     ] GC(63) Eden regions: 66->0(66)
[17.681s][info][gc,heap     ] GC(63) Survivor regions: 10->10(10)
[17.681s][info][gc,heap     ] GC(63) Old regions: 1046->1083
[17.681s][info][gc,heap     ] GC(63) Archive regions: 2->2
[17.681s][info][gc,heap     ] GC(63) Humongous regions: 82->82
[17.681s][info][gc,metaspace] GC(63) Metaspace: 2249K(2368K)->2249K(2368K) NonClass: 2045K(2112K)->2045K(2112K) Class: 204K(256K)->204K(256K)
[17.681s][info][gc          ] GC(63) Pause Young (Mixed) (G1 Evacuation Pause) 9631M->9399M(12288M) 70.654ms
[17.681s][info][gc,cpu      ] GC(63) User=0.39s Sys=0.07s Real=0.07s
[17.851s][info][gc,start    ] GC(64) Pause Young (Mixed) (G1 Evacuation Pause)
[17.851s][info][gc,task     ] GC(64) Using 9 workers of 9 for evacuation
[17.908s][info][gc,phases   ] GC(64)   Pre Evacuate Collection Set: 0.1ms
[17.908s][info][gc,phases   ] GC(64)   Merge Heap Roots: 0.1ms
[17.908s][info][gc,phases   ] GC(64)   Evacuate Collection Set: 57.0ms
[17.908s][info][gc,phases   ] GC(64)   Post Evacuate Collection Set: 0.2ms
[17.908s][info][gc,phases   ] GC(64)   Other: 0.1ms
[17.908s][info][gc,heap     ] GC(64) Eden regions: 66->0(66)
[17.908s][info][gc,heap     ] GC(64) Survivor regions: 10->10(10)
[17.908s][info][gc,heap     ] GC(64) Old regions: 1083->1121
[17.908s][info][gc,heap     ] GC(64) Archive regions: 2->2
[17.908s][info][gc,heap     ] GC(64) Humongous regions: 82->82
[17.908s][info][gc,metaspace] GC(64) Metaspace: 2249K(2368K)->2249K(2368K) NonClass: 2045K(2112K)->2045K(2112K) Class: 204K(256K)->204K(256K)
[17.908s][info][gc          ] GC(64) Pause Young (Mixed) (G1 Evacuation Pause) 9927M->9703M(12288M) 57.515ms
[17.908s][info][gc,cpu      ] GC(64) User=0.39s Sys=0.04s Real=0.05s
[18.072s][info][gc,start    ] GC(65) Pause Young (Mixed) (G1 Evacuation Pause)
[18.073s][info][gc,task     ] GC(65) Using 9 workers of 9 for evacuation
[18.167s][info][gc,phases   ] GC(65)   Pre Evacuate Collection Set: 0.1ms
[18.167s][info][gc,phases   ] GC(65)   Merge Heap Roots: 0.1ms
[18.167s][info][gc,phases   ] GC(65)   Evacuate Collection Set: 93.8ms
[18.167s][info][gc,phases   ] GC(65)   Post Evacuate Collection Set: 0.2ms
[18.167s][info][gc,phases   ] GC(65)   Other: 0.1ms
[18.167s][info][gc,heap     ] GC(65) Eden regions: 66->0(66)
[18.167s][info][gc,heap     ] GC(65) Survivor regions: 10->10(10)
[18.167s][info][gc,heap     ] GC(65) Old regions: 1121->1159
[18.167s][info][gc,heap     ] GC(65) Archive regions: 2->2
[18.167s][info][gc,heap     ] GC(65) Humongous regions: 82->82
[18.167s][info][gc,metaspace] GC(65) Metaspace: 2249K(2368K)->2249K(2368K) NonClass: 2045K(2112K)->2045K(2112K) Class: 204K(256K)->204K(256K)
[18.167s][info][gc          ] GC(65) Pause Young (Mixed) (G1 Evacuation Pause) 10231M->10007M(12288M) 94.296ms
[18.167s][info][gc,cpu      ] GC(65) User=0.39s Sys=0.17s Real=0.09s
[18.337s][info][gc,start    ] GC(66) Pause Young (Mixed) (G1 Evacuation Pause)
[18.337s][info][gc,task     ] GC(66) Using 9 workers of 9 for evacuation
[18.384s][info][gc,phases   ] GC(66)   Pre Evacuate Collection Set: 0.2ms
[18.384s][info][gc,phases   ] GC(66)   Merge Heap Roots: 0.1ms
[18.384s][info][gc,phases   ] GC(66)   Evacuate Collection Set: 46.0ms
[18.384s][info][gc,phases   ] GC(66)   Post Evacuate Collection Set: 0.2ms
[18.384s][info][gc,phases   ] GC(66)   Other: 0.1ms
[18.384s][info][gc,heap     ] GC(66) Eden regions: 66->0(66)
[18.384s][info][gc,heap     ] GC(66) Survivor regions: 10->10(10)
[18.384s][info][gc,heap     ] GC(66) Old regions: 1159->1198
[18.384s][info][gc,heap     ] GC(66) Archive regions: 2->2
[18.384s][info][gc,heap     ] GC(66) Humongous regions: 82->82
[18.384s][info][gc,metaspace] GC(66) Metaspace: 2249K(2368K)->2249K(2368K) NonClass: 2045K(2112K)->2045K(2112K) Class: 204K(256K)->204K(256K)
[18.384s][info][gc          ] GC(66) Pause Young (Mixed) (G1 Evacuation Pause) 10535M->10319M(12288M) 46.586ms
[18.384s][info][gc,cpu      ] GC(66) User=0.39s Sys=0.01s Real=0.05s
[18.553s][info][gc,start    ] GC(67) Pause Young (Concurrent Start) (G1 Evacuation Pause)
[18.553s][info][gc,task     ] GC(67) Using 9 workers of 9 for evacuation
[18.598s][info][gc,phases   ] GC(67)   Pre Evacuate Collection Set: 0.1ms
[18.598s][info][gc,phases   ] GC(67)   Merge Heap Roots: 0.1ms
[18.598s][info][gc,phases   ] GC(67)   Evacuate Collection Set: 44.5ms
[18.598s][info][gc,phases   ] GC(67)   Post Evacuate Collection Set: 0.2ms
[18.598s][info][gc,phases   ] GC(67)   Other: 0.1ms
[18.598s][info][gc,heap     ] GC(67) Eden regions: 66->0(66)
[18.598s][info][gc,heap     ] GC(67) Survivor regions: 10->10(10)
[18.598s][info][gc,heap     ] GC(67) Old regions: 1198->1237
[18.598s][info][gc,heap     ] GC(67) Archive regions: 2->2
[18.598s][info][gc,heap     ] GC(67) Humongous regions: 82->82
[18.598s][info][gc,metaspace] GC(67) Metaspace: 2249K(2368K)->2249K(2368K) NonClass: 2045K(2112K)->2045K(2112K) Class: 204K(256K)->204K(256K)
[18.598s][info][gc          ] GC(67) Pause Young (Concurrent Start) (G1 Evacuation Pause) 10847M->10635M(12288M) 45.006ms
[18.598s][info][gc,cpu      ] GC(67) User=0.39s Sys=0.01s Real=0.05s
[18.598s][info][gc          ] GC(68) Concurrent Mark Cycle
[18.598s][info][gc,marking  ] GC(68) Concurrent Clear Claimed Marks
[18.598s][info][gc,marking  ] GC(68) Concurrent Clear Claimed Marks 0.006ms
[18.598s][info][gc,marking  ] GC(68) Concurrent Scan Root Regions
[18.626s][info][gc,marking  ] GC(68) Concurrent Scan Root Regions 27.933ms
[18.626s][info][gc,marking  ] GC(68) Concurrent Mark
[18.626s][info][gc,marking  ] GC(68) Concurrent Mark From Roots
[18.626s][info][gc,task     ] GC(68) Using 2 workers of 2 for marking
[18.788s][info][gc,start    ] GC(69) Pause Young (Normal) (G1 Evacuation Pause)
[18.788s][info][gc,task     ] GC(69) Using 9 workers of 9 for evacuation
[18.832s][info][gc,phases   ] GC(69)   Pre Evacuate Collection Set: 0.1ms
[18.832s][info][gc,phases   ] GC(69)   Merge Heap Roots: 0.1ms
[18.832s][info][gc,phases   ] GC(69)   Evacuate Collection Set: 43.0ms
[18.832s][info][gc,phases   ] GC(69)   Post Evacuate Collection Set: 0.2ms
[18.832s][info][gc,phases   ] GC(69)   Other: 0.1ms
[18.832s][info][gc,heap     ] GC(69) Eden regions: 66->0(66)
[18.832s][info][gc,heap     ] GC(69) Survivor regions: 10->10(10)
[18.832s][info][gc,heap     ] GC(69) Old regions: 1237->1277
[18.832s][info][gc,heap     ] GC(69) Archive regions: 2->2
[18.832s][info][gc,heap     ] GC(69) Humongous regions: 82->82
[18.832s][info][gc,metaspace] GC(69) Metaspace: 2249K(2368K)->2249K(2368K) NonClass: 2045K(2112K)->2045K(2112K) Class: 204K(256K)->204K(256K)
[18.832s][info][gc          ] GC(69) Pause Young (Normal) (G1 Evacuation Pause) 11163M->10951M(12288M) 43.541ms
[18.832s][info][gc,cpu      ] GC(69) User=0.39s Sys=0.00s Real=0.05s
[18.940s][info][gc,start    ] GC(70) Pause Young (Normal) (G1 Evacuation Pause)
[18.940s][info][gc,task     ] GC(70) Using 9 workers of 9 for evacuation
[18.981s][info][gc,phases   ] GC(70)   Pre Evacuate Collection Set: 0.1ms
[18.981s][info][gc,phases   ] GC(70)   Merge Heap Roots: 0.1ms
[18.981s][info][gc,phases   ] GC(70)   Evacuate Collection Set: 40.3ms
[18.981s][info][gc,phases   ] GC(70)   Post Evacuate Collection Set: 0.2ms
[18.981s][info][gc,phases   ] GC(70)   Other: 0.1ms
[18.981s][info][gc,heap     ] GC(70) Eden regions: 66->0(66)
[18.981s][info][gc,heap     ] GC(70) Survivor regions: 10->10(10)
[18.981s][info][gc,heap     ] GC(70) Old regions: 1277->1328
[18.981s][info][gc,heap     ] GC(70) Archive regions: 2->2
[18.981s][info][gc,heap     ] GC(70) Humongous regions: 82->82
[18.981s][info][gc,metaspace] GC(70) Metaspace: 2249K(2368K)->2249K(2368K) NonClass: 2045K(2112K)->2045K(2112K) Class: 204K(256K)->204K(256K)
[18.981s][info][gc          ] GC(70) Pause Young (Normal) (G1 Evacuation Pause) 11479M->11363M(12288M) 40.828ms
[18.981s][info][gc,cpu      ] GC(70) User=0.36s Sys=0.00s Real=0.04s
[19.204s][info][gc,start    ] GC(71) Pause Young (Normal) (G1 Preventive Collection)
[19.204s][info][gc,task     ] GC(71) Using 9 workers of 9 for evacuation
[19.264s][info][gc          ] GC(71) To-space exhausted
[19.264s][info][gc,phases   ] GC(71)   Pre Evacuate Collection Set: 0.1ms
[19.264s][info][gc,phases   ] GC(71)   Merge Heap Roots: 0.1ms
[19.264s][info][gc,phases   ] GC(71)   Evacuate Collection Set: 54.3ms
[19.264s][info][gc,phases   ] GC(71)   Post Evacuate Collection Set: 5.5ms
[19.264s][info][gc,phases   ] GC(71)   Other: 0.1ms
[19.264s][info][gc,heap     ] GC(71) Eden regions: 58->0(66)
[19.264s][info][gc,heap     ] GC(71) Survivor regions: 10->10(10)
[19.264s][info][gc,heap     ] GC(71) Old regions: 1328->1393
[19.264s][info][gc,heap     ] GC(71) Archive regions: 2->2
[19.264s][info][gc,heap     ] GC(71) Humongous regions: 82->82
[19.264s][info][gc,metaspace] GC(71) Metaspace: 2253K(2368K)->2253K(2368K) NonClass: 2049K(2112K)->2049K(2112K) Class: 204K(256K)->204K(256K)
[19.264s][info][gc          ] GC(71) Pause Young (Normal) (G1 Preventive Collection) 11827M->11883M(12288M) 60.145ms
[19.264s][info][gc,cpu      ] GC(71) User=0.53s Sys=0.01s Real=0.06s
[19.273s][info][gc,start    ] GC(72) Pause Young (Normal) (G1 Preventive Collection)
[19.273s][info][gc,task     ] GC(72) Using 9 workers of 9 for evacuation
[19.297s][info][gc          ] GC(72) To-space exhausted
[19.297s][info][gc,phases   ] GC(72)   Pre Evacuate Collection Set: 0.1ms
[19.297s][info][gc,phases   ] GC(72)   Merge Heap Roots: 0.1ms
[19.297s][info][gc,phases   ] GC(72)   Evacuate Collection Set: 22.6ms
[19.297s][info][gc,phases   ] GC(72)   Post Evacuate Collection Set: 0.9ms
[19.297s][info][gc,phases   ] GC(72)   Other: 0.1ms
[19.297s][info][gc,heap     ] GC(72) Eden regions: 19->0(66)
[19.297s][info][gc,heap     ] GC(72) Survivor regions: 10->10(10)
[19.297s][info][gc,heap     ] GC(72) Old regions: 1393->1415
[19.297s][info][gc,heap     ] GC(72) Archive regions: 2->2
[19.297s][info][gc,heap     ] GC(72) Humongous regions: 82->82
[19.297s][info][gc,metaspace] GC(72) Metaspace: 2253K(2368K)->2253K(2368K) NonClass: 2049K(2112K)->2049K(2112K) Class: 204K(256K)->204K(256K)
[19.297s][info][gc          ] GC(72) Pause Young (Normal) (G1 Preventive Collection) 12035M->12059M(12288M) 23.764ms
[19.297s][info][gc,cpu      ] GC(72) User=0.21s Sys=0.00s Real=0.02s
[19.300s][info][gc,start    ] GC(73) Pause Young (Normal) (G1 Preventive Collection)
[19.300s][info][gc,task     ] GC(73) Using 9 workers of 9 for evacuation
[19.316s][info][gc          ] GC(73) To-space exhausted
[19.316s][info][gc,phases   ] GC(73)   Pre Evacuate Collection Set: 0.1ms
[19.316s][info][gc,phases   ] GC(73)   Merge Heap Roots: 0.1ms
[19.316s][info][gc,phases   ] GC(73)   Evacuate Collection Set: 14.2ms
[19.316s][info][gc,phases   ] GC(73)   Post Evacuate Collection Set: 0.9ms
[19.316s][info][gc,phases   ] GC(73)   Other: 0.1ms
[19.316s][info][gc,heap     ] GC(73) Eden regions: 8->0(69)
[19.316s][info][gc,heap     ] GC(73) Survivor regions: 10->7(10)
[19.316s][info][gc,heap     ] GC(73) Old regions: 1415->1431
[19.316s][info][gc,heap     ] GC(73) Archive regions: 2->2
[19.316s][info][gc,heap     ] GC(73) Humongous regions: 82->82
[19.316s][info][gc,metaspace] GC(73) Metaspace: 2253K(2368K)->2253K(2368K) NonClass: 2049K(2112K)->2049K(2112K) Class: 204K(256K)->204K(256K)
[19.316s][info][gc          ] GC(73) Pause Young (Normal) (G1 Preventive Collection) 12123M->12163M(12288M) 15.421ms
[19.316s][info][gc,cpu      ] GC(73) User=0.13s Sys=0.00s Real=0.01s
[19.317s][info][gc,start    ] GC(74) Pause Young (Normal) (G1 Preventive Collection)
[19.317s][info][gc,task     ] GC(74) Using 9 workers of 9 for evacuation
[19.325s][info][gc          ] GC(74) To-space exhausted
[19.325s][info][gc,phases   ] GC(74)   Pre Evacuate Collection Set: 0.1ms
[19.325s][info][gc,phases   ] GC(74)   Merge Heap Roots: 0.1ms
[19.325s][info][gc,phases   ] GC(74)   Evacuate Collection Set: 6.8ms
[19.325s][info][gc,phases   ] GC(74)   Post Evacuate Collection Set: 0.9ms
[19.325s][info][gc,phases   ] GC(74)   Other: 0.1ms
[19.325s][info][gc,heap     ] GC(74) Eden regions: 3->0(73)
[19.325s][info][gc,heap     ] GC(74) Survivor regions: 7->3(10)
[19.325s][info][gc,heap     ] GC(74) Old regions: 1431->1440
[19.325s][info][gc,heap     ] GC(74) Archive regions: 2->2
[19.325s][info][gc,heap     ] GC(74) Humongous regions: 82->82
[19.325s][info][gc,metaspace] GC(74) Metaspace: 2253K(2368K)->2253K(2368K) NonClass: 2049K(2112K)->2049K(2112K) Class: 204K(256K)->204K(256K)
[19.325s][info][gc          ] GC(74) Pause Young (Normal) (G1 Preventive Collection) 12187M->12198M(12288M) 8.041ms
[19.325s][info][gc,cpu      ] GC(74) User=0.07s Sys=0.01s Real=0.01s
[19.326s][info][gc,start    ] GC(75) Pause Young (Normal) (G1 Preventive Collection)
[19.326s][info][gc,task     ] GC(75) Using 9 workers of 9 for evacuation
[19.329s][info][gc,phases   ] GC(75)   Pre Evacuate Collection Set: 0.1ms
[19.329s][info][gc,phases   ] GC(75)   Merge Heap Roots: 0.0ms
[19.329s][info][gc,phases   ] GC(75)   Evacuate Collection Set: 3.1ms
[19.329s][info][gc,phases   ] GC(75)   Post Evacuate Collection Set: 0.1ms
[19.329s][info][gc,phases   ] GC(75)   Other: 0.0ms
[19.329s][info][gc,heap     ] GC(75) Eden regions: 3->0(72)
[19.329s][info][gc,heap     ] GC(75) Survivor regions: 3->4(6)
[19.329s][info][gc,heap     ] GC(75) Old regions: 1440->1440
[19.329s][info][gc,heap     ] GC(75) Archive regions: 2->2
[19.329s][info][gc,heap     ] GC(75) Humongous regions: 82->82
[19.329s][info][gc,metaspace] GC(75) Metaspace: 2253K(2368K)->2253K(2368K) NonClass: 2049K(2112K)->2049K(2112K) Class: 204K(256K)->204K(256K)
[19.329s][info][gc          ] GC(75) Pause Young (Normal) (G1 Preventive Collection) 12222M->12206M(12288M) 3.422ms
[19.329s][info][gc,cpu      ] GC(75) User=0.03s Sys=0.00s Real=0.01s
[19.329s][info][gc,start    ] GC(76) Pause Young (Normal) (G1 Preventive Collection)
[19.329s][info][gc,task     ] GC(76) Using 9 workers of 9 for evacuation
[19.332s][info][gc,phases   ] GC(76)   Pre Evacuate Collection Set: 0.1ms
[19.332s][info][gc,phases   ] GC(76)   Merge Heap Roots: 0.0ms
[19.332s][info][gc,phases   ] GC(76)   Evacuate Collection Set: 2.7ms
[19.332s][info][gc,phases   ] GC(76)   Post Evacuate Collection Set: 0.1ms
[19.332s][info][gc,phases   ] GC(76)   Other: 0.0ms
[19.332s][info][gc,heap     ] GC(76) Eden regions: 2->0(72)
[19.332s][info][gc,heap     ] GC(76) Survivor regions: 4->4(6)
[19.332s][info][gc,heap     ] GC(76) Old regions: 1440->1440
[19.332s][info][gc,heap     ] GC(76) Archive regions: 2->2
[19.332s][info][gc,heap     ] GC(76) Humongous regions: 82->82
[19.332s][info][gc,metaspace] GC(76) Metaspace: 2253K(2368K)->2253K(2368K) NonClass: 2049K(2112K)->2049K(2112K) Class: 204K(256K)->204K(256K)
[19.332s][info][gc          ] GC(76) Pause Young (Normal) (G1 Preventive Collection) 12222M->12207M(12288M) 3.036ms
[19.332s][info][gc,cpu      ] GC(76) User=0.03s Sys=0.00s Real=0.00s
[19.332s][info][gc,start    ] GC(77) Pause Young (Normal) (G1 Preventive Collection)
[19.332s][info][gc,task     ] GC(77) Using 9 workers of 9 for evacuation
[19.336s][info][gc,phases   ] GC(77)   Pre Evacuate Collection Set: 0.1ms
[19.336s][info][gc,phases   ] GC(77)   Merge Heap Roots: 0.0ms
[19.336s][info][gc,phases   ] GC(77)   Evacuate Collection Set: 3.4ms
[19.336s][info][gc,phases   ] GC(77)   Post Evacuate Collection Set: 0.1ms
[19.336s][info][gc,phases   ] GC(77)   Other: 0.0ms
[19.336s][info][gc,heap     ] GC(77) Eden regions: 2->0(72)
[19.336s][info][gc,heap     ] GC(77) Survivor regions: 4->4(6)
[19.336s][info][gc,heap     ] GC(77) Old regions: 1440->1440
[19.336s][info][gc,heap     ] GC(77) Archive regions: 2->2
[19.336s][info][gc,heap     ] GC(77) Humongous regions: 82->82
[19.336s][info][gc,metaspace] GC(77) Metaspace: 2253K(2368K)->2253K(2368K) NonClass: 2049K(2112K)->2049K(2112K) Class: 204K(256K)->204K(256K)
[19.336s][info][gc          ] GC(77) Pause Young (Normal) (G1 Preventive Collection) 12220M->12209M(12288M) 3.756ms
[19.336s][info][gc,cpu      ] GC(77) User=0.03s Sys=0.00s Real=0.00s
[19.336s][info][gc,start    ] GC(78) Pause Young (Normal) (G1 Preventive Collection)
[19.336s][info][gc,task     ] GC(78) Using 9 workers of 9 for evacuation
[19.340s][info][gc,phases   ] GC(78)   Pre Evacuate Collection Set: 0.1ms
[19.340s][info][gc,phases   ] GC(78)   Merge Heap Roots: 0.0ms
[19.340s][info][gc,phases   ] GC(78)   Evacuate Collection Set: 3.8ms
[19.340s][info][gc,phases   ] GC(78)   Post Evacuate Collection Set: 0.1ms
[19.340s][info][gc,phases   ] GC(78)   Other: 0.0ms
[19.340s][info][gc,heap     ] GC(78) Eden regions: 2->0(72)
[19.340s][info][gc,heap     ] GC(78) Survivor regions: 4->4(6)
[19.340s][info][gc,heap     ] GC(78) Old regions: 1440->1440
[19.340s][info][gc,heap     ] GC(78) Archive regions: 2->2
[19.340s][info][gc,heap     ] GC(78) Humongous regions: 82->82
[19.340s][info][gc,metaspace] GC(78) Metaspace: 2253K(2368K)->2253K(2368K) NonClass: 2049K(2112K)->2049K(2112K) Class: 204K(256K)->204K(256K)
[19.340s][info][gc          ] GC(78) Pause Young (Normal) (G1 Preventive Collection) 12224M->12210M(12288M) 4.071ms
[19.340s][info][gc,cpu      ] GC(78) User=0.03s Sys=0.00s Real=0.01s
[19.341s][info][gc,start    ] GC(79) Pause Young (Normal) (G1 Preventive Collection)
[19.341s][info][gc,task     ] GC(79) Using 9 workers of 9 for evacuation
[19.344s][info][gc,phases   ] GC(79)   Pre Evacuate Collection Set: 0.1ms
[19.344s][info][gc,phases   ] GC(79)   Merge Heap Roots: 0.0ms
[19.344s][info][gc,phases   ] GC(79)   Evacuate Collection Set: 3.2ms
[19.344s][info][gc,phases   ] GC(79)   Post Evacuate Collection Set: 0.1ms
[19.344s][info][gc,phases   ] GC(79)   Other: 0.0ms
[19.344s][info][gc,heap     ] GC(79) Eden regions: 2->0(72)
[19.344s][info][gc,heap     ] GC(79) Survivor regions: 4->4(6)
[19.344s][info][gc,heap     ] GC(79) Old regions: 1440->1440
[19.344s][info][gc,heap     ] GC(79) Archive regions: 2->2
[19.344s][info][gc,heap     ] GC(79) Humongous regions: 82->82
[19.344s][info][gc,metaspace] GC(79) Metaspace: 2253K(2368K)->2253K(2368K) NonClass: 2049K(2112K)->2049K(2112K) Class: 204K(256K)->204K(256K)
[19.344s][info][gc          ] GC(79) Pause Young (Normal) (G1 Preventive Collection) 12226M->12211M(12288M) 3.467ms
[19.344s][info][gc,cpu      ] GC(79) User=0.03s Sys=0.00s Real=0.00s
[19.344s][info][gc,start    ] GC(80) Pause Young (Normal) (G1 Preventive Collection)
[19.344s][info][gc,task     ] GC(80) Using 9 workers of 9 for evacuation
[19.348s][info][gc,phases   ] GC(80)   Pre Evacuate Collection Set: 0.1ms
[19.348s][info][gc,phases   ] GC(80)   Merge Heap Roots: 0.0ms
[19.348s][info][gc,phases   ] GC(80)   Evacuate Collection Set: 3.5ms
[19.348s][info][gc,phases   ] GC(80)   Post Evacuate Collection Set: 0.1ms
[19.348s][info][gc,phases   ] GC(80)   Other: 0.0ms
[19.348s][info][gc,heap     ] GC(80) Eden regions: 2->0(71)
[19.348s][info][gc,heap     ] GC(80) Survivor regions: 4->5(6)
[19.348s][info][gc,heap     ] GC(80) Old regions: 1440->1440
[19.348s][info][gc,heap     ] GC(80) Archive regions: 2->2
[19.348s][info][gc,heap     ] GC(80) Humongous regions: 82->82
[19.348s][info][gc,metaspace] GC(80) Metaspace: 2253K(2368K)->2253K(2368K) NonClass: 2049K(2112K)->2049K(2112K) Class: 204K(256K)->204K(256K)
[19.348s][info][gc          ] GC(80) Pause Young (Normal) (G1 Preventive Collection) 12227M->12212M(12288M) 3.801ms
[19.348s][info][gc,cpu      ] GC(80) User=0.03s Sys=0.00s Real=0.01s
[19.348s][info][gc,start    ] GC(81) Pause Young (Normal) (G1 Preventive Collection)
[19.348s][info][gc,task     ] GC(81) Using 9 workers of 9 for evacuation
[19.352s][info][gc,phases   ] GC(81)   Pre Evacuate Collection Set: 0.1ms
[19.352s][info][gc,phases   ] GC(81)   Merge Heap Roots: 0.0ms
[19.352s][info][gc,phases   ] GC(81)   Evacuate Collection Set: 3.4ms
[19.352s][info][gc,phases   ] GC(81)   Post Evacuate Collection Set: 0.1ms
[19.352s][info][gc,phases   ] GC(81)   Other: 0.0ms
[19.352s][info][gc,heap     ] GC(81) Eden regions: 2->0(71)
[19.352s][info][gc,heap     ] GC(81) Survivor regions: 5->5(5)
[19.352s][info][gc,heap     ] GC(81) Old regions: 1440->1440
[19.352s][info][gc,heap     ] GC(81) Archive regions: 2->2
[19.352s][info][gc,heap     ] GC(81) Humongous regions: 82->82
[19.352s][info][gc,metaspace] GC(81) Metaspace: 2253K(2368K)->2253K(2368K) NonClass: 2049K(2112K)->2049K(2112K) Class: 204K(256K)->204K(256K)
[19.352s][info][gc          ] GC(81) Pause Young (Normal) (G1 Preventive Collection) 12228M->12213M(12288M) 3.674ms
[19.352s][info][gc,cpu      ] GC(81) User=0.03s Sys=0.00s Real=0.00s
[19.352s][info][gc,start    ] GC(82) Pause Young (Normal) (G1 Preventive Collection)
[19.352s][info][gc,task     ] GC(82) Using 9 workers of 9 for evacuation
[19.356s][info][gc,phases   ] GC(82)   Pre Evacuate Collection Set: 0.1ms
[19.356s][info][gc,phases   ] GC(82)   Merge Heap Roots: 0.0ms
[19.356s][info][gc,phases   ] GC(82)   Evacuate Collection Set: 3.9ms
[19.356s][info][gc,phases   ] GC(82)   Post Evacuate Collection Set: 0.1ms
[19.356s][info][gc,phases   ] GC(82)   Other: 0.0ms
[19.356s][info][gc,heap     ] GC(82) Eden regions: 2->0(71)
[19.356s][info][gc,heap     ] GC(82) Survivor regions: 5->5(5)
[19.356s][info][gc,heap     ] GC(82) Old regions: 1440->1440
[19.356s][info][gc,heap     ] GC(82) Archive regions: 2->2
[19.356s][info][gc,heap     ] GC(82) Humongous regions: 82->82
[19.356s][info][gc,metaspace] GC(82) Metaspace: 2253K(2368K)->2253K(2368K) NonClass: 2049K(2112K)->2049K(2112K) Class: 204K(256K)->204K(256K)
[19.356s][info][gc          ] GC(82) Pause Young (Normal) (G1 Preventive Collection) 12228M->12214M(12288M) 4.142ms
[19.356s][info][gc,cpu      ] GC(82) User=0.04s Sys=0.01s Real=0.00s
[19.357s][info][gc,start    ] GC(83) Pause Young (Normal) (G1 Preventive Collection)
[19.357s][info][gc,task     ] GC(83) Using 9 workers of 9 for evacuation
[19.360s][info][gc,phases   ] GC(83)   Pre Evacuate Collection Set: 0.1ms
[19.360s][info][gc,phases   ] GC(83)   Merge Heap Roots: 0.0ms
[19.360s][info][gc,phases   ] GC(83)   Evacuate Collection Set: 3.7ms
[19.360s][info][gc,phases   ] GC(83)   Post Evacuate Collection Set: 0.1ms
[19.360s][info][gc,phases   ] GC(83)   Other: 0.0ms
[19.360s][info][gc,heap     ] GC(83) Eden regions: 2->0(71)
[19.360s][info][gc,heap     ] GC(83) Survivor regions: 5->5(5)
[19.360s][info][gc,heap     ] GC(83) Old regions: 1440->1440
[19.360s][info][gc,heap     ] GC(83) Archive regions: 2->2
[19.360s][info][gc,heap     ] GC(83) Humongous regions: 82->82
[19.360s][info][gc,metaspace] GC(83) Metaspace: 2253K(2368K)->2253K(2368K) NonClass: 2049K(2112K)->2049K(2112K) Class: 204K(256K)->204K(256K)
[19.360s][info][gc          ] GC(83) Pause Young (Normal) (G1 Preventive Collection) 12230M->12216M(12288M) 3.924ms
[19.360s][info][gc,cpu      ] GC(83) User=0.03s Sys=0.00s Real=0.01s
[19.361s][info][gc,start    ] GC(84) Pause Young (Normal) (G1 Preventive Collection)
[19.361s][info][gc,task     ] GC(84) Using 9 workers of 9 for evacuation
[19.365s][info][gc,phases   ] GC(84)   Pre Evacuate Collection Set: 0.1ms
[19.365s][info][gc,phases   ] GC(84)   Merge Heap Roots: 0.0ms
[19.365s][info][gc,phases   ] GC(84)   Evacuate Collection Set: 4.2ms
[19.365s][info][gc,phases   ] GC(84)   Post Evacuate Collection Set: 0.1ms
[19.365s][info][gc,phases   ] GC(84)   Other: 0.0ms
[19.365s][info][gc,heap     ] GC(84) Eden regions: 2->0(71)
[19.365s][info][gc,heap     ] GC(84) Survivor regions: 5->5(5)
[19.365s][info][gc,heap     ] GC(84) Old regions: 1440->1440
[19.365s][info][gc,heap     ] GC(84) Archive regions: 2->2
[19.365s][info][gc,heap     ] GC(84) Humongous regions: 82->82
[19.365s][info][gc,metaspace] GC(84) Metaspace: 2253K(2368K)->2253K(2368K) NonClass: 2049K(2112K)->2049K(2112K) Class: 204K(256K)->204K(256K)
[19.365s][info][gc          ] GC(84) Pause Young (Normal) (G1 Preventive Collection) 12231M->12216M(12288M) 4.462ms
[19.365s][info][gc,cpu      ] GC(84) User=0.04s Sys=0.00s Real=0.00s
[19.365s][info][gc,start    ] GC(85) Pause Young (Normal) (G1 Preventive Collection)
[19.365s][info][gc,task     ] GC(85) Using 9 workers of 9 for evacuation
[19.370s][info][gc,phases   ] GC(85)   Pre Evacuate Collection Set: 0.1ms
[19.370s][info][gc,phases   ] GC(85)   Merge Heap Roots: 0.0ms
[19.370s][info][gc,phases   ] GC(85)   Evacuate Collection Set: 4.1ms
[19.370s][info][gc,phases   ] GC(85)   Post Evacuate Collection Set: 0.1ms
[19.370s][info][gc,phases   ] GC(85)   Other: 0.0ms
[19.370s][info][gc,heap     ] GC(85) Eden regions: 2->0(71)
[19.370s][info][gc,heap     ] GC(85) Survivor regions: 5->5(5)
[19.370s][info][gc,heap     ] GC(85) Old regions: 1440->1440
[19.370s][info][gc,heap     ] GC(85) Archive regions: 2->2
[19.370s][info][gc,heap     ] GC(85) Humongous regions: 82->82
[19.370s][info][gc,metaspace] GC(85) Metaspace: 2253K(2368K)->2253K(2368K) NonClass: 2049K(2112K)->2049K(2112K) Class: 204K(256K)->204K(256K)
[19.370s][info][gc          ] GC(85) Pause Young (Normal) (G1 Preventive Collection) 12232M->12218M(12288M) 4.315ms
[19.370s][info][gc,cpu      ] GC(85) User=0.03s Sys=0.00s Real=0.01s
[19.370s][info][gc,start    ] GC(86) Pause Young (Normal) (G1 Preventive Collection)
[19.370s][info][gc,task     ] GC(86) Using 9 workers of 9 for evacuation
[19.373s][info][gc,phases   ] GC(86)   Pre Evacuate Collection Set: 0.1ms
[19.373s][info][gc,phases   ] GC(86)   Merge Heap Roots: 0.0ms
[19.373s][info][gc,phases   ] GC(86)   Evacuate Collection Set: 3.5ms
[19.373s][info][gc,phases   ] GC(86)   Post Evacuate Collection Set: 0.1ms
[19.373s][info][gc,phases   ] GC(86)   Other: 0.0ms
[19.373s][info][gc,heap     ] GC(86) Eden regions: 2->0(71)
[19.373s][info][gc,heap     ] GC(86) Survivor regions: 5->5(5)
[19.373s][info][gc,heap     ] GC(86) Old regions: 1440->1440
[19.373s][info][gc,heap     ] GC(86) Archive regions: 2->2
[19.373s][info][gc,heap     ] GC(86) Humongous regions: 82->82
[19.373s][info][gc,metaspace] GC(86) Metaspace: 2253K(2368K)->2253K(2368K) NonClass: 2049K(2112K)->2049K(2112K) Class: 204K(256K)->204K(256K)
[19.373s][info][gc          ] GC(86) Pause Young (Normal) (G1 Preventive Collection) 12233M->12219M(12288M) 3.730ms
[19.374s][info][gc,cpu      ] GC(86) User=0.04s Sys=0.00s Real=0.00s
[19.374s][info][gc,start    ] GC(87) Pause Young (Normal) (G1 Preventive Collection)
[19.374s][info][gc,task     ] GC(87) Using 9 workers of 9 for evacuation
[19.378s][info][gc,phases   ] GC(87)   Pre Evacuate Collection Set: 0.0ms
[19.378s][info][gc,phases   ] GC(87)   Merge Heap Roots: 0.0ms
[19.378s][info][gc,phases   ] GC(87)   Evacuate Collection Set: 4.2ms
[19.378s][info][gc,phases   ] GC(87)   Post Evacuate Collection Set: 0.1ms
[19.378s][info][gc,phases   ] GC(87)   Other: 0.0ms
[19.378s][info][gc,heap     ] GC(87) Eden regions: 1->0(71)
[19.378s][info][gc,heap     ] GC(87) Survivor regions: 5->5(6)
[19.378s][info][gc,heap     ] GC(87) Old regions: 1440->1440
[19.378s][info][gc,heap     ] GC(87) Archive regions: 2->2
[19.378s][info][gc,heap     ] GC(87) Humongous regions: 82->82
[19.378s][info][gc,metaspace] GC(87) Metaspace: 2253K(2368K)->2253K(2368K) NonClass: 2049K(2112K)->2049K(2112K) Class: 204K(256K)->204K(256K)
[19.378s][info][gc          ] GC(87) Pause Young (Normal) (G1 Preventive Collection) 12227M->12219M(12288M) 4.466ms
[19.378s][info][gc,cpu      ] GC(87) User=0.03s Sys=0.00s Real=0.00s
[19.378s][info][gc,start    ] GC(88) Pause Young (Normal) (G1 Preventive Collection)
[19.378s][info][gc,task     ] GC(88) Using 9 workers of 9 for evacuation
[19.382s][info][gc,phases   ] GC(88)   Pre Evacuate Collection Set: 0.1ms
[19.382s][info][gc,phases   ] GC(88)   Merge Heap Roots: 0.0ms
[19.382s][info][gc,phases   ] GC(88)   Evacuate Collection Set: 3.9ms
[19.382s][info][gc,phases   ] GC(88)   Post Evacuate Collection Set: 0.1ms
[19.382s][info][gc,phases   ] GC(88)   Other: 0.0ms
[19.382s][info][gc,heap     ] GC(88) Eden regions: 1->0(70)
[19.382s][info][gc,heap     ] GC(88) Survivor regions: 5->6(6)
[19.382s][info][gc,heap     ] GC(88) Old regions: 1440->1440
[19.382s][info][gc,heap     ] GC(88) Archive regions: 2->2
[19.382s][info][gc,heap     ] GC(88) Humongous regions: 82->82
[19.382s][info][gc,metaspace] GC(88) Metaspace: 2253K(2368K)->2253K(2368K) NonClass: 2049K(2112K)->2049K(2112K) Class: 204K(256K)->204K(256K)
[19.382s][info][gc          ] GC(88) Pause Young (Normal) (G1 Preventive Collection) 12227M->12220M(12288M) 4.178ms
[19.382s][info][gc,cpu      ] GC(88) User=0.04s Sys=0.00s Real=0.00s
[19.383s][info][gc,start    ] GC(89) Pause Young (Normal) (G1 Preventive Collection)
[19.383s][info][gc,task     ] GC(89) Using 9 workers of 9 for evacuation
[19.388s][info][gc,phases   ] GC(89)   Pre Evacuate Collection Set: 0.0ms
[19.388s][info][gc,phases   ] GC(89)   Merge Heap Roots: 0.0ms
[19.388s][info][gc,phases   ] GC(89)   Evacuate Collection Set: 5.0ms
[19.388s][info][gc,phases   ] GC(89)   Post Evacuate Collection Set: 0.1ms
[19.388s][info][gc,phases   ] GC(89)   Other: 0.0ms
[19.388s][info][gc,heap     ] GC(89) Eden regions: 1->0(73)
[19.388s][info][gc,heap     ] GC(89) Survivor regions: 6->3(5)
[19.388s][info][gc,heap     ] GC(89) Old regions: 1440->1442
[19.388s][info][gc,heap     ] GC(89) Archive regions: 2->2
[19.388s][info][gc,heap     ] GC(89) Humongous regions: 82->82
[19.388s][info][gc,metaspace] GC(89) Metaspace: 2253K(2368K)->2253K(2368K) NonClass: 2049K(2112K)->2049K(2112K) Class: 204K(256K)->204K(256K)
[19.388s][info][gc          ] GC(89) Pause Young (Normal) (G1 Preventive Collection) 12228M->12218M(12288M) 5.238ms
[19.388s][info][gc,cpu      ] GC(89) User=0.03s Sys=0.01s Real=0.00s
[19.389s][info][gc,start    ] GC(90) Pause Young (Normal) (G1 Preventive Collection)
[19.389s][info][gc,task     ] GC(90) Using 9 workers of 9 for evacuation
[19.395s][info][gc          ] GC(90) To-space exhausted
[19.395s][info][gc,phases   ] GC(90)   Pre Evacuate Collection Set: 0.1ms
[19.395s][info][gc,phases   ] GC(90)   Merge Heap Roots: 0.0ms
[19.395s][info][gc,phases   ] GC(90)   Evacuate Collection Set: 4.7ms
[19.395s][info][gc,phases   ] GC(90)   Post Evacuate Collection Set: 1.5ms
[19.395s][info][gc,phases   ] GC(90)   Other: 0.0ms
[19.395s][info][gc,heap     ] GC(90) Eden regions: 3->0(73)
[19.395s][info][gc,heap     ] GC(90) Survivor regions: 3->3(4)
[19.395s][info][gc,heap     ] GC(90) Old regions: 1442->1449
[19.395s][info][gc,heap     ] GC(90) Archive regions: 2->2
[19.395s][info][gc,heap     ] GC(90) Humongous regions: 82->82
[19.395s][info][gc,metaspace] GC(90) Metaspace: 2253K(2368K)->2253K(2368K) NonClass: 2049K(2112K)->2049K(2112K) Class: 204K(256K)->204K(256K)
[19.395s][info][gc          ] GC(90) Pause Young (Normal) (G1 Preventive Collection) 12242M->12275M(12288M) 6.360ms
[19.395s][info][gc,cpu      ] GC(90) User=0.05s Sys=0.00s Real=0.00s
[19.395s][info][gc,ergo     ] Attempting full compaction
[19.395s][info][gc,start    ] GC(91) Pause Full (G1 Compaction Pause)
[19.395s][info][gc,task     ] GC(91) Using 9 workers of 9 for full compaction
[19.404s][info][gc,phases,start] GC(91) Phase 1: Mark live objects
[19.785s][info][gc,phases      ] GC(91) Phase 1: Mark live objects 381.001ms
[19.785s][info][gc,phases,start] GC(91) Phase 2: Prepare for compaction
[19.800s][info][gc,phases      ] GC(91) Phase 2: Prepare for compaction 15.005ms
[19.800s][info][gc,phases,start] GC(91) Phase 3: Adjust pointers
[19.895s][info][gc,phases      ] GC(91) Phase 3: Adjust pointers 95.182ms
[19.895s][info][gc,phases,start] GC(91) Phase 4: Compact heap
[19.905s][info][gc,phases      ] GC(91) Phase 4: Compact heap 10.339ms
[19.930s][info][gc,heap        ] GC(91) Eden regions: 0->0(76)
[19.930s][info][gc,heap        ] GC(91) Survivor regions: 3->0(4)
[19.930s][info][gc,heap        ] GC(91) Old regions: 1449->540
[19.930s][info][gc,heap        ] GC(91) Archive regions: 2->2
[19.930s][info][gc,heap        ] GC(91) Humongous regions: 82->0
[19.930s][info][gc,metaspace   ] GC(91) Metaspace: 2253K(2368K)->2219K(2368K) NonClass: 2049K(2112K)->2023K(2112K) Class: 204K(256K)->195K(256K)
[19.930s][info][gc             ] GC(91) Pause Full (G1 Compaction Pause) 12275M->4292M(12288M) 534.684ms
[19.930s][info][gc,cpu         ] GC(91) User=4.39s Sys=0.15s Real=0.54s
[19.930s][info][gc,marking     ] GC(68) Concurrent Mark From Roots 1303.687ms
[19.930s][info][gc,marking     ] GC(68) Concurrent Mark Abort
[19.930s][info][gc             ] GC(68) Concurrent Mark Cycle 1331.686ms
[19.962s][info][gc,start       ] GC(92) Pause Young (Normal) (G1 Evacuation Pause)
[19.962s][info][gc,task        ] GC(92) Using 9 workers of 9 for evacuation
[20.051s][info][gc,phases      ] GC(92)   Pre Evacuate Collection Set: 0.1ms
[20.051s][info][gc,phases      ] GC(92)   Merge Heap Roots: 0.2ms
[20.051s][info][gc,phases      ] GC(92)   Evacuate Collection Set: 88.0ms
[20.051s][info][gc,phases      ] GC(92)   Post Evacuate Collection Set: 0.2ms
[20.051s][info][gc,phases      ] GC(92)   Other: 0.1ms
[20.051s][info][gc,heap        ] GC(92) Eden regions: 76->0(66)
[20.051s][info][gc,heap        ] GC(92) Survivor regions: 0->10(10)
[20.051s][info][gc,heap        ] GC(92) Old regions: 540->606
[20.051s][info][gc,heap        ] GC(92) Archive regions: 2->2
[20.051s][info][gc,heap        ] GC(92) Humongous regions: 0->0
[20.051s][info][gc,metaspace   ] GC(92) Metaspace: 2219K(2368K)->2219K(2368K) NonClass: 2023K(2112K)->2023K(2112K) Class: 195K(256K)->195K(256K)
[20.051s][info][gc             ] GC(92) Pause Young (Normal) (G1 Evacuation Pause) 4900M->4895M(12288M) 88.558ms
[20.051s][info][gc,cpu         ] GC(92) User=0.63s Sys=0.08s Real=0.09s
[20.072s][info][gc,start       ] GC(93) Pause Young (Concurrent Start) (G1 Evacuation Pause)
[20.072s][info][gc,task        ] GC(93) Using 9 workers of 9 for evacuation
[20.144s][info][gc,phases      ] GC(93)   Pre Evacuate Collection Set: 0.1ms
[20.144s][info][gc,phases      ] GC(93)   Merge Heap Roots: 0.2ms
[20.144s][info][gc,phases      ] GC(93)   Evacuate Collection Set: 71.1ms
[20.144s][info][gc,phases      ] GC(93)   Post Evacuate Collection Set: 0.2ms
[20.144s][info][gc,phases      ] GC(93)   Other: 0.1ms
[20.144s][info][gc,heap        ] GC(93) Eden regions: 66->0(231)
[20.144s][info][gc,heap        ] GC(93) Survivor regions: 10->10(10)
[20.144s][info][gc,heap        ] GC(93) Old regions: 606->674
[20.144s][info][gc,heap        ] GC(93) Archive regions: 2->2
[20.144s][info][gc,heap        ] GC(93) Humongous regions: 0->0
[20.144s][info][gc,metaspace   ] GC(93) Metaspace: 2219K(2368K)->2219K(2368K) NonClass: 2023K(2112K)->2023K(2112K) Class: 195K(256K)->195K(256K)
[20.144s][info][gc             ] GC(93) Pause Young (Concurrent Start) (G1 Evacuation Pause) 5423M->5440M(12288M) 71.647ms
[20.144s][info][gc,cpu         ] GC(93) User=0.58s Sys=0.04s Real=0.07s
[20.144s][info][gc             ] GC(94) Concurrent Mark Cycle
[20.144s][info][gc,marking     ] GC(94) Concurrent Clear Claimed Marks
[20.144s][info][gc,marking     ] GC(94) Concurrent Clear Claimed Marks 0.008ms
[20.144s][info][gc,marking     ] GC(94) Concurrent Scan Root Regions
[20.266s][info][gc,marking     ] GC(94) Concurrent Scan Root Regions 121.547ms
[20.266s][info][gc,marking     ] GC(94) Concurrent Mark
[20.266s][info][gc,marking     ] GC(94) Concurrent Mark From Roots
[20.266s][info][gc,task        ] GC(94) Using 2 workers of 2 for marking
[20.865s][info][gc,start       ] GC(95) Pause Young (Normal) (G1 Evacuation Pause)
[20.865s][info][gc,task        ] GC(95) Using 9 workers of 9 for evacuation
[21.275s][info][gc,mmu         ] GC(95) MMU target violated: 201.0ms (200.0ms/201.0ms)
[21.275s][info][gc,phases      ] GC(95)   Pre Evacuate Collection Set: 0.1ms
[21.275s][info][gc,phases      ] GC(95)   Merge Heap Roots: 0.3ms
[21.275s][info][gc,phases      ] GC(95)   Evacuate Collection Set: 409.3ms
[21.275s][info][gc,phases      ] GC(95)   Post Evacuate Collection Set: 0.5ms
[21.275s][info][gc,phases      ] GC(95)   Other: 0.1ms
[21.275s][info][gc,heap        ] GC(95) Eden regions: 231->0(151)
[21.275s][info][gc,heap        ] GC(95) Survivor regions: 10->31(31)
[21.275s][info][gc,heap        ] GC(95) Old regions: 674->817
[21.275s][info][gc,heap        ] GC(95) Archive regions: 2->2
[21.276s][info][gc,heap        ] GC(95) Humongous regions: 47->47
[21.276s][info][gc,metaspace   ] GC(95) Metaspace: 2219K(2368K)->2219K(2368K) NonClass: 2023K(2112K)->2023K(2112K) Class: 195K(256K)->195K(256K)
[21.276s][info][gc             ] GC(95) Pause Young (Normal) (G1 Evacuation Pause) 7664M->7128M(12288M) 410.380ms
[21.276s][info][gc,cpu         ] GC(95) User=2.02s Sys=0.74s Real=0.41s
[22.041s][info][gc,start       ] GC(96) Pause Young (Normal) (G1 Evacuation Pause)
[22.041s][info][gc,task        ] GC(96) Using 9 workers of 9 for evacuation
[22.118s][info][gc,phases      ] GC(96)   Pre Evacuate Collection Set: 0.1ms
[22.118s][info][gc,phases      ] GC(96)   Merge Heap Roots: 0.1ms
[22.118s][info][gc,phases      ] GC(96)   Evacuate Collection Set: 76.5ms
[22.118s][info][gc,phases      ] GC(96)   Post Evacuate Collection Set: 0.3ms
[22.118s][info][gc,phases      ] GC(96)   Other: 0.1ms
[22.118s][info][gc,heap        ] GC(96) Eden regions: 151->0(151)
[22.118s][info][gc,heap        ] GC(96) Survivor regions: 31->0(23)
[22.118s][info][gc,heap        ] GC(96) Old regions: 817->849
[22.118s][info][gc,heap        ] GC(96) Archive regions: 2->2
[22.118s][info][gc,heap        ] GC(96) Humongous regions: 47->47
[22.118s][info][gc,metaspace   ] GC(96) Metaspace: 2219K(2368K)->2219K(2368K) NonClass: 2023K(2112K)->2023K(2112K) Class: 195K(256K)->195K(256K)
[22.118s][info][gc             ] GC(96) Pause Young (Normal) (G1 Evacuation Pause) 8336M->7140M(12288M) 77.101ms
[22.118s][info][gc,cpu         ] GC(96) User=0.22s Sys=0.25s Real=0.08s
[22.242s][info][gc,marking     ] GC(94) Concurrent Mark From Roots 1976.444ms
[22.242s][info][gc,marking     ] GC(94) Concurrent Preclean
[22.242s][info][gc,marking     ] GC(94) Concurrent Preclean 0.030ms
[22.242s][info][gc,start       ] GC(94) Pause Remark
[22.243s][info][gc             ] GC(94) Pause Remark 7368M->7368M(12288M) 0.898ms
[22.243s][info][gc,cpu         ] GC(94) User=0.00s Sys=0.00s Real=0.00s
[22.243s][info][gc,marking     ] GC(94) Concurrent Mark 1977.532ms
[22.243s][info][gc,marking     ] GC(94) Concurrent Rebuild Remembered Sets
[23.417s][info][gc,start       ] GC(97) Pause Young (Normal) (G1 Evacuation Pause)
[23.417s][info][gc,task        ] GC(97) Using 9 workers of 9 for evacuation
[23.417s][info][gc,phases      ] GC(97)   Pre Evacuate Collection Set: 0.1ms
[23.417s][info][gc,phases      ] GC(97)   Merge Heap Roots: 0.1ms
[23.417s][info][gc,phases      ] GC(97)   Evacuate Collection Set: 0.1ms
[23.417s][info][gc,phases      ] GC(97)   Post Evacuate Collection Set: 0.2ms
[23.417s][info][gc,phases      ] GC(97)   Other: 0.1ms
[23.417s][info][gc,heap        ] GC(97) Eden regions: 151->0(132)
[23.417s][info][gc,heap        ] GC(97) Survivor regions: 0->2(19)
[23.417s][info][gc,heap        ] GC(97) Old regions: 849->849
[23.417s][info][gc,heap        ] GC(97) Archive regions: 2->2
[23.417s][info][gc,heap        ] GC(97) Humongous regions: 47->47
[23.417s][info][gc,metaspace   ] GC(97) Metaspace: 2221K(2368K)->2221K(2368K) NonClass: 2026K(2112K)->2026K(2112K) Class: 195K(256K)->195K(256K)
[23.417s][info][gc             ] GC(97) Pause Young (Normal) (G1 Evacuation Pause) 8348M->7149M(12288M) 0.617ms
[23.417s][info][gc,cpu         ] GC(97) User=0.01s Sys=0.00s Real=0.00s
[23.915s][info][gc,marking     ] GC(94) Concurrent Rebuild Remembered Sets 1671.473ms
[23.915s][info][gc,start       ] GC(94) Pause Cleanup
[23.915s][info][gc             ] GC(94) Pause Cleanup 7486M->7486M(12288M) 0.308ms
[23.915s][info][gc,cpu         ] GC(94) User=0.00s Sys=0.00s Real=0.00s
[23.915s][info][gc,marking     ] GC(94) Concurrent Cleanup for Next Mark
[23.957s][info][gc,marking     ] GC(94) Concurrent Cleanup for Next Mark 42.287ms
[23.958s][info][gc             ] GC(94) Concurrent Mark Cycle 3813.368ms
[24.251s][info][gc,start       ] GC(98) Pause Young (Concurrent Start) (G1 Humongous Allocation)
[24.251s][info][gc,task        ] GC(98) Using 9 workers of 9 for evacuation
[24.253s][info][gc,phases      ] GC(98)   Pre Evacuate Collection Set: 0.6ms
[24.253s][info][gc,phases      ] GC(98)   Merge Heap Roots: 0.1ms
[24.253s][info][gc,phases      ] GC(98)   Evacuate Collection Set: 0.5ms
[24.253s][info][gc,phases      ] GC(98)   Post Evacuate Collection Set: 0.4ms
[24.254s][info][gc,phases      ] GC(98)   Other: 0.5ms
[24.254s][info][gc,heap        ] GC(98) Eden regions: 54->0(161)
[24.254s][info][gc,heap        ] GC(98) Survivor regions: 2->1(17)
[24.254s][info][gc,heap        ] GC(98) Old regions: 849->849
[24.254s][info][gc,heap        ] GC(98) Archive regions: 2->2
[24.254s][info][gc,heap        ] GC(98) Humongous regions: 47->47
[24.254s][info][gc,metaspace   ] GC(98) Metaspace: 2222K(2368K)->2222K(2368K) NonClass: 2026K(2112K)->2026K(2112K) Class: 195K(256K)->195K(256K)
[24.254s][info][gc             ] GC(98) Pause Young (Concurrent Start) (G1 Humongous Allocation) 7575M->7142M(12288M) 2.332ms
[24.254s][info][gc,cpu         ] GC(98) User=0.01s Sys=0.00s Real=0.00s
[24.254s][info][gc             ] GC(99) Concurrent Mark Cycle
[24.254s][info][gc,marking     ] GC(99) Concurrent Clear Claimed Marks
[24.254s][info][gc,marking     ] GC(99) Concurrent Clear Claimed Marks 0.029ms
[24.254s][info][gc,marking     ] GC(99) Concurrent Scan Root Regions
[24.254s][info][gc,marking     ] GC(99) Concurrent Scan Root Regions 0.096ms
[24.254s][info][gc,marking     ] GC(99) Concurrent Mark
[24.254s][info][gc,marking     ] GC(99) Concurrent Mark From Roots
[24.254s][info][gc,task        ] GC(99) Using 2 workers of 2 for marking
[24.264s][info][gc,marking     ] GC(99) Concurrent Mark From Roots 9.706ms
[24.264s][info][gc,marking     ] GC(99) Concurrent Preclean
[24.264s][info][gc,marking     ] GC(99) Concurrent Preclean 0.042ms
[24.364s][info][gc,start       ] GC(99) Pause Remark
[24.368s][info][gc             ] GC(99) Pause Remark 7422M->576M(1976M) 3.761ms
[24.368s][info][gc,cpu         ] GC(99) User=0.01s Sys=0.02s Real=0.00s
[24.368s][info][gc,marking     ] GC(99) Concurrent Mark 113.727ms
[24.368s][info][gc,marking     ] GC(99) Concurrent Rebuild Remembered Sets
[24.370s][info][gc,marking     ] GC(99) Concurrent Rebuild Remembered Sets 1.848ms
[24.370s][info][gc,start       ] GC(99) Pause Cleanup
[24.370s][info][gc             ] GC(99) Pause Cleanup 580M->580M(1976M) 0.071ms
[24.370s][info][gc,cpu         ] GC(99) User=0.00s Sys=0.00s Real=0.00s
[24.370s][info][gc,marking     ] GC(99) Concurrent Cleanup for Next Mark
[24.373s][info][gc,marking     ] GC(99) Concurrent Cleanup for Next Mark 3.392ms
[24.373s][info][gc             ] GC(99) Concurrent Mark Cycle 119.334ms
[25.125s][info][gc,start       ] GC(100) Pause Young (Prepare Mixed) (G1 Preventive Collection)
[25.125s][info][gc,task        ] GC(100) Using 9 workers of 9 for evacuation
[25.177s][info][gc,phases      ] GC(100)   Pre Evacuate Collection Set: 0.1ms
[25.177s][info][gc,phases      ] GC(100)   Merge Heap Roots: 0.0ms
[25.177s][info][gc,phases      ] GC(100)   Evacuate Collection Set: 51.0ms
[25.177s][info][gc,phases      ] GC(100)   Post Evacuate Collection Set: 0.2ms
[25.177s][info][gc,phases      ] GC(100)   Other: 0.1ms
[25.177s][info][gc,heap        ] GC(100) Eden regions: 117->0(2)
[25.177s][info][gc,heap        ] GC(100) Survivor regions: 1->21(21)
[25.177s][info][gc,heap        ] GC(100) Old regions: 36->84
[25.177s][info][gc,heap        ] GC(100) Archive regions: 2->2
[25.177s][info][gc,heap        ] GC(100) Humongous regions: 35->35
[25.177s][info][gc,metaspace   ] GC(100) Metaspace: 2222K(2368K)->2222K(2368K) NonClass: 2026K(2112K)->2026K(2112K) Class: 195K(256K)->195K(256K)
[25.177s][info][gc             ] GC(100) Pause Young (Prepare Mixed) (G1 Preventive Collection) 1512M->1126M(2080M) 51.420ms
[25.177s][info][gc,cpu         ] GC(100) User=0.36s Sys=0.09s Real=0.05s
[25.183s][info][gc,start       ] GC(101) Pause Young (Mixed) (G1 Evacuation Pause)
[25.183s][info][gc,task        ] GC(101) Using 9 workers of 9 for evacuation
[25.197s][info][gc,phases      ] GC(101)   Pre Evacuate Collection Set: 0.1ms
[25.197s][info][gc,phases      ] GC(101)   Merge Heap Roots: 0.0ms
[25.197s][info][gc,phases      ] GC(101)   Evacuate Collection Set: 13.2ms
[25.197s][info][gc,phases      ] GC(101)   Post Evacuate Collection Set: 0.2ms
[25.197s][info][gc,phases      ] GC(101)   Other: 0.1ms
[25.197s][info][gc,heap        ] GC(101) Eden regions: 2->0(45)
[25.197s][info][gc,heap        ] GC(101) Survivor regions: 21->3(3)
[25.197s][info][gc,heap        ] GC(101) Old regions: 84->84
[25.197s][info][gc,heap        ] GC(101) Archive regions: 2->2
[25.197s][info][gc,heap        ] GC(101) Humongous regions: 35->35
[25.197s][info][gc,metaspace   ] GC(101) Metaspace: 2222K(2368K)->2222K(2368K) NonClass: 2026K(2112K)->2026K(2112K) Class: 195K(256K)->195K(256K)
[25.197s][info][gc             ] GC(101) Pause Young (Mixed) (G1 Evacuation Pause) 1142M->978M(2080M) 13.660ms
[25.197s][info][gc,cpu         ] GC(101) User=0.11s Sys=0.00s Real=0.01s
[25.312s][info][gc,start       ] GC(102) Pause Young (Concurrent Start) (G1 Evacuation Pause)
[25.312s][info][gc,task        ] GC(102) Using 9 workers of 9 for evacuation
[25.340s][info][gc,phases      ] GC(102)   Pre Evacuate Collection Set: 0.1ms
[25.340s][info][gc,phases      ] GC(102)   Merge Heap Roots: 0.1ms
[25.340s][info][gc,phases      ] GC(102)   Evacuate Collection Set: 27.5ms
[25.340s][info][gc,phases      ] GC(102)   Post Evacuate Collection Set: 0.1ms
[25.340s][info][gc,phases      ] GC(102)   Other: 0.1ms
[25.340s][info][gc,heap        ] GC(102) Eden regions: 45->0(36)
[25.340s][info][gc,heap        ] GC(102) Survivor regions: 3->6(6)
[25.340s][info][gc,heap        ] GC(102) Old regions: 84->107
[25.340s][info][gc,heap        ] GC(102) Archive regions: 2->2
[25.340s][info][gc,heap        ] GC(102) Humongous regions: 35->35
[25.340s][info][gc,metaspace   ] GC(102) Metaspace: 2222K(2368K)->2222K(2368K) NonClass: 2026K(2112K)->2026K(2112K) Class: 195K(256K)->195K(256K)
[25.340s][info][gc             ] GC(102) Pause Young (Concurrent Start) (G1 Evacuation Pause) 1338M->1186M(2080M) 27.883ms
[25.340s][info][gc,cpu         ] GC(102) User=0.24s Sys=0.01s Real=0.03s
[25.340s][info][gc             ] GC(103) Concurrent Mark Cycle
[25.340s][info][gc,marking     ] GC(103) Concurrent Clear Claimed Marks
[25.340s][info][gc,marking     ] GC(103) Concurrent Clear Claimed Marks 0.006ms
[25.340s][info][gc,marking     ] GC(103) Concurrent Scan Root Regions
[25.356s][info][gc,marking     ] GC(103) Concurrent Scan Root Regions 15.603ms
[25.356s][info][gc,marking     ] GC(103) Concurrent Mark
[25.356s][info][gc,marking     ] GC(103) Concurrent Mark From Roots
[25.356s][info][gc,task        ] GC(103) Using 2 workers of 2 for marking
[25.435s][info][gc,start       ] GC(104) Pause Young (Normal) (G1 Evacuation Pause)
[25.435s][info][gc,task        ] GC(104) Using 9 workers of 9 for evacuation
[25.462s][info][gc,phases      ] GC(104)   Pre Evacuate Collection Set: 0.1ms
[25.462s][info][gc,phases      ] GC(104)   Merge Heap Roots: 0.1ms
[25.462s][info][gc,phases      ] GC(104)   Evacuate Collection Set: 24.5ms
[25.462s][info][gc,phases      ] GC(104)   Post Evacuate Collection Set: 2.5ms
[25.462s][info][gc,phases      ] GC(104)   Other: 0.1ms
[25.462s][info][gc,heap        ] GC(104) Eden regions: 36->0(152)
[25.462s][info][gc,heap        ] GC(104) Survivor regions: 6->6(6)
[25.462s][info][gc,heap        ] GC(104) Old regions: 107->129
[25.462s][info][gc,heap        ] GC(104) Archive regions: 2->2
[25.462s][info][gc,heap        ] GC(104) Humongous regions: 35->35
[25.462s][info][gc,metaspace   ] GC(104) Metaspace: 2222K(2368K)->2222K(2368K) NonClass: 2026K(2112K)->2026K(2112K) Class: 195K(256K)->195K(256K)
[25.462s][info][gc             ] GC(104) Pause Young (Normal) (G1 Evacuation Pause) 1474M->1366M(5448M) 27.312ms
[25.462s][info][gc,cpu         ] GC(104) User=0.22s Sys=0.00s Real=0.03s
[25.467s][info][gc,marking     ] GC(103) Concurrent Mark From Roots 111.840ms
[25.467s][info][gc,marking     ] GC(103) Concurrent Preclean
[25.467s][info][gc,marking     ] GC(103) Concurrent Preclean 0.018ms
[25.468s][info][gc,start       ] GC(103) Pause Remark
[25.468s][info][gc             ] GC(103) Pause Remark 1382M->1382M(4640M) 0.293ms
[25.468s][info][gc,cpu         ] GC(103) User=0.00s Sys=0.00s Real=0.00s
[25.468s][info][gc,marking     ] GC(103) Concurrent Mark 112.237ms
[25.468s][info][gc,marking     ] GC(103) Concurrent Rebuild Remembered Sets
[25.591s][info][gc,marking     ] GC(103) Concurrent Rebuild Remembered Sets 123.525ms
[25.591s][info][gc,start       ] GC(103) Pause Cleanup
[25.592s][info][gc             ] GC(103) Pause Cleanup 1718M->1718M(4640M) 0.111ms
[25.592s][info][gc,cpu         ] GC(103) User=0.00s Sys=0.00s Real=0.00s
[25.592s][info][gc,marking     ] GC(103) Concurrent Cleanup for Next Mark
[25.593s][info][gc,marking     ] GC(103) Concurrent Cleanup for Next Mark 1.907ms
[25.594s][info][gc             ] GC(103) Concurrent Mark Cycle 253.583ms
[25.771s][info][gc,start       ] GC(105) Pause Young (Prepare Mixed) (G1 Evacuation Pause)
[25.771s][info][gc,task        ] GC(105) Using 9 workers of 9 for evacuation
[25.831s][info][gc,phases      ] GC(105)   Pre Evacuate Collection Set: 0.1ms
[25.831s][info][gc,phases      ] GC(105)   Merge Heap Roots: 0.1ms
[25.831s][info][gc,phases      ] GC(105)   Evacuate Collection Set: 60.0ms
[25.831s][info][gc,phases      ] GC(105)   Post Evacuate Collection Set: 0.2ms
[25.831s][info][gc,phases      ] GC(105)   Other: 0.1ms
[25.831s][info][gc,heap        ] GC(105) Eden regions: 98->0(16)
[25.831s][info][gc,heap        ] GC(105) Survivor regions: 6->13(13)
[25.831s][info][gc,heap        ] GC(105) Old regions: 129->180
[25.831s][info][gc,heap        ] GC(105) Archive regions: 2->2
[25.831s][info][gc,heap        ] GC(105) Humongous regions: 35->35
[25.831s][info][gc,metaspace   ] GC(105) Metaspace: 2222K(2368K)->2222K(2368K) NonClass: 2026K(2112K)->2026K(2112K) Class: 195K(256K)->195K(256K)
[25.831s][info][gc             ] GC(105) Pause Young (Prepare Mixed) (G1 Evacuation Pause) 2150M->1830M(4640M) 60.578ms
[25.831s][info][gc,cpu         ] GC(105) User=0.52s Sys=0.01s Real=0.06s
[25.870s][info][gc,start       ] GC(106) Pause Young (Mixed) (G1 Evacuation Pause)
[25.870s][info][gc,task        ] GC(106) Using 9 workers of 9 for evacuation
[25.889s][info][gc,phases      ] GC(106)   Pre Evacuate Collection Set: 0.1ms
[25.889s][info][gc,phases      ] GC(106)   Merge Heap Roots: 0.1ms
[25.889s][info][gc,phases      ] GC(106)   Evacuate Collection Set: 18.3ms
[25.889s][info][gc,phases      ] GC(106)   Post Evacuate Collection Set: 0.1ms
[25.889s][info][gc,phases      ] GC(106)   Other: 0.1ms
[25.889s][info][gc,heap        ] GC(106) Eden regions: 16->0(70)
[25.889s][info][gc,heap        ] GC(106) Survivor regions: 13->4(4)
[25.889s][info][gc,heap        ] GC(106) Old regions: 180->198
[25.889s][info][gc,heap        ] GC(106) Archive regions: 2->2
[25.889s][info][gc,heap        ] GC(106) Humongous regions: 35->35
[25.889s][info][gc,metaspace   ] GC(106) Metaspace: 2222K(2368K)->2222K(2368K) NonClass: 2026K(2112K)->2026K(2112K) Class: 195K(256K)->195K(256K)
[25.889s][info][gc             ] GC(106) Pause Young (Mixed) (G1 Evacuation Pause) 1958M->1902M(4640M) 18.775ms
[25.889s][info][gc,cpu         ] GC(106) User=0.17s Sys=0.01s Real=0.02s
[26.056s][info][gc,start       ] GC(107) Pause Young (Concurrent Start) (G1 Evacuation Pause)
[26.056s][info][gc,task        ] GC(107) Using 9 workers of 9 for evacuation
[26.103s][info][gc,phases      ] GC(107)   Pre Evacuate Collection Set: 0.1ms
[26.103s][info][gc,phases      ] GC(107)   Merge Heap Roots: 0.1ms
[26.103s][info][gc,phases      ] GC(107)   Evacuate Collection Set: 46.4ms
[26.103s][info][gc,phases      ] GC(107)   Post Evacuate Collection Set: 0.2ms
[26.103s][info][gc,phases      ] GC(107)   Other: 0.1ms
[26.103s][info][gc,heap        ] GC(107) Eden regions: 70->0(99)
[26.103s][info][gc,heap        ] GC(107) Survivor regions: 4->10(10)
[26.103s][info][gc,heap        ] GC(107) Old regions: 198->234
[26.103s][info][gc,heap        ] GC(107) Archive regions: 2->2
[26.103s][info][gc,heap        ] GC(107) Humongous regions: 35->35
[26.103s][info][gc,metaspace   ] GC(107) Metaspace: 2222K(2368K)->2222K(2368K) NonClass: 2026K(2112K)->2026K(2112K) Class: 195K(256K)->195K(256K)
[26.103s][info][gc             ] GC(107) Pause Young (Concurrent Start) (G1 Evacuation Pause) 2462M->2238M(4640M) 46.947ms
[26.103s][info][gc,cpu         ] GC(107) User=0.38s Sys=0.03s Real=0.05s
[26.103s][info][gc             ] GC(108) Concurrent Mark Cycle
[26.103s][info][gc,marking     ] GC(108) Concurrent Clear Claimed Marks
[26.103s][info][gc,marking     ] GC(108) Concurrent Clear Claimed Marks 0.010ms
[26.103s][info][gc,marking     ] GC(108) Concurrent Scan Root Regions
[26.129s][info][gc,marking     ] GC(108) Concurrent Scan Root Regions 25.718ms
[26.129s][info][gc,marking     ] GC(108) Concurrent Mark
[26.129s][info][gc,marking     ] GC(108) Concurrent Mark From Roots
[26.129s][info][gc,task        ] GC(108) Using 2 workers of 2 for marking
[26.358s][info][gc,start       ] GC(109) Pause Young (Normal) (G1 Evacuation Pause)
[26.358s][info][gc,task        ] GC(109) Using 9 workers of 9 for evacuation
[26.430s][info][gc,phases      ] GC(109)   Pre Evacuate Collection Set: 0.1ms
[26.430s][info][gc,phases      ] GC(109)   Merge Heap Roots: 0.1ms
[26.430s][info][gc,phases      ] GC(109)   Evacuate Collection Set: 71.3ms
[26.430s][info][gc,phases      ] GC(109)   Post Evacuate Collection Set: 0.2ms
[26.430s][info][gc,phases      ] GC(109)   Other: 0.1ms
[26.430s][info][gc,heap        ] GC(109) Eden regions: 99->0(75)
[26.430s][info][gc,heap        ] GC(109) Survivor regions: 10->14(14)
[26.430s][info][gc,heap        ] GC(109) Old regions: 234->289
[26.430s][info][gc,heap        ] GC(109) Archive regions: 2->2
[26.430s][info][gc,heap        ] GC(109) Humongous regions: 35->35
[26.430s][info][gc,metaspace   ] GC(109) Metaspace: 2222K(2368K)->2222K(2368K) NonClass: 2026K(2112K)->2026K(2112K) Class: 195K(256K)->195K(256K)
[26.430s][info][gc             ] GC(109) Pause Young (Normal) (G1 Evacuation Pause) 3030M->2706M(4640M) 71.868ms
[26.430s][info][gc,cpu         ] GC(109) User=0.56s Sys=0.06s Real=0.08s
[26.480s][info][gc,marking     ] GC(108) Concurrent Mark From Roots 351.239ms
[26.480s][info][gc,marking     ] GC(108) Concurrent Preclean
[26.480s][info][gc,marking     ] GC(108) Concurrent Preclean 0.021ms
[26.480s][info][gc,start       ] GC(108) Pause Remark
[26.481s][info][gc             ] GC(108) Pause Remark 2862M->2862M(4800M) 0.362ms
[26.481s][info][gc,cpu         ] GC(108) User=0.01s Sys=0.00s Real=0.00s
[26.481s][info][gc,marking     ] GC(108) Concurrent Mark 351.752ms
[26.481s][info][gc,marking     ] GC(108) Concurrent Rebuild Remembered Sets
[26.624s][info][gc,start       ] GC(110) Pause Young (Normal) (G1 Evacuation Pause)
[26.624s][info][gc,task        ] GC(110) Using 9 workers of 9 for evacuation
[26.682s][info][gc,phases      ] GC(110)   Pre Evacuate Collection Set: 0.1ms
[26.682s][info][gc,phases      ] GC(110)   Merge Heap Roots: 0.2ms
[26.682s][info][gc,phases      ] GC(110)   Evacuate Collection Set: 58.3ms
[26.682s][info][gc,phases      ] GC(110)   Post Evacuate Collection Set: 0.2ms
[26.682s][info][gc,phases      ] GC(110)   Other: 0.1ms
[26.682s][info][gc,heap        ] GC(110) Eden regions: 75->0(64)
[26.682s][info][gc,heap        ] GC(110) Survivor regions: 14->12(12)
[26.682s][info][gc,heap        ] GC(110) Old regions: 289->336
[26.682s][info][gc,heap        ] GC(110) Archive regions: 2->2
[26.682s][info][gc,heap        ] GC(110) Humongous regions: 35->35
[26.682s][info][gc,metaspace   ] GC(110) Metaspace: 2222K(2368K)->2222K(2368K) NonClass: 2026K(2112K)->2026K(2112K) Class: 195K(256K)->195K(256K)
[26.682s][info][gc             ] GC(110) Pause Young (Normal) (G1 Evacuation Pause) 3306M->3066M(4800M) 58.823ms
[26.682s][info][gc,cpu         ] GC(110) User=0.47s Sys=0.05s Real=0.06s
[26.846s][info][gc,start       ] GC(111) Pause Young (Normal) (G1 Evacuation Pause)
[26.847s][info][gc,task        ] GC(111) Using 9 workers of 9 for evacuation
[26.896s][info][gc,phases      ] GC(111)   Pre Evacuate Collection Set: 0.1ms
[26.896s][info][gc,phases      ] GC(111)   Merge Heap Roots: 0.1ms
[26.896s][info][gc,phases      ] GC(111)   Evacuate Collection Set: 48.5ms
[26.896s][info][gc,phases      ] GC(111)   Post Evacuate Collection Set: 0.7ms
[26.896s][info][gc,phases      ] GC(111)   Other: 0.1ms
[26.896s][info][gc,heap        ] GC(111) Eden regions: 64->0(165)
[26.896s][info][gc,heap        ] GC(111) Survivor regions: 12->10(10)
[26.896s][info][gc,heap        ] GC(111) Old regions: 336->376
[26.896s][info][gc,heap        ] GC(111) Archive regions: 2->2
[26.896s][info][gc,heap        ] GC(111) Humongous regions: 35->35
[26.896s][info][gc,metaspace   ] GC(111) Metaspace: 2222K(2368K)->2222K(2368K) NonClass: 2026K(2112K)->2026K(2112K) Class: 195K(256K)->195K(256K)
[26.896s][info][gc             ] GC(111) Pause Young (Normal) (G1 Evacuation Pause) 3578M->3374M(7240M) 49.610ms
[26.896s][info][gc,cpu         ] GC(111) User=0.40s Sys=0.03s Real=0.05s
[27.007s][info][gc,marking     ] GC(108) Concurrent Rebuild Remembered Sets 526.092ms
[27.007s][info][gc,start       ] GC(108) Pause Cleanup
[27.007s][info][gc             ] GC(108) Pause Cleanup 3722M->3722M(7240M) 0.123ms
[27.007s][info][gc,cpu         ] GC(108) User=0.00s Sys=0.00s Real=0.00s
[27.007s][info][gc,marking     ] GC(108) Concurrent Cleanup for Next Mark
[27.011s][info][gc,marking     ] GC(108) Concurrent Cleanup for Next Mark 3.726ms
[27.011s][info][gc             ] GC(108) Concurrent Mark Cycle 907.586ms
[27.342s][info][gc,start       ] GC(112) Pause Young (Prepare Mixed) (G1 Evacuation Pause)
[27.342s][info][gc,task        ] GC(112) Using 9 workers of 9 for evacuation
[27.495s][info][gc,phases      ] GC(112)   Pre Evacuate Collection Set: 0.1ms
[27.495s][info][gc,phases      ] GC(112)   Merge Heap Roots: 0.2ms
[27.495s][info][gc,phases      ] GC(112)   Evacuate Collection Set: 152.3ms
[27.495s][info][gc,phases      ] GC(112)   Post Evacuate Collection Set: 0.3ms
[27.495s][info][gc,phases      ] GC(112)   Other: 0.1ms
[27.495s][info][gc,heap        ] GC(112) Eden regions: 165->0(23)
[27.495s][info][gc,heap        ] GC(112) Survivor regions: 10->22(22)
[27.495s][info][gc,heap        ] GC(112) Old regions: 376->480
[27.495s][info][gc,heap        ] GC(112) Archive regions: 2->2
[27.495s][info][gc,heap        ] GC(112) Humongous regions: 35->35
[27.495s][info][gc,metaspace   ] GC(112) Metaspace: 2222K(2368K)->2222K(2368K) NonClass: 2026K(2112K)->2026K(2112K) Class: 195K(256K)->195K(256K)
[27.495s][info][gc             ] GC(112) Pause Young (Prepare Mixed) (G1 Evacuation Pause) 4694M->4302M(7240M) 153.003ms
[27.495s][info][gc,cpu         ] GC(112) User=1.20s Sys=0.13s Real=0.15s
[27.503s][info][gc,start       ] GC(113) Pause Young (Mixed) (G1 Evacuation Pause)
[27.503s][info][gc,task        ] GC(113) Using 9 workers of 9 for evacuation
[27.553s][info][gc,phases      ] GC(113)   Pre Evacuate Collection Set: 0.1ms
[27.553s][info][gc,phases      ] GC(113)   Merge Heap Roots: 0.2ms
[27.553s][info][gc,phases      ] GC(113)   Evacuate Collection Set: 49.5ms
[27.553s][info][gc,phases      ] GC(113)   Post Evacuate Collection Set: 0.2ms
[27.553s][info][gc,phases      ] GC(113)   Other: 0.0ms
[27.553s][info][gc,heap        ] GC(113) Eden regions: 23->0(92)
[27.553s][info][gc,heap        ] GC(113) Survivor regions: 22->6(6)
[27.553s][info][gc,heap        ] GC(113) Old regions: 480->518
[27.553s][info][gc,heap        ] GC(113) Archive regions: 2->2
[27.553s][info][gc,heap        ] GC(113) Humongous regions: 35->35
[27.553s][info][gc,metaspace   ] GC(113) Metaspace: 2222K(2368K)->2222K(2368K) NonClass: 2026K(2112K)->2026K(2112K) Class: 195K(256K)->195K(256K)
[27.553s][info][gc             ] GC(113) Pause Young (Mixed) (G1 Evacuation Pause) 4486M->4478M(7240M) 50.055ms
[27.553s][info][gc,cpu         ] GC(113) User=0.39s Sys=0.04s Real=0.05s
[27.583s][info][gc,start       ] GC(114) Pause Young (Concurrent Start) (G1 Evacuation Pause)
[27.583s][info][gc,task        ] GC(114) Using 9 workers of 9 for evacuation
[27.682s][info][gc,phases      ] GC(114)   Pre Evacuate Collection Set: 0.1ms
[27.682s][info][gc,phases      ] GC(114)   Merge Heap Roots: 0.2ms
[27.682s][info][gc,phases      ] GC(114)   Evacuate Collection Set: 98.3ms
[27.682s][info][gc,phases      ] GC(114)   Post Evacuate Collection Set: 0.2ms
[27.682s][info][gc,phases      ] GC(114)   Other: 0.1ms
[27.682s][info][gc,heap        ] GC(114) Eden regions: 92->0(52)
[27.682s][info][gc,heap        ] GC(114) Survivor regions: 6->13(13)
[27.682s][info][gc,heap        ] GC(114) Old regions: 518->605
[27.682s][info][gc,heap        ] GC(114) Archive regions: 2->2
[27.682s][info][gc,heap        ] GC(114) Humongous regions: 35->35
[27.682s][info][gc,metaspace   ] GC(114) Metaspace: 2222K(2368K)->2222K(2368K) NonClass: 2026K(2112K)->2026K(2112K) Class: 195K(256K)->195K(256K)
[27.682s][info][gc             ] GC(114) Pause Young (Concurrent Start) (G1 Evacuation Pause) 5214M->5230M(7240M) 98.942ms
[27.682s][info][gc,cpu         ] GC(114) User=0.75s Sys=0.09s Real=0.10s
[27.682s][info][gc             ] GC(115) Concurrent Mark Cycle
[27.682s][info][gc,marking     ] GC(115) Concurrent Clear Claimed Marks
[27.682s][info][gc,marking     ] GC(115) Concurrent Clear Claimed Marks 0.007ms
[27.682s][info][gc,marking     ] GC(115) Concurrent Scan Root Regions
[27.797s][info][gc,marking     ] GC(115) Concurrent Scan Root Regions 114.708ms
[27.797s][info][gc,marking     ] GC(115) Concurrent Mark
[27.797s][info][gc,start       ] GC(116) Pause Young (Normal) (G1 Evacuation Pause)
[27.797s][info][gc,marking     ] GC(115) Concurrent Mark From Roots
[27.797s][info][gc,task        ] GC(116) Using 9 workers of 9 for evacuation
[27.797s][info][gc,task        ] GC(115) Using 2 workers of 2 for marking
[27.861s][info][gc,phases      ] GC(116)   Pre Evacuate Collection Set: 55.2ms
[27.861s][info][gc,phases      ] GC(116)   Merge Heap Roots: 0.2ms
[27.861s][info][gc,phases      ] GC(116)   Evacuate Collection Set: 64.1ms
[27.861s][info][gc,phases      ] GC(116)   Post Evacuate Collection Set: 0.2ms
[27.861s][info][gc,phases      ] GC(116)   Other: 0.1ms
[27.861s][info][gc,heap        ] GC(116) Eden regions: 52->0(36)
[27.861s][info][gc,heap        ] GC(116) Survivor regions: 13->9(9)
[27.861s][info][gc,heap        ] GC(116) Old regions: 605->663
[27.861s][info][gc,heap        ] GC(116) Archive regions: 2->2
[27.861s][info][gc,heap        ] GC(116) Humongous regions: 35->35
[27.861s][info][gc,metaspace   ] GC(116) Metaspace: 2222K(2368K)->2222K(2368K) NonClass: 2026K(2112K)->2026K(2112K) Class: 195K(256K)->195K(256K)
[27.861s][info][gc             ] GC(116) Pause Young (Normal) (G1 Evacuation Pause) 5646M->5662M(7240M) 64.630ms
[27.861s][info][gc,cpu         ] GC(116) User=0.49s Sys=0.06s Real=0.07s
[27.895s][info][gc,start       ] GC(117) Pause Young (Normal) (G1 Evacuation Pause)
[27.895s][info][gc,task        ] GC(117) Using 9 workers of 9 for evacuation
[27.933s][info][gc,phases      ] GC(117)   Pre Evacuate Collection Set: 0.1ms
[27.933s][info][gc,phases      ] GC(117)   Merge Heap Roots: 0.1ms
[27.933s][info][gc,phases      ] GC(117)   Evacuate Collection Set: 37.2ms
[27.933s][info][gc,phases      ] GC(117)   Post Evacuate Collection Set: 0.6ms
[27.933s][info][gc,phases      ] GC(117)   Other: 0.1ms
[27.933s][info][gc,heap        ] GC(117) Eden regions: 36->0(98)
[27.933s][info][gc,heap        ] GC(117) Survivor regions: 9->6(6)
[27.933s][info][gc,heap        ] GC(117) Old regions: 663->704
[27.933s][info][gc,heap        ] GC(117) Archive regions: 2->2
[27.933s][info][gc,heap        ] GC(117) Humongous regions: 35->35
[27.933s][info][gc,metaspace   ] GC(117) Metaspace: 2222K(2368K)->2222K(2368K) NonClass: 2026K(2112K)->2026K(2112K) Class: 195K(256K)->195K(256K)
[27.933s][info][gc             ] GC(117) Pause Young (Normal) (G1 Evacuation Pause) 5950M->5966M(9264M) 38.132ms
[27.933s][info][gc,cpu         ] GC(117) User=0.33s Sys=0.01s Real=0.04s
[27.991s][info][gc,start       ] GC(118) Pause Young (Normal) (G1 Evacuation Pause)
[27.991s][info][gc,task        ] GC(118) Using 9 workers of 9 for evacuation
[28.097s][info][gc,phases      ] GC(118)   Pre Evacuate Collection Set: 0.1ms
[28.097s][info][gc,phases      ] GC(118)   Merge Heap Roots: 0.2ms
[28.097s][info][gc,phases      ] GC(118)   Evacuate Collection Set: 105.5ms
[28.097s][info][gc,phases      ] GC(118)   Post Evacuate Collection Set: 0.2ms
[28.097s][info][gc,phases      ] GC(118)   Other: 0.1ms
[28.097s][info][gc,heap        ] GC(118) Eden regions: 98->0(60)
[28.097s][info][gc,heap        ] GC(118) Survivor regions: 6->13(13)
[28.097s][info][gc,heap        ] GC(118) Old regions: 704->798
[28.097s][info][gc,heap        ] GC(118) Archive regions: 2->2
[28.097s][info][gc,heap        ] GC(118) Humongous regions: 35->35
[28.097s][info][gc,metaspace   ] GC(118) Metaspace: 2222K(2368K)->2222K(2368K) NonClass: 2026K(2112K)->2026K(2112K) Class: 195K(256K)->195K(256K)
[28.097s][info][gc             ] GC(118) Pause Young (Normal) (G1 Evacuation Pause) 6750M->6770M(9264M) 106.063ms
[28.097s][info][gc,cpu         ] GC(118) User=0.80s Sys=0.11s Real=0.10s
[28.127s][info][gc,start       ] GC(119) Pause Young (Normal) (G1 Evacuation Pause)
[28.127s][info][gc,task        ] GC(119) Using 9 workers of 9 for evacuation
[28.212s][info][gc,phases      ] GC(119)   Pre Evacuate Collection Set: 0.1ms
[28.212s][info][gc,phases      ] GC(119)   Merge Heap Roots: 0.2ms
[28.212s][info][gc,phases      ] GC(119)   Evacuate Collection Set: 84.4ms
[28.212s][info][gc,phases      ] GC(119)   Post Evacuate Collection Set: 0.1ms
[28.212s][info][gc,phases      ] GC(119)   Other: 0.1ms
[28.212s][info][gc,heap        ] GC(119) Eden regions: 60->0(47)
[28.212s][info][gc,heap        ] GC(119) Survivor regions: 13->10(10)
[28.212s][info][gc,heap        ] GC(119) Old regions: 798->862
[28.212s][info][gc,heap        ] GC(119) Archive regions: 2->2
[28.212s][info][gc,heap        ] GC(119) Humongous regions: 35->35
[28.212s][info][gc,metaspace   ] GC(119) Metaspace: 2222K(2368K)->2222K(2368K) NonClass: 2026K(2112K)->2026K(2112K) Class: 195K(256K)->195K(256K)
[28.212s][info][gc             ] GC(119) Pause Young (Normal) (G1 Evacuation Pause) 7250M->7262M(9264M) 84.950ms
[28.212s][info][gc,cpu         ] GC(119) User=0.54s Sys=0.07s Real=0.09s
[28.475s][info][gc,start       ] GC(120) Pause Young (Normal) (G1 Evacuation Pause)
[28.475s][info][gc,task        ] GC(120) Using 9 workers of 9 for evacuation
[28.544s][info][gc,phases      ] GC(120)   Pre Evacuate Collection Set: 0.1ms
[28.544s][info][gc,phases      ] GC(120)   Merge Heap Roots: 0.6ms
[28.544s][info][gc,phases      ] GC(120)   Evacuate Collection Set: 68.1ms
[28.544s][info][gc,phases      ] GC(120)   Post Evacuate Collection Set: 0.1ms
[28.544s][info][gc,phases      ] GC(120)   Other: 0.1ms
[28.544s][info][gc,heap        ] GC(120) Eden regions: 47->0(49)
[28.544s][info][gc,heap        ] GC(120) Survivor regions: 10->8(8)
[28.544s][info][gc,heap        ] GC(120) Old regions: 862->877
[28.544s][info][gc,heap        ] GC(120) Archive regions: 2->2
[28.544s][info][gc,heap        ] GC(120) Humongous regions: 82->82
[28.544s][info][gc,metaspace   ] GC(120) Metaspace: 2222K(2368K)->2222K(2368K) NonClass: 2026K(2112K)->2026K(2112K) Class: 195K(256K)->195K(256K)
[28.544s][info][gc             ] GC(120) Pause Young (Normal) (G1 Evacuation Pause) 8014M->7738M(9264M) 69.063ms
[28.544s][info][gc,cpu         ] GC(120) User=0.34s Sys=0.14s Real=0.07s
[28.768s][info][gc,start       ] GC(121) Pause Young (Normal) (G1 Evacuation Pause)
[28.768s][info][gc,task        ] GC(121) Using 9 workers of 9 for evacuation
[28.777s][info][gc,phases      ] GC(121)   Pre Evacuate Collection Set: 0.1ms
[28.777s][info][gc,phases      ] GC(121)   Merge Heap Roots: 0.1ms
[28.777s][info][gc,phases      ] GC(121)   Evacuate Collection Set: 8.1ms
[28.777s][info][gc,phases      ] GC(121)   Post Evacuate Collection Set: 0.7ms
[28.777s][info][gc,phases      ] GC(121)   Other: 0.1ms
[28.777s][info][gc,heap        ] GC(121) Eden regions: 49->0(74)
[28.777s][info][gc,heap        ] GC(121) Survivor regions: 8->0(8)
[28.777s][info][gc,heap        ] GC(121) Old regions: 877->886
[28.777s][info][gc,heap        ] GC(121) Archive regions: 2->2
[28.777s][info][gc,heap        ] GC(121) Humongous regions: 82->82
[28.777s][info][gc,metaspace   ] GC(121) Metaspace: 2222K(2368K)->2222K(2368K) NonClass: 2026K(2112K)->2026K(2112K) Class: 195K(256K)->195K(256K)
[28.777s][info][gc             ] GC(121) Pause Young (Normal) (G1 Evacuation Pause) 8130M->7750M(10480M) 9.147ms
[28.777s][info][gc,cpu         ] GC(121) User=0.06s Sys=0.01s Real=0.00s
[29.142s][info][gc,start       ] GC(122) Pause Young (Normal) (G1 Evacuation Pause)
[29.142s][info][gc,task        ] GC(122) Using 9 workers of 9 for evacuation
[29.142s][info][gc,phases      ] GC(122)   Pre Evacuate Collection Set: 0.1ms
[29.142s][info][gc,phases      ] GC(122)   Merge Heap Roots: 0.0ms
[29.142s][info][gc,phases      ] GC(122)   Evacuate Collection Set: 0.1ms
[29.142s][info][gc,phases      ] GC(122)   Post Evacuate Collection Set: 0.1ms
[29.142s][info][gc,phases      ] GC(122)   Other: 0.1ms
[29.142s][info][gc,heap        ] GC(122) Eden regions: 74->0(82)
[29.142s][info][gc,heap        ] GC(122) Survivor regions: 0->0(10)
[29.142s][info][gc,heap        ] GC(122) Old regions: 886->886
[29.142s][info][gc,heap        ] GC(122) Archive regions: 2->2
[29.142s][info][gc,heap        ] GC(122) Humongous regions: 82->82
[29.142s][info][gc,metaspace   ] GC(122) Metaspace: 2222K(2368K)->2222K(2368K) NonClass: 2026K(2112K)->2026K(2112K) Class: 195K(256K)->195K(256K)
[29.142s][info][gc             ] GC(122) Pause Young (Normal) (G1 Evacuation Pause) 8342M->7750M(10480M) 0.500ms
[29.142s][info][gc,cpu         ] GC(122) User=0.00s Sys=0.00s Real=0.00s
[29.262s][info][gc,marking     ] GC(115) Concurrent Mark From Roots 1465.214ms
[29.262s][info][gc,marking     ] GC(115) Concurrent Preclean
[29.262s][info][gc,marking     ] GC(115) Concurrent Preclean 0.021ms
[29.262s][info][gc,start       ] GC(115) Pause Remark
[29.263s][info][gc             ] GC(115) Pause Remark 7962M->7682M(12288M) 0.942ms
[29.263s][info][gc,cpu         ] GC(115) User=0.00s Sys=0.00s Real=0.00s
[29.263s][info][gc,marking     ] GC(115) Concurrent Mark 1466.294ms
[29.263s][info][gc,marking     ] GC(115) Concurrent Rebuild Remembered Sets
[29.657s][info][gc,start       ] GC(123) Pause Young (Normal) (G1 Evacuation Pause)
[29.657s][info][gc,task        ] GC(123) Using 9 workers of 9 for evacuation
[29.658s][info][gc,phases      ] GC(123)   Pre Evacuate Collection Set: 0.1ms
[29.658s][info][gc,phases      ] GC(123)   Merge Heap Roots: 0.0ms
[29.658s][info][gc,phases      ] GC(123)   Evacuate Collection Set: 0.5ms
[29.658s][info][gc,phases      ] GC(123)   Post Evacuate Collection Set: 0.2ms
[29.658s][info][gc,phases      ] GC(123)   Other: 0.1ms
[29.658s][info][gc,heap        ] GC(123) Eden regions: 82->0(176)
[29.658s][info][gc,heap        ] GC(123) Survivor regions: 0->0(11)
[29.658s][info][gc,heap        ] GC(123) Old regions: 886->886
[29.658s][info][gc,heap        ] GC(123) Archive regions: 2->2
[29.658s][info][gc,heap        ] GC(123) Humongous regions: 47->47
[29.658s][info][gc,metaspace   ] GC(123) Metaspace: 2222K(2368K)->2222K(2368K) NonClass: 2026K(2112K)->2026K(2112K) Class: 195K(256K)->195K(256K)
[29.658s][info][gc             ] GC(123) Pause Young (Normal) (G1 Evacuation Pause) 8126M->7470M(12288M) 0.925ms
[29.658s][info][gc,cpu         ] GC(123) User=0.00s Sys=0.00s Real=0.00s
[30.919s][info][gc,marking     ] GC(115) Concurrent Rebuild Remembered Sets 1655.855ms
[30.919s][info][gc,start       ] GC(115) Pause Cleanup
[30.919s][info][gc             ] GC(115) Pause Cleanup 8422M->8422M(12288M) 0.246ms
[30.919s][info][gc,cpu         ] GC(115) User=0.00s Sys=0.00s Real=0.00s
[30.919s][info][gc,marking     ] GC(115) Concurrent Cleanup for Next Mark
[30.962s][info][gc,marking     ] GC(115) Concurrent Cleanup for Next Mark 43.036ms
[30.962s][info][gc             ] GC(115) Concurrent Mark Cycle 3280.304ms
[31.577s][info][gc,start       ] GC(124) Pause Young (Prepare Mixed) (G1 Evacuation Pause)
[31.577s][info][gc,task        ] GC(124) Using 9 workers of 9 for evacuation
[31.577s][info][gc,phases      ] GC(124)   Pre Evacuate Collection Set: 0.1ms
[31.577s][info][gc,phases      ] GC(124)   Merge Heap Roots: 0.1ms
[31.577s][info][gc,phases      ] GC(124)   Evacuate Collection Set: 0.1ms
[31.577s][info][gc,phases      ] GC(124)   Post Evacuate Collection Set: 0.3ms
[31.578s][info][gc,phases      ] GC(124)   Other: 0.1ms
[31.578s][info][gc,heap        ] GC(124) Eden regions: 176->0(75)
[31.578s][info][gc,heap        ] GC(124) Survivor regions: 0->1(22)
[31.578s][info][gc,heap        ] GC(124) Old regions: 886->886
[31.578s][info][gc,heap        ] GC(124) Archive regions: 2->2
[31.578s][info][gc,heap        ] GC(124) Humongous regions: 47->47
[31.578s][info][gc,metaspace   ] GC(124) Metaspace: 2222K(2368K)->2222K(2368K) NonClass: 2026K(2112K)->2026K(2112K) Class: 195K(256K)->195K(256K)
[31.578s][info][gc             ] GC(124) Pause Young (Prepare Mixed) (G1 Evacuation Pause) 8878M->7470M(12288M) 0.770ms
[31.578s][info][gc,cpu         ] GC(124) User=0.00s Sys=0.00s Real=0.00s
[32.536s][info][gc,start       ] GC(125) Pause Young (Mixed) (G1 Evacuation Pause)
[32.536s][info][gc,task        ] GC(125) Using 9 workers of 9 for evacuation
[32.585s][info][gc,phases      ] GC(125)   Pre Evacuate Collection Set: 0.1ms
[32.585s][info][gc,phases      ] GC(125)   Merge Heap Roots: 0.0ms
[32.585s][info][gc,phases      ] GC(125)   Evacuate Collection Set: 48.4ms
[32.585s][info][gc,phases      ] GC(125)   Post Evacuate Collection Set: 0.2ms
[32.585s][info][gc,phases      ] GC(125)   Other: 0.1ms
[32.585s][info][gc,heap        ] GC(125) Eden regions: 75->0(102)
[32.585s][info][gc,heap        ] GC(125) Survivor regions: 1->10(10)
[32.585s][info][gc,heap        ] GC(125) Old regions: 886->906
[32.585s][info][gc,heap        ] GC(125) Archive regions: 2->2
[32.585s][info][gc,heap        ] GC(125) Humongous regions: 82->82
[32.585s][info][gc,metaspace   ] GC(125) Metaspace: 2222K(2368K)->2222K(2368K) NonClass: 2026K(2112K)->2026K(2112K) Class: 195K(256K)->195K(256K)
[32.585s][info][gc             ] GC(125) Pause Young (Mixed) (G1 Evacuation Pause) 8350M->7990M(12288M) 48.930ms
[32.585s][info][gc,cpu         ] GC(125) User=0.18s Sys=0.07s Real=0.05s
[32.828s][info][gc,start       ] GC(126) Pause Young (Concurrent Start) (G1 Evacuation Pause)
[32.828s][info][gc,task        ] GC(126) Using 9 workers of 9 for evacuation
[32.937s][info][gc,phases      ] GC(126)   Pre Evacuate Collection Set: 0.1ms
[32.937s][info][gc,phases      ] GC(126)   Merge Heap Roots: 0.1ms
[32.937s][info][gc,phases      ] GC(126)   Evacuate Collection Set: 109.0ms
[32.937s][info][gc,phases      ] GC(126)   Post Evacuate Collection Set: 0.1ms
[32.937s][info][gc,phases      ] GC(126)   Other: 0.1ms
[32.937s][info][gc,heap        ] GC(126) Eden regions: 102->0(129)
[32.937s][info][gc,heap        ] GC(126) Survivor regions: 10->14(14)
[32.937s][info][gc,heap        ] GC(126) Old regions: 906->966
[32.937s][info][gc,heap        ] GC(126) Archive regions: 2->2
[32.937s][info][gc,heap        ] GC(126) Humongous regions: 82->82
[32.937s][info][gc,metaspace   ] GC(126) Metaspace: 2222K(2368K)->2222K(2368K) NonClass: 2026K(2112K)->2026K(2112K) Class: 195K(256K)->195K(256K)
[32.938s][info][gc             ] GC(126) Pause Young (Concurrent Start) (G1 Evacuation Pause) 8806M->8495M(12288M) 109.668ms
[32.938s][info][gc,cpu         ] GC(126) User=0.57s Sys=0.17s Real=0.11s
[32.938s][info][gc             ] GC(127) Concurrent Mark Cycle
[32.938s][info][gc,marking     ] GC(127) Concurrent Clear Claimed Marks
[32.938s][info][gc,marking     ] GC(127) Concurrent Clear Claimed Marks 0.006ms
[32.938s][info][gc,marking     ] GC(127) Concurrent Scan Root Regions
[32.994s][info][gc,marking     ] GC(127) Concurrent Scan Root Regions 56.181ms
[32.994s][info][gc,marking     ] GC(127) Concurrent Mark
[32.994s][info][gc,marking     ] GC(127) Concurrent Mark From Roots
[32.994s][info][gc,task        ] GC(127) Using 2 workers of 2 for marking
[33.058s][info][gc,marking     ] GC(127) Concurrent Mark From Roots 64.421ms
[33.058s][info][gc,marking     ] GC(127) Concurrent Preclean
[33.058s][info][gc,marking     ] GC(127) Concurrent Preclean 0.020ms
[33.058s][info][gc,start       ] GC(127) Pause Remark
[33.062s][info][gc             ] GC(127) Pause Remark 8859M->1627M(5496M) 3.872ms
[33.062s][info][gc,cpu         ] GC(127) User=0.01s Sys=0.02s Real=0.00s
[33.062s][info][gc,marking     ] GC(127) Concurrent Mark 68.446ms
[33.062s][info][gc,marking     ] GC(127) Concurrent Rebuild Remembered Sets
[33.126s][info][gc,marking     ] GC(127) Concurrent Rebuild Remembered Sets 63.755ms
[33.126s][info][gc,start       ] GC(127) Pause Cleanup
[33.126s][info][gc             ] GC(127) Pause Cleanup 1775M->1775M(5496M) 0.132ms
[33.126s][info][gc,cpu         ] GC(127) User=0.00s Sys=0.00s Real=0.00s
[33.126s][info][gc,marking     ] GC(127) Concurrent Cleanup for Next Mark
[33.135s][info][gc,marking     ] GC(127) Concurrent Cleanup for Next Mark 8.521ms
[33.135s][info][gc             ] GC(127) Concurrent Mark Cycle 197.296ms
[33.239s][info][gc,start       ] GC(128) Pause Young (Prepare Mixed) (G1 Evacuation Pause)
[33.239s][info][gc,task        ] GC(128) Using 9 workers of 9 for evacuation
[33.323s][info][gc,phases      ] GC(128)   Pre Evacuate Collection Set: 0.1ms
[33.323s][info][gc,phases      ] GC(128)   Merge Heap Roots: 0.2ms
[33.323s][info][gc,phases      ] GC(128)   Evacuate Collection Set: 83.8ms
[33.323s][info][gc,phases      ] GC(128)   Post Evacuate Collection Set: 0.2ms
[33.323s][info][gc,phases      ] GC(128)   Other: 0.1ms
[33.323s][info][gc,heap        ] GC(128) Eden regions: 96->0(20)
[33.323s][info][gc,heap        ] GC(128) Survivor regions: 14->14(14)
[33.323s][info][gc,heap        ] GC(128) Old regions: 109->166
[33.323s][info][gc,heap        ] GC(128) Archive regions: 2->2
[33.323s][info][gc,heap        ] GC(128) Humongous regions: 35->35
[33.323s][info][gc,metaspace   ] GC(128) Metaspace: 2222K(2368K)->2222K(2368K) NonClass: 2026K(2112K)->2026K(2112K) Class: 195K(256K)->195K(256K)
[33.323s][info][gc             ] GC(128) Pause Young (Prepare Mixed) (G1 Evacuation Pause) 2031M->1719M(5496M) 84.398ms
[33.324s][info][gc,cpu         ] GC(128) User=0.58s Sys=0.14s Real=0.08s
[33.372s][info][gc,start       ] GC(129) Pause Young (Mixed) (G1 Evacuation Pause)
[33.372s][info][gc,task        ] GC(129) Using 9 workers of 9 for evacuation
[33.401s][info][gc,phases      ] GC(129)   Pre Evacuate Collection Set: 0.1ms
[33.401s][info][gc,phases      ] GC(129)   Merge Heap Roots: 0.1ms
[33.401s][info][gc,phases      ] GC(129)   Evacuate Collection Set: 28.8ms
[33.401s][info][gc,phases      ] GC(129)   Post Evacuate Collection Set: 0.1ms
[33.401s][info][gc,phases      ] GC(129)   Other: 0.1ms
[33.401s][info][gc,heap        ] GC(129) Eden regions: 20->0(129)
[33.401s][info][gc,heap        ] GC(129) Survivor regions: 14->5(5)
[33.401s][info][gc,heap        ] GC(129) Old regions: 166->187
[33.401s][info][gc,heap        ] GC(129) Archive regions: 2->2
[33.401s][info][gc,heap        ] GC(129) Humongous regions: 35->35
[33.401s][info][gc,metaspace   ] GC(129) Metaspace: 2222K(2368K)->2222K(2368K) NonClass: 2026K(2112K)->2026K(2112K) Class: 195K(256K)->195K(256K)
[33.401s][info][gc             ] GC(129) Pause Young (Mixed) (G1 Evacuation Pause) 1879M->1811M(5496M) 29.225ms
[33.401s][info][gc,cpu         ] GC(129) User=0.20s Sys=0.05s Real=0.03s
[33.720s][info][gc,start       ] GC(130) Pause Young (Concurrent Start) (G1 Evacuation Pause)
[33.720s][info][gc,task        ] GC(130) Using 9 workers of 9 for evacuation
[33.807s][info][gc,phases      ] GC(130)   Pre Evacuate Collection Set: 0.1ms
[33.807s][info][gc,phases      ] GC(130)   Merge Heap Roots: 0.2ms
[33.807s][info][gc,phases      ] GC(130)   Evacuate Collection Set: 86.4ms
[33.807s][info][gc,phases      ] GC(130)   Post Evacuate Collection Set: 0.2ms
[33.807s][info][gc,phases      ] GC(130)   Other: 0.1ms
[33.807s][info][gc,heap        ] GC(130) Eden regions: 129->0(127)
[33.807s][info][gc,heap        ] GC(130) Survivor regions: 5->17(17)
[33.807s][info][gc,heap        ] GC(130) Old regions: 187->251
[33.807s][info][gc,heap        ] GC(130) Archive regions: 2->2
[33.807s][info][gc,heap        ] GC(130) Humongous regions: 35->35
[33.807s][info][gc,metaspace   ] GC(130) Metaspace: 2222K(2368K)->2222K(2368K) NonClass: 2026K(2112K)->2026K(2112K) Class: 195K(256K)->195K(256K)
[33.807s][info][gc             ] GC(130) Pause Young (Concurrent Start) (G1 Evacuation Pause) 2843M->2423M(5496M) 87.051ms
[33.807s][info][gc,cpu         ] GC(130) User=0.67s Sys=0.08s Real=0.08s
[33.807s][info][gc             ] GC(131) Concurrent Mark Cycle
[33.807s][info][gc,marking     ] GC(131) Concurrent Clear Claimed Marks
[33.807s][info][gc,marking     ] GC(131) Concurrent Clear Claimed Marks 0.006ms
[33.807s][info][gc,marking     ] GC(131) Concurrent Scan Root Regions
[33.852s][info][gc,marking     ] GC(131) Concurrent Scan Root Regions 45.687ms
[33.853s][info][gc,marking     ] GC(131) Concurrent Mark
[33.853s][info][gc,marking     ] GC(131) Concurrent Mark From Roots
[33.853s][info][gc,task        ] GC(131) Using 2 workers of 2 for marking
[34.125s][info][gc,marking     ] GC(131) Concurrent Mark From Roots 272.499ms
[34.125s][info][gc,marking     ] GC(131) Concurrent Preclean
[34.125s][info][gc,marking     ] GC(131) Concurrent Preclean 0.016ms
[34.125s][info][gc,start       ] GC(131) Pause Remark
[34.126s][info][gc             ] GC(131) Pause Remark 3407M->3407M(5712M) 0.383ms
[34.126s][info][gc,cpu         ] GC(131) User=0.00s Sys=0.00s Real=0.00s
[34.126s][info][gc,marking     ] GC(131) Concurrent Mark 273.023ms
[34.126s][info][gc,marking     ] GC(131) Concurrent Rebuild Remembered Sets
[34.140s][info][gc,start       ] GC(132) Pause Young (Normal) (G1 Evacuation Pause)
[34.141s][info][gc,task        ] GC(132) Using 9 workers of 9 for evacuation
[34.228s][info][gc,phases      ] GC(132)   Pre Evacuate Collection Set: 0.1ms
[34.228s][info][gc,phases      ] GC(132)   Merge Heap Roots: 0.3ms
[34.228s][info][gc,phases      ] GC(132)   Evacuate Collection Set: 86.9ms
[34.228s][info][gc,phases      ] GC(132)   Post Evacuate Collection Set: 0.2ms
[34.228s][info][gc,phases      ] GC(132)   Other: 0.1ms
[34.228s][info][gc,heap        ] GC(132) Eden regions: 127->0(107)
[34.228s][info][gc,heap        ] GC(132) Survivor regions: 17->18(18)
[34.228s][info][gc,heap        ] GC(132) Old regions: 251->325
[34.228s][info][gc,heap        ] GC(132) Archive regions: 2->2
[34.228s][info][gc,heap        ] GC(132) Humongous regions: 35->35
[34.228s][info][gc,metaspace   ] GC(132) Metaspace: 2222K(2368K)->2222K(2368K) NonClass: 2026K(2112K)->2026K(2112K) Class: 195K(256K)->195K(256K)
[34.228s][info][gc             ] GC(132) Pause Young (Normal) (G1 Evacuation Pause) 3439M->3019M(5712M) 87.563ms
[34.228s][info][gc,cpu         ] GC(132) User=0.74s Sys=0.04s Real=0.08s
[34.508s][info][gc,start       ] GC(133) Pause Young (Normal) (G1 Evacuation Pause)
[34.508s][info][gc,task        ] GC(133) Using 9 workers of 9 for evacuation
[34.595s][info][gc,phases      ] GC(133)   Pre Evacuate Collection Set: 0.1ms
[34.595s][info][gc,phases      ] GC(133)   Merge Heap Roots: 0.2ms
[34.595s][info][gc,phases      ] GC(133)   Evacuate Collection Set: 86.2ms
[34.595s][info][gc,phases      ] GC(133)   Post Evacuate Collection Set: 0.2ms
[34.595s][info][gc,phases      ] GC(133)   Other: 0.1ms
[34.595s][info][gc,heap        ] GC(133) Eden regions: 107->0(83)
[34.595s][info][gc,heap        ] GC(133) Survivor regions: 18->16(16)
[34.595s][info][gc,heap        ] GC(133) Old regions: 325->390
[34.595s][info][gc,heap        ] GC(133) Archive regions: 2->2
[34.595s][info][gc,heap        ] GC(133) Humongous regions: 35->35
[34.595s][info][gc,metaspace   ] GC(133) Metaspace: 2222K(2368K)->2222K(2368K) NonClass: 2026K(2112K)->2026K(2112K) Class: 195K(256K)->195K(256K)
[34.595s][info][gc             ] GC(133) Pause Young (Normal) (G1 Evacuation Pause) 3875M->3527M(5712M) 86.838ms
[34.595s][info][gc,cpu         ] GC(133) User=0.70s Sys=0.05s Real=0.08s
[34.672s][info][gc,marking     ] GC(131) Concurrent Rebuild Remembered Sets 546.709ms
[34.672s][info][gc,start       ] GC(131) Pause Cleanup
[34.672s][info][gc             ] GC(131) Pause Cleanup 3747M->3747M(5712M) 0.095ms
[34.672s][info][gc,cpu         ] GC(131) User=0.01s Sys=0.00s Real=0.00s
[34.672s][info][gc,marking     ] GC(131) Concurrent Cleanup for Next Mark
[34.675s][info][gc,marking     ] GC(131) Concurrent Cleanup for Next Mark 2.532ms
[34.675s][info][gc             ] GC(131) Concurrent Mark Cycle 868.249ms
[34.805s][info][gc,start       ] GC(134) Pause Young (Prepare Mixed) (G1 Evacuation Pause)
[34.805s][info][gc,task        ] GC(134) Using 9 workers of 9 for evacuation
[34.871s][info][gc,phases      ] GC(134)   Pre Evacuate Collection Set: 0.1ms
[34.871s][info][gc,phases      ] GC(134)   Merge Heap Roots: 0.2ms
[34.871s][info][gc,phases      ] GC(134)   Evacuate Collection Set: 65.1ms
[34.871s][info][gc,phases      ] GC(134)   Post Evacuate Collection Set: 0.2ms
[34.871s][info][gc,phases      ] GC(134)   Other: 0.1ms
[34.871s][info][gc,heap        ] GC(134) Eden regions: 83->0(22)
[34.871s][info][gc,heap        ] GC(134) Survivor regions: 16->13(13)
[34.871s][info][gc,heap        ] GC(134) Old regions: 390->444
[34.871s][info][gc,heap        ] GC(134) Archive regions: 2->2
[34.871s][info][gc,heap        ] GC(134) Humongous regions: 35->35
[34.871s][info][gc,metaspace   ] GC(134) Metaspace: 2222K(2368K)->2222K(2368K) NonClass: 2026K(2112K)->2026K(2112K) Class: 195K(256K)->195K(256K)
[34.871s][info][gc             ] GC(134) Pause Young (Prepare Mixed) (G1 Evacuation Pause) 4191M->3931M(5712M) 65.638ms
[34.871s][info][gc,cpu         ] GC(134) User=0.55s Sys=0.02s Real=0.07s
[34.873s][info][gc,start       ] GC(135) Pause Young (Mixed) (G1 Evacuation Pause)
[34.873s][info][gc,task        ] GC(135) Using 9 workers of 9 for evacuation
[34.897s][info][gc,phases      ] GC(135)   Pre Evacuate Collection Set: 0.1ms
[34.897s][info][gc,phases      ] GC(135)   Merge Heap Roots: 0.1ms
[34.897s][info][gc,phases      ] GC(135)   Evacuate Collection Set: 22.6ms
[34.897s][info][gc,phases      ] GC(135)   Post Evacuate Collection Set: 0.7ms
[34.897s][info][gc,phases      ] GC(135)   Other: 0.0ms
[34.897s][info][gc,heap        ] GC(135) Eden regions: 22->0(168)
[34.897s][info][gc,heap        ] GC(135) Survivor regions: 13->5(5)
[34.897s][info][gc,heap        ] GC(135) Old regions: 444->474
[34.897s][info][gc,heap        ] GC(135) Archive regions: 2->2
[34.897s][info][gc,heap        ] GC(135) Humongous regions: 35->35
[34.897s][info][gc,metaspace   ] GC(135) Metaspace: 2222K(2368K)->2222K(2368K) NonClass: 2026K(2112K)->2026K(2112K) Class: 195K(256K)->195K(256K)
[34.897s][info][gc             ] GC(135) Pause Young (Mixed) (G1 Evacuation Pause) 4107M->4107M(8344M) 23.506ms
[34.897s][info][gc,cpu         ] GC(135) User=0.18s Sys=0.02s Real=0.02s
[36.225s][info][gc,start       ] GC(136) Pause Young (Concurrent Start) (G1 Evacuation Pause)
[36.225s][info][gc,task        ] GC(136) Using 9 workers of 9 for evacuation
[36.376s][info][gc,phases      ] GC(136)   Pre Evacuate Collection Set: 0.1ms
[36.376s][info][gc,phases      ] GC(136)   Merge Heap Roots: 0.2ms
[36.376s][info][gc,phases      ] GC(136)   Evacuate Collection Set: 150.6ms
[36.376s][info][gc,phases      ] GC(136)   Post Evacuate Collection Set: 0.2ms
[36.376s][info][gc,phases      ] GC(136)   Other: 0.1ms
[36.376s][info][gc,heap        ] GC(136) Eden regions: 168->0(90)
[36.376s][info][gc,heap        ] GC(136) Survivor regions: 5->22(22)
[36.376s][info][gc,heap        ] GC(136) Old regions: 474->624
[36.376s][info][gc,heap        ] GC(136) Archive regions: 2->2
[36.376s][info][gc,heap        ] GC(136) Humongous regions: 35->35
[36.376s][info][gc,metaspace   ] GC(136) Metaspace: 2223K(2368K)->2223K(2368K) NonClass: 2027K(2112K)->2027K(2112K) Class: 195K(256K)->195K(256K)
[36.376s][info][gc             ] GC(136) Pause Young (Concurrent Start) (G1 Evacuation Pause) 5451M->5443M(8344M) 151.289ms
[36.376s][info][gc,cpu         ] GC(136) User=1.28s Sys=0.06s Real=0.15s
[36.376s][info][gc             ] GC(137) Concurrent Mark Cycle
[36.376s][info][gc,marking     ] GC(137) Concurrent Clear Claimed Marks
[36.376s][info][gc,marking     ] GC(137) Concurrent Clear Claimed Marks 0.009ms
[36.376s][info][gc,marking     ] GC(137) Concurrent Scan Root Regions
[36.593s][info][gc,marking     ] GC(137) Concurrent Scan Root Regions 216.599ms
[36.593s][info][gc,start       ] GC(138) Pause Young (Normal) (G1 Evacuation Pause)
[36.593s][info][gc,marking     ] GC(137) Concurrent Mark
[36.593s][info][gc,task        ] GC(138) Using 9 workers of 9 for evacuation
[36.593s][info][gc,marking     ] GC(137) Concurrent Mark From Roots
[36.593s][info][gc,task        ] GC(137) Using 2 workers of 2 for marking
[36.724s][info][gc,phases      ] GC(138)   Pre Evacuate Collection Set: 127.9ms
[36.724s][info][gc,phases      ] GC(138)   Merge Heap Roots: 0.2ms
[36.724s][info][gc,phases      ] GC(138)   Evacuate Collection Set: 131.1ms
[36.724s][info][gc,phases      ] GC(138)   Post Evacuate Collection Set: 0.2ms
[36.724s][info][gc,phases      ] GC(138)   Other: 0.1ms
[36.724s][info][gc,heap        ] GC(138) Eden regions: 90->0(53)
[36.724s][info][gc,heap        ] GC(138) Survivor regions: 22->14(14)
[36.724s][info][gc,heap        ] GC(138) Old regions: 624->723
[36.724s][info][gc,heap        ] GC(138) Archive regions: 2->2
[36.724s][info][gc,heap        ] GC(138) Humongous regions: 35->35
[36.724s][info][gc,metaspace   ] GC(138) Metaspace: 2223K(2368K)->2223K(2368K) NonClass: 2027K(2112K)->2027K(2112K) Class: 195K(256K)->195K(256K)
[36.724s][info][gc             ] GC(138) Pause Young (Normal) (G1 Evacuation Pause) 6163M->6175M(8344M) 131.750ms
[36.724s][info][gc,cpu         ] GC(138) User=0.99s Sys=0.14s Real=0.13s
[36.750s][info][gc,start       ] GC(139) Pause Young (Normal) (G1 Evacuation Pause)
[36.750s][info][gc,task        ] GC(139) Using 9 workers of 9 for evacuation
[36.817s][info][gc,phases      ] GC(139)   Pre Evacuate Collection Set: 0.1ms
[36.817s][info][gc,phases      ] GC(139)   Merge Heap Roots: 0.2ms
[36.817s][info][gc,phases      ] GC(139)   Evacuate Collection Set: 66.3ms
[36.817s][info][gc,phases      ] GC(139)   Post Evacuate Collection Set: 0.1ms
[36.817s][info][gc,phases      ] GC(139)   Other: 0.1ms
[36.817s][info][gc,heap        ] GC(139) Eden regions: 53->0(43)
[36.817s][info][gc,heap        ] GC(139) Survivor regions: 14->9(9)
[36.817s][info][gc,heap        ] GC(139) Old regions: 723->784
[36.817s][info][gc,heap        ] GC(139) Archive regions: 2->2
[36.817s][info][gc,heap        ] GC(139) Humongous regions: 35->35
[36.817s][info][gc,metaspace   ] GC(139) Metaspace: 2223K(2368K)->2223K(2368K) NonClass: 2027K(2112K)->2027K(2112K) Class: 195K(256K)->195K(256K)
[36.817s][info][gc             ] GC(139) Pause Young (Normal) (G1 Evacuation Pause) 6599M->6619M(8344M) 66.785ms
[36.817s][info][gc,cpu         ] GC(139) User=0.51s Sys=0.06s Real=0.06s
[36.837s][info][gc,start       ] GC(140) Pause Young (Normal) (G1 Evacuation Pause)
[36.837s][info][gc,task        ] GC(140) Using 9 workers of 9 for evacuation
[36.887s][info][gc,phases      ] GC(140)   Pre Evacuate Collection Set: 0.1ms
[36.887s][info][gc,phases      ] GC(140)   Merge Heap Roots: 0.1ms
[36.887s][info][gc,phases      ] GC(140)   Evacuate Collection Set: 48.7ms
[36.887s][info][gc,phases      ] GC(140)   Post Evacuate Collection Set: 0.5ms
[36.887s][info][gc,phases      ] GC(140)   Other: 0.1ms
[36.887s][info][gc,heap        ] GC(140) Eden regions: 43->0(76)
[36.887s][info][gc,heap        ] GC(140) Survivor regions: 9->7(7)
[36.887s][info][gc,heap        ] GC(140) Old regions: 784->832
[36.887s][info][gc,heap        ] GC(140) Archive regions: 2->2
[36.887s][info][gc,heap        ] GC(140) Humongous regions: 35->35
[36.887s][info][gc,metaspace   ] GC(140) Metaspace: 2223K(2368K)->2223K(2368K) NonClass: 2027K(2112K)->2027K(2112K) Class: 195K(256K)->195K(256K)
[36.887s][info][gc             ] GC(140) Pause Young (Normal) (G1 Evacuation Pause) 6963M->6987M(9928M) 49.631ms
[36.887s][info][gc,cpu         ] GC(140) User=0.39s Sys=0.04s Real=0.05s
[37.077s][info][gc,start       ] GC(141) Pause Young (Normal) (G1 Evacuation Pause)
[37.077s][info][gc,task        ] GC(141) Using 9 workers of 9 for evacuation
[37.124s][info][gc,phases      ] GC(141)   Pre Evacuate Collection Set: 0.1ms
[37.124s][info][gc,phases      ] GC(141)   Merge Heap Roots: 0.1ms
[37.124s][info][gc,phases      ] GC(141)   Evacuate Collection Set: 46.1ms
[37.124s][info][gc,phases      ] GC(141)   Post Evacuate Collection Set: 0.2ms
[37.124s][info][gc,phases      ] GC(141)   Other: 0.1ms
[37.124s][info][gc,heap        ] GC(141) Eden regions: 76->0(51)
[37.124s][info][gc,heap        ] GC(141) Survivor regions: 7->11(11)
[37.124s][info][gc,heap        ] GC(141) Old regions: 832->875
[37.124s][info][gc,heap        ] GC(141) Archive regions: 2->2
[37.124s][info][gc,heap        ] GC(141) Humongous regions: 82->82
[37.124s][info][gc,metaspace   ] GC(141) Metaspace: 2225K(2368K)->2225K(2368K) NonClass: 2029K(2112K)->2029K(2112K) Class: 195K(256K)->195K(256K)
[37.124s][info][gc             ] GC(141) Pause Young (Normal) (G1 Evacuation Pause) 7971M->7743M(9928M) 46.850ms
[37.124s][info][gc,cpu         ] GC(141) User=0.40s Sys=0.02s Real=0.05s
[37.319s][info][gc,start       ] GC(142) Pause Young (Normal) (G1 Evacuation Pause)
[37.319s][info][gc,task        ] GC(142) Using 9 workers of 9 for evacuation
[37.346s][info][gc,phases      ] GC(142)   Pre Evacuate Collection Set: 0.1ms
[37.346s][info][gc,phases      ] GC(142)   Merge Heap Roots: 0.1ms
[37.346s][info][gc,phases      ] GC(142)   Evacuate Collection Set: 26.4ms
[37.346s][info][gc,phases      ] GC(142)   Post Evacuate Collection Set: 0.2ms
[37.346s][info][gc,phases      ] GC(142)   Other: 0.1ms
[37.346s][info][gc,heap        ] GC(142) Eden regions: 51->0(62)
[37.346s][info][gc,heap        ] GC(142) Survivor regions: 11->0(8)
[37.346s][info][gc,heap        ] GC(142) Old regions: 875->889
[37.346s][info][gc,heap        ] GC(142) Archive regions: 2->2
[37.346s][info][gc,heap        ] GC(142) Humongous regions: 82->82
[37.346s][info][gc,metaspace   ] GC(142) Metaspace: 2225K(2368K)->2225K(2368K) NonClass: 2029K(2112K)->2029K(2112K) Class: 195K(256K)->195K(256K)
[37.346s][info][gc             ] GC(142) Pause Young (Normal) (G1 Evacuation Pause) 8151M->7763M(9928M) 26.902ms
[37.346s][info][gc,cpu         ] GC(142) User=0.23s Sys=0.01s Real=0.02s
[37.597s][info][gc,start       ] GC(143) Pause Young (Normal) (G1 Evacuation Pause)
[37.597s][info][gc,task        ] GC(143) Using 9 workers of 9 for evacuation
[37.598s][info][gc,phases      ] GC(143)   Pre Evacuate Collection Set: 0.1ms
[37.598s][info][gc,phases      ] GC(143)   Merge Heap Roots: 0.0ms
[37.598s][info][gc,phases      ] GC(143)   Evacuate Collection Set: 0.1ms
[37.598s][info][gc,phases      ] GC(143)   Post Evacuate Collection Set: 0.1ms
[37.598s][info][gc,phases      ] GC(143)   Other: 0.1ms
[37.598s][info][gc,heap        ] GC(143) Eden regions: 62->0(62)
[37.598s][info][gc,heap        ] GC(143) Survivor regions: 0->0(8)
[37.598s][info][gc,heap        ] GC(143) Old regions: 889->889
[37.598s][info][gc,heap        ] GC(143) Archive regions: 2->2
[37.598s][info][gc,heap        ] GC(143) Humongous regions: 82->82
[37.598s][info][gc,metaspace   ] GC(143) Metaspace: 2225K(2368K)->2225K(2368K) NonClass: 2029K(2112K)->2029K(2112K) Class: 195K(256K)->195K(256K)
[37.598s][info][gc             ] GC(143) Pause Young (Normal) (G1 Evacuation Pause) 8259M->7763M(9928M) 0.560ms
[37.598s][info][gc,cpu         ] GC(143) User=0.00s Sys=0.00s Real=0.00s
[37.697s][info][gc,marking     ] GC(137) Concurrent Mark From Roots 1104.729ms
[37.697s][info][gc,marking     ] GC(137) Concurrent Preclean
[37.697s][info][gc,marking     ] GC(137) Concurrent Preclean 0.023ms
[37.697s][info][gc,start       ] GC(137) Pause Remark
[37.698s][info][gc             ] GC(137) Pause Remark 7975M->7695M(12288M) 0.993ms
[37.698s][info][gc,cpu         ] GC(137) User=0.00s Sys=0.01s Real=0.01s
[37.698s][info][gc,marking     ] GC(137) Concurrent Mark 1105.912ms
[37.698s][info][gc,marking     ] GC(137) Concurrent Rebuild Remembered Sets
[37.868s][info][gc,start       ] GC(144) Pause Young (Normal) (G1 Evacuation Pause)
[37.868s][info][gc,task        ] GC(144) Using 9 workers of 9 for evacuation
[37.869s][info][gc,phases      ] GC(144)   Pre Evacuate Collection Set: 0.2ms
[37.869s][info][gc,phases      ] GC(144)   Merge Heap Roots: 0.0ms
[37.869s][info][gc,phases      ] GC(144)   Evacuate Collection Set: 0.1ms
[37.869s][info][gc,phases      ] GC(144)   Post Evacuate Collection Set: 0.1ms
[37.869s][info][gc,phases      ] GC(144)   Other: 0.1ms
[37.869s][info][gc,heap        ] GC(144) Eden regions: 62->0(169)
[37.869s][info][gc,heap        ] GC(144) Survivor regions: 0->0(8)
[37.869s][info][gc,heap        ] GC(144) Old regions: 889->889
[37.869s][info][gc,heap        ] GC(144) Archive regions: 2->2
[37.869s][info][gc,heap        ] GC(144) Humongous regions: 47->47
[37.869s][info][gc,metaspace   ] GC(144) Metaspace: 2225K(2368K)->2225K(2368K) NonClass: 2029K(2112K)->2029K(2112K) Class: 195K(256K)->195K(256K)
[37.869s][info][gc             ] GC(144) Pause Young (Normal) (G1 Evacuation Pause) 7979M->7483M(12288M) 0.575ms
[37.869s][info][gc,cpu         ] GC(144) User=0.00s Sys=0.00s Real=0.01s
[39.225s][info][gc,marking     ] GC(137) Concurrent Rebuild Remembered Sets 1526.522ms
[39.225s][info][gc,start       ] GC(137) Pause Cleanup
[39.225s][info][gc             ] GC(137) Pause Cleanup 8748M->8748M(12288M) 0.227ms
[39.225s][info][gc,cpu         ] GC(137) User=0.00s Sys=0.00s Real=0.00s
[39.225s][info][gc,marking     ] GC(137) Concurrent Cleanup for Next Mark
[39.256s][info][gc,marking     ] GC(137) Concurrent Cleanup for Next Mark 30.579ms
[39.256s][info][gc             ] GC(137) Concurrent Mark Cycle 2880.059ms
[39.364s][info][gc,start       ] GC(145) Pause Young (Prepare Mixed) (G1 Evacuation Pause)
[39.364s][info][gc,task        ] GC(145) Using 9 workers of 9 for evacuation
[39.366s][info][gc,phases      ] GC(145)   Pre Evacuate Collection Set: 0.1ms
[39.366s][info][gc,phases      ] GC(145)   Merge Heap Roots: 0.0ms
[39.366s][info][gc,phases      ] GC(145)   Evacuate Collection Set: 1.3ms
[39.366s][info][gc,phases      ] GC(145)   Post Evacuate Collection Set: 0.6ms
[39.366s][info][gc,phases      ] GC(145)   Other: 0.1ms
[39.366s][info][gc,heap        ] GC(145) Eden regions: 169->0(75)
[39.366s][info][gc,heap        ] GC(145) Survivor regions: 0->1(22)
[39.366s][info][gc,heap        ] GC(145) Old regions: 889->889
[39.366s][info][gc,heap        ] GC(145) Archive regions: 2->2
[39.366s][info][gc,heap        ] GC(145) Humongous regions: 47->47
[39.366s][info][gc,metaspace   ] GC(145) Metaspace: 2225K(2368K)->2225K(2368K) NonClass: 2029K(2112K)->2029K(2112K) Class: 195K(256K)->195K(256K)
[39.366s][info][gc             ] GC(145) Pause Young (Prepare Mixed) (G1 Evacuation Pause) 8835M->7483M(12288M) 2.124ms
[39.366s][info][gc,cpu         ] GC(145) User=0.00s Sys=0.00s Real=0.00s
[40.642s][info][gc,start       ] GC(146) Pause Young (Mixed) (G1 Evacuation Pause)
[40.642s][info][gc,task        ] GC(146) Using 9 workers of 9 for evacuation
[40.643s][info][gc,phases      ] GC(146)   Pre Evacuate Collection Set: 0.1ms
[40.643s][info][gc,phases      ] GC(146)   Merge Heap Roots: 0.0ms
[40.643s][info][gc,phases      ] GC(146)   Evacuate Collection Set: 0.2ms
[40.643s][info][gc,phases      ] GC(146)   Post Evacuate Collection Set: 0.1ms
[40.643s][info][gc,phases      ] GC(146)   Other: 0.1ms
[40.643s][info][gc,heap        ] GC(146) Eden regions: 75->0(160)
[40.643s][info][gc,heap        ] GC(146) Survivor regions: 1->1(10)
[40.643s][info][gc,heap        ] GC(146) Old regions: 889->883
[40.643s][info][gc,heap        ] GC(146) Archive regions: 2->2
[40.643s][info][gc,heap        ] GC(146) Humongous regions: 82->82
[40.643s][info][gc,metaspace   ] GC(146) Metaspace: 2225K(2368K)->2225K(2368K) NonClass: 2029K(2112K)->2029K(2112K) Class: 195K(256K)->195K(256K)
[40.643s][info][gc             ] GC(146) Pause Young (Mixed) (G1 Evacuation Pause) 8363M->7715M(12288M) 0.595ms
[40.643s][info][gc,cpu         ] GC(146) User=0.00s Sys=0.00s Real=0.00s
[41.131s][info][gc,start       ] GC(147) Pause Young (Concurrent Start) (G1 Evacuation Pause)
[41.131s][info][gc,task        ] GC(147) Using 9 workers of 9 for evacuation
[41.300s][info][gc,phases      ] GC(147)   Pre Evacuate Collection Set: 0.1ms
[41.300s][info][gc,phases      ] GC(147)   Merge Heap Roots: 0.0ms
[41.300s][info][gc,phases      ] GC(147)   Evacuate Collection Set: 168.3ms
[41.300s][info][gc,phases      ] GC(147)   Post Evacuate Collection Set: 0.1ms
[41.300s][info][gc,phases      ] GC(147)   Other: 0.1ms
[41.300s][info][gc,heap        ] GC(147) Eden regions: 160->0(131)
[41.300s][info][gc,heap        ] GC(147) Survivor regions: 1->21(21)
[41.300s][info][gc,heap        ] GC(147) Old regions: 883->969
[41.300s][info][gc,heap        ] GC(147) Archive regions: 2->2
[41.300s][info][gc,heap        ] GC(147) Humongous regions: 82->82
[41.300s][info][gc,metaspace   ] GC(147) Metaspace: 2225K(2368K)->2225K(2368K) NonClass: 2029K(2112K)->2029K(2112K) Class: 195K(256K)->195K(256K)
[41.300s][info][gc             ] GC(147) Pause Young (Concurrent Start) (G1 Evacuation Pause) 8995M->8573M(12288M) 168.778ms
[41.300s][info][gc,cpu         ] GC(147) User=0.68s Sys=0.35s Real=0.17s
[41.300s][info][gc             ] GC(148) Concurrent Mark Cycle
[41.300s][info][gc,marking     ] GC(148) Concurrent Clear Claimed Marks
[41.300s][info][gc,marking     ] GC(148) Concurrent Clear Claimed Marks 0.007ms
[41.300s][info][gc,marking     ] GC(148) Concurrent Scan Root Regions
[41.387s][info][gc,marking     ] GC(148) Concurrent Scan Root Regions 87.163ms
[41.387s][info][gc,marking     ] GC(148) Concurrent Mark
[41.387s][info][gc,marking     ] GC(148) Concurrent Mark From Roots
[41.387s][info][gc,task        ] GC(148) Using 2 workers of 2 for marking
[41.392s][info][gc,marking     ] GC(148) Concurrent Mark From Roots 4.821ms
[41.392s][info][gc,marking     ] GC(148) Concurrent Preclean
[41.392s][info][gc,marking     ] GC(148) Concurrent Preclean 0.017ms
[41.392s][info][gc,start       ] GC(148) Pause Remark
[41.395s][info][gc             ] GC(148) Pause Remark 8845M->1636M(5496M) 2.838ms
[41.395s][info][gc,cpu         ] GC(148) User=0.00s Sys=0.01s Real=0.00s
[41.395s][info][gc,marking     ] GC(148) Concurrent Mark 7.798ms
[41.395s][info][gc,marking     ] GC(148) Concurrent Rebuild Remembered Sets
[41.455s][info][gc,marking     ] GC(148) Concurrent Rebuild Remembered Sets 60.453ms
[41.455s][info][gc,start       ] GC(148) Pause Cleanup
[41.456s][info][gc             ] GC(148) Pause Cleanup 1796M->1796M(5496M) 0.108ms
[41.456s][info][gc,cpu         ] GC(148) User=0.00s Sys=0.00s Real=0.00s
[41.456s][info][gc,marking     ] GC(148) Concurrent Cleanup for Next Mark
[41.459s][info][gc,marking     ] GC(148) Concurrent Cleanup for Next Mark 3.166ms
[41.459s][info][gc             ] GC(148) Concurrent Mark Cycle 158.895ms
[41.603s][info][gc,start       ] GC(149) Pause Young (Prepare Mixed) (G1 Evacuation Pause)
[41.603s][info][gc,task        ] GC(149) Using 9 workers of 9 for evacuation
[41.690s][info][gc,phases      ] GC(149)   Pre Evacuate Collection Set: 0.1ms
[41.690s][info][gc,phases      ] GC(149)   Merge Heap Roots: 0.2ms
[41.690s][info][gc,phases      ] GC(149)   Evacuate Collection Set: 86.4ms
[41.690s][info][gc,phases      ] GC(149)   Post Evacuate Collection Set: 0.2ms
[41.690s][info][gc,phases      ] GC(149)   Other: 0.1ms
[41.690s][info][gc,heap        ] GC(149) Eden regions: 111->0(17)
[41.690s][info][gc,heap        ] GC(149) Survivor regions: 21->17(17)
[41.690s][info][gc,heap        ] GC(149) Old regions: 114->184
[41.690s][info][gc,heap        ] GC(149) Archive regions: 2->2
[41.690s][info][gc,heap        ] GC(149) Humongous regions: 35->35
[41.690s][info][gc,metaspace   ] GC(149) Metaspace: 2225K(2368K)->2225K(2368K) NonClass: 2029K(2112K)->2029K(2112K) Class: 195K(256K)->195K(256K)
[41.690s][info][gc             ] GC(149) Pause Young (Prepare Mixed) (G1 Evacuation Pause) 2252M->1888M(5496M) 86.995ms
[41.690s][info][gc,cpu         ] GC(149) User=0.72s Sys=0.05s Real=0.09s
[41.732s][info][gc,start       ] GC(150) Pause Young (Mixed) (G1 Evacuation Pause)
[41.732s][info][gc,task        ] GC(150) Using 9 workers of 9 for evacuation
[41.756s][info][gc,phases      ] GC(150)   Pre Evacuate Collection Set: 0.1ms
[41.756s][info][gc,phases      ] GC(150)   Merge Heap Roots: 0.1ms
[41.756s][info][gc,phases      ] GC(150)   Evacuate Collection Set: 23.6ms
[41.756s][info][gc,phases      ] GC(150)   Post Evacuate Collection Set: 0.1ms
[41.756s][info][gc,phases      ] GC(150)   Other: 0.1ms
[41.756s][info][gc,heap        ] GC(150) Eden regions: 17->0(151)
[41.756s][info][gc,heap        ] GC(150) Survivor regions: 17->5(5)
[41.756s][info][gc,heap        ] GC(150) Old regions: 184->205
[41.756s][info][gc,heap        ] GC(150) Archive regions: 2->2
[41.756s][info][gc,heap        ] GC(150) Humongous regions: 35->35
[41.756s][info][gc,metaspace   ] GC(150) Metaspace: 2225K(2368K)->2225K(2368K) NonClass: 2029K(2112K)->2029K(2112K) Class: 195K(256K)->195K(256K)
[41.756s][info][gc             ] GC(150) Pause Young (Mixed) (G1 Evacuation Pause) 2024M->1960M(5496M) 24.019ms
[41.756s][info][gc,cpu         ] GC(150) User=0.20s Sys=0.01s Real=0.02s
[42.119s][info][gc,start       ] GC(151) Pause Young (Concurrent Start) (G1 Evacuation Pause)
[42.119s][info][gc,task        ] GC(151) Using 9 workers of 9 for evacuation
[42.219s][info][gc,phases      ] GC(151)   Pre Evacuate Collection Set: 0.1ms
[42.219s][info][gc,phases      ] GC(151)   Merge Heap Roots: 0.2ms
[42.219s][info][gc,phases      ] GC(151)   Evacuate Collection Set: 99.1ms
[42.219s][info][gc,phases      ] GC(151)   Post Evacuate Collection Set: 0.2ms
[42.219s][info][gc,phases      ] GC(151)   Other: 0.1ms
[42.219s][info][gc,heap        ] GC(151) Eden regions: 151->0(118)
[42.219s][info][gc,heap        ] GC(151) Survivor regions: 5->20(20)
[42.219s][info][gc,heap        ] GC(151) Old regions: 205->278
[42.219s][info][gc,heap        ] GC(151) Archive regions: 2->2
[42.219s][info][gc,heap        ] GC(151) Humongous regions: 35->35
[42.219s][info][gc,metaspace   ] GC(151) Metaspace: 2225K(2368K)->2225K(2368K) NonClass: 2029K(2112K)->2029K(2112K) Class: 195K(256K)->195K(256K)
[42.219s][info][gc             ] GC(151) Pause Young (Concurrent Start) (G1 Evacuation Pause) 3168M->2668M(5496M) 99.797ms
[42.219s][info][gc,cpu         ] GC(151) User=0.81s Sys=0.07s Real=0.10s
[42.219s][info][gc             ] GC(152) Concurrent Mark Cycle
[42.219s][info][gc,marking     ] GC(152) Concurrent Clear Claimed Marks
[42.219s][info][gc,marking     ] GC(152) Concurrent Clear Claimed Marks 0.007ms
[42.219s][info][gc,marking     ] GC(152) Concurrent Scan Root Regions
[42.272s][info][gc,marking     ] GC(152) Concurrent Scan Root Regions 52.997ms
[42.272s][info][gc,marking     ] GC(152) Concurrent Mark
[42.272s][info][gc,marking     ] GC(152) Concurrent Mark From Roots
[42.272s][info][gc,task        ] GC(152) Using 2 workers of 2 for marking
[42.525s][info][gc,start       ] GC(153) Pause Young (Normal) (G1 Evacuation Pause)
[42.525s][info][gc,task        ] GC(153) Using 9 workers of 9 for evacuation
[42.630s][info][gc,phases      ] GC(153)   Pre Evacuate Collection Set: 0.1ms
[42.630s][info][gc,phases      ] GC(153)   Merge Heap Roots: 0.2ms
[42.630s][info][gc,phases      ] GC(153)   Evacuate Collection Set: 104.9ms
[42.630s][info][gc,phases      ] GC(153)   Post Evacuate Collection Set: 0.2ms
[42.630s][info][gc,phases      ] GC(153)   Other: 0.1ms
[42.630s][info][gc,heap        ] GC(153) Eden regions: 118->0(89)
[42.630s][info][gc,heap        ] GC(153) Survivor regions: 20->18(18)
[42.631s][info][gc,heap        ] GC(153) Old regions: 278->350
[42.631s][info][gc,heap        ] GC(153) Archive regions: 2->2
[42.631s][info][gc,heap        ] GC(153) Humongous regions: 35->35
[42.631s][info][gc,metaspace   ] GC(153) Metaspace: 2225K(2368K)->2225K(2368K) NonClass: 2029K(2112K)->2029K(2112K) Class: 195K(256K)->195K(256K)
[42.631s][info][gc             ] GC(153) Pause Young (Normal) (G1 Evacuation Pause) 3612M->3224M(5496M) 105.481ms
[42.631s][info][gc,cpu         ] GC(153) User=0.72s Sys=0.17s Real=0.11s
[42.696s][info][gc,marking     ] GC(152) Concurrent Mark From Roots 423.512ms
[42.696s][info][gc,marking     ] GC(152) Concurrent Preclean
[42.696s][info][gc,marking     ] GC(152) Concurrent Preclean 0.024ms
[42.696s][info][gc,start       ] GC(152) Pause Remark
[42.696s][info][gc             ] GC(152) Pause Remark 3432M->3432M(5752M) 0.422ms
[42.696s][info][gc,cpu         ] GC(152) User=0.00s Sys=0.00s Real=0.00s
[42.696s][info][gc,marking     ] GC(152) Concurrent Mark 424.122ms
[42.696s][info][gc,marking     ] GC(152) Concurrent Rebuild Remembered Sets
[42.888s][info][gc,start       ] GC(154) Pause Young (Normal) (G1 Evacuation Pause)
[42.888s][info][gc,task        ] GC(154) Using 9 workers of 9 for evacuation
[42.970s][info][gc,phases      ] GC(154)   Pre Evacuate Collection Set: 0.1ms
[42.970s][info][gc,phases      ] GC(154)   Merge Heap Roots: 0.2ms
[42.970s][info][gc,phases      ] GC(154)   Evacuate Collection Set: 81.6ms
[42.970s][info][gc,phases      ] GC(154)   Post Evacuate Collection Set: 0.2ms
[42.970s][info][gc,phases      ] GC(154)   Other: 0.1ms
[42.970s][info][gc,heap        ] GC(154) Eden regions: 89->0(79)
[42.970s][info][gc,heap        ] GC(154) Survivor regions: 18->14(14)
[42.970s][info][gc,heap        ] GC(154) Old regions: 350->407
[42.970s][info][gc,heap        ] GC(154) Archive regions: 2->2
[42.970s][info][gc,heap        ] GC(154) Humongous regions: 35->35
[42.970s][info][gc,metaspace   ] GC(154) Metaspace: 2225K(2368K)->2225K(2368K) NonClass: 2029K(2112K)->2029K(2112K) Class: 195K(256K)->195K(256K)
[42.971s][info][gc             ] GC(154) Pause Young (Normal) (G1 Evacuation Pause) 3936M->3648M(5752M) 82.161ms
[42.971s][info][gc,cpu         ] GC(154) User=0.59s Sys=0.12s Real=0.08s
[43.126s][info][gc,start       ] GC(155) Pause Young (Normal) (G1 Evacuation Pause)
[43.126s][info][gc,task        ] GC(155) Using 9 workers of 9 for evacuation
[43.179s][info][gc,phases      ] GC(155)   Pre Evacuate Collection Set: 0.1ms
[43.179s][info][gc,phases      ] GC(155)   Merge Heap Roots: 0.2ms
[43.179s][info][gc,phases      ] GC(155)   Evacuate Collection Set: 51.7ms
[43.179s][info][gc,phases      ] GC(155)   Post Evacuate Collection Set: 0.7ms
[43.179s][info][gc,phases      ] GC(155)   Other: 0.1ms
[43.179s][info][gc,heap        ] GC(155) Eden regions: 79->0(159)
[43.179s][info][gc,heap        ] GC(155) Survivor regions: 14->12(12)
[43.179s][info][gc,heap        ] GC(155) Old regions: 407->464
[43.179s][info][gc,heap        ] GC(155) Archive regions: 2->2
[43.179s][info][gc,heap        ] GC(155) Humongous regions: 35->35
[43.179s][info][gc,metaspace   ] GC(155) Metaspace: 2225K(2368K)->2225K(2368K) NonClass: 2029K(2112K)->2029K(2112K) Class: 195K(256K)->195K(256K)
[43.179s][info][gc             ] GC(155) Pause Young (Normal) (G1 Evacuation Pause) 4280M->4092M(8120M) 52.768ms
[43.179s][info][gc,cpu         ] GC(155) User=0.46s Sys=0.01s Real=0.06s
[43.364s][info][gc,marking     ] GC(152) Concurrent Rebuild Remembered Sets 667.517ms
[43.364s][info][gc,start       ] GC(152) Pause Cleanup
[43.364s][info][gc             ] GC(152) Pause Cleanup 4316M->4316M(8120M) 0.117ms
[43.364s][info][gc,cpu         ] GC(152) User=0.00s Sys=0.00s Real=0.00s
[43.364s][info][gc,marking     ] GC(152) Concurrent Cleanup for Next Mark
[43.368s][info][gc,marking     ] GC(152) Concurrent Cleanup for Next Mark 3.907ms
[43.368s][info][gc             ] GC(152) Concurrent Mark Cycle 1148.851ms
[44.517s][info][gc,start       ] GC(156) Pause Young (Prepare Mixed) (G1 Evacuation Pause)
[44.517s][info][gc,task        ] GC(156) Using 9 workers of 9 for evacuation
[44.635s][info][gc,phases      ] GC(156)   Pre Evacuate Collection Set: 0.1ms
[44.635s][info][gc,phases      ] GC(156)   Merge Heap Roots: 0.2ms
[44.635s][info][gc,phases      ] GC(156)   Evacuate Collection Set: 117.3ms
[44.635s][info][gc,phases      ] GC(156)   Post Evacuate Collection Set: 0.2ms
[44.635s][info][gc,phases      ] GC(156)   Other: 0.1ms
[44.635s][info][gc,heap        ] GC(156) Eden regions: 159->0(28)
[44.635s][info][gc,heap        ] GC(156) Survivor regions: 12->22(22)
[44.635s][info][gc,heap        ] GC(156) Old regions: 464->614
[44.635s][info][gc,heap        ] GC(156) Archive regions: 2->2
[44.635s][info][gc,heap        ] GC(156) Humongous regions: 35->35
[44.635s][info][gc,metaspace   ] GC(156) Metaspace: 2226K(2368K)->2226K(2368K) NonClass: 2030K(2112K)->2030K(2112K) Class: 195K(256K)->195K(256K)
[44.635s][info][gc             ] GC(156) Pause Young (Prepare Mixed) (G1 Evacuation Pause) 5364M->5372M(8120M) 118.016ms
[44.635s][info][gc,cpu         ] GC(156) User=1.03s Sys=0.02s Real=0.12s
[44.643s][info][gc,start       ] GC(157) Pause Young (Mixed) (G1 Evacuation Pause)
[44.643s][info][gc,task        ] GC(157) Using 9 workers of 9 for evacuation
[44.693s][info][gc,phases      ] GC(157)   Pre Evacuate Collection Set: 0.1ms
[44.693s][info][gc,phases      ] GC(157)   Merge Heap Roots: 0.1ms
[44.693s][info][gc,phases      ] GC(157)   Evacuate Collection Set: 49.1ms
[44.693s][info][gc,phases      ] GC(157)   Post Evacuate Collection Set: 0.2ms
[44.693s][info][gc,phases      ] GC(157)   Other: 0.1ms
[44.693s][info][gc,heap        ] GC(157) Eden regions: 28->0(74)
[44.693s][info][gc,heap        ] GC(157) Survivor regions: 22->7(7)
[44.693s][info][gc,heap        ] GC(157) Old regions: 614->655
[44.693s][info][gc,heap        ] GC(157) Archive regions: 2->2
[44.693s][info][gc,heap        ] GC(157) Humongous regions: 35->35
[44.693s][info][gc,metaspace   ] GC(157) Metaspace: 2226K(2368K)->2226K(2368K) NonClass: 2030K(2112K)->2030K(2112K) Class: 195K(256K)->195K(256K)
[44.693s][info][gc             ] GC(157) Pause Young (Mixed) (G1 Evacuation Pause) 5596M->5580M(8120M) 49.597ms
[44.693s][info][gc,cpu         ] GC(157) User=0.40s Sys=0.03s Real=0.05s
[44.715s][info][gc,start       ] GC(158) Pause Young (Concurrent Start) (G1 Evacuation Pause)
[44.715s][info][gc,task        ] GC(158) Using 9 workers of 9 for evacuation
[44.799s][info][gc,phases      ] GC(158)   Pre Evacuate Collection Set: 0.1ms
[44.799s][info][gc,phases      ] GC(158)   Merge Heap Roots: 0.2ms
[44.799s][info][gc,phases      ] GC(158)   Evacuate Collection Set: 82.8ms
[44.799s][info][gc,phases      ] GC(158)   Post Evacuate Collection Set: 0.2ms
[44.799s][info][gc,phases      ] GC(158)   Other: 0.1ms
[44.799s][info][gc,heap        ] GC(158) Eden regions: 74->0(43)
[44.799s][info][gc,heap        ] GC(158) Survivor regions: 7->11(11)
[44.799s][info][gc,heap        ] GC(158) Old regions: 655->728
[44.799s][info][gc,heap        ] GC(158) Archive regions: 2->2
[44.799s][info][gc,heap        ] GC(158) Humongous regions: 35->35
[44.799s][info][gc,metaspace   ] GC(158) Metaspace: 2226K(2368K)->2226K(2368K) NonClass: 2030K(2112K)->2030K(2112K) Class: 195K(256K)->195K(256K)
[44.799s][info][gc             ] GC(158) Pause Young (Concurrent Start) (G1 Evacuation Pause) 6172M->6192M(8120M) 83.424ms
[44.799s][info][gc,cpu         ] GC(158) User=0.63s Sys=0.09s Real=0.09s
[44.799s][info][gc             ] GC(159) Concurrent Mark Cycle
[44.799s][info][gc,marking     ] GC(159) Concurrent Clear Claimed Marks
[44.799s][info][gc,marking     ] GC(159) Concurrent Clear Claimed Marks 0.008ms
[44.799s][info][gc,marking     ] GC(159) Concurrent Scan Root Regions
[44.858s][info][gc,marking     ] GC(159) Concurrent Scan Root Regions 58.704ms
[44.858s][info][gc,start       ] GC(160) Pause Young (Normal) (G1 Evacuation Pause)
[44.858s][info][gc,marking     ] GC(159) Concurrent Mark
[44.858s][info][gc,task        ] GC(160) Using 9 workers of 9 for evacuation
[44.858s][info][gc,marking     ] GC(159) Concurrent Mark From Roots
[44.858s][info][gc,task        ] GC(159) Using 2 workers of 2 for marking
[44.912s][info][gc,phases      ] GC(160)   Pre Evacuate Collection Set: 39.2ms
[44.912s][info][gc,phases      ] GC(160)   Merge Heap Roots: 0.1ms
[44.912s][info][gc,phases      ] GC(160)   Evacuate Collection Set: 53.9ms
[44.912s][info][gc,phases      ] GC(160)   Post Evacuate Collection Set: 0.1ms
[44.912s][info][gc,phases      ] GC(160)   Other: 0.1ms
[44.912s][info][gc,heap        ] GC(160) Eden regions: 43->0(43)
[44.912s][info][gc,heap        ] GC(160) Survivor regions: 11->7(7)
[44.912s][info][gc,heap        ] GC(160) Old regions: 728->776
[44.912s][info][gc,heap        ] GC(160) Archive regions: 2->2
[44.912s][info][gc,heap        ] GC(160) Humongous regions: 35->35
[44.912s][info][gc,metaspace   ] GC(160) Metaspace: 2226K(2368K)->2226K(2368K) NonClass: 2030K(2112K)->2030K(2112K) Class: 195K(256K)->195K(256K)
[44.912s][info][gc             ] GC(160) Pause Young (Normal) (G1 Evacuation Pause) 6536M->6548M(8120M) 54.318ms
[44.912s][info][gc,cpu         ] GC(160) User=0.41s Sys=0.06s Real=0.06s
[44.931s][info][gc,start       ] GC(161) Pause Young (Normal) (G1 Evacuation Pause)
[44.931s][info][gc,task        ] GC(161) Using 9 workers of 9 for evacuation
[44.977s][info][gc,phases      ] GC(161)   Pre Evacuate Collection Set: 0.1ms
[44.977s][info][gc,phases      ] GC(161)   Merge Heap Roots: 0.1ms
[44.977s][info][gc,phases      ] GC(161)   Evacuate Collection Set: 44.9ms
[44.977s][info][gc,phases      ] GC(161)   Post Evacuate Collection Set: 0.6ms
[44.977s][info][gc,phases      ] GC(161)   Other: 0.1ms
[44.977s][info][gc,heap        ] GC(161) Eden regions: 43->0(75)
[44.977s][info][gc,heap        ] GC(161) Survivor regions: 7->7(7)
[44.977s][info][gc,heap        ] GC(161) Old regions: 776->822
[44.977s][info][gc,heap        ] GC(161) Archive regions: 2->2
[44.977s][info][gc,heap        ] GC(161) Humongous regions: 35->35
[44.977s][info][gc,metaspace   ] GC(161) Metaspace: 2226K(2368K)->2226K(2368K) NonClass: 2030K(2112K)->2030K(2112K) Class: 195K(256K)->195K(256K)
[44.977s][info][gc             ] GC(161) Pause Young (Normal) (G1 Evacuation Pause) 6892M->6912M(9792M) 45.815ms
[44.977s][info][gc,cpu         ] GC(161) User=0.38s Sys=0.02s Real=0.04s
[45.112s][info][gc,start       ] GC(162) Pause Young (Normal) (G1 Evacuation Pause)
[45.112s][info][gc,task        ] GC(162) Using 9 workers of 9 for evacuation
[45.169s][info][gc,phases      ] GC(162)   Pre Evacuate Collection Set: 0.1ms
[45.169s][info][gc,phases      ] GC(162)   Merge Heap Roots: 0.1ms
[45.169s][info][gc,phases      ] GC(162)   Evacuate Collection Set: 56.6ms
[45.169s][info][gc,phases      ] GC(162)   Post Evacuate Collection Set: 0.1ms
[45.169s][info][gc,phases      ] GC(162)   Other: 0.1ms
[45.169s][info][gc,heap        ] GC(162) Eden regions: 75->0(50)
[45.169s][info][gc,heap        ] GC(162) Survivor regions: 7->11(11)
[45.169s][info][gc,heap        ] GC(162) Old regions: 822->877
[45.169s][info][gc,heap        ] GC(162) Archive regions: 2->2
[45.169s][info][gc,heap        ] GC(162) Humongous regions: 82->82
[45.169s][info][gc,metaspace   ] GC(162) Metaspace: 2226K(2368K)->2226K(2368K) NonClass: 2030K(2112K)->2030K(2112K) Class: 195K(256K)->195K(256K)
[45.169s][info][gc             ] GC(162) Pause Young (Normal) (G1 Evacuation Pause) 7888M->7764M(9792M) 57.202ms
[45.169s][info][gc,cpu         ] GC(162) User=0.49s Sys=0.01s Real=0.06s
[45.356s][info][gc,start       ] GC(163) Pause Young (Normal) (G1 Evacuation Pause)
[45.356s][info][gc,task        ] GC(163) Using 9 workers of 9 for evacuation
[45.368s][info][gc,phases      ] GC(163)   Pre Evacuate Collection Set: 0.1ms
[45.368s][info][gc,phases      ] GC(163)   Merge Heap Roots: 0.1ms
[45.368s][info][gc,phases      ] GC(163)   Evacuate Collection Set: 12.0ms
[45.368s][info][gc,phases      ] GC(163)   Post Evacuate Collection Set: 0.1ms
[45.368s][info][gc,phases      ] GC(163)   Other: 0.1ms
[45.368s][info][gc,heap        ] GC(163) Eden regions: 50->0(61)
[45.368s][info][gc,heap        ] GC(163) Survivor regions: 11->0(8)
[45.368s][info][gc,heap        ] GC(163) Old regions: 877->890
[45.368s][info][gc,heap        ] GC(163) Archive regions: 2->2
[45.368s][info][gc,heap        ] GC(163) Humongous regions: 82->82
[45.368s][info][gc,metaspace   ] GC(163) Metaspace: 2226K(2368K)->2226K(2368K) NonClass: 2030K(2112K)->2030K(2112K) Class: 195K(256K)->195K(256K)
[45.368s][info][gc             ] GC(163) Pause Young (Normal) (G1 Evacuation Pause) 8164M->7776M(9792M) 12.384ms
[45.368s][info][gc,cpu         ] GC(163) User=0.10s Sys=0.01s Real=0.02s
[45.606s][info][gc,start       ] GC(164) Pause Young (Normal) (G1 Evacuation Pause)
[45.606s][info][gc,task        ] GC(164) Using 9 workers of 9 for evacuation
[45.606s][info][gc,phases      ] GC(164)   Pre Evacuate Collection Set: 0.1ms
[45.606s][info][gc,phases      ] GC(164)   Merge Heap Roots: 0.0ms
[45.606s][info][gc,phases      ] GC(164)   Evacuate Collection Set: 0.1ms
[45.606s][info][gc,phases      ] GC(164)   Post Evacuate Collection Set: 0.1ms
[45.606s][info][gc,phases      ] GC(164)   Other: 0.1ms
[45.606s][info][gc,heap        ] GC(164) Eden regions: 61->0(61)
[45.606s][info][gc,heap        ] GC(164) Survivor regions: 0->0(8)
[45.606s][info][gc,heap        ] GC(164) Old regions: 890->890
[45.606s][info][gc,heap        ] GC(164) Archive regions: 2->2
[45.606s][info][gc,heap        ] GC(164) Humongous regions: 82->82
[45.606s][info][gc,metaspace   ] GC(164) Metaspace: 2226K(2368K)->2226K(2368K) NonClass: 2030K(2112K)->2030K(2112K) Class: 195K(256K)->195K(256K)
[45.606s][info][gc             ] GC(164) Pause Young (Normal) (G1 Evacuation Pause) 8264M->7776M(9792M) 0.463ms
[45.606s][info][gc,cpu         ] GC(164) User=0.00s Sys=0.00s Real=0.00s
[45.847s][info][gc,start       ] GC(165) Pause Young (Normal) (G1 Evacuation Pause)
[45.847s][info][gc,task        ] GC(165) Using 9 workers of 9 for evacuation
[45.847s][info][gc,phases      ] GC(165)   Pre Evacuate Collection Set: 0.1ms
[45.847s][info][gc,phases      ] GC(165)   Merge Heap Roots: 0.0ms
[45.847s][info][gc,phases      ] GC(165)   Evacuate Collection Set: 0.1ms
[45.847s][info][gc,phases      ] GC(165)   Post Evacuate Collection Set: 0.1ms
[45.847s][info][gc,phases      ] GC(165)   Other: 0.1ms
[45.847s][info][gc,heap        ] GC(165) Eden regions: 61->0(61)
[45.847s][info][gc,heap        ] GC(165) Survivor regions: 0->0(8)
[45.847s][info][gc,heap        ] GC(165) Old regions: 890->890
[45.847s][info][gc,heap        ] GC(165) Archive regions: 2->2
[45.847s][info][gc,heap        ] GC(165) Humongous regions: 82->82
[45.847s][info][gc,metaspace   ] GC(165) Metaspace: 2226K(2368K)->2226K(2368K) NonClass: 2030K(2112K)->2030K(2112K) Class: 195K(256K)->195K(256K)
[45.847s][info][gc             ] GC(165) Pause Young (Normal) (G1 Evacuation Pause) 8264M->7776M(9792M) 0.487ms
[45.847s][info][gc,cpu         ] GC(165) User=0.01s Sys=0.00s Real=0.00s
[46.085s][info][gc,start       ] GC(166) Pause Young (Normal) (G1 Evacuation Pause)
[46.085s][info][gc,task        ] GC(166) Using 9 workers of 9 for evacuation
[46.085s][info][gc,phases      ] GC(166)   Pre Evacuate Collection Set: 0.1ms
[46.085s][info][gc,phases      ] GC(166)   Merge Heap Roots: 0.0ms
[46.085s][info][gc,phases      ] GC(166)   Evacuate Collection Set: 0.1ms
[46.085s][info][gc,phases      ] GC(166)   Post Evacuate Collection Set: 0.1ms
[46.085s][info][gc,phases      ] GC(166)   Other: 0.1ms
[46.085s][info][gc,heap        ] GC(166) Eden regions: 61->0(64)
[46.085s][info][gc,heap        ] GC(166) Survivor regions: 0->0(8)
[46.085s][info][gc,heap        ] GC(166) Old regions: 890->890
[46.085s][info][gc,heap        ] GC(166) Archive regions: 2->2
[46.085s][info][gc,heap        ] GC(166) Humongous regions: 82->82
[46.085s][info][gc,metaspace   ] GC(166) Metaspace: 2226K(2368K)->2226K(2368K) NonClass: 2030K(2112K)->2030K(2112K) Class: 195K(256K)->195K(256K)
[46.085s][info][gc             ] GC(166) Pause Young (Normal) (G1 Evacuation Pause) 8264M->7776M(9792M) 0.521ms
[46.085s][info][gc,cpu         ] GC(166) User=0.00s Sys=0.01s Real=0.00s
[46.158s][info][gc,marking     ] GC(159) Concurrent Mark From Roots 1299.883ms
[46.158s][info][gc,marking     ] GC(159) Concurrent Preclean
[46.158s][info][gc,marking     ] GC(159) Concurrent Preclean 0.020ms
[46.158s][info][gc,start       ] GC(159) Pause Remark
[46.159s][info][gc             ] GC(159) Pause Remark 7932M->7652M(12288M) 1.097ms
[46.159s][info][gc,cpu         ] GC(159) User=0.01s Sys=0.00s Real=0.01s
[46.159s][info][gc,marking     ] GC(159) Concurrent Mark 1301.139ms
[46.159s][info][gc,marking     ] GC(159) Concurrent Rebuild Remembered Sets
[46.585s][info][gc,start       ] GC(167) Pause Young (Normal) (G1 Evacuation Pause)
[46.585s][info][gc,task        ] GC(167) Using 9 workers of 9 for evacuation
[46.585s][info][gc,phases      ] GC(167)   Pre Evacuate Collection Set: 0.1ms
[46.585s][info][gc,phases      ] GC(167)   Merge Heap Roots: 0.0ms
[46.585s][info][gc,phases      ] GC(167)   Evacuate Collection Set: 0.1ms
[46.585s][info][gc,phases      ] GC(167)   Post Evacuate Collection Set: 0.1ms
[46.585s][info][gc,phases      ] GC(167)   Other: 0.1ms
[46.585s][info][gc,heap        ] GC(167) Eden regions: 64->0(170)
[46.585s][info][gc,heap        ] GC(167) Survivor regions: 0->1(8)
[46.585s][info][gc,heap        ] GC(167) Old regions: 890->890
[46.585s][info][gc,heap        ] GC(167) Archive regions: 2->2
[46.585s][info][gc,heap        ] GC(167) Humongous regions: 47->47
[46.585s][info][gc,metaspace   ] GC(167) Metaspace: 2226K(2368K)->2226K(2368K) NonClass: 2030K(2112K)->2030K(2112K) Class: 195K(256K)->195K(256K)
[46.585s][info][gc             ] GC(167) Pause Young (Normal) (G1 Evacuation Pause) 8008M->7496M(12288M) 0.535ms
[46.585s][info][gc,cpu         ] GC(167) User=0.00s Sys=0.00s Real=0.00s
[47.416s][info][gc,marking     ] GC(159) Concurrent Rebuild Remembered Sets 1257.379ms
[47.417s][info][gc,start       ] GC(159) Pause Cleanup
[47.417s][info][gc             ] GC(159) Pause Cleanup 8101M->8101M(12288M) 0.172ms
[47.417s][info][gc,cpu         ] GC(159) User=0.00s Sys=0.00s Real=0.00s
[47.417s][info][gc,marking     ] GC(159) Concurrent Cleanup for Next Mark
[47.455s][info][gc,marking     ] GC(159) Concurrent Cleanup for Next Mark 37.845ms
[47.455s][info][gc             ] GC(159) Concurrent Mark Cycle 2655.725ms
[48.750s][info][gc,start       ] GC(168) Pause Young (Prepare Mixed) (G1 Evacuation Pause)
[48.750s][info][gc,task        ] GC(168) Using 9 workers of 9 for evacuation
[48.778s][info][gc,phases      ] GC(168)   Pre Evacuate Collection Set: 0.1ms
[48.778s][info][gc,phases      ] GC(168)   Merge Heap Roots: 0.0ms
[48.778s][info][gc,phases      ] GC(168)   Evacuate Collection Set: 26.7ms
[48.778s][info][gc,phases      ] GC(168)   Post Evacuate Collection Set: 0.5ms
[48.778s][info][gc,phases      ] GC(168)   Other: 0.1ms
[48.778s][info][gc,heap        ] GC(168) Eden regions: 170->0(54)
[48.778s][info][gc,heap        ] GC(168) Survivor regions: 1->22(22)
[48.778s][info][gc,heap        ] GC(168) Old regions: 890->896
[48.778s][info][gc,heap        ] GC(168) Archive regions: 2->2
[48.778s][info][gc,heap        ] GC(168) Humongous regions: 82->82
[48.778s][info][gc,metaspace   ] GC(168) Metaspace: 2226K(2368K)->2226K(2368K) NonClass: 2030K(2112K)->2030K(2112K) Class: 195K(256K)->195K(256K)
[48.778s][info][gc             ] GC(168) Pause Young (Prepare Mixed) (G1 Evacuation Pause) 9136M->8000M(12288M) 27.476ms
[48.778s][info][gc,cpu         ] GC(168) User=0.13s Sys=0.05s Real=0.02s
[48.864s][info][gc,start       ] GC(169) Pause Young (Mixed) (G1 Evacuation Pause)
[48.864s][info][gc,task        ] GC(169) Using 9 workers of 9 for evacuation
[48.955s][info][gc,phases      ] GC(169)   Pre Evacuate Collection Set: 0.1ms
[48.955s][info][gc,phases      ] GC(169)   Merge Heap Roots: 0.0ms
[48.955s][info][gc,phases      ] GC(169)   Evacuate Collection Set: 88.7ms
[48.955s][info][gc,phases      ] GC(169)   Post Evacuate Collection Set: 1.6ms
[48.955s][info][gc,phases      ] GC(169)   Other: 0.1ms
[48.955s][info][gc,heap        ] GC(169) Eden regions: 54->0(138)
[48.955s][info][gc,heap        ] GC(169) Survivor regions: 22->10(10)
[48.955s][info][gc,heap        ] GC(169) Old regions: 896->940
[48.955s][info][gc,heap        ] GC(169) Archive regions: 2->2
[48.955s][info][gc,heap        ] GC(169) Humongous regions: 82->82
[48.955s][info][gc,metaspace   ] GC(169) Metaspace: 2226K(2368K)->2226K(2368K) NonClass: 2030K(2112K)->2030K(2112K) Class: 195K(256K)->195K(256K)
[48.955s][info][gc             ] GC(169) Pause Young (Mixed) (G1 Evacuation Pause) 8432M->8256M(12288M) 90.640ms
[48.955s][info][gc,cpu         ] GC(169) User=0.34s Sys=0.17s Real=0.09s
[49.398s][info][gc,start       ] GC(170) Pause Young (Concurrent Start) (G1 Evacuation Pause)
[49.398s][info][gc,task        ] GC(170) Using 9 workers of 9 for evacuation
[49.525s][info][gc,phases      ] GC(170)   Pre Evacuate Collection Set: 0.1ms
[49.525s][info][gc,phases      ] GC(170)   Merge Heap Roots: 0.2ms
[49.525s][info][gc,phases      ] GC(170)   Evacuate Collection Set: 126.0ms
[49.525s][info][gc,phases      ] GC(170)   Post Evacuate Collection Set: 0.2ms
[49.525s][info][gc,phases      ] GC(170)   Other: 0.1ms
[49.525s][info][gc,heap        ] GC(170) Eden regions: 138->0(108)
[49.525s][info][gc,heap        ] GC(170) Survivor regions: 10->19(19)
[49.525s][info][gc,heap        ] GC(170) Old regions: 940->1011
[49.525s][info][gc,heap        ] GC(170) Archive regions: 2->2
[49.525s][info][gc,heap        ] GC(170) Humongous regions: 82->82
[49.525s][info][gc,metaspace   ] GC(170) Metaspace: 2226K(2368K)->2226K(2368K) NonClass: 2030K(2112K)->2030K(2112K) Class: 195K(256K)->195K(256K)
[49.525s][info][gc             ] GC(170) Pause Young (Concurrent Start) (G1 Evacuation Pause) 9360M->8894M(12288M) 126.745ms
[49.525s][info][gc,cpu         ] GC(170) User=0.85s Sys=0.10s Real=0.13s
[49.525s][info][gc             ] GC(171) Concurrent Mark Cycle
[49.525s][info][gc,marking     ] GC(171) Concurrent Clear Claimed Marks
[49.525s][info][gc,marking     ] GC(171) Concurrent Clear Claimed Marks 0.006ms
[49.525s][info][gc,marking     ] GC(171) Concurrent Scan Root Regions
[49.599s][info][gc,marking     ] GC(171) Concurrent Scan Root Regions 73.931ms
[49.599s][info][gc,marking     ] GC(171) Concurrent Mark
[49.599s][info][gc,marking     ] GC(171) Concurrent Mark From Roots
[49.599s][info][gc,task        ] GC(171) Using 2 workers of 2 for marking
[49.727s][info][gc,marking     ] GC(171) Concurrent Mark From Roots 128.556ms
[49.727s][info][gc,marking     ] GC(171) Concurrent Preclean
[49.727s][info][gc,marking     ] GC(171) Concurrent Preclean 0.021ms
[49.728s][info][gc,start       ] GC(171) Pause Remark
[49.737s][info][gc             ] GC(171) Pause Remark 9498M->2301M(7736M) 9.453ms
[49.737s][info][gc,cpu         ] GC(171) User=0.01s Sys=0.01s Real=0.01s
[49.737s][info][gc,marking     ] GC(171) Concurrent Mark 138.192ms
[49.737s][info][gc,marking     ] GC(171) Concurrent Rebuild Remembered Sets
[49.824s][info][gc,start       ] GC(172) Pause Young (Normal) (G1 Evacuation Pause)
[49.824s][info][gc,task        ] GC(172) Using 9 workers of 9 for evacuation
[49.940s][info][gc,phases      ] GC(172)   Pre Evacuate Collection Set: 0.1ms
[49.940s][info][gc,phases      ] GC(172)   Merge Heap Roots: 0.2ms
[49.940s][info][gc,phases      ] GC(172)   Evacuate Collection Set: 115.4ms
[49.940s][info][gc,phases      ] GC(172)   Post Evacuate Collection Set: 0.2ms
[49.940s][info][gc,phases      ] GC(172)   Other: 0.1ms
[49.940s][info][gc,heap        ] GC(172) Eden regions: 108->0(118)
[49.940s][info][gc,heap        ] GC(172) Survivor regions: 19->16(16)
[49.940s][info][gc,heap        ] GC(172) Old regions: 158->226
[49.940s][info][gc,heap        ] GC(172) Archive regions: 2->2
[49.940s][info][gc,heap        ] GC(172) Humongous regions: 35->35
[49.940s][info][gc,metaspace   ] GC(172) Metaspace: 2226K(2368K)->2226K(2368K) NonClass: 2030K(2112K)->2030K(2112K) Class: 195K(256K)->195K(256K)
[49.940s][info][gc             ] GC(172) Pause Young (Normal) (G1 Evacuation Pause) 2561M->2213M(7736M) 116.058ms
[49.940s][info][gc,cpu         ] GC(172) User=0.75s Sys=0.12s Real=0.12s
[49.980s][info][gc,marking     ] GC(171) Concurrent Rebuild Remembered Sets 242.838ms
[49.980s][info][gc,start       ] GC(171) Pause Cleanup
[49.980s][info][gc             ] GC(171) Pause Cleanup 2337M->2337M(7736M) 0.154ms
[49.980s][info][gc,cpu         ] GC(171) User=0.00s Sys=0.00s Real=0.00s
[49.980s][info][gc,marking     ] GC(171) Concurrent Cleanup for Next Mark
[49.985s][info][gc,marking     ] GC(171) Concurrent Cleanup for Next Mark 5.111ms
[49.985s][info][gc             ] GC(171) Concurrent Mark Cycle 460.439ms
[50.229s][info][gc,start       ] GC(173) Pause Young (Prepare Mixed) (G1 Evacuation Pause)
[50.229s][info][gc,task        ] GC(173) Using 9 workers of 9 for evacuation
[50.320s][info][gc,phases      ] GC(173)   Pre Evacuate Collection Set: 0.1ms
[50.320s][info][gc,phases      ] GC(173)   Merge Heap Roots: 0.2ms
[50.320s][info][gc,phases      ] GC(173)   Evacuate Collection Set: 90.3ms
[50.320s][info][gc,phases      ] GC(173)   Post Evacuate Collection Set: 0.2ms
[50.320s][info][gc,phases      ] GC(173)   Other: 0.1ms
[50.320s][info][gc,heap        ] GC(173) Eden regions: 118->0(31)
[50.320s][info][gc,heap        ] GC(173) Survivor regions: 16->17(17)
[50.320s][info][gc,heap        ] GC(173) Old regions: 226->294
[50.320s][info][gc,heap        ] GC(173) Archive regions: 2->2
[50.320s][info][gc,heap        ] GC(173) Humongous regions: 35->35
[50.320s][info][gc,metaspace   ] GC(173) Metaspace: 2226K(2368K)->2226K(2368K) NonClass: 2030K(2112K)->2030K(2112K) Class: 195K(256K)->195K(256K)
[50.320s][info][gc             ] GC(173) Pause Young (Prepare Mixed) (G1 Evacuation Pause) 3157M->2769M(7736M) 90.945ms
[50.320s][info][gc,cpu         ] GC(173) User=0.69s Sys=0.09s Real=0.09s
[50.395s][info][gc,start       ] GC(174) Pause Young (Mixed) (G1 Evacuation Pause)
[50.395s][info][gc,task        ] GC(174) Using 9 workers of 9 for evacuation
[50.426s][info][gc,phases      ] GC(174)   Pre Evacuate Collection Set: 0.1ms
[50.426s][info][gc,phases      ] GC(174)   Merge Heap Roots: 0.1ms
[50.426s][info][gc,phases      ] GC(174)   Evacuate Collection Set: 30.7ms
[50.426s][info][gc,phases      ] GC(174)   Post Evacuate Collection Set: 0.1ms
[50.426s][info][gc,phases      ] GC(174)   Other: 0.1ms
[50.426s][info][gc,heap        ] GC(174) Eden regions: 31->0(201)
[50.426s][info][gc,heap        ] GC(174) Survivor regions: 17->6(6)
[50.426s][info][gc,heap        ] GC(174) Old regions: 294->322
[50.426s][info][gc,heap        ] GC(174) Archive regions: 2->2
[50.426s][info][gc,heap        ] GC(174) Humongous regions: 35->35
[50.426s][info][gc,metaspace   ] GC(174) Metaspace: 2226K(2368K)->2226K(2368K) NonClass: 2030K(2112K)->2030K(2112K) Class: 195K(256K)->195K(256K)
[50.426s][info][gc             ] GC(174) Pause Young (Mixed) (G1 Evacuation Pause) 3017M->2905M(7736M) 31.223ms
[50.426s][info][gc,cpu         ] GC(174) User=0.27s Sys=0.01s Real=0.03s
[50.917s][info][gc,start       ] GC(175) Pause Young (Concurrent Start) (G1 Evacuation Pause)
[50.917s][info][gc,task        ] GC(175) Using 9 workers of 9 for evacuation
[51.033s][info][gc,phases      ] GC(175)   Pre Evacuate Collection Set: 0.1ms
[51.033s][info][gc,phases      ] GC(175)   Merge Heap Roots: 0.2ms
[51.033s][info][gc,phases      ] GC(175)   Evacuate Collection Set: 115.3ms
[51.033s][info][gc,phases      ] GC(175)   Post Evacuate Collection Set: 0.2ms
[51.033s][info][gc,phases      ] GC(175)   Other: 0.1ms
[51.033s][info][gc,heap        ] GC(175) Eden regions: 201->0(123)
[51.033s][info][gc,heap        ] GC(175) Survivor regions: 6->26(26)
[51.033s][info][gc,heap        ] GC(175) Old regions: 322->419
[51.033s][info][gc,heap        ] GC(175) Archive regions: 2->2
[51.033s][info][gc,heap        ] GC(175) Humongous regions: 35->35
[51.033s][info][gc,metaspace   ] GC(175) Metaspace: 2226K(2368K)->2226K(2368K) NonClass: 2030K(2112K)->2030K(2112K) Class: 195K(256K)->195K(256K)
[51.033s][info][gc             ] GC(175) Pause Young (Concurrent Start) (G1 Evacuation Pause) 4513M->3837M(7736M) 116.023ms
[51.033s][info][gc,cpu         ] GC(175) User=1.02s Sys=0.02s Real=0.12s
[51.033s][info][gc             ] GC(176) Concurrent Mark Cycle
[51.033s][info][gc,marking     ] GC(176) Concurrent Clear Claimed Marks
[51.033s][info][gc,marking     ] GC(176) Concurrent Clear Claimed Marks 0.006ms
[51.033s][info][gc,marking     ] GC(176) Concurrent Scan Root Regions
[51.104s][info][gc,marking     ] GC(176) Concurrent Scan Root Regions 70.171ms
[51.104s][info][gc,marking     ] GC(176) Concurrent Mark
[51.104s][info][gc,marking     ] GC(176) Concurrent Mark From Roots
[51.104s][info][gc,task        ] GC(176) Using 2 workers of 2 for marking
[51.299s][info][gc,start       ] GC(177) Pause Young (Normal) (G1 Evacuation Pause)
[51.299s][info][gc,task        ] GC(177) Using 9 workers of 9 for evacuation
[51.408s][info][gc,phases      ] GC(177)   Pre Evacuate Collection Set: 0.1ms
[51.408s][info][gc,phases      ] GC(177)   Merge Heap Roots: 0.1ms
[51.408s][info][gc,phases      ] GC(177)   Evacuate Collection Set: 108.6ms
[51.408s][info][gc,phases      ] GC(177)   Post Evacuate Collection Set: 0.2ms
[51.408s][info][gc,phases      ] GC(177)   Other: 0.1ms
[51.408s][info][gc,heap        ] GC(177) Eden regions: 123->0(98)
[51.408s][info][gc,heap        ] GC(177) Survivor regions: 26->19(19)
[51.408s][info][gc,heap        ] GC(177) Old regions: 419->539
[51.408s][info][gc,heap        ] GC(177) Archive regions: 2->2
[51.408s][info][gc,heap        ] GC(177) Humongous regions: 35->35
[51.408s][info][gc,metaspace   ] GC(177) Metaspace: 2228K(2368K)->2228K(2368K) NonClass: 2032K(2112K)->2032K(2112K) Class: 195K(256K)->195K(256K)
[51.408s][info][gc             ] GC(177) Pause Young (Normal) (G1 Evacuation Pause) 4821M->4745M(7736M) 109.171ms
[51.408s][info][gc,cpu         ] GC(177) User=0.93s Sys=0.03s Real=0.11s
[51.448s][info][gc,start       ] GC(178) Pause Young (Normal) (G1 Evacuation Pause)
[51.448s][info][gc,task        ] GC(178) Using 9 workers of 9 for evacuation
[51.564s][info][gc,phases      ] GC(178)   Pre Evacuate Collection Set: 0.1ms
[51.564s][info][gc,phases      ] GC(178)   Merge Heap Roots: 0.2ms
[51.564s][info][gc,phases      ] GC(178)   Evacuate Collection Set: 115.5ms
[51.564s][info][gc,phases      ] GC(178)   Post Evacuate Collection Set: 0.5ms
[51.564s][info][gc,phases      ] GC(178)   Other: 0.1ms
[51.564s][info][gc,heap        ] GC(178) Eden regions: 98->0(109)
[51.564s][info][gc,heap        ] GC(178) Survivor regions: 19->15(15)
[51.564s][info][gc,heap        ] GC(178) Old regions: 539->643
[51.564s][info][gc,heap        ] GC(178) Archive regions: 2->2
[51.564s][info][gc,heap        ] GC(178) Humongous regions: 35->35
[51.564s][info][gc,metaspace   ] GC(178) Metaspace: 2228K(2368K)->2228K(2368K) NonClass: 2032K(2112K)->2032K(2112K) Class: 195K(256K)->195K(256K)
[51.564s][info][gc             ] GC(178) Pause Young (Normal) (G1 Evacuation Pause) 5529M->5541M(9056M) 116.410ms
[51.564s][info][gc,cpu         ] GC(178) User=0.92s Sys=0.10s Real=0.12s
[51.590s][info][gc,marking     ] GC(176) Concurrent Mark reset for overflow
[51.615s][info][gc,start       ] GC(179) Pause Young (Normal) (G1 Evacuation Pause)
[51.615s][info][gc,task        ] GC(179) Using 9 workers of 9 for evacuation
[51.753s][info][gc,phases      ] GC(179)   Pre Evacuate Collection Set: 0.1ms
[51.753s][info][gc,phases      ] GC(179)   Merge Heap Roots: 0.2ms
[51.753s][info][gc,phases      ] GC(179)   Evacuate Collection Set: 136.8ms
[51.753s][info][gc,phases      ] GC(179)   Post Evacuate Collection Set: 0.2ms
[51.753s][info][gc,phases      ] GC(179)   Other: 0.1ms
[51.753s][info][gc,heap        ] GC(179) Eden regions: 109->0(67)
[51.753s][info][gc,heap        ] GC(179) Survivor regions: 15->16(16)
[51.753s][info][gc,heap        ] GC(179) Old regions: 643->753
[51.753s][info][gc,heap        ] GC(179) Archive regions: 2->2
[51.753s][info][gc,heap        ] GC(179) Humongous regions: 35->35
[51.753s][info][gc,metaspace   ] GC(179) Metaspace: 2228K(2368K)->2228K(2368K) NonClass: 2032K(2112K)->2032K(2112K) Class: 195K(256K)->195K(256K)
[51.753s][info][gc             ] GC(179) Pause Young (Normal) (G1 Evacuation Pause) 6413M->6429M(9056M) 137.419ms
[51.753s][info][gc,cpu         ] GC(179) User=1.10s Sys=0.11s Real=0.14s
[51.786s][info][gc,start       ] GC(180) Pause Young (Normal) (G1 Evacuation Pause)
[51.786s][info][gc,task        ] GC(180) Using 9 workers of 9 for evacuation
[51.883s][info][gc,phases      ] GC(180)   Pre Evacuate Collection Set: 0.1ms
[51.883s][info][gc,phases      ] GC(180)   Merge Heap Roots: 0.2ms
[51.883s][info][gc,phases      ] GC(180)   Evacuate Collection Set: 96.6ms
[51.883s][info][gc,phases      ] GC(180)   Post Evacuate Collection Set: 0.2ms
[51.883s][info][gc,phases      ] GC(180)   Other: 0.1ms
[51.884s][info][gc,heap        ] GC(180) Eden regions: 67->0(45)
[51.884s][info][gc,heap        ] GC(180) Survivor regions: 16->11(11)
[51.884s][info][gc,heap        ] GC(180) Old regions: 753->826
[51.884s][info][gc,heap        ] GC(180) Archive regions: 2->2
[51.884s][info][gc,heap        ] GC(180) Humongous regions: 35->35
[51.884s][info][gc,metaspace   ] GC(180) Metaspace: 2228K(2368K)->2228K(2368K) NonClass: 2032K(2112K)->2032K(2112K) Class: 195K(256K)->195K(256K)
[51.884s][info][gc             ] GC(180) Pause Young (Normal) (G1 Evacuation Pause) 6965M->6977M(9056M) 97.192ms
[51.884s][info][gc,cpu         ] GC(180) User=0.84s Sys=0.02s Real=0.10s
[51.905s][info][gc,start       ] GC(181) Pause Young (Normal) (G1 Evacuation Pause)
[51.906s][info][gc,task        ] GC(181) Using 9 workers of 9 for evacuation
[51.959s][info][gc,phases      ] GC(181)   Pre Evacuate Collection Set: 0.1ms
[51.959s][info][gc,phases      ] GC(181)   Merge Heap Roots: 0.1ms
[51.959s][info][gc,phases      ] GC(181)   Evacuate Collection Set: 52.8ms
[51.959s][info][gc,phases      ] GC(181)   Post Evacuate Collection Set: 0.1ms
[51.959s][info][gc,phases      ] GC(181)   Other: 0.1ms
[51.959s][info][gc,heap        ] GC(181) Eden regions: 45->0(49)
[51.959s][info][gc,heap        ] GC(181) Survivor regions: 11->7(7)
[51.959s][info][gc,heap        ] GC(181) Old regions: 826->877
[51.959s][info][gc,heap        ] GC(181) Archive regions: 2->2
[51.959s][info][gc,heap        ] GC(181) Humongous regions: 35->35
[51.959s][info][gc,metaspace   ] GC(181) Metaspace: 2228K(2368K)->2228K(2368K) NonClass: 2032K(2112K)->2032K(2112K) Class: 195K(256K)->195K(256K)
[51.959s][info][gc             ] GC(181) Pause Young (Normal) (G1 Evacuation Pause) 7337M->7353M(9056M) 53.296ms
[51.959s][info][gc,cpu         ] GC(181) User=0.41s Sys=0.05s Real=0.06s
[52.154s][info][gc,start       ] GC(182) Pause Young (Normal) (G1 Evacuation Pause)
[52.154s][info][gc,task        ] GC(182) Using 9 workers of 9 for evacuation
[52.164s][info][gc,phases      ] GC(182)   Pre Evacuate Collection Set: 0.1ms
[52.164s][info][gc,phases      ] GC(182)   Merge Heap Roots: 0.1ms
[52.164s][info][gc,phases      ] GC(182)   Evacuate Collection Set: 9.5ms
[52.164s][info][gc,phases      ] GC(182)   Post Evacuate Collection Set: 0.6ms
[52.164s][info][gc,phases      ] GC(182)   Other: 0.1ms
[52.164s][info][gc,heap        ] GC(182) Eden regions: 49->0(62)
[52.164s][info][gc,heap        ] GC(182) Survivor regions: 7->4(7)
[52.164s][info][gc,heap        ] GC(182) Old regions: 877->887
[52.164s][info][gc,heap        ] GC(182) Archive regions: 2->2
[52.164s][info][gc,heap        ] GC(182) Humongous regions: 82->82
[52.164s][info][gc,metaspace   ] GC(182) Metaspace: 2228K(2368K)->2228K(2368K) NonClass: 2032K(2112K)->2032K(2112K) Class: 195K(256K)->195K(256K)
[52.164s][info][gc             ] GC(182) Pause Young (Normal) (G1 Evacuation Pause) 8121M->7777M(10352M) 10.317ms
[52.164s][info][gc,cpu         ] GC(182) User=0.07s Sys=0.01s Real=0.01s
[52.409s][info][gc,start       ] GC(183) Pause Young (Normal) (G1 Evacuation Pause)
[52.409s][info][gc,task        ] GC(183) Using 9 workers of 9 for evacuation
[52.412s][info][gc,phases      ] GC(183)   Pre Evacuate Collection Set: 0.1ms
[52.412s][info][gc,phases      ] GC(183)   Merge Heap Roots: 0.0ms
[52.412s][info][gc,phases      ] GC(183)   Evacuate Collection Set: 3.2ms
[52.412s][info][gc,phases      ] GC(183)   Post Evacuate Collection Set: 0.1ms
[52.412s][info][gc,phases      ] GC(183)   Other: 0.1ms
[52.412s][info][gc,heap        ] GC(183) Eden regions: 62->0(70)
[52.412s][info][gc,heap        ] GC(183) Survivor regions: 4->4(9)
[52.412s][info][gc,heap        ] GC(183) Old regions: 887->887
[52.412s][info][gc,heap        ] GC(183) Archive regions: 2->2
[52.412s][info][gc,heap        ] GC(183) Humongous regions: 82->82
[52.412s][info][gc,metaspace   ] GC(183) Metaspace: 2228K(2368K)->2228K(2368K) NonClass: 2032K(2112K)->2032K(2112K) Class: 195K(256K)->195K(256K)
[52.412s][info][gc             ] GC(183) Pause Young (Normal) (G1 Evacuation Pause) 8273M->7774M(10352M) 3.555ms
[52.412s][info][gc,cpu         ] GC(183) User=0.03s Sys=0.00s Real=0.00s
[52.456s][info][gc,marking     ] GC(176) Concurrent Mark From Roots 1352.614ms
[52.456s][info][gc,marking     ] GC(176) Concurrent Preclean
[52.456s][info][gc,marking     ] GC(176) Concurrent Preclean 0.023ms
[52.456s][info][gc,start       ] GC(176) Pause Remark
[52.457s][info][gc             ] GC(176) Pause Remark 7866M->7866M(12288M) 0.963ms
[52.457s][info][gc,cpu         ] GC(176) User=0.00s Sys=0.00s Real=0.00s
[52.457s][info][gc,marking     ] GC(176) Concurrent Mark 1353.731ms
[52.457s][info][gc,marking     ] GC(176) Concurrent Rebuild Remembered Sets
[52.689s][info][gc,start       ] GC(184) Pause Young (Normal) (G1 Evacuation Pause)
[52.689s][info][gc,task        ] GC(184) Using 9 workers of 9 for evacuation
[52.692s][info][gc,phases      ] GC(184)   Pre Evacuate Collection Set: 0.1ms
[52.692s][info][gc,phases      ] GC(184)   Merge Heap Roots: 0.0ms
[52.692s][info][gc,phases      ] GC(184)   Evacuate Collection Set: 2.8ms
[52.692s][info][gc,phases      ] GC(184)   Post Evacuate Collection Set: 0.1ms
[52.692s][info][gc,phases      ] GC(184)   Other: 0.1ms
[52.692s][info][gc,heap        ] GC(184) Eden regions: 70->0(158)
[52.692s][info][gc,heap        ] GC(184) Survivor regions: 4->3(10)
[52.692s][info][gc,heap        ] GC(184) Old regions: 887->887
[52.692s][info][gc,heap        ] GC(184) Archive regions: 2->2
[52.692s][info][gc,heap        ] GC(184) Humongous regions: 82->82
[52.692s][info][gc,metaspace   ] GC(184) Metaspace: 2228K(2368K)->2228K(2368K) NonClass: 2032K(2112K)->2032K(2112K) Class: 195K(256K)->195K(256K)
[52.692s][info][gc             ] GC(184) Pause Young (Normal) (G1 Evacuation Pause) 8334M->7772M(12288M) 3.245ms
[52.692s][info][gc,cpu         ] GC(184) User=0.02s Sys=0.00s Real=0.00s
[53.769s][info][gc,start       ] GC(185) Pause Young (Normal) (G1 Evacuation Pause)
[53.769s][info][gc,task        ] GC(185) Using 9 workers of 9 for evacuation
[53.774s][info][gc,phases      ] GC(185)   Pre Evacuate Collection Set: 0.1ms
[53.774s][info][gc,phases      ] GC(185)   Merge Heap Roots: 0.1ms
[53.774s][info][gc,phases      ] GC(185)   Evacuate Collection Set: 4.5ms
[53.774s][info][gc,phases      ] GC(185)   Post Evacuate Collection Set: 0.4ms
[53.774s][info][gc,phases      ] GC(185)   Other: 0.4ms
[53.774s][info][gc,heap        ] GC(185) Eden regions: 158->0(177)
[53.774s][info][gc,heap        ] GC(185) Survivor regions: 3->3(21)
[53.774s][info][gc,heap        ] GC(185) Old regions: 887->887
[53.774s][info][gc,heap        ] GC(185) Archive regions: 2->2
[53.774s][info][gc,heap        ] GC(185) Humongous regions: 82->82
[53.774s][info][gc,metaspace   ] GC(185) Metaspace: 2228K(2368K)->2228K(2368K) NonClass: 2032K(2112K)->2032K(2112K) Class: 195K(256K)->195K(256K)
[53.774s][info][gc             ] GC(185) Pause Young (Normal) (G1 Evacuation Pause) 9036M->7772M(12288M) 5.506ms
[53.774s][info][gc,cpu         ] GC(185) User=0.04s Sys=0.01s Real=0.00s
[54.064s][info][gc,marking     ] GC(176) Concurrent Rebuild Remembered Sets 1606.254ms
[54.064s][info][gc,start       ] GC(176) Pause Cleanup
[54.064s][info][gc             ] GC(176) Pause Cleanup 7968M->7968M(12288M) 0.208ms
[54.064s][info][gc,cpu         ] GC(176) User=0.00s Sys=0.00s Real=0.00s
[54.064s][info][gc,marking     ] GC(176) Concurrent Cleanup for Next Mark
[54.079s][info][gc,marking     ] GC(176) Concurrent Cleanup for Next Mark 14.959ms
[54.079s][info][gc             ] GC(176) Concurrent Mark Cycle 3045.537ms
[55.841s][info][gc,start       ] GC(186) Pause Young (Prepare Mixed) (G1 Evacuation Pause)
[55.841s][info][gc,task        ] GC(186) Using 9 workers of 9 for evacuation
[55.903s][info][gc,phases      ] GC(186)   Pre Evacuate Collection Set: 0.1ms
[55.903s][info][gc,phases      ] GC(186)   Merge Heap Roots: 0.0ms
[55.903s][info][gc,phases      ] GC(186)   Evacuate Collection Set: 61.8ms
[55.903s][info][gc,phases      ] GC(186)   Post Evacuate Collection Set: 0.2ms
[55.903s][info][gc,phases      ] GC(186)   Other: 0.1ms
[55.903s][info][gc,heap        ] GC(186) Eden regions: 177->0(53)
[55.903s][info][gc,heap        ] GC(186) Survivor regions: 3->23(23)
[55.903s][info][gc,heap        ] GC(186) Old regions: 887->919
[55.903s][info][gc,heap        ] GC(186) Archive regions: 2->2
[55.903s][info][gc,heap        ] GC(186) Humongous regions: 117->70
[55.903s][info][gc,metaspace   ] GC(186) Metaspace: 2228K(2368K)->2228K(2368K) NonClass: 2032K(2112K)->2032K(2112K) Class: 195K(256K)->195K(256K)
[55.903s][info][gc             ] GC(186) Pause Young (Prepare Mixed) (G1 Evacuation Pause) 9468M->8095M(12288M) 62.375ms
[55.903s][info][gc,cpu         ] GC(186) User=0.26s Sys=0.12s Real=0.06s
[56.033s][info][gc,start       ] GC(187) Pause Young (Mixed) (G1 Evacuation Pause)
[56.033s][info][gc,task        ] GC(187) Using 9 workers of 9 for evacuation
[56.080s][info][gc,phases      ] GC(187)   Pre Evacuate Collection Set: 0.1ms
[56.080s][info][gc,phases      ] GC(187)   Merge Heap Roots: 0.0ms
[56.080s][info][gc,phases      ] GC(187)   Evacuate Collection Set: 46.9ms
[56.080s][info][gc,phases      ] GC(187)   Post Evacuate Collection Set: 0.3ms
[56.080s][info][gc,phases      ] GC(187)   Other: 0.1ms
[56.080s][info][gc,heap        ] GC(187) Eden regions: 53->0(150)
[56.080s][info][gc,heap        ] GC(187) Survivor regions: 23->10(10)
[56.080s][info][gc,heap        ] GC(187) Old regions: 919->957
[56.080s][info][gc,heap        ] GC(187) Archive regions: 2->2
[56.080s][info][gc,heap        ] GC(187) Humongous regions: 70->70
[56.080s][info][gc,metaspace   ] GC(187) Metaspace: 2228K(2368K)->2228K(2368K) NonClass: 2032K(2112K)->2032K(2112K) Class: 195K(256K)->195K(256K)
[56.080s][info][gc             ] GC(187) Pause Young (Mixed) (G1 Evacuation Pause) 8519M->8301M(12288M) 47.495ms
[56.080s][info][gc,cpu         ] GC(187) User=0.41s Sys=0.01s Real=0.05s
[56.448s][info][gc,start       ] GC(188) Pause Young (Concurrent Start) (G1 Evacuation Pause)
[56.448s][info][gc,task        ] GC(188) Using 9 workers of 9 for evacuation
[56.572s][info][gc,phases      ] GC(188)   Pre Evacuate Collection Set: 0.1ms
[56.572s][info][gc,phases      ] GC(188)   Merge Heap Roots: 0.2ms
[56.572s][info][gc,phases      ] GC(188)   Evacuate Collection Set: 123.6ms
[56.572s][info][gc,phases      ] GC(188)   Post Evacuate Collection Set: 0.2ms
[56.572s][info][gc,phases      ] GC(188)   Other: 0.1ms
[56.572s][info][gc,heap        ] GC(188) Eden regions: 150->0(104)
[56.572s][info][gc,heap        ] GC(188) Survivor regions: 10->20(20)
[56.572s][info][gc,heap        ] GC(188) Old regions: 957->1035
[56.572s][info][gc,heap        ] GC(188) Archive regions: 2->2
[56.572s][info][gc,heap        ] GC(188) Humongous regions: 70->70
[56.572s][info][gc,metaspace   ] GC(188) Metaspace: 2228K(2368K)->2228K(2368K) NonClass: 2032K(2112K)->2032K(2112K) Class: 195K(256K)->195K(256K)
[56.572s][info][gc             ] GC(188) Pause Young (Concurrent Start) (G1 Evacuation Pause) 9501M->9006M(12288M) 124.280ms
[56.572s][info][gc,cpu         ] GC(188) User=0.91s Sys=0.10s Real=0.13s
[56.572s][info][gc             ] GC(189) Concurrent Mark Cycle
[56.572s][info][gc,marking     ] GC(189) Concurrent Clear Claimed Marks
[56.572s][info][gc,marking     ] GC(189) Concurrent Clear Claimed Marks 0.006ms
[56.572s][info][gc,marking     ] GC(189) Concurrent Scan Root Regions
[56.652s][info][gc,marking     ] GC(189) Concurrent Scan Root Regions 79.703ms
[56.652s][info][gc,marking     ] GC(189) Concurrent Mark
[56.652s][info][gc,marking     ] GC(189) Concurrent Mark From Roots
[56.652s][info][gc,task        ] GC(189) Using 2 workers of 2 for marking
[56.757s][info][gc,marking     ] GC(189) Concurrent Mark From Roots 105.379ms
[56.757s][info][gc,marking     ] GC(189) Concurrent Preclean
[56.757s][info][gc,marking     ] GC(189) Concurrent Preclean 0.023ms
[56.757s][info][gc,start       ] GC(189) Pause Remark
[56.766s][info][gc             ] GC(189) Pause Remark 9566M->2470M(8272M) 8.472ms
[56.766s][info][gc,cpu         ] GC(189) User=0.00s Sys=0.01s Real=0.01s
[56.766s][info][gc,marking     ] GC(189) Concurrent Mark 114.045ms
[56.766s][info][gc,marking     ] GC(189) Concurrent Rebuild Remembered Sets
[56.862s][info][gc,start       ] GC(190) Pause Young (Normal) (G1 Evacuation Pause)
[56.862s][info][gc,task        ] GC(190) Using 9 workers of 9 for evacuation
[57.002s][info][gc,phases      ] GC(190)   Pre Evacuate Collection Set: 0.1ms
[57.002s][info][gc,phases      ] GC(190)   Merge Heap Roots: 0.2ms
[57.002s][info][gc,phases      ] GC(190)   Evacuate Collection Set: 139.3ms
[57.002s][info][gc,phases      ] GC(190)   Post Evacuate Collection Set: 0.2ms
[57.002s][info][gc,phases      ] GC(190)   Other: 0.1ms
[57.002s][info][gc,heap        ] GC(190) Eden regions: 104->0(237)
[57.002s][info][gc,heap        ] GC(190) Survivor regions: 20->16(16)
[57.002s][info][gc,heap        ] GC(190) Old regions: 183->249
[57.002s][info][gc,heap        ] GC(190) Archive regions: 2->2
[57.002s][info][gc,heap        ] GC(190) Humongous regions: 35->35
[57.002s][info][gc,metaspace   ] GC(190) Metaspace: 2228K(2368K)->2228K(2368K) NonClass: 2032K(2112K)->2032K(2112K) Class: 195K(256K)->195K(256K)
[57.002s][info][gc             ] GC(190) Pause Young (Normal) (G1 Evacuation Pause) 2742M->2402M(8272M) 139.948ms
[57.002s][info][gc,cpu         ] GC(190) User=0.68s Sys=0.19s Real=0.14s
[57.123s][info][gc,marking     ] GC(189) Concurrent Rebuild Remembered Sets 357.031ms
[57.123s][info][gc,start       ] GC(189) Pause Cleanup
[57.123s][info][gc             ] GC(189) Pause Cleanup 2782M->2782M(8272M) 0.130ms
[57.123s][info][gc,cpu         ] GC(189) User=0.00s Sys=0.00s Real=0.00s
[57.123s][info][gc,marking     ] GC(189) Concurrent Cleanup for Next Mark
[57.131s][info][gc,marking     ] GC(189) Concurrent Cleanup for Next Mark 8.196ms
[57.131s][info][gc             ] GC(189) Concurrent Mark Cycle 559.314ms
[57.780s][info][gc,start       ] GC(191) Pause Young (Prepare Mixed) (G1 Evacuation Pause)
[57.780s][info][gc,task        ] GC(191) Using 9 workers of 9 for evacuation
[58.000s][info][gc,mmu         ] GC(191) MMU target violated: 201.0ms (200.0ms/201.0ms)
[58.000s][info][gc,phases      ] GC(191)   Pre Evacuate Collection Set: 0.1ms
[58.000s][info][gc,phases      ] GC(191)   Merge Heap Roots: 0.2ms
[58.000s][info][gc,phases      ] GC(191)   Evacuate Collection Set: 219.3ms
[58.000s][info][gc,phases      ] GC(191)   Post Evacuate Collection Set: 0.3ms
[58.000s][info][gc,phases      ] GC(191)   Other: 0.2ms
[58.000s][info][gc,heap        ] GC(191) Eden regions: 270->0(15)
[58.000s][info][gc,heap        ] GC(191) Survivor regions: 16->36(36)
[58.000s][info][gc,heap        ] GC(191) Old regions: 249->386
[58.000s][info][gc,heap        ] GC(191) Archive regions: 2->2
[58.000s][info][gc,heap        ] GC(191) Humongous regions: 35->35
[58.000s][info][gc,metaspace   ] GC(191) Metaspace: 2228K(2368K)->2228K(2368K) NonClass: 2032K(2112K)->2032K(2112K) Class: 195K(256K)->195K(256K)
[58.000s][info][gc             ] GC(191) Pause Young (Prepare Mixed) (G1 Evacuation Pause) 4562M->3658M(8272M) 220.104ms
[58.000s][info][gc,cpu         ] GC(191) User=1.58s Sys=0.31s Real=0.22s
[58.037s][info][gc,start       ] GC(192) Pause Young (Mixed) (G1 Evacuation Pause)
[58.037s][info][gc,task        ] GC(192) Using 9 workers of 9 for evacuation
[58.073s][info][gc,phases      ] GC(192)   Pre Evacuate Collection Set: 0.1ms
[58.073s][info][gc,phases      ] GC(192)   Merge Heap Roots: 0.2ms
[58.073s][info][gc,phases      ] GC(192)   Evacuate Collection Set: 35.3ms
[58.073s][info][gc,phases      ] GC(192)   Post Evacuate Collection Set: 0.2ms
[58.073s][info][gc,phases      ] GC(192)   Other: 0.1ms
[58.073s][info][gc,heap        ] GC(192) Eden regions: 15->0(196)
[58.073s][info][gc,heap        ] GC(192) Survivor regions: 36->7(7)
[58.073s][info][gc,heap        ] GC(192) Old regions: 386->421
[58.073s][info][gc,heap        ] GC(192) Archive regions: 2->2
[58.073s][info][gc,heap        ] GC(192) Humongous regions: 35->35
[58.073s][info][gc,metaspace   ] GC(192) Metaspace: 2228K(2368K)->2228K(2368K) NonClass: 2032K(2112K)->2032K(2112K) Class: 195K(256K)->195K(256K)
[58.073s][info][gc             ] GC(192) Pause Young (Mixed) (G1 Evacuation Pause) 3778M->3710M(8272M) 35.881ms
[58.073s][info][gc,cpu         ] GC(192) User=0.31s Sys=0.00s Real=0.04s
[58.388s][info][gc,start       ] GC(193) Pause Young (Concurrent Start) (G1 Evacuation Pause)
[58.388s][info][gc,task        ] GC(193) Using 9 workers of 9 for evacuation
[58.532s][info][gc,phases      ] GC(193)   Pre Evacuate Collection Set: 0.1ms
[58.532s][info][gc,phases      ] GC(193)   Merge Heap Roots: 0.1ms
[58.532s][info][gc,phases      ] GC(193)   Evacuate Collection Set: 143.9ms
[58.532s][info][gc,phases      ] GC(193)   Post Evacuate Collection Set: 0.3ms
[58.532s][info][gc,phases      ] GC(193)   Other: 0.1ms
[58.532s][info][gc,heap        ] GC(193) Eden regions: 196->0(103)
[58.532s][info][gc,heap        ] GC(193) Survivor regions: 7->26(26)
[58.532s][info][gc,heap        ] GC(193) Old regions: 421->577
[58.532s][info][gc,heap        ] GC(193) Archive regions: 2->2
[58.532s][info][gc,heap        ] GC(193) Humongous regions: 35->35
[58.532s][info][gc,metaspace   ] GC(193) Metaspace: 2230K(2432K)->2230K(2432K) NonClass: 2035K(2176K)->2035K(2176K) Class: 195K(256K)->195K(256K)
[58.532s][info][gc             ] GC(193) Pause Young (Concurrent Start) (G1 Evacuation Pause) 5278M->5110M(8272M) 144.626ms
[58.532s][info][gc,cpu         ] GC(193) User=1.23s Sys=0.06s Real=0.15s
[58.533s][info][gc             ] GC(194) Concurrent Mark Cycle
[58.533s][info][gc,marking     ] GC(194) Concurrent Clear Claimed Marks
[58.533s][info][gc,marking     ] GC(194) Concurrent Clear Claimed Marks 0.007ms
[58.533s][info][gc,marking     ] GC(194) Concurrent Scan Root Regions
[58.775s][info][gc,marking     ] GC(194) Concurrent Scan Root Regions 242.418ms
[58.775s][info][gc,marking     ] GC(194) Concurrent Mark
[58.775s][info][gc,marking     ] GC(194) Concurrent Mark From Roots
[58.775s][info][gc,start       ] GC(195) Pause Young (Normal) (G1 Evacuation Pause)
[58.775s][info][gc,task        ] GC(194) Using 2 workers of 2 for marking
[58.775s][info][gc,task        ] GC(195) Using 9 workers of 9 for evacuation
[58.916s][info][gc,phases      ] GC(195)   Pre Evacuate Collection Set: 176.1ms
[58.916s][info][gc,phases      ] GC(195)   Merge Heap Roots: 0.3ms
[58.916s][info][gc,phases      ] GC(195)   Evacuate Collection Set: 140.1ms
[58.916s][info][gc,phases      ] GC(195)   Post Evacuate Collection Set: 0.2ms
[58.916s][info][gc,phases      ] GC(195)   Other: 0.1ms
[58.916s][info][gc,heap        ] GC(195) Eden regions: 103->0(61)
[58.916s][info][gc,heap        ] GC(195) Survivor regions: 26->17(17)
[58.916s][info][gc,heap        ] GC(195) Old regions: 577->691
[58.916s][info][gc,heap        ] GC(195) Archive regions: 2->2
[58.916s][info][gc,heap        ] GC(195) Humongous regions: 35->35
[58.916s][info][gc,metaspace   ] GC(195) Metaspace: 2230K(2432K)->2230K(2432K) NonClass: 2035K(2176K)->2035K(2176K) Class: 195K(256K)->195K(256K)
[58.916s][info][gc             ] GC(195) Pause Young (Normal) (G1 Evacuation Pause) 5934M->5946M(8272M) 140.820ms
[58.916s][info][gc,cpu         ] GC(195) User=1.04s Sys=0.17s Real=0.14s
[58.944s][info][gc,start       ] GC(196) Pause Young (Normal) (G1 Evacuation Pause)
[58.944s][info][gc,task        ] GC(196) Using 9 workers of 9 for evacuation
[59.009s][info][gc,phases      ] GC(196)   Pre Evacuate Collection Set: 0.1ms
[59.009s][info][gc,phases      ] GC(196)   Merge Heap Roots: 0.2ms
[59.009s][info][gc,phases      ] GC(196)   Evacuate Collection Set: 64.0ms
[59.009s][info][gc,phases      ] GC(196)   Post Evacuate Collection Set: 0.7ms
[59.009s][info][gc,phases      ] GC(196)   Other: 0.1ms
[59.009s][info][gc,heap        ] GC(196) Eden regions: 61->0(98)
[59.009s][info][gc,heap        ] GC(196) Survivor regions: 17->10(10)
[59.009s][info][gc,heap        ] GC(196) Old regions: 691->760
[59.009s][info][gc,heap        ] GC(196) Archive regions: 2->2
[59.009s][info][gc,heap        ] GC(196) Humongous regions: 35->35
[59.009s][info][gc,metaspace   ] GC(196) Metaspace: 2230K(2432K)->2230K(2432K) NonClass: 2035K(2176K)->2035K(2176K) Class: 195K(256K)->195K(256K)
[59.009s][info][gc             ] GC(196) Pause Young (Normal) (G1 Evacuation Pause) 6434M->6446M(9880M) 65.035ms
[59.009s][info][gc,cpu         ] GC(196) User=0.57s Sys=0.00s Real=0.07s
[59.060s][info][gc,start       ] GC(197) Pause Young (Normal) (G1 Evacuation Pause)
[59.060s][info][gc,task        ] GC(197) Using 9 workers of 9 for evacuation
[59.216s][info][gc,phases      ] GC(197)   Pre Evacuate Collection Set: 0.1ms
[59.216s][info][gc,phases      ] GC(197)   Merge Heap Roots: 0.2ms
[59.216s][info][gc,phases      ] GC(197)   Evacuate Collection Set: 156.3ms
[59.216s][info][gc,phases      ] GC(197)   Post Evacuate Collection Set: 0.2ms
[59.216s][info][gc,phases      ] GC(197)   Other: 0.1ms
[59.216s][info][gc,heap        ] GC(197) Eden regions: 98->0(63)
[59.216s][info][gc,heap        ] GC(197) Survivor regions: 10->14(14)
[59.216s][info][gc,heap        ] GC(197) Old regions: 760->856
[59.216s][info][gc,heap        ] GC(197) Archive regions: 2->2
[59.216s][info][gc,heap        ] GC(197) Humongous regions: 35->35
[59.216s][info][gc,metaspace   ] GC(197) Metaspace: 2230K(2432K)->2230K(2432K) NonClass: 2035K(2176K)->2035K(2176K) Class: 195K(256K)->195K(256K)
[59.216s][info][gc             ] GC(197) Pause Young (Normal) (G1 Evacuation Pause) 7230M->7242M(9880M) 156.975ms
[59.217s][info][gc,cpu         ] GC(197) User=1.09s Sys=0.04s Real=0.15s
[59.433s][info][gc,start       ] GC(198) Pause Young (Normal) (G1 Evacuation Pause)
[59.433s][info][gc,task        ] GC(198) Using 9 workers of 9 for evacuation
[59.488s][info][gc,phases      ] GC(198)   Pre Evacuate Collection Set: 0.1ms
[59.488s][info][gc,phases      ] GC(198)   Merge Heap Roots: 0.1ms
[59.488s][info][gc,phases      ] GC(198)   Evacuate Collection Set: 54.0ms
[59.488s][info][gc,phases      ] GC(198)   Post Evacuate Collection Set: 0.2ms
[59.488s][info][gc,phases      ] GC(198)   Other: 0.2ms
[59.488s][info][gc,heap        ] GC(198) Eden regions: 63->0(51)
[59.488s][info][gc,heap        ] GC(198) Survivor regions: 14->10(10)
[59.488s][info][gc,heap        ] GC(198) Old regions: 856->876
[59.488s][info][gc,heap        ] GC(198) Archive regions: 2->2
[59.488s][info][gc,heap        ] GC(198) Humongous regions: 82->82
[59.488s][info][gc,metaspace   ] GC(198) Metaspace: 2235K(2432K)->2235K(2432K) NonClass: 2039K(2176K)->2039K(2176K) Class: 195K(256K)->195K(256K)
[59.488s][info][gc             ] GC(198) Pause Young (Normal) (G1 Evacuation Pause) 8122M->7750M(9880M) 54.623ms
[59.488s][info][gc,cpu         ] GC(198) User=0.41s Sys=0.03s Real=0.05s
[59.723s][info][gc,start       ] GC(199) Pause Young (Normal) (G1 Evacuation Pause)
[59.723s][info][gc,task        ] GC(199) Using 9 workers of 9 for evacuation
[59.742s][info][gc,phases      ] GC(199)   Pre Evacuate Collection Set: 0.1ms
[59.742s][info][gc,phases      ] GC(199)   Merge Heap Roots: 0.1ms
[59.742s][info][gc,phases      ] GC(199)   Evacuate Collection Set: 18.3ms
[59.742s][info][gc,phases      ] GC(199)   Post Evacuate Collection Set: 0.2ms
[59.742s][info][gc,phases      ] GC(199)   Other: 0.1ms
[59.742s][info][gc,heap        ] GC(199) Eden regions: 51->0(61)
[59.742s][info][gc,heap        ] GC(199) Survivor regions: 10->0(8)
[59.742s][info][gc,heap        ] GC(199) Old regions: 876->888
[59.742s][info][gc,heap        ] GC(199) Archive regions: 2->2
[59.742s][info][gc,heap        ] GC(199) Humongous regions: 82->82
[59.742s][info][gc,metaspace   ] GC(199) Metaspace: 2235K(2432K)->2235K(2432K) NonClass: 2039K(2176K)->2039K(2176K) Class: 195K(256K)->195K(256K)
[59.742s][info][gc             ] GC(199) Pause Young (Normal) (G1 Evacuation Pause) 8158M->7762M(9880M) 18.800ms
[59.742s][info][gc,cpu         ] GC(199) User=0.13s Sys=0.02s Real=0.02s
[59.949s][info][gc,marking     ] GC(194) Concurrent Mark From Roots 1174.265ms
[59.949s][info][gc,marking     ] GC(194) Concurrent Preclean
[59.949s][info][gc,marking     ] GC(194) Concurrent Preclean 0.024ms
[59.949s][info][gc,start       ] GC(194) Pause Remark
[59.951s][info][gc             ] GC(194) Pause Remark 8114M->7834M(12288M) 1.144ms
[59.951s][info][gc,cpu         ] GC(194) User=0.01s Sys=0.00s Real=0.00s
[59.951s][info][gc,marking     ] GC(194) Concurrent Mark 1175.564ms
[59.951s][info][gc,marking     ] GC(194) Concurrent Rebuild Remembered Sets
[60.049s][info][gc,start       ] GC(200) Pause Young (Normal) (G1 Evacuation Pause)
[60.049s][info][gc,task        ] GC(200) Using 9 workers of 9 for evacuation
[60.049s][info][gc,phases      ] GC(200)   Pre Evacuate Collection Set: 0.1ms
[60.049s][info][gc,phases      ] GC(200)   Merge Heap Roots: 0.0ms
[60.049s][info][gc,phases      ] GC(200)   Evacuate Collection Set: 0.1ms
[60.049s][info][gc,phases      ] GC(200)   Post Evacuate Collection Set: 0.1ms
[60.049s][info][gc,phases      ] GC(200)   Other: 0.1ms
[60.049s][info][gc,heap        ] GC(200) Eden regions: 61->0(170)
[60.049s][info][gc,heap        ] GC(200) Survivor regions: 0->0(8)
[60.049s][info][gc,heap        ] GC(200) Old regions: 888->888
[60.049s][info][gc,heap        ] GC(200) Archive regions: 2->2
[60.049s][info][gc,heap        ] GC(200) Humongous regions: 47->47
[60.049s][info][gc,metaspace   ] GC(200) Metaspace: 2235K(2432K)->2235K(2432K) NonClass: 2039K(2176K)->2039K(2176K) Class: 195K(256K)->195K(256K)
[60.049s][info][gc             ] GC(200) Pause Young (Normal) (G1 Evacuation Pause) 7970M->7482M(12288M) 0.529ms
[60.049s][info][gc,cpu         ] GC(200) User=0.00s Sys=0.00s Real=0.00s
[61.333s][info][gc,start       ] GC(201) Pause Young (Normal) (G1 Evacuation Pause)
[61.333s][info][gc,task        ] GC(201) Using 9 workers of 9 for evacuation
[61.333s][info][gc,phases      ] GC(201)   Pre Evacuate Collection Set: 0.1ms
[61.333s][info][gc,phases      ] GC(201)   Merge Heap Roots: 0.0ms
[61.333s][info][gc,phases      ] GC(201)   Evacuate Collection Set: 0.2ms
[61.333s][info][gc,phases      ] GC(201)   Post Evacuate Collection Set: 0.2ms
[61.333s][info][gc,phases      ] GC(201)   Other: 0.1ms
[61.333s][info][gc,heap        ] GC(201) Eden regions: 170->0(173)
[61.333s][info][gc,heap        ] GC(201) Survivor regions: 0->1(22)
[61.333s][info][gc,heap        ] GC(201) Old regions: 888->888
[61.333s][info][gc,heap        ] GC(201) Archive regions: 2->2
[61.333s][info][gc,heap        ] GC(201) Humongous regions: 47->47
[61.333s][info][gc,metaspace   ] GC(201) Metaspace: 2235K(2432K)->2235K(2432K) NonClass: 2039K(2176K)->2039K(2176K) Class: 195K(256K)->195K(256K)
[61.334s][info][gc             ] GC(201) Pause Young (Normal) (G1 Evacuation Pause) 8842M->7483M(12288M) 0.679ms
[61.334s][info][gc,cpu         ] GC(201) User=0.00s Sys=0.00s Real=0.00s
[61.644s][info][gc,marking     ] GC(194) Concurrent Rebuild Remembered Sets 1693.505ms
[61.644s][info][gc,start       ] GC(194) Pause Cleanup
[61.644s][info][gc             ] GC(194) Pause Cleanup 7703M->7703M(12288M) 0.203ms
[61.644s][info][gc,cpu         ] GC(194) User=0.00s Sys=0.00s Real=0.00s
[61.644s][info][gc,marking     ] GC(194) Concurrent Cleanup for Next Mark
[61.675s][info][gc,marking     ] GC(194) Concurrent Cleanup for Next Mark 30.651ms
[61.675s][info][gc             ] GC(194) Concurrent Mark Cycle 3142.563ms
[63.320s][info][gc,start       ] GC(202) Pause Young (Prepare Mixed) (G1 Evacuation Pause)
[63.320s][info][gc,task        ] GC(202) Using 9 workers of 9 for evacuation
[63.380s][info][gc,phases      ] GC(202)   Pre Evacuate Collection Set: 0.1ms
[63.380s][info][gc,phases      ] GC(202)   Merge Heap Roots: 0.0ms
[63.380s][info][gc,phases      ] GC(202)   Evacuate Collection Set: 59.1ms
[63.380s][info][gc,phases      ] GC(202)   Post Evacuate Collection Set: 0.2ms
[63.380s][info][gc,phases      ] GC(202)   Other: 0.1ms
[63.380s][info][gc,heap        ] GC(202) Eden regions: 173->0(54)
[63.380s][info][gc,heap        ] GC(202) Survivor regions: 1->22(22)
[63.380s][info][gc,heap        ] GC(202) Old regions: 888->913
[63.380s][info][gc,heap        ] GC(202) Archive regions: 2->2
[63.380s][info][gc,heap        ] GC(202) Humongous regions: 82->82
[63.380s][info][gc,metaspace   ] GC(202) Metaspace: 2235K(2432K)->2235K(2432K) NonClass: 2040K(2176K)->2040K(2176K) Class: 195K(256K)->195K(256K)
[63.380s][info][gc             ] GC(202) Pause Young (Prepare Mixed) (G1 Evacuation Pause) 9147M->8137M(12288M) 59.570ms
[63.380s][info][gc,cpu         ] GC(202) User=0.18s Sys=0.10s Real=0.06s
[63.525s][info][gc,start       ] GC(203) Pause Young (Mixed) (G1 Evacuation Pause)
[63.525s][info][gc,task        ] GC(203) Using 9 workers of 9 for evacuation
[63.606s][info][gc,phases      ] GC(203)   Pre Evacuate Collection Set: 0.1ms
[63.606s][info][gc,phases      ] GC(203)   Merge Heap Roots: 0.0ms
[63.606s][info][gc,phases      ] GC(203)   Evacuate Collection Set: 80.7ms
[63.606s][info][gc,phases      ] GC(203)   Post Evacuate Collection Set: 0.3ms
[63.606s][info][gc,phases      ] GC(203)   Other: 0.1ms
[63.606s][info][gc,heap        ] GC(203) Eden regions: 54->0(130)
[63.606s][info][gc,heap        ] GC(203) Survivor regions: 22->10(10)
[63.606s][info][gc,heap        ] GC(203) Old regions: 913->950
[63.606s][info][gc,heap        ] GC(203) Archive regions: 2->2
[63.606s][info][gc,heap        ] GC(203) Humongous regions: 82->82
[63.606s][info][gc,metaspace   ] GC(203) Metaspace: 2235K(2432K)->2235K(2432K) NonClass: 2040K(2176K)->2040K(2176K) Class: 195K(256K)->195K(256K)
[63.606s][info][gc             ] GC(203) Pause Young (Mixed) (G1 Evacuation Pause) 8569M->8336M(12288M) 81.291ms
[63.606s][info][gc,cpu         ] GC(203) User=0.36s Sys=0.10s Real=0.08s
[63.913s][info][gc,start       ] GC(204) Pause Young (Concurrent Start) (G1 Evacuation Pause)
[63.913s][info][gc,task        ] GC(204) Using 9 workers of 9 for evacuation
[64.022s][info][gc,phases      ] GC(204)   Pre Evacuate Collection Set: 0.1ms
[64.022s][info][gc,phases      ] GC(204)   Merge Heap Roots: 0.2ms
[64.022s][info][gc,phases      ] GC(204)   Evacuate Collection Set: 109.1ms
[64.022s][info][gc,phases      ] GC(204)   Post Evacuate Collection Set: 0.2ms
[64.022s][info][gc,phases      ] GC(204)   Other: 0.1ms
[64.022s][info][gc,heap        ] GC(204) Eden regions: 124->0(91)
[64.022s][info][gc,heap        ] GC(204) Survivor regions: 10->17(17)
[64.022s][info][gc,heap        ] GC(204) Old regions: 950->1015
[64.022s][info][gc,heap        ] GC(204) Archive regions: 2->2
[64.022s][info][gc,heap        ] GC(204) Humongous regions: 82->82
[64.022s][info][gc,metaspace   ] GC(204) Metaspace: 2235K(2432K)->2235K(2432K) NonClass: 2040K(2176K)->2040K(2176K) Class: 195K(256K)->195K(256K)
[64.022s][info][gc             ] GC(204) Pause Young (Concurrent Start) (G1 Evacuation Pause) 9328M->8916M(12288M) 109.713ms
[64.022s][info][gc,cpu         ] GC(204) User=0.71s Sys=0.11s Real=0.11s
[64.023s][info][gc             ] GC(205) Concurrent Mark Cycle
[64.023s][info][gc,marking     ] GC(205) Concurrent Clear Claimed Marks
[64.023s][info][gc,marking     ] GC(205) Concurrent Clear Claimed Marks 0.007ms
[64.023s][info][gc,marking     ] GC(205) Concurrent Scan Root Regions
[64.090s][info][gc,marking     ] GC(205) Concurrent Scan Root Regions 67.014ms
[64.090s][info][gc,marking     ] GC(205) Concurrent Mark
[64.090s][info][gc,marking     ] GC(205) Concurrent Mark From Roots
[64.090s][info][gc,task        ] GC(205) Using 2 workers of 2 for marking
[64.240s][info][gc,marking     ] GC(205) Concurrent Mark From Roots 150.848ms
[64.240s][info][gc,marking     ] GC(205) Concurrent Preclean
[64.240s][info][gc,marking     ] GC(205) Concurrent Preclean 0.017ms
[64.241s][info][gc,start       ] GC(205) Pause Remark
[64.247s][info][gc             ] GC(205) Pause Remark 9584M->2448M(8216M) 6.036ms
[64.247s][info][gc,cpu         ] GC(205) User=0.00s Sys=0.01s Real=0.00s
[64.247s][info][gc,marking     ] GC(205) Concurrent Mark 157.038ms
[64.247s][info][gc,marking     ] GC(205) Concurrent Rebuild Remembered Sets
[64.270s][info][gc,start       ] GC(206) Pause Young (Normal) (G1 Evacuation Pause)
[64.270s][info][gc,task        ] GC(206) Using 9 workers of 9 for evacuation
[64.377s][info][gc,phases      ] GC(206)   Pre Evacuate Collection Set: 0.1ms
[64.377s][info][gc,phases      ] GC(206)   Merge Heap Roots: 0.2ms
[64.377s][info][gc,phases      ] GC(206)   Evacuate Collection Set: 106.8ms
[64.377s][info][gc,phases      ] GC(206)   Post Evacuate Collection Set: 0.2ms
[64.377s][info][gc,phases      ] GC(206)   Other: 0.1ms
[64.377s][info][gc,heap        ] GC(206) Eden regions: 91->0(98)
[64.377s][info][gc,heap        ] GC(206) Survivor regions: 17->14(14)
[64.377s][info][gc,heap        ] GC(206) Old regions: 170->227
[64.377s][info][gc,heap        ] GC(206) Archive regions: 2->2
[64.377s][info][gc,heap        ] GC(206) Humongous regions: 35->35
[64.377s][info][gc,metaspace   ] GC(206) Metaspace: 2235K(2432K)->2235K(2432K) NonClass: 2040K(2176K)->2040K(2176K) Class: 195K(256K)->195K(256K)
[64.377s][info][gc             ] GC(206) Pause Young (Normal) (G1 Evacuation Pause) 2508M->2212M(8216M) 107.328ms
[64.377s][info][gc,cpu         ] GC(206) User=0.57s Sys=0.15s Real=0.10s
[64.506s][info][gc,marking     ] GC(205) Concurrent Rebuild Remembered Sets 259.808ms
[64.507s][info][gc,start       ] GC(205) Pause Cleanup
[64.507s][info][gc             ] GC(205) Pause Cleanup 2620M->2620M(8216M) 0.133ms
[64.507s][info][gc,cpu         ] GC(205) User=0.00s Sys=0.00s Real=0.00s
[64.507s][info][gc,marking     ] GC(205) Concurrent Cleanup for Next Mark
[64.514s][info][gc,marking     ] GC(205) Concurrent Cleanup for Next Mark 6.123ms
[64.514s][info][gc             ] GC(205) Concurrent Mark Cycle 491.057ms
[64.622s][info][gc,start       ] GC(207) Pause Young (Prepare Mixed) (G1 Evacuation Pause)
[64.622s][info][gc,task        ] GC(207) Using 9 workers of 9 for evacuation
[64.706s][info][gc,phases      ] GC(207)   Pre Evacuate Collection Set: 0.1ms
[64.706s][info][gc,phases      ] GC(207)   Merge Heap Roots: 0.2ms
[64.706s][info][gc,phases      ] GC(207)   Evacuate Collection Set: 83.8ms
[64.706s][info][gc,phases      ] GC(207)   Post Evacuate Collection Set: 0.2ms
[64.706s][info][gc,phases      ] GC(207)   Other: 0.1ms
[64.706s][info][gc,heap        ] GC(207) Eden regions: 98->0(37)
[64.706s][info][gc,heap        ] GC(207) Survivor regions: 14->14(14)
[64.706s][info][gc,heap        ] GC(207) Old regions: 227->285
[64.706s][info][gc,heap        ] GC(207) Archive regions: 2->2
[64.706s][info][gc,heap        ] GC(207) Humongous regions: 35->35
[64.706s][info][gc,metaspace   ] GC(207) Metaspace: 2236K(2432K)->2236K(2432K) NonClass: 2040K(2176K)->2040K(2176K) Class: 195K(256K)->195K(256K)
[64.706s][info][gc             ] GC(207) Pause Young (Prepare Mixed) (G1 Evacuation Pause) 2996M->2672M(8216M) 84.322ms
[64.706s][info][gc,cpu         ] GC(207) User=0.59s Sys=0.12s Real=0.08s
[64.795s][info][gc,start       ] GC(208) Pause Young (Mixed) (G1 Evacuation Pause)
[64.795s][info][gc,task        ] GC(208) Using 9 workers of 9 for evacuation
[64.839s][info][gc,phases      ] GC(208)   Pre Evacuate Collection Set: 0.1ms
[64.839s][info][gc,phases      ] GC(208)   Merge Heap Roots: 0.1ms
[64.839s][info][gc,phases      ] GC(208)   Evacuate Collection Set: 43.4ms
[64.839s][info][gc,phases      ] GC(208)   Post Evacuate Collection Set: 0.1ms
[64.839s][info][gc,phases      ] GC(208)   Other: 0.1ms
[64.839s][info][gc,heap        ] GC(208) Eden regions: 37->0(166)
[64.839s][info][gc,heap        ] GC(208) Survivor regions: 14->7(7)
[64.839s][info][gc,heap        ] GC(208) Old regions: 285->311
[64.839s][info][gc,heap        ] GC(208) Archive regions: 2->2
[64.839s][info][gc,heap        ] GC(208) Humongous regions: 35->35
[64.839s][info][gc,metaspace   ] GC(208) Metaspace: 2236K(2432K)->2236K(2432K) NonClass: 2040K(2176K)->2040K(2176K) Class: 195K(256K)->195K(256K)
[64.839s][info][gc             ] GC(208) Pause Young (Mixed) (G1 Evacuation Pause) 2968M->2824M(8216M) 43.855ms
[64.839s][info][gc,cpu         ] GC(208) User=0.30s Sys=0.07s Real=0.05s
[65.254s][info][gc,start       ] GC(209) Pause Young (Concurrent Start) (G1 Evacuation Pause)
[65.254s][info][gc,task        ] GC(209) Using 9 workers of 9 for evacuation
[65.374s][info][gc,phases      ] GC(209)   Pre Evacuate Collection Set: 0.1ms
[65.374s][info][gc,phases      ] GC(209)   Merge Heap Roots: 0.2ms
[65.374s][info][gc,phases      ] GC(209)   Evacuate Collection Set: 119.5ms
[65.374s][info][gc,phases      ] GC(209)   Post Evacuate Collection Set: 0.2ms
[65.374s][info][gc,phases      ] GC(209)   Other: 0.1ms
[65.374s][info][gc,heap        ] GC(209) Eden regions: 166->0(105)
[65.374s][info][gc,heap        ] GC(209) Survivor regions: 7->22(22)
[65.374s][info][gc,heap        ] GC(209) Old regions: 311->392
[65.374s][info][gc,heap        ] GC(209) Archive regions: 2->2
[65.374s][info][gc,heap        ] GC(209) Humongous regions: 35->35
[65.374s][info][gc,metaspace   ] GC(209) Metaspace: 2236K(2432K)->2236K(2432K) NonClass: 2040K(2176K)->2040K(2176K) Class: 195K(256K)->195K(256K)
[65.374s][info][gc             ] GC(209) Pause Young (Concurrent Start) (G1 Evacuation Pause) 4152M->3596M(8216M) 120.236ms
[65.374s][info][gc,cpu         ] GC(209) User=0.92s Sys=0.12s Real=0.12s
[65.374s][info][gc             ] GC(210) Concurrent Mark Cycle
[65.374s][info][gc,marking     ] GC(210) Concurrent Clear Claimed Marks
[65.374s][info][gc,marking     ] GC(210) Concurrent Clear Claimed Marks 0.006ms
[65.374s][info][gc,marking     ] GC(210) Concurrent Scan Root Regions
[65.433s][info][gc,marking     ] GC(210) Concurrent Scan Root Regions 59.099ms
[65.433s][info][gc,marking     ] GC(210) Concurrent Mark
[65.433s][info][gc,marking     ] GC(210) Concurrent Mark From Roots
[65.433s][info][gc,task        ] GC(210) Using 2 workers of 2 for marking
[65.589s][info][gc,start       ] GC(211) Pause Young (Normal) (G1 Evacuation Pause)
[65.589s][info][gc,task        ] GC(211) Using 9 workers of 9 for evacuation
[65.669s][info][gc,phases      ] GC(211)   Pre Evacuate Collection Set: 0.1ms
[65.669s][info][gc,phases      ] GC(211)   Merge Heap Roots: 0.2ms
[65.669s][info][gc,phases      ] GC(211)   Evacuate Collection Set: 79.7ms
[65.669s][info][gc,phases      ] GC(211)   Post Evacuate Collection Set: 0.2ms
[65.669s][info][gc,phases      ] GC(211)   Other: 0.1ms
[65.669s][info][gc,heap        ] GC(211) Eden regions: 105->0(154)
[65.669s][info][gc,heap        ] GC(211) Survivor regions: 22->16(16)
[65.669s][info][gc,heap        ] GC(211) Old regions: 392->471
[65.669s][info][gc,heap        ] GC(211) Archive regions: 2->2
[65.669s][info][gc,heap        ] GC(211) Humongous regions: 35->35
[65.669s][info][gc,metaspace   ] GC(211) Metaspace: 2236K(2432K)->2236K(2432K) NonClass: 2040K(2176K)->2040K(2176K) Class: 195K(256K)->195K(256K)
[65.669s][info][gc             ] GC(211) Pause Young (Normal) (G1 Evacuation Pause) 4436M->4176M(8216M) 80.269ms
[65.669s][info][gc,cpu         ] GC(211) User=0.68s Sys=0.04s Real=0.08s
[65.919s][info][gc,start       ] GC(212) Pause Young (Normal) (G1 Evacuation Pause)
[65.919s][info][gc,task        ] GC(212) Using 9 workers of 9 for evacuation
[66.083s][info][gc,phases      ] GC(212)   Pre Evacuate Collection Set: 0.1ms
[66.083s][info][gc,phases      ] GC(212)   Merge Heap Roots: 0.2ms
[66.083s][info][gc,phases      ] GC(212)   Evacuate Collection Set: 162.8ms
[66.083s][info][gc,phases      ] GC(212)   Post Evacuate Collection Set: 0.7ms
[66.083s][info][gc,phases      ] GC(212)   Other: 0.1ms
[66.083s][info][gc,heap        ] GC(212) Eden regions: 154->0(135)
[66.083s][info][gc,heap        ] GC(212) Survivor regions: 16->22(22)
[66.083s][info][gc,heap        ] GC(212) Old regions: 471->619
[66.083s][info][gc,heap        ] GC(212) Archive regions: 2->2
[66.083s][info][gc,heap        ] GC(212) Humongous regions: 35->35
[66.083s][info][gc,metaspace   ] GC(212) Metaspace: 2242K(2432K)->2242K(2432K) NonClass: 2045K(2176K)->2045K(2176K) Class: 196K(256K)->196K(256K)
[66.083s][info][gc             ] GC(212) Pause Young (Normal) (G1 Evacuation Pause) 5408M->5408M(9672M) 163.891ms
[66.083s][info][gc,cpu         ] GC(212) User=1.12s Sys=0.27s Real=0.16s
[66.151s][info][gc,start       ] GC(213) Pause Young (Normal) (G1 Evacuation Pause)
[66.151s][info][gc,task        ] GC(213) Using 9 workers of 9 for evacuation
[66.327s][info][gc,phases      ] GC(213)   Pre Evacuate Collection Set: 0.1ms
[66.328s][info][gc,phases      ] GC(213)   Merge Heap Roots: 0.3ms
[66.328s][info][gc,phases      ] GC(213)   Evacuate Collection Set: 176.3ms
[66.328s][info][gc,phases      ] GC(213)   Post Evacuate Collection Set: 0.2ms
[66.328s][info][gc,phases      ] GC(213)   Other: 0.1ms
[66.328s][info][gc,heap        ] GC(213) Eden regions: 135->0(90)
[66.328s][info][gc,heap        ] GC(213) Survivor regions: 22->20(20)
[66.328s][info][gc,heap        ] GC(213) Old regions: 619->757
[66.328s][info][gc,heap        ] GC(213) Archive regions: 2->2
[66.328s][info][gc,heap        ] GC(213) Humongous regions: 35->35
[66.328s][info][gc,metaspace   ] GC(213) Metaspace: 2242K(2432K)->2242K(2432K) NonClass: 2045K(2176K)->2045K(2176K) Class: 196K(256K)->196K(256K)
[66.328s][info][gc             ] GC(213) Pause Young (Normal) (G1 Evacuation Pause) 6488M->6496M(9672M) 177.028ms
[66.328s][info][gc,cpu         ] GC(213) User=1.44s Sys=0.12s Real=0.17s
[66.370s][info][gc,start       ] GC(214) Pause Young (Normal) (G1 Evacuation Pause)
[66.370s][info][gc,task        ] GC(214) Using 9 workers of 9 for evacuation
[66.497s][info][gc,phases      ] GC(214)   Pre Evacuate Collection Set: 0.1ms
[66.497s][info][gc,phases      ] GC(214)   Merge Heap Roots: 0.2ms
[66.497s][info][gc,phases      ] GC(214)   Evacuate Collection Set: 126.3ms
[66.497s][info][gc,phases      ] GC(214)   Post Evacuate Collection Set: 0.2ms
[66.497s][info][gc,phases      ] GC(214)   Other: 0.1ms
[66.497s][info][gc,heap        ] GC(214) Eden regions: 90->0(58)
[66.497s][info][gc,heap        ] GC(214) Survivor regions: 20->14(14)
[66.497s][info][gc,heap        ] GC(214) Old regions: 757->854
[66.497s][info][gc,heap        ] GC(214) Archive regions: 2->2
[66.497s][info][gc,heap        ] GC(214) Humongous regions: 35->35
[66.497s][info][gc,metaspace   ] GC(214) Metaspace: 2242K(2432K)->2242K(2432K) NonClass: 2045K(2176K)->2045K(2176K) Class: 196K(256K)->196K(256K)
[66.497s][info][gc             ] GC(214) Pause Young (Normal) (G1 Evacuation Pause) 7216M->7224M(9672M) 126.991ms
[66.497s][info][gc,cpu         ] GC(214) User=1.11s Sys=0.03s Real=0.12s
[66.518s][info][gc,marking     ] GC(210) Concurrent Mark From Roots 1084.553ms
[66.518s][info][gc,marking     ] GC(210) Concurrent Preclean
[66.518s][info][gc,marking     ] GC(210) Concurrent Preclean 0.018ms
[66.520s][info][gc,start       ] GC(210) Pause Remark
[66.521s][info][gc             ] GC(210) Pause Remark 7776M->7776M(12288M) 1.066ms
[66.521s][info][gc,cpu         ] GC(210) User=0.01s Sys=0.00s Real=0.00s
[66.521s][info][gc,marking     ] GC(210) Concurrent Mark 1088.025ms
[66.521s][info][gc,marking     ] GC(210) Concurrent Rebuild Remembered Sets
[66.663s][info][gc,start       ] GC(215) Pause Young (Normal) (G1 Evacuation Pause)
[66.663s][info][gc,task        ] GC(215) Using 9 workers of 9 for evacuation
[66.721s][info][gc,phases      ] GC(215)   Pre Evacuate Collection Set: 0.1ms
[66.721s][info][gc,phases      ] GC(215)   Merge Heap Roots: 0.1ms
[66.721s][info][gc,phases      ] GC(215)   Evacuate Collection Set: 57.2ms
[66.721s][info][gc,phases      ] GC(215)   Post Evacuate Collection Set: 0.2ms
[66.721s][info][gc,phases      ] GC(215)   Other: 0.4ms
[66.721s][info][gc,heap        ] GC(215) Eden regions: 58->0(135)
[66.721s][info][gc,heap        ] GC(215) Survivor regions: 14->9(9)
[66.721s][info][gc,heap        ] GC(215) Old regions: 854->882
[66.721s][info][gc,heap        ] GC(215) Archive regions: 2->2
[66.721s][info][gc,heap        ] GC(215) Humongous regions: 82->82
[66.721s][info][gc,metaspace   ] GC(215) Metaspace: 2242K(2432K)->2242K(2432K) NonClass: 2045K(2176K)->2045K(2176K) Class: 196K(256K)->196K(256K)
[66.721s][info][gc             ] GC(215) Pause Young (Normal) (G1 Evacuation Pause) 8064M->7784M(12288M) 58.128ms
[66.721s][info][gc,cpu         ] GC(215) User=0.32s Sys=0.03s Real=0.06s
[67.426s][info][gc,start       ] GC(216) Pause Young (Normal) (G1 Evacuation Pause)
[67.426s][info][gc,task        ] GC(216) Using 9 workers of 9 for evacuation
[67.453s][info][gc,phases      ] GC(216)   Pre Evacuate Collection Set: 0.2ms
[67.453s][info][gc,phases      ] GC(216)   Merge Heap Roots: 0.1ms
[67.453s][info][gc,phases      ] GC(216)   Evacuate Collection Set: 26.4ms
[67.453s][info][gc,phases      ] GC(216)   Post Evacuate Collection Set: 0.3ms
[67.453s][info][gc,phases      ] GC(216)   Other: 0.1ms
[67.453s][info][gc,heap        ] GC(216) Eden regions: 135->0(152)
[67.453s][info][gc,heap        ] GC(216) Survivor regions: 9->10(18)
[67.453s][info][gc,heap        ] GC(216) Old regions: 882->882
[67.453s][info][gc,heap        ] GC(216) Archive regions: 2->2
[67.453s][info][gc,heap        ] GC(216) Humongous regions: 82->82
[67.453s][info][gc,metaspace   ] GC(216) Metaspace: 2242K(2432K)->2242K(2432K) NonClass: 2045K(2176K)->2045K(2176K) Class: 196K(256K)->196K(256K)
[67.453s][info][gc             ] GC(216) Pause Young (Normal) (G1 Evacuation Pause) 8864M->7792M(12288M) 27.053ms
[67.453s][info][gc,cpu         ] GC(216) User=0.22s Sys=0.02s Real=0.03s
[68.177s][info][gc,marking     ] GC(210) Concurrent Rebuild Remembered Sets 1655.333ms
[68.177s][info][gc,start       ] GC(210) Pause Cleanup
[68.177s][info][gc             ] GC(210) Pause Cleanup 8724M->8724M(12288M) 0.346ms
[68.177s][info][gc,cpu         ] GC(210) User=0.00s Sys=0.00s Real=0.00s
[68.177s][info][gc,marking     ] GC(210) Concurrent Cleanup for Next Mark
[68.191s][info][gc,marking     ] GC(210) Concurrent Cleanup for Next Mark 13.873ms
[68.191s][info][gc             ] GC(210) Concurrent Mark Cycle 2816.825ms
[68.560s][info][gc,start       ] GC(217) Pause Young (Prepare Mixed) (G1 Evacuation Pause)
[68.560s][info][gc,task        ] GC(217) Using 9 workers of 9 for evacuation
[68.589s][info][gc,phases      ] GC(217)   Pre Evacuate Collection Set: 0.1ms
[68.589s][info][gc,phases      ] GC(217)   Merge Heap Roots: 0.1ms
[68.589s][info][gc,phases      ] GC(217)   Evacuate Collection Set: 28.8ms
[68.589s][info][gc,phases      ] GC(217)   Post Evacuate Collection Set: 0.3ms
[68.589s][info][gc,phases      ] GC(217)   Other: 0.1ms
[68.589s][info][gc,heap        ] GC(217) Eden regions: 152->0(66)
[68.589s][info][gc,heap        ] GC(217) Survivor regions: 10->10(21)
[68.589s][info][gc,heap        ] GC(217) Old regions: 882->882
[68.589s][info][gc,heap        ] GC(217) Archive regions: 2->2
[68.589s][info][gc,heap        ] GC(217) Humongous regions: 82->82
[68.589s][info][gc,metaspace   ] GC(217) Metaspace: 2242K(2432K)->2242K(2432K) NonClass: 2046K(2176K)->2046K(2176K) Class: 196K(256K)->196K(256K)
[68.589s][info][gc             ] GC(217) Pause Young (Prepare Mixed) (G1 Evacuation Pause) 9008M->7792M(12288M) 29.463ms
[68.589s][info][gc,cpu         ] GC(217) User=0.23s Sys=0.02s Real=0.03s
[69.269s][info][gc,start       ] GC(218) Pause Young (Mixed) (G1 Evacuation Pause)
[69.269s][info][gc,task        ] GC(218) Using 9 workers of 9 for evacuation
[69.296s][info][gc,phases      ] GC(218)   Pre Evacuate Collection Set: 0.1ms
[69.296s][info][gc,phases      ] GC(218)   Merge Heap Roots: 0.1ms
[69.296s][info][gc,phases      ] GC(218)   Evacuate Collection Set: 26.3ms
[69.296s][info][gc,phases      ] GC(218)   Post Evacuate Collection Set: 0.5ms
[69.296s][info][gc,phases      ] GC(218)   Other: 0.1ms
[69.296s][info][gc,heap        ] GC(218) Eden regions: 66->0(189)
[69.296s][info][gc,heap        ] GC(218) Survivor regions: 10->1(10)
[69.296s][info][gc,heap        ] GC(218) Old regions: 882->886
[69.296s][info][gc,heap        ] GC(218) Archive regions: 2->2
[69.296s][info][gc,heap        ] GC(218) Humongous regions: 82->82
[69.296s][info][gc,metaspace   ] GC(218) Metaspace: 2242K(2432K)->2242K(2432K) NonClass: 2046K(2176K)->2046K(2176K) Class: 196K(256K)->196K(256K)
[69.296s][info][gc             ] GC(218) Pause Young (Mixed) (G1 Evacuation Pause) 8320M->7752M(12288M) 27.042ms
[69.296s][info][gc,cpu         ] GC(218) User=0.21s Sys=0.01s Real=0.02s
[69.834s][info][gc,start       ] GC(219) Pause Young (Concurrent Start) (G1 Humongous Allocation)
[69.834s][info][gc,task        ] GC(219) Using 9 workers of 9 for evacuation
[69.837s][info][gc,phases      ] GC(219)   Pre Evacuate Collection Set: 0.5ms
[69.837s][info][gc,phases      ] GC(219)   Merge Heap Roots: 0.1ms
[69.837s][info][gc,phases      ] GC(219)   Evacuate Collection Set: 1.1ms
[69.837s][info][gc,phases      ] GC(219)   Post Evacuate Collection Set: 0.4ms
[69.837s][info][gc,phases      ] GC(219)   Other: 0.6ms
[69.837s][info][gc,heap        ] GC(219) Eden regions: 32->0(215)
[69.837s][info][gc,heap        ] GC(219) Survivor regions: 1->1(24)
[69.837s][info][gc,heap        ] GC(219) Old regions: 886->886
[69.837s][info][gc,heap        ] GC(219) Archive regions: 2->2
[69.837s][info][gc,heap        ] GC(219) Humongous regions: 82->82
[69.837s][info][gc,metaspace   ] GC(219) Metaspace: 2243K(2432K)->2243K(2432K) NonClass: 2046K(2176K)->2046K(2176K) Class: 196K(256K)->196K(256K)
[69.837s][info][gc             ] GC(219) Pause Young (Concurrent Start) (G1 Humongous Allocation) 8008M->7746M(12288M) 2.974ms
[69.837s][info][gc,cpu         ] GC(219) User=0.01s Sys=0.01s Real=0.00s
[69.837s][info][gc             ] GC(220) Concurrent Mark Cycle
[69.837s][info][gc,marking     ] GC(220) Concurrent Clear Claimed Marks
[69.837s][info][gc,marking     ] GC(220) Concurrent Clear Claimed Marks 0.021ms
[69.837s][info][gc,marking     ] GC(220) Concurrent Scan Root Regions
[69.837s][info][gc,marking     ] GC(220) Concurrent Scan Root Regions 0.093ms
[69.837s][info][gc,marking     ] GC(220) Concurrent Mark
[69.837s][info][gc,marking     ] GC(220) Concurrent Mark From Roots
[69.837s][info][gc,task        ] GC(220) Using 2 workers of 2 for marking
[69.850s][info][gc,marking     ] GC(220) Concurrent Mark From Roots 13.048ms
[69.851s][info][gc,marking     ] GC(220) Concurrent Preclean
[69.851s][info][gc,marking     ] GC(220) Concurrent Preclean 0.050ms
[69.891s][info][gc,start       ] GC(220) Pause Remark
[69.897s][info][gc             ] GC(220) Pause Remark 8026M->644M(2216M) 6.743ms
[69.897s][info][gc,cpu         ] GC(220) User=0.00s Sys=0.02s Real=0.00s
[69.897s][info][gc,marking     ] GC(220) Concurrent Mark 60.063ms
[69.897s][info][gc,marking     ] GC(220) Concurrent Rebuild Remembered Sets
[69.903s][info][gc,marking     ] GC(220) Concurrent Rebuild Remembered Sets 5.504ms
[69.903s][info][gc,start       ] GC(220) Pause Cleanup
[69.903s][info][gc             ] GC(220) Pause Cleanup 648M->648M(2216M) 0.082ms
[69.903s][info][gc,cpu         ] GC(220) User=0.00s Sys=0.00s Real=0.00s
[69.903s][info][gc,marking     ] GC(220) Concurrent Cleanup for Next Mark
[69.908s][info][gc,marking     ] GC(220) Concurrent Cleanup for Next Mark 4.635ms
[69.908s][info][gc             ] GC(220) Concurrent Mark Cycle 70.602ms
[70.738s][info][gc,start       ] GC(221) Pause Young (Prepare Mixed) (G1 Preventive Collection)
[70.738s][info][gc,task        ] GC(221) Using 9 workers of 9 for evacuation
[70.812s][info][gc,phases      ] GC(221)   Pre Evacuate Collection Set: 0.1ms
[70.813s][info][gc,phases      ] GC(221)   Merge Heap Roots: 0.0ms
[70.813s][info][gc,phases      ] GC(221)   Evacuate Collection Set: 73.7ms
[70.813s][info][gc,phases      ] GC(221)   Post Evacuate Collection Set: 0.2ms
[70.813s][info][gc,phases      ] GC(221)   Other: 0.1ms
[70.813s][info][gc,heap        ] GC(221) Eden regions: 133->0(1)
[70.813s][info][gc,heap        ] GC(221) Survivor regions: 1->27(27)
[70.813s][info][gc,heap        ] GC(221) Old regions: 45->94
[70.813s][info][gc,heap        ] GC(221) Archive regions: 2->2
[70.813s][info][gc,heap        ] GC(221) Humongous regions: 35->35
[70.813s][info][gc,metaspace   ] GC(221) Metaspace: 2243K(2432K)->2243K(2432K) NonClass: 2047K(2176K)->2047K(2176K) Class: 196K(256K)->196K(256K)
[70.813s][info][gc             ] GC(221) Pause Young (Prepare Mixed) (G1 Preventive Collection) 1708M->1251M(2336M) 74.177ms
[70.813s][info][gc,cpu         ] GC(221) User=0.43s Sys=0.17s Real=0.07s
[70.816s][info][gc,start       ] GC(222) Pause Young (Mixed) (G1 Evacuation Pause)
[70.816s][info][gc,task        ] GC(222) Using 9 workers of 9 for evacuation
[70.832s][info][gc,phases      ] GC(222)   Pre Evacuate Collection Set: 0.1ms
[70.832s][info][gc,phases      ] GC(222)   Merge Heap Roots: 0.0ms
[70.832s][info][gc,phases      ] GC(222)   Evacuate Collection Set: 15.9ms
[70.832s][info][gc,phases      ] GC(222)   Post Evacuate Collection Set: 0.2ms
[70.832s][info][gc,phases      ] GC(222)   Other: 0.1ms
[70.832s][info][gc,heap        ] GC(222) Eden regions: 1->0(11)
[70.832s][info][gc,heap        ] GC(222) Survivor regions: 27->3(4)
[70.832s][info][gc,heap        ] GC(222) Old regions: 94->92
[70.832s][info][gc,heap        ] GC(222) Archive regions: 2->2
[70.832s][info][gc,heap        ] GC(222) Humongous regions: 35->35
[70.832s][info][gc,metaspace   ] GC(222) Metaspace: 2243K(2432K)->2243K(2432K) NonClass: 2047K(2176K)->2047K(2176K) Class: 196K(256K)->196K(256K)
[70.832s][info][gc             ] GC(222) Pause Young (Mixed) (G1 Evacuation Pause) 1259M->1038M(2336M) 16.384ms
[70.832s][info][gc,cpu         ] GC(222) User=0.15s Sys=0.00s Real=0.02s
[70.866s][info][gc,start       ] GC(223) Pause Young (Mixed) (G1 Evacuation Pause)
[70.866s][info][gc,task        ] GC(223) Using 9 workers of 9 for evacuation
[70.874s][info][gc,phases      ] GC(223)   Pre Evacuate Collection Set: 0.1ms
[70.874s][info][gc,phases      ] GC(223)   Merge Heap Roots: 0.1ms
[70.874s][info][gc,phases      ] GC(223)   Evacuate Collection Set: 7.7ms
[70.874s][info][gc,phases      ] GC(223)   Post Evacuate Collection Set: 0.1ms
[70.874s][info][gc,phases      ] GC(223)   Other: 0.1ms
[70.874s][info][gc,heap        ] GC(223) Eden regions: 11->0(59)
[70.874s][info][gc,heap        ] GC(223) Survivor regions: 3->2(2)
[70.874s][info][gc,heap        ] GC(223) Old regions: 92->96
[70.874s][info][gc,heap        ] GC(223) Archive regions: 2->2
[70.874s][info][gc,heap        ] GC(223) Humongous regions: 35->35
[70.874s][info][gc,metaspace   ] GC(223) Metaspace: 2243K(2432K)->2243K(2432K) NonClass: 2047K(2176K)->2047K(2176K) Class: 196K(256K)->196K(256K)
[70.874s][info][gc             ] GC(223) Pause Young (Mixed) (G1 Evacuation Pause) 1126M->1070M(2336M) 8.123ms
[70.874s][info][gc,cpu         ] GC(223) User=0.06s Sys=0.01s Real=0.01s
[71.031s][info][gc,start       ] GC(224) Pause Young (Concurrent Start) (G1 Evacuation Pause)
[71.031s][info][gc,task        ] GC(224) Using 9 workers of 9 for evacuation
[71.066s][info][gc,phases      ] GC(224)   Pre Evacuate Collection Set: 0.1ms
[71.066s][info][gc,phases      ] GC(224)   Merge Heap Roots: 0.1ms
[71.066s][info][gc,phases      ] GC(224)   Evacuate Collection Set: 34.2ms
[71.066s][info][gc,phases      ] GC(224)   Post Evacuate Collection Set: 0.2ms
[71.066s][info][gc,phases      ] GC(224)   Other: 0.1ms
[71.066s][info][gc,heap        ] GC(224) Eden regions: 59->0(41)
[71.066s][info][gc,heap        ] GC(224) Survivor regions: 2->8(8)
[71.066s][info][gc,heap        ] GC(224) Old regions: 96->125
[71.066s][info][gc,heap        ] GC(224) Archive regions: 2->2
[71.066s][info][gc,heap        ] GC(224) Humongous regions: 35->35
[71.066s][info][gc,metaspace   ] GC(224) Metaspace: 2243K(2432K)->2243K(2432K) NonClass: 2047K(2176K)->2047K(2176K) Class: 196K(256K)->196K(256K)
[71.066s][info][gc             ] GC(224) Pause Young (Concurrent Start) (G1 Evacuation Pause) 1542M->1344M(2336M) 34.671ms
[71.066s][info][gc,cpu         ] GC(224) User=0.31s Sys=0.00s Real=0.03s
[71.066s][info][gc             ] GC(225) Concurrent Mark Cycle
[71.066s][info][gc,marking     ] GC(225) Concurrent Clear Claimed Marks
[71.066s][info][gc,marking     ] GC(225) Concurrent Clear Claimed Marks 0.006ms
[71.066s][info][gc,marking     ] GC(225) Concurrent Scan Root Regions
[71.086s][info][gc,marking     ] GC(225) Concurrent Scan Root Regions 20.798ms
[71.086s][info][gc,marking     ] GC(225) Concurrent Mark
[71.087s][info][gc,marking     ] GC(225) Concurrent Mark From Roots
[71.087s][info][gc,task        ] GC(225) Using 2 workers of 2 for marking
[71.172s][info][gc,start       ] GC(226) Pause Young (Normal) (G1 Evacuation Pause)
[71.172s][info][gc,task        ] GC(226) Using 9 workers of 9 for evacuation
[71.202s][info][gc,phases      ] GC(226)   Pre Evacuate Collection Set: 0.1ms
[71.202s][info][gc,phases      ] GC(226)   Merge Heap Roots: 0.1ms
[71.202s][info][gc,phases      ] GC(226)   Evacuate Collection Set: 28.4ms
[71.202s][info][gc,phases      ] GC(226)   Post Evacuate Collection Set: 1.1ms
[71.202s][info][gc,phases      ] GC(226)   Other: 0.1ms
[71.202s][info][gc,heap        ] GC(226) Eden regions: 41->0(238)
[71.202s][info][gc,heap        ] GC(226) Survivor regions: 8->7(7)
[71.202s][info][gc,heap        ] GC(226) Old regions: 125->151
[71.202s][info][gc,heap        ] GC(226) Archive regions: 2->2
[71.202s][info][gc,heap        ] GC(226) Humongous regions: 35->35
[71.202s][info][gc,metaspace   ] GC(226) Metaspace: 2243K(2432K)->2243K(2432K) NonClass: 2047K(2176K)->2047K(2176K) Class: 196K(256K)->196K(256K)
[71.202s][info][gc             ] GC(226) Pause Young (Normal) (G1 Evacuation Pause) 1672M->1546M(6320M) 29.805ms
[71.202s][info][gc,cpu         ] GC(226) User=0.26s Sys=0.00s Real=0.03s
[71.210s][info][gc,marking     ] GC(225) Concurrent Mark From Roots 123.786ms
[71.210s][info][gc,marking     ] GC(225) Concurrent Preclean
[71.210s][info][gc,marking     ] GC(225) Concurrent Preclean 0.021ms
[71.210s][info][gc,start       ] GC(225) Pause Remark
[71.211s][info][gc             ] GC(225) Pause Remark 1574M->1574M(5312M) 0.378ms
[71.211s][info][gc,cpu         ] GC(225) User=0.00s Sys=0.00s Real=0.00s
[71.211s][info][gc,marking     ] GC(225) Concurrent Mark 124.291ms
[71.211s][info][gc,marking     ] GC(225) Concurrent Rebuild Remembered Sets
[71.355s][info][gc,marking     ] GC(225) Concurrent Rebuild Remembered Sets 144.359ms
[71.355s][info][gc,start       ] GC(225) Pause Cleanup
[71.355s][info][gc             ] GC(225) Pause Cleanup 1902M->1902M(5312M) 0.126ms
[71.355s][info][gc,cpu         ] GC(225) User=0.00s Sys=0.00s Real=0.00s
[71.355s][info][gc,marking     ] GC(225) Concurrent Cleanup for Next Mark
[71.358s][info][gc,marking     ] GC(225) Concurrent Cleanup for Next Mark 2.824ms
[71.358s][info][gc             ] GC(225) Concurrent Mark Cycle 292.583ms
[71.877s][info][gc,start       ] GC(227) Pause Young (Prepare Mixed) (G1 Evacuation Pause)
[71.877s][info][gc,task        ] GC(227) Using 9 workers of 9 for evacuation
[72.005s][info][gc,phases      ] GC(227)   Pre Evacuate Collection Set: 0.1ms
[72.005s][info][gc,phases      ] GC(227)   Merge Heap Roots: 0.2ms
[72.005s][info][gc,phases      ] GC(227)   Evacuate Collection Set: 127.1ms
[72.005s][info][gc,phases      ] GC(227)   Post Evacuate Collection Set: 0.2ms
[72.005s][info][gc,phases      ] GC(227)   Other: 0.1ms
[72.005s][info][gc,heap        ] GC(227) Eden regions: 207->0(6)
[72.005s][info][gc,heap        ] GC(227) Survivor regions: 7->27(27)
[72.005s][info][gc,heap        ] GC(227) Old regions: 151->252
[72.005s][info][gc,heap        ] GC(227) Archive regions: 2->2
[72.005s][info][gc,heap        ] GC(227) Humongous regions: 35->35
[72.005s][info][gc,metaspace   ] GC(227) Metaspace: 2243K(2432K)->2243K(2432K) NonClass: 2047K(2176K)->2047K(2176K) Class: 196K(256K)->196K(256K)
[72.005s][info][gc             ] GC(227) Pause Young (Prepare Mixed) (G1 Evacuation Pause) 3202M->2510M(5312M) 127.820ms
[72.005s][info][gc,cpu         ] GC(227) User=1.07s Sys=0.06s Real=0.13s
[72.020s][info][gc,start       ] GC(228) Pause Young (Mixed) (G1 Evacuation Pause)
[72.020s][info][gc,task        ] GC(228) Using 9 workers of 9 for evacuation
[72.046s][info][gc,phases      ] GC(228)   Pre Evacuate Collection Set: 0.1ms
[72.047s][info][gc,phases      ] GC(228)   Merge Heap Roots: 0.1ms
[72.047s][info][gc,phases      ] GC(228)   Evacuate Collection Set: 26.2ms
[72.047s][info][gc,phases      ] GC(228)   Post Evacuate Collection Set: 0.1ms
[72.047s][info][gc,phases      ] GC(228)   Other: 0.1ms
[72.047s][info][gc,heap        ] GC(228) Eden regions: 6->0(116)
[72.047s][info][gc,heap        ] GC(228) Survivor regions: 27->4(5)
[72.047s][info][gc,heap        ] GC(228) Old regions: 252->278
[72.047s][info][gc,heap        ] GC(228) Archive regions: 2->2
[72.047s][info][gc,heap        ] GC(228) Humongous regions: 35->35
[72.047s][info][gc,metaspace   ] GC(228) Metaspace: 2243K(2432K)->2243K(2432K) NonClass: 2047K(2176K)->2047K(2176K) Class: 196K(256K)->196K(256K)
[72.047s][info][gc             ] GC(228) Pause Young (Mixed) (G1 Evacuation Pause) 2558M->2538M(5312M) 26.660ms
[72.047s][info][gc,cpu         ] GC(228) User=0.21s Sys=0.03s Real=0.02s
[72.320s][info][gc,start       ] GC(229) Pause Young (Concurrent Start) (G1 Evacuation Pause)
[72.320s][info][gc,task        ] GC(229) Using 9 workers of 9 for evacuation
[72.395s][info][gc,phases      ] GC(229)   Pre Evacuate Collection Set: 0.1ms
[72.395s][info][gc,phases      ] GC(229)   Merge Heap Roots: 0.2ms
[72.395s][info][gc,phases      ] GC(229)   Evacuate Collection Set: 75.4ms
[72.395s][info][gc,phases      ] GC(229)   Post Evacuate Collection Set: 0.2ms
[72.395s][info][gc,phases      ] GC(229)   Other: 0.1ms
[72.395s][info][gc,heap        ] GC(229) Eden regions: 116->0(86)
[72.395s][info][gc,heap        ] GC(229) Survivor regions: 4->15(15)
[72.395s][info][gc,heap        ] GC(229) Old regions: 278->335
[72.395s][info][gc,heap        ] GC(229) Archive regions: 2->2
[72.395s][info][gc,heap        ] GC(229) Humongous regions: 35->35
[72.395s][info][gc,metaspace   ] GC(229) Metaspace: 2243K(2432K)->2243K(2432K) NonClass: 2047K(2176K)->2047K(2176K) Class: 196K(256K)->196K(256K)
[72.395s][info][gc             ] GC(229) Pause Young (Concurrent Start) (G1 Evacuation Pause) 3466M->3082M(5312M) 75.925ms
[72.395s][info][gc,cpu         ] GC(229) User=0.61s Sys=0.05s Real=0.07s
[72.396s][info][gc             ] GC(230) Concurrent Mark Cycle
[72.396s][info][gc,marking     ] GC(230) Concurrent Clear Claimed Marks
[72.396s][info][gc,marking     ] GC(230) Concurrent Clear Claimed Marks 0.005ms
[72.396s][info][gc,marking     ] GC(230) Concurrent Scan Root Regions
[72.438s][info][gc,marking     ] GC(230) Concurrent Scan Root Regions 42.684ms
[72.438s][info][gc,marking     ] GC(230) Concurrent Mark
[72.438s][info][gc,marking     ] GC(230) Concurrent Mark From Roots
[72.438s][info][gc,task        ] GC(230) Using 2 workers of 2 for marking
[72.612s][info][gc,start       ] GC(231) Pause Young (Normal) (G1 Evacuation Pause)
[72.612s][info][gc,task        ] GC(231) Using 9 workers of 9 for evacuation
[72.678s][info][gc,phases      ] GC(231)   Pre Evacuate Collection Set: 0.1ms
[72.678s][info][gc,phases      ] GC(231)   Merge Heap Roots: 0.2ms
[72.678s][info][gc,phases      ] GC(231)   Evacuate Collection Set: 65.2ms
[72.678s][info][gc,phases      ] GC(231)   Post Evacuate Collection Set: 0.2ms
[72.678s][info][gc,phases      ] GC(231)   Other: 0.1ms
[72.678s][info][gc,heap        ] GC(231) Eden regions: 86->0(66)
[72.678s][info][gc,heap        ] GC(231) Survivor regions: 15->13(13)
[72.678s][info][gc,heap        ] GC(231) Old regions: 335->389
[72.678s][info][gc,heap        ] GC(231) Archive regions: 2->2
[72.678s][info][gc,heap        ] GC(231) Humongous regions: 35->35
[72.678s][info][gc,metaspace   ] GC(231) Metaspace: 2243K(2432K)->2243K(2432K) NonClass: 2047K(2176K)->2047K(2176K) Class: 196K(256K)->196K(256K)
[72.678s][info][gc             ] GC(231) Pause Young (Normal) (G1 Evacuation Pause) 3770M->3494M(5312M) 65.787ms
[72.678s][info][gc,cpu         ] GC(231) User=0.52s Sys=0.04s Real=0.06s
[72.842s][info][gc,start       ] GC(232) Pause Young (Normal) (G1 Evacuation Pause)
[72.843s][info][gc,task        ] GC(232) Using 9 workers of 9 for evacuation
[72.890s][info][gc,phases      ] GC(232)   Pre Evacuate Collection Set: 0.1ms
[72.890s][info][gc,phases      ] GC(232)   Merge Heap Roots: 0.2ms
[72.890s][info][gc,phases      ] GC(232)   Evacuate Collection Set: 46.2ms
[72.890s][info][gc,phases      ] GC(232)   Post Evacuate Collection Set: 0.8ms
[72.890s][info][gc,phases      ] GC(232)   Other: 0.1ms
[72.890s][info][gc,heap        ] GC(232) Eden regions: 66->0(178)
[72.890s][info][gc,heap        ] GC(232) Survivor regions: 13->10(10)
[72.890s][info][gc,heap        ] GC(232) Old regions: 389->432
[72.890s][info][gc,heap        ] GC(232) Archive regions: 2->2
[72.890s][info][gc,heap        ] GC(232) Humongous regions: 35->35
[72.890s][info][gc,metaspace   ] GC(232) Metaspace: 2243K(2432K)->2243K(2432K) NonClass: 2047K(2176K)->2047K(2176K) Class: 196K(256K)->196K(256K)
[72.890s][info][gc             ] GC(232) Pause Young (Normal) (G1 Evacuation Pause) 4022M->3814M(7976M) 47.360ms
[72.890s][info][gc,cpu         ] GC(232) User=0.41s Sys=0.01s Real=0.05s
[72.944s][info][gc,marking     ] GC(230) Concurrent Mark From Roots 505.276ms
[72.944s][info][gc,marking     ] GC(230) Concurrent Preclean
[72.944s][info][gc,marking     ] GC(230) Concurrent Preclean 0.025ms
[72.944s][info][gc,start       ] GC(230) Pause Remark
[72.944s][info][gc             ] GC(230) Pause Remark 4250M->4250M(7976M) 0.353ms
[72.944s][info][gc,cpu         ] GC(230) User=0.00s Sys=0.00s Real=0.00s
[72.944s][info][gc,marking     ] GC(230) Concurrent Mark 505.817ms
[72.944s][info][gc,marking     ] GC(230) Concurrent Rebuild Remembered Sets
[73.192s][info][gc,start       ] GC(233) Pause Young (Normal) (G1 Evacuation Pause)
[73.192s][info][gc,task        ] GC(233) Using 9 workers of 9 for evacuation
[73.321s][info][gc,phases      ] GC(233)   Pre Evacuate Collection Set: 0.1ms
[73.321s][info][gc,phases      ] GC(233)   Merge Heap Roots: 0.1ms
[73.321s][info][gc,phases      ] GC(233)   Evacuate Collection Set: 128.9ms
[73.321s][info][gc,phases      ] GC(233)   Post Evacuate Collection Set: 0.2ms
[73.321s][info][gc,phases      ] GC(233)   Other: 0.1ms
[73.321s][info][gc,heap        ] GC(233) Eden regions: 178->0(86)
[73.321s][info][gc,heap        ] GC(233) Survivor regions: 10->24(24)
[73.321s][info][gc,heap        ] GC(233) Old regions: 432->594
[73.321s][info][gc,heap        ] GC(233) Archive regions: 2->2
[73.321s][info][gc,heap        ] GC(233) Humongous regions: 35->35
[73.321s][info][gc,metaspace   ] GC(233) Metaspace: 2245K(2432K)->2245K(2432K) NonClass: 2048K(2176K)->2048K(2176K) Class: 196K(256K)->196K(256K)
[73.321s][info][gc             ] GC(233) Pause Young (Normal) (G1 Evacuation Pause) 5238M->5222M(7976M) 129.433ms
[73.321s][info][gc,cpu         ] GC(233) User=1.10s Sys=0.04s Real=0.13s
[73.352s][info][gc,start       ] GC(234) Pause Young (Normal) (G1 Evacuation Pause)
[73.352s][info][gc,task        ] GC(234) Using 9 workers of 9 for evacuation
[73.466s][info][gc,phases      ] GC(234)   Pre Evacuate Collection Set: 0.1ms
[73.466s][info][gc,phases      ] GC(234)   Merge Heap Roots: 0.2ms
[73.466s][info][gc,phases      ] GC(234)   Evacuate Collection Set: 112.6ms
[73.466s][info][gc,phases      ] GC(234)   Post Evacuate Collection Set: 0.2ms
[73.466s][info][gc,phases      ] GC(234)   Other: 0.1ms
[73.466s][info][gc,heap        ] GC(234) Eden regions: 86->0(51)
[73.466s][info][gc,heap        ] GC(234) Survivor regions: 24->14(14)
[73.466s][info][gc,heap        ] GC(234) Old regions: 594->691
[73.466s][info][gc,heap        ] GC(234) Archive regions: 2->2
[73.466s][info][gc,heap        ] GC(234) Humongous regions: 35->35
[73.466s][info][gc,metaspace   ] GC(234) Metaspace: 2245K(2432K)->2245K(2432K) NonClass: 2048K(2176K)->2048K(2176K) Class: 196K(256K)->196K(256K)
[73.466s][info][gc             ] GC(234) Pause Young (Normal) (G1 Evacuation Pause) 5910M->5918M(7976M) 113.236ms
[73.466s][info][gc,cpu         ] GC(234) User=0.90s Sys=0.09s Real=0.11s
[73.483s][info][gc,start       ] GC(235) Pause Young (Normal) (G1 Evacuation Pause)
[73.483s][info][gc,task        ] GC(235) Using 9 workers of 9 for evacuation
[73.551s][info][gc,phases      ] GC(235)   Pre Evacuate Collection Set: 0.1ms
[73.551s][info][gc,phases      ] GC(235)   Merge Heap Roots: 0.2ms
[73.551s][info][gc,phases      ] GC(235)   Evacuate Collection Set: 67.2ms
[73.551s][info][gc,phases      ] GC(235)   Post Evacuate Collection Set: 0.2ms
[73.551s][info][gc,phases      ] GC(235)   Other: 0.1ms
[73.551s][info][gc,heap        ] GC(235) Eden regions: 51->0(40)
[73.551s][info][gc,heap        ] GC(235) Survivor regions: 14->9(9)
[73.551s][info][gc,heap        ] GC(235) Old regions: 691->748
[73.551s][info][gc,heap        ] GC(235) Archive regions: 2->2
[73.551s][info][gc,heap        ] GC(235) Humongous regions: 35->35
[73.551s][info][gc,metaspace   ] GC(235) Metaspace: 2245K(2432K)->2245K(2432K) NonClass: 2048K(2176K)->2048K(2176K) Class: 196K(256K)->196K(256K)
[73.551s][info][gc             ] GC(235) Pause Young (Normal) (G1 Evacuation Pause) 6326M->6338M(7976M) 67.872ms
[73.551s][info][gc,cpu         ] GC(235) User=0.50s Sys=0.06s Real=0.07s
[73.568s][info][gc,start       ] GC(236) Pause Young (Normal) (G1 Evacuation Pause)
[73.568s][info][gc,task        ] GC(236) Using 9 workers of 9 for evacuation
[73.619s][info][gc,phases      ] GC(236)   Pre Evacuate Collection Set: 0.1ms
[73.619s][info][gc,phases      ] GC(236)   Merge Heap Roots: 0.1ms
[73.619s][info][gc,phases      ] GC(236)   Evacuate Collection Set: 51.1ms
[73.619s][info][gc,phases      ] GC(236)   Post Evacuate Collection Set: 0.1ms
[73.619s][info][gc,phases      ] GC(236)   Other: 0.1ms
[73.619s][info][gc,heap        ] GC(236) Eden regions: 40->0(42)
[73.619s][info][gc,heap        ] GC(236) Survivor regions: 9->7(7)
[73.619s][info][gc,heap        ] GC(236) Old regions: 748->792
[73.619s][info][gc,heap        ] GC(236) Archive regions: 2->2
[73.619s][info][gc,heap        ] GC(236) Humongous regions: 35->35
[73.619s][info][gc,metaspace   ] GC(236) Metaspace: 2245K(2432K)->2245K(2432K) NonClass: 2048K(2176K)->2048K(2176K) Class: 196K(256K)->196K(256K)
[73.619s][info][gc             ] GC(236) Pause Young (Normal) (G1 Evacuation Pause) 6658M->6674M(7976M) 51.603ms
[73.619s][info][gc,cpu         ] GC(236) User=0.40s Sys=0.03s Real=0.06s
[73.638s][info][gc,start       ] GC(237) Pause Young (Normal) (G1 Evacuation Pause)
[73.638s][info][gc,task        ] GC(237) Using 9 workers of 9 for evacuation
[73.689s][info][gc,phases      ] GC(237)   Pre Evacuate Collection Set: 0.1ms
[73.689s][info][gc,phases      ] GC(237)   Merge Heap Roots: 0.1ms
[73.689s][info][gc,phases      ] GC(237)   Evacuate Collection Set: 50.6ms
[73.689s][info][gc,phases      ] GC(237)   Post Evacuate Collection Set: 0.6ms
[73.689s][info][gc,phases      ] GC(237)   Other: 0.1ms
[73.689s][info][gc,heap        ] GC(237) Eden regions: 42->0(66)
[73.689s][info][gc,heap        ] GC(237) Survivor regions: 7->7(7)
[73.689s][info][gc,heap        ] GC(237) Old regions: 792->836
[73.689s][info][gc,heap        ] GC(237) Archive regions: 2->2
[73.689s][info][gc,heap        ] GC(237) Humongous regions: 35->35
[73.689s][info][gc,metaspace   ] GC(237) Metaspace: 2245K(2432K)->2245K(2432K) NonClass: 2048K(2176K)->2048K(2176K) Class: 196K(256K)->196K(256K)
[73.689s][info][gc             ] GC(237) Pause Young (Normal) (G1 Evacuation Pause) 7010M->7026M(9704M) 51.532ms
[73.689s][info][gc,cpu         ] GC(237) User=0.43s Sys=0.02s Real=0.06s
[73.941s][info][gc,start       ] GC(238) Pause Young (Normal) (G1 Evacuation Pause)
[73.941s][info][gc,task        ] GC(238) Using 9 workers of 9 for evacuation
[74.025s][info][gc,phases      ] GC(238)   Pre Evacuate Collection Set: 0.1ms
[74.025s][info][gc,phases      ] GC(238)   Merge Heap Roots: 0.1ms
[74.025s][info][gc,phases      ] GC(238)   Evacuate Collection Set: 83.0ms
[74.025s][info][gc,phases      ] GC(238)   Post Evacuate Collection Set: 0.2ms
[74.025s][info][gc,phases      ] GC(238)   Other: 0.1ms
[74.025s][info][gc,heap        ] GC(238) Eden regions: 66->0(50)
[74.025s][info][gc,heap        ] GC(238) Survivor regions: 7->10(10)
[74.025s][info][gc,heap        ] GC(238) Old regions: 836->867
[74.025s][info][gc,heap        ] GC(238) Archive regions: 2->2
[74.025s][info][gc,heap        ] GC(238) Humongous regions: 82->82
[74.025s][info][gc,metaspace   ] GC(238) Metaspace: 2245K(2432K)->2245K(2432K) NonClass: 2048K(2176K)->2048K(2176K) Class: 196K(256K)->196K(256K)
[74.025s][info][gc             ] GC(238) Pause Young (Normal) (G1 Evacuation Pause) 7930M->7674M(9704M) 83.568ms
[74.025s][info][gc,cpu         ] GC(238) User=0.69s Sys=0.04s Real=0.08s
[74.279s][info][gc,start       ] GC(239) Pause Young (Normal) (G1 Evacuation Pause)
[74.279s][info][gc,task        ] GC(239) Using 9 workers of 9 for evacuation
[74.304s][info][gc,phases      ] GC(239)   Pre Evacuate Collection Set: 0.1ms
[74.304s][info][gc,phases      ] GC(239)   Merge Heap Roots: 0.1ms
[74.304s][info][gc,phases      ] GC(239)   Evacuate Collection Set: 25.0ms
[74.304s][info][gc,phases      ] GC(239)   Post Evacuate Collection Set: 0.1ms
[74.304s][info][gc,phases      ] GC(239)   Other: 0.1ms
[74.304s][info][gc,heap        ] GC(239) Eden regions: 50->0(60)
[74.304s][info][gc,heap        ] GC(239) Survivor regions: 10->0(8)
[74.304s][info][gc,heap        ] GC(239) Old regions: 867->879
[74.304s][info][gc,heap        ] GC(239) Archive regions: 2->2
[74.304s][info][gc,heap        ] GC(239) Humongous regions: 82->82
[74.304s][info][gc,metaspace   ] GC(239) Metaspace: 2245K(2432K)->2245K(2432K) NonClass: 2048K(2176K)->2048K(2176K) Class: 196K(256K)->196K(256K)
[74.304s][info][gc             ] GC(239) Pause Young (Normal) (G1 Evacuation Pause) 8074M->7690M(9704M) 25.499ms
[74.304s][info][gc,cpu         ] GC(239) User=0.22s Sys=0.00s Real=0.02s
[74.335s][info][gc,marking     ] GC(230) Concurrent Rebuild Remembered Sets 1390.611ms
[74.335s][info][gc,start       ] GC(230) Pause Cleanup
[74.335s][info][gc             ] GC(230) Pause Cleanup 7730M->7730M(9704M) 0.143ms
[74.335s][info][gc,cpu         ] GC(230) User=0.00s Sys=0.00s Real=0.00s
[74.335s][info][gc,marking     ] GC(230) Concurrent Cleanup for Next Mark
[74.347s][info][gc,marking     ] GC(230) Concurrent Cleanup for Next Mark 12.346ms
[74.347s][info][gc             ] GC(230) Concurrent Mark Cycle 1951.779ms
[74.582s][info][gc,start       ] GC(240) Pause Young (Prepare Mixed) (G1 Evacuation Pause)
[74.582s][info][gc,task        ] GC(240) Using 9 workers of 9 for evacuation
[74.583s][info][gc,phases      ] GC(240)   Pre Evacuate Collection Set: 0.1ms
[74.583s][info][gc,phases      ] GC(240)   Merge Heap Roots: 0.0ms
[74.583s][info][gc,phases      ] GC(240)   Evacuate Collection Set: 0.2ms
[74.583s][info][gc,phases      ] GC(240)   Post Evacuate Collection Set: 0.1ms
[74.583s][info][gc,phases      ] GC(240)   Other: 0.1ms
[74.583s][info][gc,heap        ] GC(240) Eden regions: 60->0(60)
[74.583s][info][gc,heap        ] GC(240) Survivor regions: 0->0(8)
[74.583s][info][gc,heap        ] GC(240) Old regions: 879->879
[74.583s][info][gc,heap        ] GC(240) Archive regions: 2->2
[74.583s][info][gc,heap        ] GC(240) Humongous regions: 82->82
[74.583s][info][gc,metaspace   ] GC(240) Metaspace: 2245K(2432K)->2245K(2432K) NonClass: 2048K(2176K)->2048K(2176K) Class: 196K(256K)->196K(256K)
[74.583s][info][gc             ] GC(240) Pause Young (Prepare Mixed) (G1 Evacuation Pause) 8170M->7690M(9704M) 0.660ms
[74.583s][info][gc,cpu         ] GC(240) User=0.00s Sys=0.00s Real=0.00s
[74.861s][info][gc,start       ] GC(241) Pause Young (Mixed) (G1 Evacuation Pause)
[74.861s][info][gc,task        ] GC(241) Using 9 workers of 9 for evacuation
[74.862s][info][gc,phases      ] GC(241)   Pre Evacuate Collection Set: 0.1ms
[74.864s][info][gc,phases      ] GC(241)   Merge Heap Roots: 0.0ms
[74.864s][info][gc,phases      ] GC(241)   Evacuate Collection Set: 0.3ms
[74.864s][info][gc,phases      ] GC(241)   Post Evacuate Collection Set: 0.1ms
[74.864s][info][gc,phases      ] GC(241)   Other: 0.1ms
[74.864s][info][gc,heap        ] GC(241) Eden regions: 60->0(61)
[74.864s][info][gc,heap        ] GC(241) Survivor regions: 0->0(8)
[74.864s][info][gc,heap        ] GC(241) Old regions: 879->877
[74.864s][info][gc,heap        ] GC(241) Archive regions: 2->2
[74.864s][info][gc,heap        ] GC(241) Humongous regions: 82->82
[74.864s][info][gc,metaspace   ] GC(241) Metaspace: 2245K(2432K)->2245K(2432K) NonClass: 2048K(2176K)->2048K(2176K) Class: 196K(256K)->196K(256K)
[74.864s][info][gc             ] GC(241) Pause Young (Mixed) (G1 Evacuation Pause) 8170M->7672M(9704M) 2.435ms
[74.864s][info][gc,cpu         ] GC(241) User=0.00s Sys=0.00s Real=0.00s
[75.179s][info][gc,start       ] GC(242) Pause Young (Concurrent Start) (G1 Evacuation Pause)
[75.179s][info][gc,task        ] GC(242) Using 9 workers of 9 for evacuation
[75.179s][info][gc,phases      ] GC(242)   Pre Evacuate Collection Set: 0.1ms
[75.179s][info][gc,phases      ] GC(242)   Merge Heap Roots: 0.0ms
[75.179s][info][gc,phases      ] GC(242)   Evacuate Collection Set: 0.2ms
[75.179s][info][gc,phases      ] GC(242)   Post Evacuate Collection Set: 0.1ms
[75.179s][info][gc,phases      ] GC(242)   Other: 0.1ms
[75.179s][info][gc,heap        ] GC(242) Eden regions: 61->0(67)
[75.179s][info][gc,heap        ] GC(242) Survivor regions: 0->0(8)
[75.179s][info][gc,heap        ] GC(242) Old regions: 877->877
[75.179s][info][gc,heap        ] GC(242) Archive regions: 2->2
[75.179s][info][gc,heap        ] GC(242) Humongous regions: 82->82
[75.179s][info][gc,metaspace   ] GC(242) Metaspace: 2245K(2432K)->2245K(2432K) NonClass: 2048K(2176K)->2048K(2176K) Class: 196K(256K)->196K(256K)
[75.180s][info][gc             ] GC(242) Pause Young (Concurrent Start) (G1 Evacuation Pause) 8160M->7672M(9704M) 0.672ms
[75.180s][info][gc,cpu         ] GC(242) User=0.00s Sys=0.00s Real=0.00s
[75.180s][info][gc             ] GC(243) Concurrent Mark Cycle
[75.180s][info][gc,marking     ] GC(243) Concurrent Clear Claimed Marks
[75.180s][info][gc,marking     ] GC(243) Concurrent Clear Claimed Marks 0.007ms
[75.180s][info][gc,marking     ] GC(243) Concurrent Scan Root Regions
[75.180s][info][gc,marking     ] GC(243) Concurrent Scan Root Regions 0.008ms
[75.180s][info][gc,marking     ] GC(243) Concurrent Mark
[75.180s][info][gc,marking     ] GC(243) Concurrent Mark From Roots
[75.180s][info][gc,task        ] GC(243) Using 2 workers of 2 for marking
[75.828s][info][gc,start       ] GC(244) Pause Young (Normal) (G1 Evacuation Pause)
[75.828s][info][gc,task        ] GC(244) Using 9 workers of 9 for evacuation
[75.829s][info][gc,phases      ] GC(244)   Pre Evacuate Collection Set: 0.1ms
[75.829s][info][gc,phases      ] GC(244)   Merge Heap Roots: 0.0ms
[75.829s][info][gc,phases      ] GC(244)   Evacuate Collection Set: 0.2ms
[75.829s][info][gc,phases      ] GC(244)   Post Evacuate Collection Set: 0.1ms
[75.829s][info][gc,phases      ] GC(244)   Other: 0.1ms
[75.829s][info][gc,heap        ] GC(244) Eden regions: 67->0(72)
[75.829s][info][gc,heap        ] GC(244) Survivor regions: 0->1(9)
[75.829s][info][gc,heap        ] GC(244) Old regions: 877->877
[75.829s][info][gc,heap        ] GC(244) Archive regions: 2->2
[75.829s][info][gc,heap        ] GC(244) Humongous regions: 82->82
[75.829s][info][gc,metaspace   ] GC(244) Metaspace: 2245K(2432K)->2245K(2432K) NonClass: 2048K(2176K)->2048K(2176K) Class: 196K(256K)->196K(256K)
[75.829s][info][gc             ] GC(244) Pause Young (Normal) (G1 Evacuation Pause) 8208M->7672M(9704M) 0.620ms
[75.829s][info][gc,cpu         ] GC(244) User=0.00s Sys=0.00s Real=0.01s
[76.607s][info][gc,start       ] GC(245) Pause Young (Normal) (G1 Evacuation Pause)
[76.607s][info][gc,task        ] GC(245) Using 9 workers of 9 for evacuation
[76.608s][info][gc,phases      ] GC(245)   Pre Evacuate Collection Set: 0.1ms
[76.608s][info][gc,phases      ] GC(245)   Merge Heap Roots: 0.0ms
[76.608s][info][gc,phases      ] GC(245)   Evacuate Collection Set: 0.2ms
[76.608s][info][gc,phases      ] GC(245)   Post Evacuate Collection Set: 0.1ms
[76.608s][info][gc,phases      ] GC(245)   Other: 0.1ms
[76.608s][info][gc,heap        ] GC(245) Eden regions: 72->0(77)
[76.608s][info][gc,heap        ] GC(245) Survivor regions: 1->1(10)
[76.608s][info][gc,heap        ] GC(245) Old regions: 877->877
[76.608s][info][gc,heap        ] GC(245) Archive regions: 2->2
[76.608s][info][gc,heap        ] GC(245) Humongous regions: 82->82
[76.608s][info][gc,metaspace   ] GC(245) Metaspace: 2245K(2432K)->2245K(2432K) NonClass: 2048K(2176K)->2048K(2176K) Class: 196K(256K)->196K(256K)
[76.608s][info][gc             ] GC(245) Pause Young (Normal) (G1 Evacuation Pause) 8248M->7672M(9704M) 0.696ms
[76.608s][info][gc,cpu         ] GC(245) User=0.00s Sys=0.00s Real=0.00s
[76.649s][info][gc,marking     ] GC(243) Concurrent Mark From Roots 1469.532ms
[76.649s][info][gc,marking     ] GC(243) Concurrent Preclean
[76.649s][info][gc,marking     ] GC(243) Concurrent Preclean 0.027ms
[76.649s][info][gc,start       ] GC(243) Pause Remark
[76.650s][info][gc             ] GC(243) Pause Remark 7704M->7424M(12288M) 1.214ms
[76.650s][info][gc,cpu         ] GC(243) User=0.00s Sys=0.00s Real=0.00s
[76.650s][info][gc,marking     ] GC(243) Concurrent Mark 1470.883ms
[76.650s][info][gc,marking     ] GC(243) Concurrent Rebuild Remembered Sets
[77.867s][info][gc,marking     ] GC(243) Concurrent Rebuild Remembered Sets 1216.362ms
[77.867s][info][gc,start       ] GC(243) Pause Cleanup
[77.867s][info][gc             ] GC(243) Pause Cleanup 7537M->7537M(12288M) 0.200ms
[77.867s][info][gc,cpu         ] GC(243) User=0.01s Sys=0.00s Real=0.00s
[77.867s][info][gc,marking     ] GC(243) Concurrent Cleanup for Next Mark
[77.892s][info][gc,marking     ] GC(243) Concurrent Cleanup for Next Mark 24.898ms
[77.892s][info][gc             ] GC(243) Concurrent Mark Cycle 2712.519ms
[77.892s][info][gc,heap,exit   ] Heap
[77.892s][info][gc,heap,exit   ]  garbage-first heap   total 12582912K, used 7718302K [0x0000000c77000000, 0x0000000f77000000)
[77.892s][info][gc,heap,exit   ]   region size 8192K, 20 young (163840K), 1 survivors (8192K)
[77.892s][info][gc,heap,exit   ]  Metaspace       used 2310K, committed 2496K, reserved 1114112K
[77.892s][info][gc,heap,exit   ]   class space    used 203K, committed 256K, reserved 1048576K
