[0.005s][info][gc] Using G1
[0.006s][info][gc,init] Version: 17.0.16+8-LTS (release)
[0.006s][info][gc,init] CPUs: 11 total, 11 available
[0.006s][info][gc,init] Memory: 18432M
[0.006s][info][gc,init] Large Page Support: Disabled
[0.006s][info][gc,init] NUMA Support: Disabled
[0.006s][info][gc,init] Compressed Oops: Enabled (Non-zero based)
[0.006s][info][gc,init] Heap Region Size: 8M
[0.006s][info][gc,init] Heap Min Capacity: 8M
[0.006s][info][gc,init] Heap Initial Capacity: 288M
[0.006s][info][gc,init] Heap Max Capacity: 12G
[0.006s][info][gc,init] Pre-touch: Disabled
[0.006s][info][gc,init] Parallel Workers: 9
[0.006s][info][gc,init] Concurrent Workers: 2
[0.006s][info][gc,init] Concurrent Refinement Workers: 9
[0.006s][info][gc,init] Periodic GC: Disabled
[0.010s][info][gc,metaspace] CDS archive(s) mapped at: [0x000000f000000000-0x000000f000bc0000-0x000000f000bc0000), size 12320768, SharedBaseAddress: 0x000000f000000000, ArchiveRelocationMode: 1.
[0.010s][info][gc,metaspace] Compressed class space mapped at: 0x000000f001000000-0x000000f041000000, reserved size: 1073741824
[0.010s][info][gc,metaspace] Narrow klass base: 0x000000f000000000, Narrow klass shift: 0, Narrow klass range: 0x100000000
[0.053s][info][gc,start    ] GC(0) Pause Young (Concurrent Start) (G1 Humongous Allocation)
[0.054s][info][gc,task     ] GC(0) Using 7 workers of 9 for evacuation
[0.054s][info][gc,phases   ] GC(0)   Pre Evacuate Collection Set: 0.0ms
[0.054s][info][gc,phases   ] GC(0)   Merge Heap Roots: 0.0ms
[0.054s][info][gc,phases   ] GC(0)   Evacuate Collection Set: 0.3ms
[0.054s][info][gc,phases   ] GC(0)   Post Evacuate Collection Set: 0.1ms
[0.054s][info][gc,phases   ] GC(0)   Other: 0.2ms
[0.054s][info][gc,heap     ] GC(0) Eden regions: 1->0(2)
[0.054s][info][gc,heap     ] GC(0) Survivor regions: 0->1(1)
[0.054s][info][gc,heap     ] GC(0) Old regions: 0->0
[0.054s][info][gc,heap     ] GC(0) Archive regions: 2->2
[0.054s][info][gc,heap     ] GC(0) Humongous regions: 0->0
[0.054s][info][gc,metaspace] GC(0) Metaspace: 1494K(1664K)->1494K(1664K) NonClass: 1354K(1472K)->1354K(1472K) Class: 139K(192K)->139K(192K)
[0.054s][info][gc          ] GC(0) Pause Young (Concurrent Start) (G1 Humongous Allocation) 9M->8M(304M) 0.621ms
[0.054s][info][gc,cpu      ] GC(0) User=0.00s Sys=0.01s Real=0.00s
[0.054s][info][gc          ] GC(1) Concurrent Undo Cycle
[0.054s][info][gc,marking  ] GC(1) Concurrent Cleanup for Next Mark
[0.054s][info][gc,start    ] GC(2) Pause Young (Normal) (G1 Preventive Collection)
[0.054s][info][gc,task     ] GC(2) Using 7 workers of 9 for evacuation
[0.054s][info][gc,phases   ] GC(2)   Pre Evacuate Collection Set: 0.0ms
[0.054s][info][gc,phases   ] GC(2)   Merge Heap Roots: 0.0ms
[0.054s][info][gc,phases   ] GC(2)   Evacuate Collection Set: 0.1ms
[0.054s][info][gc,phases   ] GC(2)   Post Evacuate Collection Set: 0.1ms
[0.054s][info][gc,phases   ] GC(2)   Other: 0.0ms
[0.054s][info][gc,heap     ] GC(2) Eden regions: 0->0(5)
[0.054s][info][gc,heap     ] GC(2) Survivor regions: 1->1(1)
[0.054s][info][gc,heap     ] GC(2) Old regions: 0->0
[0.054s][info][gc,heap     ] GC(2) Archive regions: 2->2
[0.054s][info][gc,heap     ] GC(2) Humongous regions: 0->0
[0.054s][info][gc,metaspace] GC(2) Metaspace: 1494K(1664K)->1494K(1664K) NonClass: 1354K(1472K)->1354K(1472K) Class: 139K(192K)->139K(192K)
[0.054s][info][gc          ] GC(2) Pause Young (Normal) (G1 Preventive Collection) 8M->8M(304M) 0.295ms
[0.054s][info][gc,cpu      ] GC(2) User=0.00s Sys=0.00s Real=0.00s
[0.055s][info][gc,marking  ] GC(1) Concurrent Cleanup for Next Mark 0.672ms
[0.055s][info][gc          ] GC(1) Concurrent Undo Cycle 0.697ms
[0.067s][info][gc,start    ] GC(3) Pause Young (Normal) (G1 Evacuation Pause)
[0.067s][info][gc,task     ] GC(3) Using 7 workers of 9 for evacuation
[0.067s][info][gc,phases   ] GC(3)   Pre Evacuate Collection Set: 0.0ms
[0.067s][info][gc,phases   ] GC(3)   Merge Heap Roots: 0.0ms
[0.067s][info][gc,phases   ] GC(3)   Evacuate Collection Set: 0.2ms
[0.067s][info][gc,phases   ] GC(3)   Post Evacuate Collection Set: 0.1ms
[0.067s][info][gc,phases   ] GC(3)   Other: 0.0ms
[0.067s][info][gc,heap     ] GC(3) Eden regions: 0->0(1)
[0.067s][info][gc,heap     ] GC(3) Survivor regions: 1->1(1)
[0.067s][info][gc,heap     ] GC(3) Old regions: 0->0
[0.067s][info][gc,heap     ] GC(3) Archive regions: 2->2
[0.067s][info][gc,heap     ] GC(3) Humongous regions: 35->35
[0.067s][info][gc,metaspace] GC(3) Metaspace: 1534K(1664K)->1534K(1664K) NonClass: 1393K(1472K)->1393K(1472K) Class: 140K(192K)->140K(192K)
[0.067s][info][gc          ] GC(3) Pause Young (Normal) (G1 Evacuation Pause) 288M->288M(312M) 0.415ms
[0.067s][info][gc,cpu      ] GC(3) User=0.00s Sys=0.00s Real=0.00s
[0.090s][info][gc,start    ] GC(4) Pause Young (Concurrent Start) (G1 Evacuation Pause)
[0.090s][info][gc,task     ] GC(4) Using 7 workers of 9 for evacuation
[0.091s][info][gc,phases   ] GC(4)   Pre Evacuate Collection Set: 0.1ms
[0.091s][info][gc,phases   ] GC(4)   Merge Heap Roots: 0.0ms
[0.091s][info][gc,phases   ] GC(4)   Evacuate Collection Set: 0.2ms
[0.091s][info][gc,phases   ] GC(4)   Post Evacuate Collection Set: 0.1ms
[0.091s][info][gc,phases   ] GC(4)   Other: 0.1ms
[0.091s][info][gc,heap     ] GC(4) Eden regions: 1->0(1)
[0.091s][info][gc,heap     ] GC(4) Survivor regions: 1->1(1)
[0.091s][info][gc,heap     ] GC(4) Old regions: 0->0
[0.091s][info][gc,heap     ] GC(4) Archive regions: 2->2
[0.091s][info][gc,heap     ] GC(4) Humongous regions: 35->35
[0.091s][info][gc,metaspace] GC(4) Metaspace: 1652K(1856K)->1652K(1856K) NonClass: 1502K(1600K)->1502K(1600K) Class: 150K(256K)->150K(256K)
[0.091s][info][gc          ] GC(4) Pause Young (Concurrent Start) (G1 Evacuation Pause) 296M->288M(320M) 0.500ms
[0.091s][info][gc,cpu      ] GC(4) User=0.00s Sys=0.00s Real=0.00s
[0.091s][info][gc          ] GC(5) Concurrent Mark Cycle
[0.091s][info][gc,marking  ] GC(5) Concurrent Clear Claimed Marks
[0.091s][info][gc,marking  ] GC(5) Concurrent Clear Claimed Marks 0.008ms
[0.091s][info][gc,marking  ] GC(5) Concurrent Scan Root Regions
[0.091s][info][gc,marking  ] GC(5) Concurrent Scan Root Regions 0.172ms
[0.091s][info][gc,marking  ] GC(5) Concurrent Mark
[0.091s][info][gc,marking  ] GC(5) Concurrent Mark From Roots
[0.091s][info][gc,task     ] GC(5) Using 2 workers of 2 for marking
[0.092s][info][gc,marking  ] GC(5) Concurrent Mark From Roots 0.536ms
[0.092s][info][gc,marking  ] GC(5) Concurrent Preclean
[0.092s][info][gc,marking  ] GC(5) Concurrent Preclean 0.012ms
[0.092s][info][gc,start    ] GC(5) Pause Remark
[0.092s][info][gc          ] GC(5) Pause Remark 288M->288M(520M) 0.305ms
[0.092s][info][gc,cpu      ] GC(5) User=0.00s Sys=0.00s Real=0.00s
[0.092s][info][gc,marking  ] GC(5) Concurrent Mark 0.890ms
[0.092s][info][gc,marking  ] GC(5) Concurrent Rebuild Remembered Sets
[0.092s][info][gc,marking  ] GC(5) Concurrent Rebuild Remembered Sets 0.003ms
[0.092s][info][gc,start    ] GC(5) Pause Cleanup
[0.092s][info][gc          ] GC(5) Pause Cleanup 288M->288M(520M) 0.004ms
[0.092s][info][gc,cpu      ] GC(5) User=0.00s Sys=0.00s Real=0.00s
[0.092s][info][gc,marking  ] GC(5) Concurrent Cleanup for Next Mark
[0.092s][info][gc,marking  ] GC(5) Concurrent Cleanup for Next Mark 0.392ms
[0.092s][info][gc          ] GC(5) Concurrent Mark Cycle 1.522ms
[0.110s][info][gc,start    ] GC(6) Pause Young (Normal) (G1 Evacuation Pause)
[0.110s][info][gc,task     ] GC(6) Using 9 workers of 9 for evacuation
[0.111s][info][gc,phases   ] GC(6)   Pre Evacuate Collection Set: 0.1ms
[0.111s][info][gc,phases   ] GC(6)   Merge Heap Roots: 0.1ms
[0.111s][info][gc,phases   ] GC(6)   Evacuate Collection Set: 0.2ms
[0.111s][info][gc,phases   ] GC(6)   Post Evacuate Collection Set: 0.1ms
[0.111s][info][gc,phases   ] GC(6)   Other: 0.1ms
[0.111s][info][gc,heap     ] GC(6) Eden regions: 1->0(12)
[0.111s][info][gc,heap     ] GC(6) Survivor regions: 1->1(1)
[0.111s][info][gc,heap     ] GC(6) Old regions: 0->0
[0.111s][info][gc,heap     ] GC(6) Archive regions: 2->2
[0.111s][info][gc,heap     ] GC(6) Humongous regions: 35->35
[0.111s][info][gc,metaspace] GC(6) Metaspace: 1652K(1856K)->1652K(1856K) NonClass: 1502K(1600K)->1502K(1600K) Class: 150K(256K)->150K(256K)
[0.111s][info][gc          ] GC(6) Pause Young (Normal) (G1 Evacuation Pause) 296M->288M(520M) 0.536ms
[0.111s][info][gc,cpu      ] GC(6) User=0.00s Sys=0.00s Real=0.00s
[0.327s][info][gc,start    ] GC(7) Pause Young (Concurrent Start) (G1 Evacuation Pause)
[0.327s][info][gc,task     ] GC(7) Using 9 workers of 9 for evacuation
[0.328s][info][gc,phases   ] GC(7)   Pre Evacuate Collection Set: 0.1ms
[0.328s][info][gc,phases   ] GC(7)   Merge Heap Roots: 0.0ms
[0.328s][info][gc,phases   ] GC(7)   Evacuate Collection Set: 0.2ms
[0.328s][info][gc,phases   ] GC(7)   Post Evacuate Collection Set: 0.1ms
[0.328s][info][gc,phases   ] GC(7)   Other: 0.1ms
[0.328s][info][gc,heap     ] GC(7) Eden regions: 12->0(19)
[0.328s][info][gc,heap     ] GC(7) Survivor regions: 1->1(2)
[0.328s][info][gc,heap     ] GC(7) Old regions: 0->0
[0.328s][info][gc,heap     ] GC(7) Archive regions: 2->2
[0.328s][info][gc,heap     ] GC(7) Humongous regions: 35->35
[0.328s][info][gc,metaspace] GC(7) Metaspace: 1652K(1856K)->1652K(1856K) NonClass: 1502K(1600K)->1502K(1600K) Class: 150K(256K)->150K(256K)
[0.328s][info][gc          ] GC(7) Pause Young (Concurrent Start) (G1 Evacuation Pause) 384M->288M(520M) 0.553ms
[0.328s][info][gc,cpu      ] GC(7) User=0.00s Sys=0.01s Real=0.01s
[0.328s][info][gc          ] GC(8) Concurrent Mark Cycle
[0.328s][info][gc,marking  ] GC(8) Concurrent Clear Claimed Marks
[0.328s][info][gc,marking  ] GC(8) Concurrent Clear Claimed Marks 0.005ms
[0.328s][info][gc,marking  ] GC(8) Concurrent Scan Root Regions
[0.328s][info][gc,marking  ] GC(8) Concurrent Scan Root Regions 0.211ms
[0.328s][info][gc,marking  ] GC(8) Concurrent Mark
[0.328s][info][gc,marking  ] GC(8) Concurrent Mark From Roots
[0.328s][info][gc,task     ] GC(8) Using 2 workers of 2 for marking
[0.328s][info][gc,marking  ] GC(8) Concurrent Mark From Roots 0.540ms
[0.328s][info][gc,marking  ] GC(8) Concurrent Preclean
[0.328s][info][gc,marking  ] GC(8) Concurrent Preclean 0.013ms
[0.328s][info][gc,start    ] GC(8) Pause Remark
[0.329s][info][gc          ] GC(8) Pause Remark 290M->290M(520M) 0.226ms
[0.329s][info][gc,cpu      ] GC(8) User=0.00s Sys=0.00s Real=0.00s
[0.329s][info][gc,marking  ] GC(8) Concurrent Mark 0.823ms
[0.329s][info][gc,marking  ] GC(8) Concurrent Rebuild Remembered Sets
[0.329s][info][gc,marking  ] GC(8) Concurrent Rebuild Remembered Sets 0.003ms
[0.329s][info][gc,start    ] GC(8) Pause Cleanup
[0.329s][info][gc          ] GC(8) Pause Cleanup 290M->290M(520M) 0.005ms
[0.329s][info][gc,cpu      ] GC(8) User=0.00s Sys=0.00s Real=0.00s
[0.329s][info][gc,marking  ] GC(8) Concurrent Cleanup for Next Mark
[0.329s][info][gc,marking  ] GC(8) Concurrent Cleanup for Next Mark 0.277ms
[0.329s][info][gc          ] GC(8) Concurrent Mark Cycle 1.375ms
[0.674s][info][gc,start    ] GC(9) Pause Young (Normal) (G1 Evacuation Pause)
[0.674s][info][gc,task     ] GC(9) Using 9 workers of 9 for evacuation
[0.675s][info][gc,phases   ] GC(9)   Pre Evacuate Collection Set: 0.1ms
[0.675s][info][gc,phases   ] GC(9)   Merge Heap Roots: 0.0ms
[0.675s][info][gc,phases   ] GC(9)   Evacuate Collection Set: 0.2ms
[0.675s][info][gc,phases   ] GC(9)   Post Evacuate Collection Set: 0.1ms
[0.675s][info][gc,phases   ] GC(9)   Other: 0.1ms
[0.675s][info][gc,heap     ] GC(9) Eden regions: 19->0(19)
[0.675s][info][gc,heap     ] GC(9) Survivor regions: 1->1(3)
[0.675s][info][gc,heap     ] GC(9) Old regions: 0->0
[0.675s][info][gc,heap     ] GC(9) Archive regions: 2->2
[0.675s][info][gc,heap     ] GC(9) Humongous regions: 35->35
[0.675s][info][gc,metaspace] GC(9) Metaspace: 1652K(1856K)->1652K(1856K) NonClass: 1502K(1600K)->1502K(1600K) Class: 150K(256K)->150K(256K)
[0.675s][info][gc          ] GC(9) Pause Young (Normal) (G1 Evacuation Pause) 440M->288M(520M) 0.536ms
[0.675s][info][gc,cpu      ] GC(9) User=0.01s Sys=0.00s Real=0.00s
[0.714s][info][gc,start    ] GC(10) Pause Young (Concurrent Start) (G1 Evacuation Pause)
[0.714s][info][gc,task     ] GC(10) Using 9 workers of 9 for evacuation
[0.726s][info][gc,phases   ] GC(10)   Pre Evacuate Collection Set: 0.0ms
[0.726s][info][gc,phases   ] GC(10)   Merge Heap Roots: 0.1ms
[0.726s][info][gc,phases   ] GC(10)   Evacuate Collection Set: 11.7ms
[0.726s][info][gc,phases   ] GC(10)   Post Evacuate Collection Set: 0.1ms
[0.726s][info][gc,phases   ] GC(10)   Other: 0.1ms
[0.726s][info][gc,heap     ] GC(10) Eden regions: 19->0(4)
[0.726s][info][gc,heap     ] GC(10) Survivor regions: 1->3(3)
[0.726s][info][gc,heap     ] GC(10) Old regions: 0->14
[0.726s][info][gc,heap     ] GC(10) Archive regions: 2->2
[0.726s][info][gc,heap     ] GC(10) Humongous regions: 35->35
[0.726s][info][gc,metaspace] GC(10) Metaspace: 1666K(1856K)->1666K(1856K) NonClass: 1511K(1600K)->1511K(1600K) Class: 154K(256K)->154K(256K)
[0.726s][info][gc          ] GC(10) Pause Young (Concurrent Start) (G1 Evacuation Pause) 440M->423M(592M) 12.119ms
[0.726s][info][gc,cpu      ] GC(10) User=0.09s Sys=0.01s Real=0.01s
[0.726s][info][gc          ] GC(11) Concurrent Mark Cycle
[0.726s][info][gc,marking  ] GC(11) Concurrent Clear Claimed Marks
[0.726s][info][gc,marking  ] GC(11) Concurrent Clear Claimed Marks 0.007ms
[0.726s][info][gc,marking  ] GC(11) Concurrent Scan Root Regions
[0.732s][info][gc,marking  ] GC(11) Concurrent Scan Root Regions 5.174ms
[0.732s][info][gc,start    ] GC(12) Pause Young (Normal) (G1 Evacuation Pause)
[0.732s][info][gc,marking  ] GC(11) Concurrent Mark
[0.732s][info][gc,task     ] GC(12) Using 9 workers of 9 for evacuation
[0.732s][info][gc,marking  ] GC(11) Concurrent Mark From Roots
[0.732s][info][gc,task     ] GC(11) Using 2 workers of 2 for marking
[0.736s][info][gc,phases   ] GC(12)   Pre Evacuate Collection Set: 4.7ms
[0.736s][info][gc,phases   ] GC(12)   Merge Heap Roots: 0.0ms
[0.736s][info][gc,phases   ] GC(12)   Evacuate Collection Set: 3.5ms
[0.736s][info][gc,phases   ] GC(12)   Post Evacuate Collection Set: 0.4ms
[0.736s][info][gc,phases   ] GC(12)   Other: 0.0ms
[0.736s][info][gc,heap     ] GC(12) Eden regions: 4->0(102)
[0.736s][info][gc,heap     ] GC(12) Survivor regions: 3->1(1)
[0.736s][info][gc,heap     ] GC(12) Old regions: 14->20
[0.736s][info][gc,heap     ] GC(12) Archive regions: 2->2
[0.736s][info][gc,heap     ] GC(12) Humongous regions: 35->35
[0.736s][info][gc,metaspace] GC(12) Metaspace: 1666K(1856K)->1666K(1856K) NonClass: 1511K(1600K)->1511K(1600K) Class: 154K(256K)->154K(256K)
[0.736s][info][gc          ] GC(12) Pause Young (Normal) (G1 Evacuation Pause) 455M->455M(1624M) 4.116ms
[0.736s][info][gc,cpu      ] GC(12) User=0.03s Sys=0.00s Real=0.00s
[0.736s][info][gc,marking  ] GC(11) Concurrent Mark From Roots 4.659ms
[0.736s][info][gc,marking  ] GC(11) Concurrent Preclean
[0.736s][info][gc,marking  ] GC(11) Concurrent Preclean 0.012ms
[0.737s][info][gc,start    ] GC(11) Pause Remark
[0.737s][info][gc          ] GC(11) Pause Remark 471M->471M(1600M) 0.237ms
[0.737s][info][gc,cpu      ] GC(11) User=0.00s Sys=0.00s Real=0.00s
[0.737s][info][gc,marking  ] GC(11) Concurrent Mark 5.270ms
[0.737s][info][gc,marking  ] GC(11) Concurrent Rebuild Remembered Sets
[0.737s][info][gc,marking  ] GC(11) Concurrent Rebuild Remembered Sets 0.004ms
[0.737s][info][gc,start    ] GC(11) Pause Cleanup
[0.737s][info][gc          ] GC(11) Pause Cleanup 479M->479M(1600M) 0.005ms
[0.737s][info][gc,cpu      ] GC(11) User=0.00s Sys=0.00s Real=0.00s
[0.737s][info][gc,marking  ] GC(11) Concurrent Cleanup for Next Mark
[0.738s][info][gc,marking  ] GC(11) Concurrent Cleanup for Next Mark 0.965ms
[0.738s][info][gc          ] GC(11) Concurrent Mark Cycle 11.892ms
[1.000s][info][gc,start    ] GC(13) Pause Young (Normal) (G1 Evacuation Pause)
[1.000s][info][gc,task     ] GC(13) Using 9 workers of 9 for evacuation
[1.116s][info][gc,phases   ] GC(13)   Pre Evacuate Collection Set: 0.1ms
[1.116s][info][gc,phases   ] GC(13)   Merge Heap Roots: 0.1ms
[1.116s][info][gc,phases   ] GC(13)   Evacuate Collection Set: 114.9ms
[1.116s][info][gc,phases   ] GC(13)   Post Evacuate Collection Set: 0.1ms
[1.116s][info][gc,phases   ] GC(13)   Other: 0.1ms
[1.116s][info][gc,heap     ] GC(13) Eden regions: 102->0(18)
[1.116s][info][gc,heap     ] GC(13) Survivor regions: 1->13(13)
[1.116s][info][gc,heap     ] GC(13) Old regions: 20->78
[1.116s][info][gc,heap     ] GC(13) Archive regions: 2->2
[1.116s][info][gc,heap     ] GC(13) Humongous regions: 35->35
[1.116s][info][gc,metaspace] GC(13) Metaspace: 1681K(1856K)->1681K(1856K) NonClass: 1526K(1600K)->1526K(1600K) Class: 154K(256K)->154K(256K)
[1.116s][info][gc          ] GC(13) Pause Young (Normal) (G1 Evacuation Pause) 1271M->1012M(1848M) 115.395ms
[1.116s][info][gc,cpu      ] GC(13) User=0.55s Sys=0.34s Real=0.11s
[1.159s][info][gc,start    ] GC(14) Pause Young (Concurrent Start) (G1 Evacuation Pause)
[1.160s][info][gc,task     ] GC(14) Using 9 workers of 9 for evacuation
[1.178s][info][gc,phases   ] GC(14)   Pre Evacuate Collection Set: 0.1ms
[1.178s][info][gc,phases   ] GC(14)   Merge Heap Roots: 0.1ms
[1.178s][info][gc,phases   ] GC(14)   Evacuate Collection Set: 18.4ms
[1.178s][info][gc,phases   ] GC(14)   Post Evacuate Collection Set: 0.1ms
[1.178s][info][gc,phases   ] GC(14)   Other: 0.1ms
[1.178s][info][gc,heap     ] GC(14) Eden regions: 18->0(17)
[1.178s][info][gc,heap     ] GC(14) Survivor regions: 13->4(4)
[1.178s][info][gc,heap     ] GC(14) Old regions: 78->99
[1.178s][info][gc,heap     ] GC(14) Archive regions: 2->2
[1.178s][info][gc,heap     ] GC(14) Humongous regions: 35->35
[1.178s][info][gc,metaspace] GC(14) Metaspace: 1681K(1856K)->1681K(1856K) NonClass: 1526K(1600K)->1526K(1600K) Class: 154K(256K)->154K(256K)
[1.178s][info][gc          ] GC(14) Pause Young (Concurrent Start) (G1 Evacuation Pause) 1156M->1111M(1848M) 18.811ms
[1.178s][info][gc,cpu      ] GC(14) User=0.16s Sys=0.00s Real=0.02s
[1.178s][info][gc          ] GC(15) Concurrent Mark Cycle
[1.178s][info][gc,marking  ] GC(15) Concurrent Clear Claimed Marks
[1.178s][info][gc,marking  ] GC(15) Concurrent Clear Claimed Marks 0.009ms
[1.178s][info][gc,marking  ] GC(15) Concurrent Scan Root Regions
[1.191s][info][gc,marking  ] GC(15) Concurrent Scan Root Regions 12.937ms
[1.191s][info][gc,marking  ] GC(15) Concurrent Mark
[1.191s][info][gc,marking  ] GC(15) Concurrent Mark From Roots
[1.191s][info][gc,task     ] GC(15) Using 2 workers of 2 for marking
[1.223s][info][gc,start    ] GC(16) Pause Young (Normal) (G1 Evacuation Pause)
[1.223s][info][gc,task     ] GC(16) Using 9 workers of 9 for evacuation
[1.236s][info][gc,phases   ] GC(16)   Pre Evacuate Collection Set: 0.1ms
[1.236s][info][gc,phases   ] GC(16)   Merge Heap Roots: 0.1ms
[1.236s][info][gc,phases   ] GC(16)   Evacuate Collection Set: 12.6ms
[1.236s][info][gc,phases   ] GC(16)   Post Evacuate Collection Set: 0.1ms
[1.236s][info][gc,phases   ] GC(16)   Other: 0.1ms
[1.236s][info][gc,heap     ] GC(16) Eden regions: 17->0(19)
[1.236s][info][gc,heap     ] GC(16) Survivor regions: 4->3(3)
[1.236s][info][gc,heap     ] GC(16) Old regions: 99->112
[1.236s][info][gc,heap     ] GC(16) Archive regions: 2->2
[1.236s][info][gc,heap     ] GC(16) Humongous regions: 35->35
[1.236s][info][gc,metaspace] GC(16) Metaspace: 1681K(1856K)->1681K(1856K) NonClass: 1526K(1600K)->1526K(1600K) Class: 154K(256K)->154K(256K)
[1.236s][info][gc          ] GC(16) Pause Young (Normal) (G1 Evacuation Pause) 1247M->1206M(1848M) 12.963ms
[1.236s][info][gc,cpu      ] GC(16) User=0.12s Sys=0.00s Real=0.01s
[1.287s][info][gc,start    ] GC(17) Pause Young (Normal) (G1 Evacuation Pause)
[1.287s][info][gc,task     ] GC(17) Using 9 workers of 9 for evacuation
[1.300s][info][gc,phases   ] GC(17)   Pre Evacuate Collection Set: 0.1ms
[1.300s][info][gc,phases   ] GC(17)   Merge Heap Roots: 0.1ms
[1.300s][info][gc,phases   ] GC(17)   Evacuate Collection Set: 13.0ms
[1.300s][info][gc,phases   ] GC(17)   Post Evacuate Collection Set: 0.1ms
[1.300s][info][gc,phases   ] GC(17)   Other: 0.1ms
[1.300s][info][gc,heap     ] GC(17) Eden regions: 19->0(17)
[1.300s][info][gc,heap     ] GC(17) Survivor regions: 3->3(3)
[1.300s][info][gc,heap     ] GC(17) Old regions: 112->124
[1.300s][info][gc,heap     ] GC(17) Archive regions: 2->2
[1.300s][info][gc,heap     ] GC(17) Humongous regions: 35->35
[1.300s][info][gc,metaspace] GC(17) Metaspace: 1681K(1856K)->1681K(1856K) NonClass: 1526K(1600K)->1526K(1600K) Class: 154K(256K)->154K(256K)
[1.300s][info][gc          ] GC(17) Pause Young (Normal) (G1 Evacuation Pause) 1358M->1303M(1848M) 13.370ms
[1.300s][info][gc,cpu      ] GC(17) User=0.12s Sys=0.00s Real=0.02s
[1.324s][info][gc,marking  ] GC(15) Concurrent Mark From Roots 133.064ms
[1.324s][info][gc,marking  ] GC(15) Concurrent Preclean
[1.324s][info][gc,marking  ] GC(15) Concurrent Preclean 0.020ms
[1.324s][info][gc,start    ] GC(15) Pause Remark
[1.325s][info][gc          ] GC(15) Pause Remark 1378M->1378M(2320M) 0.443ms
[1.325s][info][gc,cpu      ] GC(15) User=0.00s Sys=0.00s Real=0.00s
[1.325s][info][gc,marking  ] GC(15) Concurrent Mark 133.626ms
[1.325s][info][gc,marking  ] GC(15) Concurrent Rebuild Remembered Sets
[1.325s][info][gc,marking  ] GC(15) Concurrent Rebuild Remembered Sets 0.004ms
[1.325s][info][gc,start    ] GC(15) Pause Cleanup
[1.325s][info][gc          ] GC(15) Pause Cleanup 1378M->1378M(2320M) 0.007ms
[1.325s][info][gc,cpu      ] GC(15) User=0.00s Sys=0.00s Real=0.00s
[1.325s][info][gc,marking  ] GC(15) Concurrent Cleanup for Next Mark
[1.326s][info][gc,marking  ] GC(15) Concurrent Cleanup for Next Mark 1.345ms
[1.326s][info][gc          ] GC(15) Concurrent Mark Cycle 148.027ms
[1.350s][info][gc,start    ] GC(18) Pause Young (Normal) (G1 Evacuation Pause)
[1.350s][info][gc,task     ] GC(18) Using 9 workers of 9 for evacuation
[1.363s][info][gc,phases   ] GC(18)   Pre Evacuate Collection Set: 0.1ms
[1.363s][info][gc,phases   ] GC(18)   Merge Heap Roots: 0.0ms
[1.363s][info][gc,phases   ] GC(18)   Evacuate Collection Set: 12.6ms
[1.363s][info][gc,phases   ] GC(18)   Post Evacuate Collection Set: 0.1ms
[1.363s][info][gc,phases   ] GC(18)   Other: 0.1ms
[1.363s][info][gc,heap     ] GC(18) Eden regions: 17->0(27)
[1.363s][info][gc,heap     ] GC(18) Survivor regions: 3->3(3)
[1.363s][info][gc,heap     ] GC(18) Old regions: 124->135
[1.363s][info][gc,heap     ] GC(18) Archive regions: 2->2
[1.363s][info][gc,heap     ] GC(18) Humongous regions: 35->35
[1.363s][info][gc,metaspace] GC(18) Metaspace: 1681K(1856K)->1681K(1856K) NonClass: 1526K(1600K)->1526K(1600K) Class: 154K(256K)->154K(256K)
[1.363s][info][gc          ] GC(18) Pause Young (Normal) (G1 Evacuation Pause) 1439M->1389M(2320M) 12.935ms
[1.363s][info][gc,cpu      ] GC(18) User=0.11s Sys=0.01s Real=0.01s
[1.446s][info][gc,start    ] GC(19) Pause Young (Concurrent Start) (G1 Evacuation Pause)
[1.446s][info][gc,task     ] GC(19) Using 9 workers of 9 for evacuation
[1.472s][info][gc,phases   ] GC(19)   Pre Evacuate Collection Set: 0.1ms
[1.472s][info][gc,phases   ] GC(19)   Merge Heap Roots: 0.0ms
[1.472s][info][gc,phases   ] GC(19)   Evacuate Collection Set: 24.5ms
[1.472s][info][gc,phases   ] GC(19)   Post Evacuate Collection Set: 1.5ms
[1.472s][info][gc,phases   ] GC(19)   Other: 0.1ms
[1.472s][info][gc,heap     ] GC(19) Eden regions: 27->0(180)
[1.472s][info][gc,heap     ] GC(19) Survivor regions: 3->4(4)
[1.472s][info][gc,heap     ] GC(19) Old regions: 135->151
[1.472s][info][gc,heap     ] GC(19) Archive regions: 2->2
[1.472s][info][gc,heap     ] GC(19) Humongous regions: 35->35
[1.472s][info][gc,metaspace] GC(19) Metaspace: 1681K(1856K)->1681K(1856K) NonClass: 1526K(1600K)->1526K(1600K) Class: 154K(256K)->154K(256K)
[1.472s][info][gc          ] GC(19) Pause Young (Concurrent Start) (G1 Evacuation Pause) 1605M->1521M(6200M) 26.265ms
[1.472s][info][gc,cpu      ] GC(19) User=0.21s Sys=0.01s Real=0.03s
[1.472s][info][gc          ] GC(20) Concurrent Mark Cycle
[1.472s][info][gc,marking  ] GC(20) Concurrent Clear Claimed Marks
[1.472s][info][gc,marking  ] GC(20) Concurrent Clear Claimed Marks 0.007ms
[1.472s][info][gc,marking  ] GC(20) Concurrent Scan Root Regions
[1.484s][info][gc,marking  ] GC(20) Concurrent Scan Root Regions 11.169ms
[1.484s][info][gc,marking  ] GC(20) Concurrent Mark
[1.484s][info][gc,marking  ] GC(20) Concurrent Mark From Roots
[1.484s][info][gc,task     ] GC(20) Using 2 workers of 2 for marking
[1.667s][info][gc,marking  ] GC(20) Concurrent Mark From Roots 183.031ms
[1.667s][info][gc,marking  ] GC(20) Concurrent Preclean
[1.667s][info][gc,marking  ] GC(20) Concurrent Preclean 0.031ms
[1.667s][info][gc,start    ] GC(20) Pause Remark
[1.667s][info][gc          ] GC(20) Pause Remark 1957M->1957M(6200M) 0.288ms
[1.667s][info][gc,cpu      ] GC(20) User=0.00s Sys=0.00s Real=0.00s
[1.667s][info][gc,marking  ] GC(20) Concurrent Mark 183.454ms
[1.667s][info][gc,marking  ] GC(20) Concurrent Rebuild Remembered Sets
[1.836s][info][gc,marking  ] GC(20) Concurrent Rebuild Remembered Sets 168.990ms
[1.836s][info][gc,start    ] GC(20) Pause Cleanup
[1.836s][info][gc          ] GC(20) Pause Cleanup 2341M->2341M(6200M) 0.102ms
[1.836s][info][gc,cpu      ] GC(20) User=0.00s Sys=0.00s Real=0.00s
[1.836s][info][gc,marking  ] GC(20) Concurrent Cleanup for Next Mark
[1.840s][info][gc,marking  ] GC(20) Concurrent Cleanup for Next Mark 3.750ms
[1.840s][info][gc          ] GC(20) Concurrent Mark Cycle 367.626ms
[2.084s][info][gc,start    ] GC(21) Pause Young (Prepare Mixed) (G1 Evacuation Pause)
[2.084s][info][gc,task     ] GC(21) Using 9 workers of 9 for evacuation
[2.250s][info][gc,phases   ] GC(21)   Pre Evacuate Collection Set: 0.1ms
[2.250s][info][gc,phases   ] GC(21)   Merge Heap Roots: 0.1ms
[2.250s][info][gc,phases   ] GC(21)   Evacuate Collection Set: 165.0ms
[2.250s][info][gc,phases   ] GC(21)   Post Evacuate Collection Set: 0.2ms
[2.250s][info][gc,phases   ] GC(21)   Other: 0.1ms
[2.250s][info][gc,heap     ] GC(21) Eden regions: 178->0(15)
[2.250s][info][gc,heap     ] GC(21) Survivor regions: 4->23(23)
[2.250s][info][gc,heap     ] GC(21) Old regions: 151->234
[2.250s][info][gc,heap     ] GC(21) Archive regions: 2->2
[2.250s][info][gc,heap     ] GC(21) Humongous regions: 35->35
[2.250s][info][gc,metaspace] GC(21) Metaspace: 1681K(1856K)->1681K(1856K) NonClass: 1526K(1600K)->1526K(1600K) Class: 154K(256K)->154K(256K)
[2.250s][info][gc          ] GC(21) Pause Young (Prepare Mixed) (G1 Evacuation Pause) 2945M->2343M(6200M) 165.583ms
[2.250s][info][gc,cpu      ] GC(21) User=1.38s Sys=0.08s Real=0.17s
[2.286s][info][gc,start    ] GC(22) Pause Young (Mixed) (G1 Evacuation Pause)
[2.286s][info][gc,task     ] GC(22) Using 9 workers of 9 for evacuation
[2.325s][info][gc,phases   ] GC(22)   Pre Evacuate Collection Set: 0.1ms
[2.325s][info][gc,phases   ] GC(22)   Merge Heap Roots: 0.1ms
[2.325s][info][gc,phases   ] GC(22)   Evacuate Collection Set: 38.5ms
[2.325s][info][gc,phases   ] GC(22)   Post Evacuate Collection Set: 0.1ms
[2.325s][info][gc,phases   ] GC(22)   Other: 0.1ms
[2.325s][info][gc,heap     ] GC(22) Eden regions: 15->0(40)
[2.325s][info][gc,heap     ] GC(22) Survivor regions: 23->5(5)
[2.325s][info][gc,heap     ] GC(22) Old regions: 234->262
[2.325s][info][gc,heap     ] GC(22) Archive regions: 2->2
[2.325s][info][gc,heap     ] GC(22) Humongous regions: 35->35
[2.325s][info][gc,metaspace] GC(22) Metaspace: 1681K(1856K)->1681K(1856K) NonClass: 1526K(1600K)->1526K(1600K) Class: 154K(256K)->154K(256K)
[2.325s][info][gc          ] GC(22) Pause Young (Mixed) (G1 Evacuation Pause) 2463M->2423M(6200M) 38.918ms
[2.325s][info][gc,cpu      ] GC(22) User=0.34s Sys=0.02s Real=0.04s
[2.421s][info][gc,start    ] GC(23) Pause Young (Normal) (G1 Evacuation Pause)
[2.421s][info][gc,task     ] GC(23) Using 9 workers of 9 for evacuation
[2.451s][info][gc,phases   ] GC(23)   Pre Evacuate Collection Set: 0.1ms
[2.451s][info][gc,phases   ] GC(23)   Merge Heap Roots: 0.1ms
[2.451s][info][gc,phases   ] GC(23)   Evacuate Collection Set: 30.0ms
[2.451s][info][gc,phases   ] GC(23)   Post Evacuate Collection Set: 0.1ms
[2.451s][info][gc,phases   ] GC(23)   Other: 0.1ms
[2.451s][info][gc,heap     ] GC(23) Eden regions: 40->0(54)
[2.451s][info][gc,heap     ] GC(23) Survivor regions: 5->6(6)
[2.451s][info][gc,heap     ] GC(23) Old regions: 262->285
[2.451s][info][gc,heap     ] GC(23) Archive regions: 2->2
[2.451s][info][gc,heap     ] GC(23) Humongous regions: 35->35
[2.451s][info][gc,metaspace] GC(23) Metaspace: 1681K(1856K)->1681K(1856K) NonClass: 1526K(1600K)->1526K(1600K) Class: 154K(256K)->154K(256K)
[2.451s][info][gc          ] GC(23) Pause Young (Normal) (G1 Evacuation Pause) 2743M->2615M(6200M) 30.409ms
[2.451s][info][gc,cpu      ] GC(23) User=0.24s Sys=0.02s Real=0.03s
[2.579s][info][gc,start    ] GC(24) Pause Young (Normal) (G1 Evacuation Pause)
[2.579s][info][gc,task     ] GC(24) Using 9 workers of 9 for evacuation
[2.620s][info][gc,phases   ] GC(24)   Pre Evacuate Collection Set: 0.1ms
[2.620s][info][gc,phases   ] GC(24)   Merge Heap Roots: 0.1ms
[2.620s][info][gc,phases   ] GC(24)   Evacuate Collection Set: 39.9ms
[2.620s][info][gc,phases   ] GC(24)   Post Evacuate Collection Set: 0.1ms
[2.620s][info][gc,phases   ] GC(24)   Other: 0.1ms
[2.620s][info][gc,heap     ] GC(24) Eden regions: 54->0(65)
[2.620s][info][gc,heap     ] GC(24) Survivor regions: 6->8(8)
[2.620s][info][gc,heap     ] GC(24) Old regions: 285->316
[2.620s][info][gc,heap     ] GC(24) Archive regions: 2->2
[2.620s][info][gc,heap     ] GC(24) Humongous regions: 35->35
[2.620s][info][gc,metaspace] GC(24) Metaspace: 1681K(1856K)->1681K(1856K) NonClass: 1526K(1600K)->1526K(1600K) Class: 154K(256K)->154K(256K)
[2.620s][info][gc          ] GC(24) Pause Young (Normal) (G1 Evacuation Pause) 3047M->2879M(6200M) 40.370ms
[2.620s][info][gc,cpu      ] GC(24) User=0.31s Sys=0.04s Real=0.04s
[2.775s][info][gc,start    ] GC(25) Pause Young (Concurrent Start) (G1 Evacuation Pause)
[2.775s][info][gc,task     ] GC(25) Using 9 workers of 9 for evacuation
[2.824s][info][gc,phases   ] GC(25)   Pre Evacuate Collection Set: 0.1ms
[2.824s][info][gc,phases   ] GC(25)   Merge Heap Roots: 0.1ms
[2.824s][info][gc,phases   ] GC(25)   Evacuate Collection Set: 47.7ms
[2.824s][info][gc,phases   ] GC(25)   Post Evacuate Collection Set: 1.0ms
[2.824s][info][gc,phases   ] GC(25)   Other: 0.1ms
[2.824s][info][gc,heap     ] GC(25) Eden regions: 65->0(231)
[2.824s][info][gc,heap     ] GC(25) Survivor regions: 8->10(10)
[2.824s][info][gc,heap     ] GC(25) Old regions: 316->354
[2.824s][info][gc,heap     ] GC(25) Archive regions: 2->2
[2.824s][info][gc,heap     ] GC(25) Humongous regions: 35->35
[2.824s][info][gc,metaspace] GC(25) Metaspace: 1681K(1856K)->1681K(1856K) NonClass: 1526K(1600K)->1526K(1600K) Class: 154K(256K)->154K(256K)
[2.824s][info][gc          ] GC(25) Pause Young (Concurrent Start) (G1 Evacuation Pause) 3399M->3199M(8640M) 48.980ms
[2.824s][info][gc,cpu      ] GC(25) User=0.38s Sys=0.04s Real=0.05s
[2.824s][info][gc          ] GC(26) Concurrent Mark Cycle
[2.824s][info][gc,marking  ] GC(26) Concurrent Clear Claimed Marks
[2.824s][info][gc,marking  ] GC(26) Concurrent Clear Claimed Marks 0.007ms
[2.824s][info][gc,marking  ] GC(26) Concurrent Scan Root Regions
[2.853s][info][gc,marking  ] GC(26) Concurrent Scan Root Regions 29.483ms
[2.853s][info][gc,marking  ] GC(26) Concurrent Mark
[2.853s][info][gc,marking  ] GC(26) Concurrent Mark From Roots
[2.853s][info][gc,task     ] GC(26) Using 2 workers of 2 for marking
[3.319s][info][gc,marking  ] GC(26) Concurrent Mark From Roots 465.883ms
[3.319s][info][gc,marking  ] GC(26) Concurrent Preclean
[3.319s][info][gc,marking  ] GC(26) Concurrent Preclean 0.020ms
[3.319s][info][gc,start    ] GC(26) Pause Remark
[3.319s][info][gc          ] GC(26) Pause Remark 4579M->4579M(8640M) 0.272ms
[3.319s][info][gc,cpu      ] GC(26) User=0.00s Sys=0.00s Real=0.00s
[3.319s][info][gc,marking  ] GC(26) Concurrent Mark 466.324ms
[3.319s][info][gc,marking  ] GC(26) Concurrent Rebuild Remembered Sets
[3.437s][info][gc,start    ] GC(27) Pause Full (System.gc())
[3.437s][info][gc,task     ] GC(27) Using 9 workers of 9 for full compaction
[3.444s][info][gc,phases,start] GC(27) Phase 1: Mark live objects
[3.813s][info][gc,phases      ] GC(27) Phase 1: Mark live objects 368.803ms
[3.813s][info][gc,phases,start] GC(27) Phase 2: Prepare for compaction
[3.852s][info][gc,phases      ] GC(27) Phase 2: Prepare for compaction 38.593ms
[3.852s][info][gc,phases,start] GC(27) Phase 3: Adjust pointers
[3.945s][info][gc,phases      ] GC(27) Phase 3: Adjust pointers 93.260ms
[3.945s][info][gc,phases,start] GC(27) Phase 4: Compact heap
[3.975s][info][gc,phases      ] GC(27) Phase 4: Compact heap 30.428ms
[3.980s][info][gc,heap        ] GC(27) Eden regions: 173->0(91)
[3.980s][info][gc,heap        ] GC(27) Survivor regions: 10->0(10)
[3.980s][info][gc,heap        ] GC(27) Old regions: 354->472
[3.980s][info][gc,heap        ] GC(27) Archive regions: 2->2
[3.980s][info][gc,heap        ] GC(27) Humongous regions: 35->0
[3.980s][info][gc,metaspace   ] GC(27) Metaspace: 1693K(1920K)->1693K(1920K) NonClass: 1537K(1664K)->1537K(1664K) Class: 156K(256K)->156K(256K)
[3.980s][info][gc             ] GC(27) Pause Full (System.gc()) 4579M->3737M(8640M) 542.556ms
[3.980s][info][gc,cpu         ] GC(27) User=4.67s Sys=0.10s Real=0.55s
[3.980s][info][gc,marking     ] GC(26) Concurrent Rebuild Remembered Sets 660.364ms
[3.980s][info][gc,marking     ] GC(26) Concurrent Mark Abort
[3.980s][info][gc             ] GC(26) Concurrent Mark Cycle 1156.241ms
[4.137s][info][gc,start       ] GC(28) Pause Young (Normal) (G1 Evacuation Pause)
[4.137s][info][gc,task        ] GC(28) Using 9 workers of 9 for evacuation
[4.218s][info][gc,phases      ] GC(28)   Pre Evacuate Collection Set: 0.1ms
[4.218s][info][gc,phases      ] GC(28)   Merge Heap Roots: 0.1ms
[4.218s][info][gc,phases      ] GC(28)   Evacuate Collection Set: 81.3ms
[4.218s][info][gc,phases      ] GC(28)   Post Evacuate Collection Set: 0.2ms
[4.218s][info][gc,phases      ] GC(28)   Other: 0.1ms
[4.218s][info][gc,heap        ] GC(28) Eden regions: 91->0(71)
[4.218s][info][gc,heap        ] GC(28) Survivor regions: 0->12(12)
[4.218s][info][gc,heap        ] GC(28) Old regions: 472->552
[4.218s][info][gc,heap        ] GC(28) Archive regions: 2->2
[4.218s][info][gc,heap        ] GC(28) Humongous regions: 0->0
[4.218s][info][gc,metaspace   ] GC(28) Metaspace: 1727K(1920K)->1727K(1920K) NonClass: 1569K(1664K)->1569K(1664K) Class: 158K(256K)->158K(256K)
[4.218s][info][gc             ] GC(28) Pause Young (Normal) (G1 Evacuation Pause) 4465M->4469M(8640M) 81.859ms
[4.218s][info][gc,cpu         ] GC(28) User=0.60s Sys=0.09s Real=0.09s
[4.245s][info][gc,start       ] GC(29) Pause Young (Concurrent Start) (G1 Evacuation Pause)
[4.245s][info][gc,task        ] GC(29) Using 9 workers of 9 for evacuation
[4.368s][info][gc,phases      ] GC(29)   Pre Evacuate Collection Set: 0.1ms
[4.368s][info][gc,phases      ] GC(29)   Merge Heap Roots: 0.1ms
[4.368s][info][gc,phases      ] GC(29)   Evacuate Collection Set: 122.3ms
[4.368s][info][gc,phases      ] GC(29)   Post Evacuate Collection Set: 0.2ms
[4.368s][info][gc,phases      ] GC(29)   Other: 0.1ms
[4.368s][info][gc,heap        ] GC(29) Eden regions: 71->0(113)
[4.368s][info][gc,heap        ] GC(29) Survivor regions: 12->11(11)
[4.368s][info][gc,heap        ] GC(29) Old regions: 552->625
[4.368s][info][gc,heap        ] GC(29) Archive regions: 2->2
[4.368s][info][gc,heap        ] GC(29) Humongous regions: 0->0
[4.368s][info][gc,metaspace   ] GC(29) Metaspace: 1728K(1920K)->1728K(1920K) NonClass: 1570K(1664K)->1570K(1664K) Class: 158K(256K)->158K(256K)
[4.368s][info][gc             ] GC(29) Pause Young (Concurrent Start) (G1 Evacuation Pause) 5037M->5049M(8640M) 122.905ms
[4.368s][info][gc,cpu         ] GC(29) User=0.87s Sys=0.11s Real=0.13s
[4.368s][info][gc             ] GC(30) Concurrent Mark Cycle
[4.368s][info][gc,marking     ] GC(30) Concurrent Clear Claimed Marks
[4.368s][info][gc,marking     ] GC(30) Concurrent Clear Claimed Marks 0.007ms
[4.368s][info][gc,marking     ] GC(30) Concurrent Scan Root Regions
[4.495s][info][gc,marking     ] GC(30) Concurrent Scan Root Regions 126.585ms
[4.495s][info][gc,start       ] GC(31) Pause Young (Normal) (G1 Evacuation Pause)
[4.495s][info][gc,marking     ] GC(30) Concurrent Mark
[4.495s][info][gc,task        ] GC(31) Using 9 workers of 9 for evacuation
[4.495s][info][gc,marking     ] GC(30) Concurrent Mark From Roots
[4.495s][info][gc,task        ] GC(30) Using 2 workers of 2 for marking
[4.606s][info][gc,phases      ] GC(31)   Pre Evacuate Collection Set: 33.3ms
[4.606s][info][gc,phases      ] GC(31)   Merge Heap Roots: 0.1ms
[4.606s][info][gc,phases      ] GC(31)   Evacuate Collection Set: 110.8ms
[4.606s][info][gc,phases      ] GC(31)   Post Evacuate Collection Set: 0.2ms
[4.606s][info][gc,phases      ] GC(31)   Other: 0.1ms
[4.606s][info][gc,heap        ] GC(31) Eden regions: 113->0(71)
[4.606s][info][gc,heap        ] GC(31) Survivor regions: 11->16(16)
[4.606s][info][gc,heap        ] GC(31) Old regions: 625->733
[4.606s][info][gc,heap        ] GC(31) Archive regions: 2->2
[4.606s][info][gc,heap        ] GC(31) Humongous regions: 0->0
[4.606s][info][gc,metaspace   ] GC(31) Metaspace: 1728K(1920K)->1728K(1920K) NonClass: 1570K(1664K)->1570K(1664K) Class: 158K(256K)->158K(256K)
[4.606s][info][gc             ] GC(31) Pause Young (Normal) (G1 Evacuation Pause) 5953M->5953M(8640M) 111.373ms
[4.606s][info][gc,cpu         ] GC(31) User=0.92s Sys=0.05s Real=0.11s
[4.656s][info][gc,start       ] GC(32) Pause Young (Normal) (G1 Evacuation Pause)
[4.656s][info][gc,task        ] GC(32) Using 9 workers of 9 for evacuation
[4.756s][info][gc,phases      ] GC(32)   Pre Evacuate Collection Set: 0.1ms
[4.756s][info][gc,phases      ] GC(32)   Merge Heap Roots: 0.1ms
[4.756s][info][gc,phases      ] GC(32)   Evacuate Collection Set: 99.2ms
[4.756s][info][gc,phases      ] GC(32)   Post Evacuate Collection Set: 0.7ms
[4.756s][info][gc,phases      ] GC(32)   Other: 0.1ms
[4.756s][info][gc,heap        ] GC(32) Eden regions: 71->0(98)
[4.756s][info][gc,heap        ] GC(32) Survivor regions: 16->11(11)
[4.756s][info][gc,heap        ] GC(32) Old regions: 733->811
[4.756s][info][gc,heap        ] GC(32) Archive regions: 2->2
[4.756s][info][gc,heap        ] GC(32) Humongous regions: 0->0
[4.756s][info][gc,metaspace   ] GC(32) Metaspace: 1729K(1920K)->1729K(1920K) NonClass: 1571K(1664K)->1571K(1664K) Class: 158K(256K)->158K(256K)
[4.756s][info][gc             ] GC(32) Pause Young (Normal) (G1 Evacuation Pause) 6521M->6537M(10104M) 100.246ms
[4.756s][info][gc,cpu         ] GC(32) User=0.87s Sys=0.01s Real=0.10s
[5.295s][info][gc,start       ] GC(33) Pause Young (Normal) (G1 Evacuation Pause)
[5.295s][info][gc,task        ] GC(33) Using 9 workers of 9 for evacuation
[5.458s][info][gc,phases      ] GC(33)   Pre Evacuate Collection Set: 0.1ms
[5.458s][info][gc,phases      ] GC(33)   Merge Heap Roots: 0.1ms
[5.458s][info][gc,phases      ] GC(33)   Evacuate Collection Set: 162.5ms
[5.458s][info][gc,phases      ] GC(33)   Post Evacuate Collection Set: 0.4ms
[5.458s][info][gc,phases      ] GC(33)   Other: 0.1ms
[5.458s][info][gc,heap        ] GC(33) Eden regions: 98->0(49)
[5.458s][info][gc,heap        ] GC(33) Survivor regions: 11->14(14)
[5.458s][info][gc,heap        ] GC(33) Old regions: 811->841
[5.458s][info][gc,heap        ] GC(33) Archive regions: 2->2
[5.458s][info][gc,heap        ] GC(33) Humongous regions: 47->47
[5.458s][info][gc,metaspace   ] GC(33) Metaspace: 1809K(1984K)->1809K(1984K) NonClass: 1646K(1728K)->1646K(1728K) Class: 162K(256K)->162K(256K)
[5.458s][info][gc             ] GC(33) Pause Young (Normal) (G1 Evacuation Pause) 7697M->7177M(10104M) 163.314ms
[5.458s][info][gc,cpu         ] GC(33) User=0.82s Sys=0.25s Real=0.17s
[5.827s][info][gc,start       ] GC(34) Pause Young (Normal) (G1 Evacuation Pause)
[5.827s][info][gc,task        ] GC(34) Using 9 workers of 9 for evacuation
[5.860s][info][gc,phases      ] GC(34)   Pre Evacuate Collection Set: 0.1ms
[5.860s][info][gc,phases      ] GC(34)   Merge Heap Roots: 0.1ms
[5.860s][info][gc,phases      ] GC(34)   Evacuate Collection Set: 32.7ms
[5.860s][info][gc,phases      ] GC(34)   Post Evacuate Collection Set: 0.2ms
[5.860s][info][gc,phases      ] GC(34)   Other: 0.1ms
[5.860s][info][gc,heap        ] GC(34) Eden regions: 49->0(67)
[5.860s][info][gc,heap        ] GC(34) Survivor regions: 14->0(8)
[5.860s][info][gc,heap        ] GC(34) Old regions: 841->858
[5.860s][info][gc,heap        ] GC(34) Archive regions: 2->2
[5.860s][info][gc,heap        ] GC(34) Humongous regions: 47->47
[5.860s][info][gc,metaspace   ] GC(34) Metaspace: 1809K(1984K)->1809K(1984K) NonClass: 1646K(1728K)->1646K(1728K) Class: 162K(256K)->162K(256K)
[5.860s][info][gc             ] GC(34) Pause Young (Normal) (G1 Evacuation Pause) 7569M->7201M(10104M) 33.177ms
[5.860s][info][gc,cpu         ] GC(34) User=0.27s Sys=0.02s Real=0.04s
[6.392s][info][gc,start       ] GC(35) Pause Young (Normal) (G1 Evacuation Pause)
[6.392s][info][gc,task        ] GC(35) Using 9 workers of 9 for evacuation
[6.392s][info][gc,phases      ] GC(35)   Pre Evacuate Collection Set: 0.1ms
[6.392s][info][gc,phases      ] GC(35)   Merge Heap Roots: 0.0ms
[6.392s][info][gc,phases      ] GC(35)   Evacuate Collection Set: 0.1ms
[6.392s][info][gc,phases      ] GC(35)   Post Evacuate Collection Set: 0.1ms
[6.392s][info][gc,phases      ] GC(35)   Other: 0.1ms
[6.392s][info][gc,heap        ] GC(35) Eden regions: 67->0(91)
[6.392s][info][gc,heap        ] GC(35) Survivor regions: 0->0(9)
[6.392s][info][gc,heap        ] GC(35) Old regions: 858->858
[6.392s][info][gc,heap        ] GC(35) Archive regions: 2->2
[6.392s][info][gc,heap        ] GC(35) Humongous regions: 47->47
[6.392s][info][gc,metaspace   ] GC(35) Metaspace: 1809K(1984K)->1809K(1984K) NonClass: 1646K(1728K)->1646K(1728K) Class: 162K(256K)->162K(256K)
[6.392s][info][gc             ] GC(35) Pause Young (Normal) (G1 Evacuation Pause) 7737M->7201M(10104M) 0.496ms
[6.392s][info][gc,cpu         ] GC(35) User=0.00s Sys=0.00s Real=0.00s
[6.455s][info][gc,marking     ] GC(30) Concurrent Mark From Roots 1960.160ms
[6.455s][info][gc,marking     ] GC(30) Concurrent Preclean
[6.455s][info][gc,marking     ] GC(30) Concurrent Preclean 0.030ms
[6.455s][info][gc,start       ] GC(30) Pause Remark
[6.458s][info][gc             ] GC(30) Pause Remark 7317M->7317M(12288M) 3.130ms
[6.458s][info][gc,cpu         ] GC(30) User=0.01s Sys=0.01s Real=0.01s
[6.458s][info][gc,marking     ] GC(30) Concurrent Mark 1963.477ms
[6.458s][info][gc,marking     ] GC(30) Concurrent Rebuild Remembered Sets
[7.113s][info][gc,start       ] GC(36) Pause Young (Normal) (G1 Evacuation Pause)
[7.113s][info][gc,task        ] GC(36) Using 9 workers of 9 for evacuation
[7.113s][info][gc,phases      ] GC(36)   Pre Evacuate Collection Set: 0.1ms
[7.113s][info][gc,phases      ] GC(36)   Merge Heap Roots: 0.0ms
[7.113s][info][gc,phases      ] GC(36)   Evacuate Collection Set: 0.1ms
[7.113s][info][gc,phases      ] GC(36)   Post Evacuate Collection Set: 0.2ms
[7.113s][info][gc,phases      ] GC(36)   Other: 0.2ms
[7.113s][info][gc,heap        ] GC(36) Eden regions: 91->0(138)
[7.113s][info][gc,heap        ] GC(36) Survivor regions: 0->0(12)
[7.113s][info][gc,heap        ] GC(36) Old regions: 858->858
[7.113s][info][gc,heap        ] GC(36) Archive regions: 2->2
[7.113s][info][gc,heap        ] GC(36) Humongous regions: 47->47
[7.113s][info][gc,metaspace   ] GC(36) Metaspace: 1809K(1984K)->1809K(1984K) NonClass: 1646K(1728K)->1646K(1728K) Class: 162K(256K)->162K(256K)
[7.113s][info][gc             ] GC(36) Pause Young (Normal) (G1 Evacuation Pause) 7929M->7201M(12288M) 0.642ms
[7.113s][info][gc,cpu         ] GC(36) User=0.01s Sys=0.00s Real=0.00s
[8.471s][info][gc,marking     ] GC(30) Concurrent Rebuild Remembered Sets 2012.380ms
[8.471s][info][gc,start       ] GC(30) Pause Cleanup
[8.471s][info][gc             ] GC(30) Pause Cleanup 8087M->8087M(12288M) 0.209ms
[8.471s][info][gc,cpu         ] GC(30) User=0.00s Sys=0.00s Real=0.00s
[8.471s][info][gc,marking     ] GC(30) Concurrent Cleanup for Next Mark
[8.504s][info][gc,marking     ] GC(30) Concurrent Cleanup for Next Mark 32.447ms
[8.504s][info][gc             ] GC(30) Concurrent Mark Cycle 4135.309ms
[8.815s][info][gc,start       ] GC(37) Pause Young (Prepare Mixed) (G1 Evacuation Pause)
[8.815s][info][gc,task        ] GC(37) Using 9 workers of 9 for evacuation
[8.815s][info][gc,phases      ] GC(37)   Pre Evacuate Collection Set: 0.1ms
[8.815s][info][gc,phases      ] GC(37)   Merge Heap Roots: 0.0ms
[8.815s][info][gc,phases      ] GC(37)   Evacuate Collection Set: 0.3ms
[8.815s][info][gc,phases      ] GC(37)   Post Evacuate Collection Set: 0.2ms
[8.815s][info][gc,phases      ] GC(37)   Other: 0.1ms
[8.815s][info][gc,heap        ] GC(37) Eden regions: 138->0(75)
[8.815s][info][gc,heap        ] GC(37) Survivor regions: 0->1(18)
[8.815s][info][gc,heap        ] GC(37) Old regions: 858->858
[8.815s][info][gc,heap        ] GC(37) Archive regions: 2->2
[8.815s][info][gc,heap        ] GC(37) Humongous regions: 47->47
[8.815s][info][gc,metaspace   ] GC(37) Metaspace: 2093K(2240K)->2093K(2240K) NonClass: 1907K(1984K)->1907K(1984K) Class: 185K(256K)->185K(256K)
[8.815s][info][gc             ] GC(37) Pause Young (Prepare Mixed) (G1 Evacuation Pause) 8305M->7202M(12288M) 0.768ms
[8.815s][info][gc,cpu         ] GC(37) User=0.00s Sys=0.00s Real=0.00s
[8.939s][info][gc,start       ] GC(38) Pause Full (System.gc())
[8.939s][info][gc,task        ] GC(38) Using 9 workers of 9 for full compaction
[8.939s][info][gc,phases,start] GC(38) Phase 1: Mark live objects
[9.245s][info][gc,phases      ] GC(38) Phase 1: Mark live objects 305.865ms
[9.245s][info][gc,phases,start] GC(38) Phase 2: Prepare for compaction
[9.253s][info][gc,phases      ] GC(38) Phase 2: Prepare for compaction 8.406ms
[9.253s][info][gc,phases,start] GC(38) Phase 3: Adjust pointers
[9.330s][info][gc,phases      ] GC(38) Phase 3: Adjust pointers 77.266ms
[9.330s][info][gc,phases,start] GC(38) Phase 4: Compact heap
[9.333s][info][gc,phases      ] GC(38) Phase 4: Compact heap 2.255ms
[9.363s][info][gc,heap        ] GC(38) Eden regions: 11->0(94)
[9.363s][info][gc,heap        ] GC(38) Survivor regions: 1->0(18)
[9.363s][info][gc,heap        ] GC(38) Old regions: 858->425
[9.363s][info][gc,heap        ] GC(38) Archive regions: 2->2
[9.363s][info][gc,heap        ] GC(38) Humongous regions: 47->0
[9.363s][info][gc,metaspace   ] GC(38) Metaspace: 2215K(2368K)->2215K(2368K) NonClass: 2011K(2112K)->2011K(2112K) Class: 204K(256K)->204K(256K)
[9.363s][info][gc             ] GC(38) Pause Full (System.gc()) 7287M->3362M(11392M) 424.455ms
[9.363s][info][gc,cpu         ] GC(38) User=2.26s Sys=0.70s Real=0.42s
[10.331s][info][gc,start       ] GC(39) Pause Young (Normal) (G1 Evacuation Pause)
[10.331s][info][gc,task        ] GC(39) Using 9 workers of 9 for evacuation
[10.440s][info][gc,phases      ] GC(39)   Pre Evacuate Collection Set: 0.1ms
[10.440s][info][gc,phases      ] GC(39)   Merge Heap Roots: 0.0ms
[10.440s][info][gc,phases      ] GC(39)   Evacuate Collection Set: 108.3ms
[10.440s][info][gc,phases      ] GC(39)   Post Evacuate Collection Set: 0.2ms
[10.440s][info][gc,phases      ] GC(39)   Other: 0.1ms
[10.440s][info][gc,heap        ] GC(39) Eden regions: 94->0(99)
[10.440s][info][gc,heap        ] GC(39) Survivor regions: 0->12(12)
[10.440s][info][gc,heap        ] GC(39) Old regions: 425->467
[10.440s][info][gc,heap        ] GC(39) Archive regions: 2->2
[10.440s][info][gc,heap        ] GC(39) Humongous regions: 35->35
[10.440s][info][gc,metaspace   ] GC(39) Metaspace: 2216K(2368K)->2216K(2368K) NonClass: 2011K(2112K)->2011K(2112K) Class: 204K(256K)->204K(256K)
[10.440s][info][gc             ] GC(39) Pause Young (Normal) (G1 Evacuation Pause) 4394M->4070M(11392M) 108.856ms
[10.440s][info][gc,cpu         ] GC(39) User=0.27s Sys=0.32s Real=0.11s
[10.699s][info][gc,start       ] GC(40) Pause Young (Normal) (G1 Evacuation Pause)
[10.699s][info][gc,task        ] GC(40) Using 9 workers of 9 for evacuation
[10.776s][info][gc,phases      ] GC(40)   Pre Evacuate Collection Set: 0.1ms
[10.776s][info][gc,phases      ] GC(40)   Merge Heap Roots: 0.0ms
[10.776s][info][gc,phases      ] GC(40)   Evacuate Collection Set: 76.2ms
[10.776s][info][gc,phases      ] GC(40)   Post Evacuate Collection Set: 0.2ms
[10.776s][info][gc,phases      ] GC(40)   Other: 0.1ms
[10.776s][info][gc,heap        ] GC(40) Eden regions: 99->0(94)
[10.776s][info][gc,heap        ] GC(40) Survivor regions: 12->14(14)
[10.776s][info][gc,heap        ] GC(40) Old regions: 467->522
[10.776s][info][gc,heap        ] GC(40) Archive regions: 2->2
[10.776s][info][gc,heap        ] GC(40) Humongous regions: 35->35
[10.776s][info][gc,metaspace   ] GC(40) Metaspace: 2216K(2368K)->2216K(2368K) NonClass: 2011K(2112K)->2011K(2112K) Class: 204K(256K)->204K(256K)
[10.776s][info][gc             ] GC(40) Pause Young (Normal) (G1 Evacuation Pause) 4862M->4529M(11392M) 76.742ms
[10.776s][info][gc,cpu         ] GC(40) User=0.54s Sys=0.09s Real=0.07s
[11.001s][info][gc,start       ] GC(41) Pause Young (Normal) (G1 Evacuation Pause)
[11.001s][info][gc,task        ] GC(41) Using 9 workers of 9 for evacuation
[11.110s][info][gc,phases      ] GC(41)   Pre Evacuate Collection Set: 0.1ms
[11.110s][info][gc,phases      ] GC(41)   Merge Heap Roots: 0.1ms
[11.110s][info][gc,phases      ] GC(41)   Evacuate Collection Set: 109.0ms
[11.110s][info][gc,phases      ] GC(41)   Post Evacuate Collection Set: 0.2ms
[11.110s][info][gc,phases      ] GC(41)   Other: 0.1ms
[11.110s][info][gc,heap        ] GC(41) Eden regions: 94->0(58)
[11.110s][info][gc,heap        ] GC(41) Survivor regions: 14->14(14)
[11.110s][info][gc,heap        ] GC(41) Old regions: 522->578
[11.110s][info][gc,heap        ] GC(41) Archive regions: 2->2
[11.110s][info][gc,heap        ] GC(41) Humongous regions: 35->35
[11.110s][info][gc,metaspace   ] GC(41) Metaspace: 2216K(2368K)->2216K(2368K) NonClass: 2011K(2112K)->2011K(2112K) Class: 204K(256K)->204K(256K)
[11.111s][info][gc             ] GC(41) Pause Young (Normal) (G1 Evacuation Pause) 5281M->4978M(11392M) 109.520ms
[11.111s][info][gc,cpu         ] GC(41) User=0.82s Sys=0.10s Real=0.11s
[11.249s][info][gc,start       ] GC(42) Pause Young (Normal) (G1 Evacuation Pause)
[11.249s][info][gc,task        ] GC(42) Using 9 workers of 9 for evacuation
[11.324s][info][gc,phases      ] GC(42)   Pre Evacuate Collection Set: 0.1ms
[11.324s][info][gc,phases      ] GC(42)   Merge Heap Roots: 0.1ms
[11.324s][info][gc,phases      ] GC(42)   Evacuate Collection Set: 74.8ms
[11.324s][info][gc,phases      ] GC(42)   Post Evacuate Collection Set: 0.3ms
[11.324s][info][gc,phases      ] GC(42)   Other: 0.1ms
[11.324s][info][gc,heap        ] GC(42) Eden regions: 58->0(81)
[11.324s][info][gc,heap        ] GC(42) Survivor regions: 14->9(9)
[11.324s][info][gc,heap        ] GC(42) Old regions: 578->618
[11.324s][info][gc,heap        ] GC(42) Archive regions: 2->2
[11.324s][info][gc,heap        ] GC(42) Humongous regions: 35->35
[11.324s][info][gc,metaspace   ] GC(42) Metaspace: 2216K(2368K)->2216K(2368K) NonClass: 2011K(2112K)->2011K(2112K) Class: 204K(256K)->204K(256K)
[11.324s][info][gc             ] GC(42) Pause Young (Normal) (G1 Evacuation Pause) 5442M->5258M(11752M) 75.484ms
[11.324s][info][gc,cpu         ] GC(42) User=0.40s Sys=0.13s Real=0.07s
[11.584s][info][gc,start       ] GC(43) Pause Young (Normal) (G1 Evacuation Pause)
[11.584s][info][gc,task        ] GC(43) Using 9 workers of 9 for evacuation
[11.707s][info][gc,phases      ] GC(43)   Pre Evacuate Collection Set: 0.1ms
[11.707s][info][gc,phases      ] GC(43)   Merge Heap Roots: 0.1ms
[11.707s][info][gc,phases      ] GC(43)   Evacuate Collection Set: 123.0ms
[11.707s][info][gc,phases      ] GC(43)   Post Evacuate Collection Set: 0.2ms
[11.707s][info][gc,phases      ] GC(43)   Other: 0.1ms
[11.707s][info][gc,heap        ] GC(43) Eden regions: 81->0(69)
[11.707s][info][gc,heap        ] GC(43) Survivor regions: 9->12(12)
[11.707s][info][gc,heap        ] GC(43) Old regions: 618->663
[11.707s][info][gc,heap        ] GC(43) Archive regions: 2->2
[11.707s][info][gc,heap        ] GC(43) Humongous regions: 35->35
[11.707s][info][gc,metaspace   ] GC(43) Metaspace: 2216K(2368K)->2216K(2368K) NonClass: 2011K(2112K)->2011K(2112K) Class: 204K(256K)->204K(256K)
[11.707s][info][gc             ] GC(43) Pause Young (Normal) (G1 Evacuation Pause) 5906M->5642M(11752M) 123.538ms
[11.707s][info][gc,cpu         ] GC(43) User=0.89s Sys=0.14s Real=0.12s
[11.875s][info][gc,start       ] GC(44) Pause Young (Concurrent Start) (G1 Evacuation Pause)
[11.875s][info][gc,task        ] GC(44) Using 9 workers of 9 for evacuation
[11.953s][info][gc,phases      ] GC(44)   Pre Evacuate Collection Set: 0.1ms
[11.953s][info][gc,phases      ] GC(44)   Merge Heap Roots: 0.1ms
[11.953s][info][gc,phases      ] GC(44)   Evacuate Collection Set: 78.4ms
[11.953s][info][gc,phases      ] GC(44)   Post Evacuate Collection Set: 0.2ms
[11.953s][info][gc,phases      ] GC(44)   Other: 0.1ms
[11.953s][info][gc,heap        ] GC(44) Eden regions: 69->0(112)
[11.953s][info][gc,heap        ] GC(44) Survivor regions: 12->11(11)
[11.953s][info][gc,heap        ] GC(44) Old regions: 663->705
[11.953s][info][gc,heap        ] GC(44) Archive regions: 2->2
[11.953s][info][gc,heap        ] GC(44) Humongous regions: 35->35
[11.953s][info][gc,metaspace   ] GC(44) Metaspace: 2216K(2368K)->2216K(2368K) NonClass: 2011K(2112K)->2011K(2112K) Class: 204K(256K)->204K(256K)
[11.953s][info][gc             ] GC(44) Pause Young (Concurrent Start) (G1 Evacuation Pause) 6194M->5970M(11752M) 78.888ms
[11.953s][info][gc,cpu         ] GC(44) User=0.44s Sys=0.11s Real=0.08s
[11.954s][info][gc             ] GC(45) Concurrent Mark Cycle
[11.954s][info][gc,marking     ] GC(45) Concurrent Clear Claimed Marks
[11.954s][info][gc,marking     ] GC(45) Concurrent Clear Claimed Marks 0.007ms
[11.954s][info][gc,marking     ] GC(45) Concurrent Scan Root Regions
[11.984s][info][gc,marking     ] GC(45) Concurrent Scan Root Regions 30.273ms
[11.984s][info][gc,marking     ] GC(45) Concurrent Mark
[11.984s][info][gc,marking     ] GC(45) Concurrent Mark From Roots
[11.984s][info][gc,task        ] GC(45) Using 2 workers of 2 for marking
[12.249s][info][gc,start       ] GC(46) Pause Young (Normal) (G1 Evacuation Pause)
[12.249s][info][gc,task        ] GC(46) Using 9 workers of 9 for evacuation
[12.341s][info][gc,phases      ] GC(46)   Pre Evacuate Collection Set: 0.1ms
[12.341s][info][gc,phases      ] GC(46)   Merge Heap Roots: 0.1ms
[12.341s][info][gc,phases      ] GC(46)   Evacuate Collection Set: 91.8ms
[12.341s][info][gc,phases      ] GC(46)   Post Evacuate Collection Set: 0.2ms
[12.341s][info][gc,phases      ] GC(46)   Other: 0.1ms
[12.341s][info][gc,heap        ] GC(46) Eden regions: 112->0(115)
[12.341s][info][gc,heap        ] GC(46) Survivor regions: 11->16(16)
[12.341s][info][gc,heap        ] GC(46) Old regions: 705->767
[12.341s][info][gc,heap        ] GC(46) Archive regions: 2->2
[12.341s][info][gc,heap        ] GC(46) Humongous regions: 35->35
[12.341s][info][gc,metaspace   ] GC(46) Metaspace: 2216K(2368K)->2216K(2368K) NonClass: 2011K(2112K)->2011K(2112K) Class: 204K(256K)->204K(256K)
[12.341s][info][gc             ] GC(46) Pause Young (Normal) (G1 Evacuation Pause) 6866M->6502M(11752M) 92.308ms
[12.341s][info][gc,cpu         ] GC(46) User=0.66s Sys=0.09s Real=0.09s
[12.523s][info][gc,marking     ] GC(45) Concurrent Mark From Roots 539.025ms
[12.523s][info][gc,marking     ] GC(45) Concurrent Preclean
[12.523s][info][gc,marking     ] GC(45) Concurrent Preclean 0.018ms
[12.523s][info][gc,start       ] GC(45) Pause Remark
[12.524s][info][gc             ] GC(45) Pause Remark 7078M->3802M(11752M) 1.178ms
[12.524s][info][gc,cpu         ] GC(45) User=0.00s Sys=0.00s Real=0.00s
[12.524s][info][gc,marking     ] GC(45) Concurrent Mark 540.337ms
[12.524s][info][gc,marking     ] GC(45) Concurrent Rebuild Remembered Sets
[12.652s][info][gc,start       ] GC(47) Pause Young (Normal) (G1 Evacuation Pause)
[12.652s][info][gc,task        ] GC(47) Using 9 workers of 9 for evacuation
[12.736s][info][gc,phases      ] GC(47)   Pre Evacuate Collection Set: 0.1ms
[12.736s][info][gc,phases      ] GC(47)   Merge Heap Roots: 0.1ms
[12.736s][info][gc,phases      ] GC(47)   Evacuate Collection Set: 83.7ms
[12.736s][info][gc,phases      ] GC(47)   Post Evacuate Collection Set: 0.2ms
[12.736s][info][gc,phases      ] GC(47)   Other: 0.2ms
[12.736s][info][gc,heap        ] GC(47) Eden regions: 115->0(148)
[12.736s][info][gc,heap        ] GC(47) Survivor regions: 16->17(17)
[12.736s][info][gc,heap        ] GC(47) Old regions: 357->424
[12.736s][info][gc,heap        ] GC(47) Archive regions: 2->2
[12.736s][info][gc,heap        ] GC(47) Humongous regions: 35->35
[12.736s][info][gc,metaspace   ] GC(47) Metaspace: 2216K(2368K)->2216K(2368K) NonClass: 2011K(2112K)->2011K(2112K) Class: 204K(256K)->204K(256K)
[12.736s][info][gc             ] GC(47) Pause Young (Normal) (G1 Evacuation Pause) 4146M->3774M(11752M) 84.481ms
[12.736s][info][gc,cpu         ] GC(47) User=0.71s Sys=0.04s Real=0.08s
[12.912s][info][gc,start       ] GC(48) Pause Full (System.gc())
[12.912s][info][gc,task        ] GC(48) Using 9 workers of 9 for full compaction
[12.925s][info][gc,phases,start] GC(48) Phase 1: Mark live objects
[13.297s][info][gc,phases      ] GC(48) Phase 1: Mark live objects 372.202ms
[13.297s][info][gc,phases,start] GC(48) Phase 2: Prepare for compaction
[13.306s][info][gc,phases      ] GC(48) Phase 2: Prepare for compaction 9.273ms
[13.306s][info][gc,phases,start] GC(48) Phase 3: Adjust pointers
[13.386s][info][gc,phases      ] GC(48) Phase 3: Adjust pointers 79.127ms
[13.386s][info][gc,phases,start] GC(48) Phase 4: Compact heap
[13.393s][info][gc,phases      ] GC(48) Phase 4: Compact heap 7.708ms
[13.406s][info][gc,heap        ] GC(48) Eden regions: 59->0(124)
[13.406s][info][gc,heap        ] GC(48) Survivor regions: 17->0(17)
[13.406s][info][gc,heap        ] GC(48) Old regions: 424->472
[13.406s][info][gc,heap        ] GC(48) Archive regions: 2->2
[13.406s][info][gc,heap        ] GC(48) Humongous regions: 35->0
[13.406s][info][gc,metaspace   ] GC(48) Metaspace: 2216K(2368K)->2216K(2368K) NonClass: 2011K(2112K)->2011K(2112K) Class: 204K(256K)->204K(256K)
[13.406s][info][gc             ] GC(48) Pause Full (System.gc()) 4242M->3738M(11752M) 493.613ms
[13.406s][info][gc,cpu         ] GC(48) User=4.14s Sys=0.12s Real=0.49s
[13.406s][info][gc,marking     ] GC(45) Concurrent Rebuild Remembered Sets 881.549ms
[13.406s][info][gc,marking     ] GC(45) Concurrent Mark Abort
[13.406s][info][gc             ] GC(45) Concurrent Mark Cycle 1452.229ms
[13.499s][info][gc,start       ] GC(49) Pause Young (Normal) (G1 Evacuation Pause)
[13.499s][info][gc,task        ] GC(49) Using 9 workers of 9 for evacuation
[13.634s][info][gc,phases      ] GC(49)   Pre Evacuate Collection Set: 0.1ms
[13.634s][info][gc,phases      ] GC(49)   Merge Heap Roots: 0.2ms
[13.634s][info][gc,phases      ] GC(49)   Evacuate Collection Set: 134.4ms
[13.634s][info][gc,phases      ] GC(49)   Post Evacuate Collection Set: 0.3ms
[13.634s][info][gc,phases      ] GC(49)   Other: 0.1ms
[13.634s][info][gc,heap        ] GC(49) Eden regions: 124->0(105)
[13.634s][info][gc,heap        ] GC(49) Survivor regions: 0->16(16)
[13.634s][info][gc,heap        ] GC(49) Old regions: 472->582
[13.634s][info][gc,heap        ] GC(49) Archive regions: 2->2
[13.634s][info][gc,heap        ] GC(49) Humongous regions: 0->0
[13.634s][info][gc,metaspace   ] GC(49) Metaspace: 2232K(2368K)->2232K(2368K) NonClass: 2028K(2112K)->2028K(2112K) Class: 204K(256K)->204K(256K)
[13.634s][info][gc             ] GC(49) Pause Young (Normal) (G1 Evacuation Pause) 4730M->4742M(11968M) 135.081ms
[13.634s][info][gc,cpu         ] GC(49) User=0.91s Sys=0.16s Real=0.13s
[13.710s][info][gc,start       ] GC(50) Pause Young (Normal) (G1 Evacuation Pause)
[13.710s][info][gc,task        ] GC(50) Using 9 workers of 9 for evacuation
[13.960s][info][gc,mmu         ] GC(50) MMU target violated: 201.0ms (200.0ms/201.0ms)
[13.960s][info][gc,phases      ] GC(50)   Pre Evacuate Collection Set: 0.1ms
[13.960s][info][gc,phases      ] GC(50)   Merge Heap Roots: 0.2ms
[13.960s][info][gc,phases      ] GC(50)   Evacuate Collection Set: 249.3ms
[13.960s][info][gc,phases      ] GC(50)   Post Evacuate Collection Set: 0.3ms
[13.960s][info][gc,phases      ] GC(50)   Other: 0.1ms
[13.960s][info][gc,heap        ] GC(50) Eden regions: 105->0(61)
[13.960s][info][gc,heap        ] GC(50) Survivor regions: 16->16(16)
[13.960s][info][gc,heap        ] GC(50) Old regions: 582->688
[13.960s][info][gc,heap        ] GC(50) Archive regions: 2->2
[13.960s][info][gc,heap        ] GC(50) Humongous regions: 0->0
[13.960s][info][gc,metaspace   ] GC(50) Metaspace: 2235K(2368K)->2235K(2368K) NonClass: 2031K(2112K)->2031K(2112K) Class: 204K(256K)->204K(256K)
[13.960s][info][gc             ] GC(50) Pause Young (Normal) (G1 Evacuation Pause) 5582M->5594M(11968M) 250.018ms
[13.960s][info][gc,cpu         ] GC(50) User=1.59s Sys=0.39s Real=0.25s
[13.984s][info][gc,start       ] GC(51) Pause Young (Concurrent Start) (G1 Evacuation Pause)
[13.984s][info][gc,task        ] GC(51) Using 9 workers of 9 for evacuation
[14.108s][info][gc,phases      ] GC(51)   Pre Evacuate Collection Set: 0.1ms
[14.108s][info][gc,phases      ] GC(51)   Merge Heap Roots: 0.1ms
[14.108s][info][gc,phases      ] GC(51)   Evacuate Collection Set: 123.3ms
[14.108s][info][gc,phases      ] GC(51)   Post Evacuate Collection Set: 0.2ms
[14.108s][info][gc,phases      ] GC(51)   Other: 0.1ms
[14.108s][info][gc,heap        ] GC(51) Eden regions: 61->0(109)
[14.108s][info][gc,heap        ] GC(51) Survivor regions: 16->10(10)
[14.108s][info][gc,heap        ] GC(51) Old regions: 688->757
[14.108s][info][gc,heap        ] GC(51) Archive regions: 2->2
[14.108s][info][gc,heap        ] GC(51) Humongous regions: 0->0
[14.108s][info][gc,metaspace   ] GC(51) Metaspace: 2235K(2368K)->2235K(2368K) NonClass: 2031K(2112K)->2031K(2112K) Class: 204K(256K)->204K(256K)
[14.108s][info][gc             ] GC(51) Pause Young (Concurrent Start) (G1 Evacuation Pause) 6082M->6094M(11968M) 123.896ms
[14.108s][info][gc,cpu         ] GC(51) User=0.58s Sys=0.26s Real=0.13s
[14.108s][info][gc             ] GC(52) Concurrent Mark Cycle
[14.108s][info][gc,marking     ] GC(52) Concurrent Clear Claimed Marks
[14.108s][info][gc,marking     ] GC(52) Concurrent Clear Claimed Marks 0.007ms
[14.108s][info][gc,marking     ] GC(52) Concurrent Scan Root Regions
[14.235s][info][gc,marking     ] GC(52) Concurrent Scan Root Regions 126.757ms
[14.235s][info][gc,marking     ] GC(52) Concurrent Mark
[14.235s][info][gc,marking     ] GC(52) Concurrent Mark From Roots
[14.235s][info][gc,task        ] GC(52) Using 2 workers of 2 for marking
[14.427s][info][gc,start       ] GC(53) Pause Young (Normal) (G1 Evacuation Pause)
[14.427s][info][gc,task        ] GC(53) Using 9 workers of 9 for evacuation
[14.569s][info][gc,phases      ] GC(53)   Pre Evacuate Collection Set: 0.1ms
[14.569s][info][gc,phases      ] GC(53)   Merge Heap Roots: 0.2ms
[14.569s][info][gc,phases      ] GC(53)   Evacuate Collection Set: 141.6ms
[14.569s][info][gc,phases      ] GC(53)   Post Evacuate Collection Set: 0.2ms
[14.569s][info][gc,phases      ] GC(53)   Other: 0.1ms
[14.569s][info][gc,heap        ] GC(53) Eden regions: 109->0(104)
[14.569s][info][gc,heap        ] GC(53) Survivor regions: 10->15(15)
[14.569s][info][gc,heap        ] GC(53) Old regions: 757->838
[14.569s][info][gc,heap        ] GC(53) Archive regions: 2->2
[14.569s][info][gc,heap        ] GC(53) Humongous regions: 47->47
[14.569s][info][gc,metaspace   ] GC(53) Metaspace: 2236K(2368K)->2236K(2368K) NonClass: 2032K(2112K)->2032K(2112K) Class: 204K(256K)->204K(256K)
[14.569s][info][gc             ] GC(53) Pause Young (Normal) (G1 Evacuation Pause) 7342M->7158M(11968M) 142.230ms
[14.569s][info][gc,cpu         ] GC(53) User=0.75s Sys=0.28s Real=0.15s
[15.173s][info][gc,start       ] GC(54) Pause Young (Normal) (G1 Evacuation Pause)
[15.173s][info][gc,task        ] GC(54) Using 9 workers of 9 for evacuation
[15.240s][info][gc,phases      ] GC(54)   Pre Evacuate Collection Set: 0.2ms
[15.240s][info][gc,phases      ] GC(54)   Merge Heap Roots: 0.1ms
[15.240s][info][gc,phases      ] GC(54)   Evacuate Collection Set: 66.2ms
[15.240s][info][gc,phases      ] GC(54)   Post Evacuate Collection Set: 0.3ms
[15.240s][info][gc,phases      ] GC(54)   Other: 0.1ms
[15.240s][info][gc,heap        ] GC(54) Eden regions: 104->0(75)
[15.240s][info][gc,heap        ] GC(54) Survivor regions: 15->0(15)
[15.240s][info][gc,heap        ] GC(54) Old regions: 838->854
[15.240s][info][gc,heap        ] GC(54) Archive regions: 2->2
[15.240s][info][gc,heap        ] GC(54) Humongous regions: 47->47
[15.240s][info][gc,metaspace   ] GC(54) Metaspace: 2236K(2368K)->2236K(2368K) NonClass: 2032K(2112K)->2032K(2112K) Class: 204K(256K)->204K(256K)
[15.240s][info][gc             ] GC(54) Pause Young (Normal) (G1 Evacuation Pause) 7990M->7170M(12096M) 66.838ms
[15.240s][info][gc,cpu         ] GC(54) User=0.29s Sys=0.10s Real=0.07s
[15.672s][info][gc,start       ] GC(55) Pause Young (Normal) (G1 Evacuation Pause)
[15.672s][info][gc,task        ] GC(55) Using 9 workers of 9 for evacuation
[15.673s][info][gc,phases      ] GC(55)   Pre Evacuate Collection Set: 0.1ms
[15.673s][info][gc,phases      ] GC(55)   Merge Heap Roots: 0.0ms
[15.673s][info][gc,phases      ] GC(55)   Evacuate Collection Set: 0.1ms
[15.673s][info][gc,phases      ] GC(55)   Post Evacuate Collection Set: 0.2ms
[15.673s][info][gc,phases      ] GC(55)   Other: 0.1ms
[15.673s][info][gc,heap        ] GC(55) Eden regions: 75->0(91)
[15.673s][info][gc,heap        ] GC(55) Survivor regions: 0->0(10)
[15.673s][info][gc,heap        ] GC(55) Old regions: 854->854
[15.673s][info][gc,heap        ] GC(55) Archive regions: 2->2
[15.673s][info][gc,heap        ] GC(55) Humongous regions: 47->47
[15.673s][info][gc,metaspace   ] GC(55) Metaspace: 2236K(2368K)->2236K(2368K) NonClass: 2032K(2112K)->2032K(2112K) Class: 204K(256K)->204K(256K)
[15.673s][info][gc             ] GC(55) Pause Young (Normal) (G1 Evacuation Pause) 7770M->7170M(12096M) 0.550ms
[15.673s][info][gc,cpu         ] GC(55) User=0.00s Sys=0.00s Real=0.00s
[15.820s][info][gc,marking     ] GC(52) Concurrent Mark From Roots 1585.208ms
[15.820s][info][gc,marking     ] GC(52) Concurrent Preclean
[15.820s][info][gc,marking     ] GC(52) Concurrent Preclean 0.016ms
[15.820s][info][gc,start       ] GC(52) Pause Remark
[15.821s][info][gc             ] GC(52) Pause Remark 7418M->7418M(12288M) 0.938ms
[15.821s][info][gc,cpu         ] GC(52) User=0.00s Sys=0.01s Real=0.00s
[15.821s][info][gc,marking     ] GC(52) Concurrent Mark 1586.264ms
[15.821s][info][gc,marking     ] GC(52) Concurrent Rebuild Remembered Sets
[16.235s][info][gc,start       ] GC(56) Pause Young (Normal) (G1 Evacuation Pause)
[16.235s][info][gc,task        ] GC(56) Using 9 workers of 9 for evacuation
[16.235s][info][gc,phases      ] GC(56)   Pre Evacuate Collection Set: 0.1ms
[16.235s][info][gc,phases      ] GC(56)   Merge Heap Roots: 0.0ms
[16.235s][info][gc,phases      ] GC(56)   Evacuate Collection Set: 0.1ms
[16.235s][info][gc,phases      ] GC(56)   Post Evacuate Collection Set: 0.1ms
[16.235s][info][gc,phases      ] GC(56)   Other: 0.1ms
[16.235s][info][gc,heap        ] GC(56) Eden regions: 91->0(114)
[16.235s][info][gc,heap        ] GC(56) Survivor regions: 0->1(12)
[16.235s][info][gc,heap        ] GC(56) Old regions: 854->854
[16.235s][info][gc,heap        ] GC(56) Archive regions: 2->2
[16.235s][info][gc,heap        ] GC(56) Humongous regions: 47->47
[16.235s][info][gc,metaspace   ] GC(56) Metaspace: 2236K(2368K)->2236K(2368K) NonClass: 2032K(2112K)->2032K(2112K) Class: 204K(256K)->204K(256K)
[16.235s][info][gc             ] GC(56) Pause Young (Normal) (G1 Evacuation Pause) 7898M->7172M(12288M) 0.498ms
[16.235s][info][gc,cpu         ] GC(56) User=0.01s Sys=0.00s Real=0.00s
[17.546s][info][gc,start       ] GC(57) Pause Young (Normal) (G1 Evacuation Pause)
[17.546s][info][gc,task        ] GC(57) Using 9 workers of 9 for evacuation
[17.547s][info][gc,phases      ] GC(57)   Pre Evacuate Collection Set: 0.1ms
[17.547s][info][gc,phases      ] GC(57)   Merge Heap Roots: 0.1ms
[17.547s][info][gc,phases      ] GC(57)   Evacuate Collection Set: 0.2ms
[17.547s][info][gc,phases      ] GC(57)   Post Evacuate Collection Set: 0.2ms
[17.547s][info][gc,phases      ] GC(57)   Other: 0.1ms
[17.547s][info][gc,heap        ] GC(57) Eden regions: 114->0(135)
[17.547s][info][gc,heap        ] GC(57) Survivor regions: 1->1(15)
[17.547s][info][gc,heap        ] GC(57) Old regions: 854->854
[17.547s][info][gc,heap        ] GC(57) Archive regions: 2->2
[17.547s][info][gc,heap        ] GC(57) Humongous regions: 47->47
[17.547s][info][gc,metaspace   ] GC(57) Metaspace: 2236K(2368K)->2236K(2368K) NonClass: 2032K(2112K)->2032K(2112K) Class: 204K(256K)->204K(256K)
[17.547s][info][gc             ] GC(57) Pause Young (Normal) (G1 Evacuation Pause) 8084M->7171M(12288M) 0.613ms
[17.547s][info][gc,cpu         ] GC(57) User=0.01s Sys=0.00s Real=0.00s
[17.731s][info][gc,start       ] GC(58) Pause Full (System.gc())
[17.731s][info][gc,task        ] GC(58) Using 9 workers of 9 for full compaction
[17.767s][info][gc,phases,start] GC(58) Phase 1: Mark live objects
[17.974s][info][gc,phases      ] GC(58) Phase 1: Mark live objects 206.668ms
[17.974s][info][gc,phases,start] GC(58) Phase 2: Prepare for compaction
[17.986s][info][gc,phases      ] GC(58) Phase 2: Prepare for compaction 12.363ms
[17.986s][info][gc,phases,start] GC(58) Phase 3: Adjust pointers
[18.056s][info][gc,phases      ] GC(58) Phase 3: Adjust pointers 69.898ms
[18.056s][info][gc,phases,start] GC(58) Phase 4: Compact heap
[18.058s][info][gc,phases      ] GC(58) Phase 4: Compact heap 1.782ms
[18.089s][info][gc,heap        ] GC(58) Eden regions: 14->0(157)
[18.090s][info][gc,heap        ] GC(58) Survivor regions: 1->0(15)
[18.090s][info][gc,heap        ] GC(58) Old regions: 854->426
[18.090s][info][gc,heap        ] GC(58) Archive regions: 2->2
[18.090s][info][gc,heap        ] GC(58) Humongous regions: 47->0
[18.090s][info][gc,metaspace   ] GC(58) Metaspace: 2236K(2368K)->2236K(2368K) NonClass: 2032K(2112K)->2032K(2112K) Class: 204K(256K)->204K(256K)
[18.090s][info][gc             ] GC(58) Pause Full (System.gc()) 7282M->3362M(11416M) 359.065ms
[18.090s][info][gc,cpu         ] GC(58) User=2.27s Sys=0.40s Real=0.36s
[18.090s][info][gc,marking     ] GC(52) Concurrent Rebuild Remembered Sets 2268.425ms
[18.090s][info][gc,marking     ] GC(52) Concurrent Mark Abort
[18.090s][info][gc             ] GC(52) Concurrent Mark Cycle 3981.521ms
[19.243s][info][gc,start       ] GC(59) Pause Young (Normal) (G1 Evacuation Pause)
[19.243s][info][gc,task        ] GC(59) Using 9 workers of 9 for evacuation
[19.331s][info][gc,phases      ] GC(59)   Pre Evacuate Collection Set: 0.1ms
[19.331s][info][gc,phases      ] GC(59)   Merge Heap Roots: 0.0ms
[19.331s][info][gc,phases      ] GC(59)   Evacuate Collection Set: 87.4ms
[19.331s][info][gc,phases      ] GC(59)   Post Evacuate Collection Set: 0.2ms
[19.331s][info][gc,phases      ] GC(59)   Other: 0.1ms
[19.331s][info][gc,heap        ] GC(59) Eden regions: 157->0(163)
[19.331s][info][gc,heap        ] GC(59) Survivor regions: 0->20(20)
[19.331s][info][gc,heap        ] GC(59) Old regions: 426->496
[19.331s][info][gc,heap        ] GC(59) Archive regions: 2->2
[19.331s][info][gc,heap        ] GC(59) Humongous regions: 35->35
[19.331s][info][gc,metaspace   ] GC(59) Metaspace: 2236K(2368K)->2236K(2368K) NonClass: 2032K(2112K)->2032K(2112K) Class: 204K(256K)->204K(256K)
[19.331s][info][gc             ] GC(59) Pause Young (Normal) (G1 Evacuation Pause) 4898M->4360M(11416M) 87.906ms
[19.331s][info][gc,cpu         ] GC(59) User=0.56s Sys=0.18s Real=0.09s
[19.663s][info][gc,start       ] GC(60) Pause Young (Normal) (G1 Evacuation Pause)
[19.663s][info][gc,task        ] GC(60) Using 9 workers of 9 for evacuation
[19.783s][info][gc,phases      ] GC(60)   Pre Evacuate Collection Set: 0.1ms
[19.783s][info][gc,phases      ] GC(60)   Merge Heap Roots: 0.1ms
[19.783s][info][gc,phases      ] GC(60)   Evacuate Collection Set: 118.6ms
[19.783s][info][gc,phases      ] GC(60)   Post Evacuate Collection Set: 0.2ms
[19.783s][info][gc,phases      ] GC(60)   Other: 0.1ms
[19.783s][info][gc,heap        ] GC(60) Eden regions: 133->0(133)
[19.783s][info][gc,heap        ] GC(60) Survivor regions: 20->20(20)
[19.783s][info][gc,heap        ] GC(60) Old regions: 496->574
[19.783s][info][gc,heap        ] GC(60) Archive regions: 2->2
[19.783s][info][gc,heap        ] GC(60) Humongous regions: 35->35
[19.783s][info][gc,metaspace   ] GC(60) Metaspace: 2236K(2368K)->2236K(2368K) NonClass: 2032K(2112K)->2032K(2112K) Class: 204K(256K)->204K(256K)
[19.783s][info][gc             ] GC(60) Pause Young (Normal) (G1 Evacuation Pause) 5424M->4982M(11416M) 119.223ms
[19.783s][info][gc,cpu         ] GC(60) User=0.78s Sys=0.17s Real=0.12s
[20.088s][info][gc,start       ] GC(61) Pause Young (Normal) (G1 Evacuation Pause)
[20.089s][info][gc,task        ] GC(61) Using 9 workers of 9 for evacuation
[20.233s][info][gc,phases      ] GC(61)   Pre Evacuate Collection Set: 0.1ms
[20.233s][info][gc,phases      ] GC(61)   Merge Heap Roots: 0.1ms
[20.233s][info][gc,phases      ] GC(61)   Evacuate Collection Set: 144.0ms
[20.233s][info][gc,phases      ] GC(61)   Post Evacuate Collection Set: 0.2ms
[20.233s][info][gc,phases      ] GC(61)   Other: 0.1ms
[20.233s][info][gc,heap        ] GC(61) Eden regions: 121->0(132)
[20.233s][info][gc,heap        ] GC(61) Survivor regions: 20->18(18)
[20.233s][info][gc,heap        ] GC(61) Old regions: 574->647
[20.233s][info][gc,heap        ] GC(61) Archive regions: 2->2
[20.233s][info][gc,heap        ] GC(61) Humongous regions: 35->35
[20.233s][info][gc,metaspace   ] GC(61) Metaspace: 2236K(2368K)->2236K(2368K) NonClass: 2032K(2112K)->2032K(2112K) Class: 204K(256K)->204K(256K)
[20.233s][info][gc             ] GC(61) Pause Young (Normal) (G1 Evacuation Pause) 5950M->5554M(11416M) 144.603ms
[20.233s][info][gc,cpu         ] GC(61) User=0.92s Sys=0.21s Real=0.14s
[20.593s][info][gc,start       ] GC(62) Pause Young (Concurrent Start) (G1 Evacuation Pause)
[20.593s][info][gc,task        ] GC(62) Using 9 workers of 9 for evacuation
[20.743s][info][gc,phases      ] GC(62)   Pre Evacuate Collection Set: 0.1ms
[20.743s][info][gc,phases      ] GC(62)   Merge Heap Roots: 0.1ms
[20.743s][info][gc,phases      ] GC(62)   Evacuate Collection Set: 149.3ms
[20.743s][info][gc,phases      ] GC(62)   Post Evacuate Collection Set: 0.2ms
[20.743s][info][gc,phases      ] GC(62)   Other: 0.1ms
[20.743s][info][gc,heap        ] GC(62) Eden regions: 132->0(84)
[20.743s][info][gc,heap        ] GC(62) Survivor regions: 18->19(19)
[20.743s][info][gc,heap        ] GC(62) Old regions: 647->723
[20.743s][info][gc,heap        ] GC(62) Archive regions: 2->2
[20.743s][info][gc,heap        ] GC(62) Humongous regions: 35->35
[20.743s][info][gc,metaspace   ] GC(62) Metaspace: 2236K(2368K)->2236K(2368K) NonClass: 2032K(2112K)->2032K(2112K) Class: 204K(256K)->204K(256K)
[20.743s][info][gc             ] GC(62) Pause Young (Concurrent Start) (G1 Evacuation Pause) 6610M->6170M(11416M) 149.863ms
[20.743s][info][gc,cpu         ] GC(62) User=0.76s Sys=0.27s Real=0.15s
[20.743s][info][gc             ] GC(63) Concurrent Mark Cycle
[20.743s][info][gc,marking     ] GC(63) Concurrent Clear Claimed Marks
[20.743s][info][gc,marking     ] GC(63) Concurrent Clear Claimed Marks 0.008ms
[20.743s][info][gc,marking     ] GC(63) Concurrent Scan Root Regions
[20.798s][info][gc,marking     ] GC(63) Concurrent Scan Root Regions 55.264ms
[20.798s][info][gc,marking     ] GC(63) Concurrent Mark
[20.798s][info][gc,marking     ] GC(63) Concurrent Mark From Roots
[20.798s][info][gc,task        ] GC(63) Using 2 workers of 2 for marking
[20.982s][info][gc,start       ] GC(64) Pause Young (Normal) (G1 Evacuation Pause)
[20.982s][info][gc,task        ] GC(64) Using 9 workers of 9 for evacuation
[21.073s][info][gc,phases      ] GC(64)   Pre Evacuate Collection Set: 0.1ms
[21.073s][info][gc,phases      ] GC(64)   Merge Heap Roots: 0.1ms
[21.073s][info][gc,phases      ] GC(64)   Evacuate Collection Set: 89.9ms
[21.073s][info][gc,phases      ] GC(64)   Post Evacuate Collection Set: 0.3ms
[21.073s][info][gc,phases      ] GC(64)   Other: 0.1ms
[21.073s][info][gc,heap        ] GC(64) Eden regions: 84->0(102)
[21.073s][info][gc,heap        ] GC(64) Survivor regions: 19->13(13)
[21.073s][info][gc,heap        ] GC(64) Old regions: 723->779
[21.073s][info][gc,heap        ] GC(64) Archive regions: 2->2
[21.073s][info][gc,heap        ] GC(64) Humongous regions: 35->35
[21.073s][info][gc,metaspace   ] GC(64) Metaspace: 2236K(2368K)->2236K(2368K) NonClass: 2032K(2112K)->2032K(2112K) Class: 204K(256K)->204K(256K)
[21.073s][info][gc             ] GC(64) Pause Young (Normal) (G1 Evacuation Pause) 6842M->6570M(11768M) 90.661ms
[21.073s][info][gc,cpu         ] GC(64) User=0.54s Sys=0.14s Real=0.09s
[21.298s][info][gc,marking     ] GC(63) Concurrent Mark From Roots 500.348ms
[21.298s][info][gc,marking     ] GC(63) Concurrent Preclean
[21.298s][info][gc,marking     ] GC(63) Concurrent Preclean 0.034ms
[21.299s][info][gc,start       ] GC(63) Pause Remark
[21.300s][info][gc             ] GC(63) Pause Remark 7062M->3790M(11768M) 1.203ms
[21.300s][info][gc,cpu         ] GC(63) User=0.00s Sys=0.01s Real=0.00s
[21.300s][info][gc,marking     ] GC(63) Concurrent Mark 501.722ms
[21.300s][info][gc,marking     ] GC(63) Concurrent Rebuild Remembered Sets
[21.417s][info][gc,start       ] GC(65) Pause Young (Normal) (G1 Evacuation Pause)
[21.417s][info][gc,task        ] GC(65) Using 9 workers of 9 for evacuation
[21.539s][info][gc,phases      ] GC(65)   Pre Evacuate Collection Set: 0.1ms
[21.539s][info][gc,phases      ] GC(65)   Merge Heap Roots: 0.1ms
[21.539s][info][gc,phases      ] GC(65)   Evacuate Collection Set: 121.1ms
[21.539s][info][gc,phases      ] GC(65)   Post Evacuate Collection Set: 0.2ms
[21.539s][info][gc,phases      ] GC(65)   Other: 0.1ms
[21.539s][info][gc,heap        ] GC(65) Eden regions: 102->0(109)
[21.539s][info][gc,heap        ] GC(65) Survivor regions: 13->15(15)
[21.539s][info][gc,heap        ] GC(65) Old regions: 369->428
[21.539s][info][gc,heap        ] GC(65) Archive regions: 2->2
[21.539s][info][gc,heap        ] GC(65) Humongous regions: 35->35
[21.539s][info][gc,metaspace   ] GC(65) Metaspace: 2236K(2368K)->2236K(2368K) NonClass: 2032K(2112K)->2032K(2112K) Class: 204K(256K)->204K(256K)
[21.539s][info][gc             ] GC(65) Pause Young (Normal) (G1 Evacuation Pause) 4114M->3782M(11768M) 121.691ms
[21.539s][info][gc,cpu         ] GC(65) User=0.99s Sys=0.08s Real=0.13s
[21.683s][info][gc,start       ] GC(66) Pause Full (System.gc())
[21.683s][info][gc,task        ] GC(66) Using 9 workers of 9 for full compaction
[21.686s][info][gc,phases,start] GC(66) Phase 1: Mark live objects
[22.059s][info][gc,phases      ] GC(66) Phase 1: Mark live objects 373.836ms
[22.059s][info][gc,phases,start] GC(66) Phase 2: Prepare for compaction
[22.065s][info][gc,phases      ] GC(66) Phase 2: Prepare for compaction 5.351ms
[22.065s][info][gc,phases,start] GC(66) Phase 3: Adjust pointers
[22.143s][info][gc,phases      ] GC(66) Phase 3: Adjust pointers 78.326ms
[22.143s][info][gc,phases,start] GC(66) Phase 4: Compact heap
[22.152s][info][gc,phases      ] GC(66) Phase 4: Compact heap 8.725ms
[22.154s][info][gc,heap        ] GC(66) Eden regions: 52->0(150)
[22.154s][info][gc,heap        ] GC(66) Survivor regions: 15->0(15)
[22.154s][info][gc,heap        ] GC(66) Old regions: 428->468
[22.154s][info][gc,heap        ] GC(66) Archive regions: 2->2
[22.154s][info][gc,heap        ] GC(66) Humongous regions: 35->0
[22.154s][info][gc,metaspace   ] GC(66) Metaspace: 2236K(2368K)->2236K(2368K) NonClass: 2032K(2112K)->2032K(2112K) Class: 204K(256K)->204K(256K)
[22.154s][info][gc             ] GC(66) Pause Full (System.gc()) 4194M->3735M(11768M) 471.403ms
[22.154s][info][gc,cpu         ] GC(66) User=4.13s Sys=0.05s Real=0.47s
[22.155s][info][gc,marking     ] GC(63) Concurrent Rebuild Remembered Sets 854.769ms
[22.155s][info][gc,marking     ] GC(63) Concurrent Mark Abort
[22.155s][info][gc             ] GC(63) Concurrent Mark Cycle 1411.838ms
[22.254s][info][gc,start       ] GC(67) Pause Young (Normal) (G1 Evacuation Pause)
[22.254s][info][gc,task        ] GC(67) Using 9 workers of 9 for evacuation
[22.437s][info][gc,phases      ] GC(67)   Pre Evacuate Collection Set: 0.1ms
[22.437s][info][gc,phases      ] GC(67)   Merge Heap Roots: 0.2ms
[22.437s][info][gc,phases      ] GC(67)   Evacuate Collection Set: 182.3ms
[22.437s][info][gc,phases      ] GC(67)   Post Evacuate Collection Set: 0.2ms
[22.437s][info][gc,phases      ] GC(67)   Other: 0.1ms
[22.437s][info][gc,heap        ] GC(67) Eden regions: 150->0(95)
[22.437s][info][gc,heap        ] GC(67) Survivor regions: 0->19(19)
[22.437s][info][gc,heap        ] GC(67) Old regions: 468->599
[22.437s][info][gc,heap        ] GC(67) Archive regions: 2->2
[22.437s][info][gc,heap        ] GC(67) Humongous regions: 0->0
[22.437s][info][gc,metaspace   ] GC(67) Metaspace: 2248K(2368K)->2248K(2368K) NonClass: 2044K(2112K)->2044K(2112K) Class: 204K(256K)->204K(256K)
[22.437s][info][gc             ] GC(67) Pause Young (Normal) (G1 Evacuation Pause) 4935M->4931M(11768M) 182.877ms
[22.437s][info][gc,cpu         ] GC(67) User=0.98s Sys=0.29s Real=0.18s
[22.471s][info][gc,start       ] GC(68) Pause Young (Normal) (G1 Evacuation Pause)
[22.471s][info][gc,task        ] GC(68) Using 9 workers of 9 for evacuation
[22.697s][info][gc,mmu         ] GC(68) MMU target violated: 201.0ms (200.0ms/201.0ms)
[22.697s][info][gc,phases      ] GC(68)   Pre Evacuate Collection Set: 0.1ms
[22.697s][info][gc,phases      ] GC(68)   Merge Heap Roots: 0.2ms
[22.697s][info][gc,phases      ] GC(68)   Evacuate Collection Set: 225.4ms
[22.697s][info][gc,phases      ] GC(68)   Post Evacuate Collection Set: 0.2ms
[22.697s][info][gc,phases      ] GC(68)   Other: 0.1ms
[22.697s][info][gc,heap        ] GC(68) Eden regions: 95->0(74)
[22.697s][info][gc,heap        ] GC(68) Survivor regions: 19->15(15)
[22.697s][info][gc,heap        ] GC(68) Old regions: 599->700
[22.697s][info][gc,heap        ] GC(68) Archive regions: 2->2
[22.697s][info][gc,heap        ] GC(68) Humongous regions: 0->0
[22.697s][info][gc,metaspace   ] GC(68) Metaspace: 2248K(2368K)->2248K(2368K) NonClass: 2044K(2112K)->2044K(2112K) Class: 204K(256K)->204K(256K)
[22.697s][info][gc             ] GC(68) Pause Young (Normal) (G1 Evacuation Pause) 5691M->5711M(11768M) 226.053ms
[22.697s][info][gc,cpu         ] GC(68) User=1.14s Sys=0.41s Real=0.22s
[22.724s][info][gc,start       ] GC(69) Pause Young (Concurrent Start) (G1 Evacuation Pause)
[22.724s][info][gc,task        ] GC(69) Using 9 workers of 9 for evacuation
[22.892s][info][gc,phases      ] GC(69)   Pre Evacuate Collection Set: 0.1ms
[22.892s][info][gc,phases      ] GC(69)   Merge Heap Roots: 0.2ms
[22.892s][info][gc,phases      ] GC(69)   Evacuate Collection Set: 167.5ms
[22.892s][info][gc,phases      ] GC(69)   Post Evacuate Collection Set: 0.1ms
[22.892s][info][gc,phases      ] GC(69)   Other: 0.1ms
[22.892s][info][gc,heap        ] GC(69) Eden regions: 74->0(83)
[22.892s][info][gc,heap        ] GC(69) Survivor regions: 15->12(12)
[22.892s][info][gc,heap        ] GC(69) Old regions: 700->780
[22.892s][info][gc,heap        ] GC(69) Archive regions: 2->2
[22.892s][info][gc,heap        ] GC(69) Humongous regions: 0->0
[22.892s][info][gc,metaspace   ] GC(69) Metaspace: 2248K(2368K)->2248K(2368K) NonClass: 2044K(2112K)->2044K(2112K) Class: 204K(256K)->204K(256K)
[22.892s][info][gc             ] GC(69) Pause Young (Concurrent Start) (G1 Evacuation Pause) 6303M->6323M(11768M) 168.046ms
[22.892s][info][gc,cpu         ] GC(69) User=0.66s Sys=0.31s Real=0.17s
[22.892s][info][gc             ] GC(70) Concurrent Mark Cycle
[22.892s][info][gc,marking     ] GC(70) Concurrent Clear Claimed Marks
[22.892s][info][gc,marking     ] GC(70) Concurrent Clear Claimed Marks 0.008ms
[22.892s][info][gc,marking     ] GC(70) Concurrent Scan Root Regions
[22.987s][info][gc,marking     ] GC(70) Concurrent Scan Root Regions 94.269ms
[22.987s][info][gc,marking     ] GC(70) Concurrent Mark
[22.987s][info][gc,marking     ] GC(70) Concurrent Mark From Roots
[22.987s][info][gc,task        ] GC(70) Using 2 workers of 2 for marking
[23.192s][info][gc,start       ] GC(71) Pause Young (Normal) (G1 Evacuation Pause)
[23.192s][info][gc,task        ] GC(71) Using 9 workers of 9 for evacuation
[23.336s][info][gc,phases      ] GC(71)   Pre Evacuate Collection Set: 0.1ms
[23.336s][info][gc,phases      ] GC(71)   Merge Heap Roots: 0.1ms
[23.336s][info][gc,phases      ] GC(71)   Evacuate Collection Set: 143.5ms
[23.336s][info][gc,phases      ] GC(71)   Post Evacuate Collection Set: 0.3ms
[23.336s][info][gc,phases      ] GC(71)   Other: 0.1ms
[23.336s][info][gc,heap        ] GC(71) Eden regions: 83->0(81)
[23.336s][info][gc,heap        ] GC(71) Survivor regions: 12->12(12)
[23.337s][info][gc,heap        ] GC(71) Old regions: 780->839
[23.337s][info][gc,heap        ] GC(71) Archive regions: 2->2
[23.337s][info][gc,heap        ] GC(71) Humongous regions: 47->47
[23.337s][info][gc,metaspace   ] GC(71) Metaspace: 2251K(2368K)->2251K(2368K) NonClass: 2046K(2112K)->2046K(2112K) Class: 204K(256K)->204K(256K)
[23.337s][info][gc             ] GC(71) Pause Young (Normal) (G1 Evacuation Pause) 7363M->7171M(11976M) 144.442ms
[23.337s][info][gc,cpu         ] GC(71) User=0.61s Sys=0.26s Real=0.14s
[23.740s][info][gc,start       ] GC(72) Pause Young (Normal) (G1 Evacuation Pause)
[23.740s][info][gc,task        ] GC(72) Using 9 workers of 9 for evacuation
[23.781s][info][gc,phases      ] GC(72)   Pre Evacuate Collection Set: 0.1ms
[23.781s][info][gc,phases      ] GC(72)   Merge Heap Roots: 0.1ms
[23.781s][info][gc,phases      ] GC(72)   Evacuate Collection Set: 40.9ms
[23.781s][info][gc,phases      ] GC(72)   Post Evacuate Collection Set: 0.2ms
[23.781s][info][gc,phases      ] GC(72)   Other: 0.1ms
[23.781s][info][gc,heap        ] GC(72) Eden regions: 81->0(87)
[23.781s][info][gc,heap        ] GC(72) Survivor regions: 12->0(12)
[23.781s][info][gc,heap        ] GC(72) Old regions: 839->852
[23.781s][info][gc,heap        ] GC(72) Archive regions: 2->2
[23.781s][info][gc,heap        ] GC(72) Humongous regions: 47->47
[23.781s][info][gc,metaspace   ] GC(72) Metaspace: 2251K(2368K)->2251K(2368K) NonClass: 2046K(2112K)->2046K(2112K) Class: 204K(256K)->204K(256K)
[23.781s][info][gc             ] GC(72) Pause Young (Normal) (G1 Evacuation Pause) 7819M->7183M(11976M) 41.350ms
[23.781s][info][gc,cpu         ] GC(72) User=0.08s Sys=0.13s Real=0.04s
[24.272s][info][gc,start       ] GC(73) Pause Young (Normal) (G1 Evacuation Pause)
[24.272s][info][gc,task        ] GC(73) Using 9 workers of 9 for evacuation
[24.272s][info][gc,phases      ] GC(73)   Pre Evacuate Collection Set: 0.1ms
[24.272s][info][gc,phases      ] GC(73)   Merge Heap Roots: 0.0ms
[24.272s][info][gc,phases      ] GC(73)   Evacuate Collection Set: 0.1ms
[24.272s][info][gc,phases      ] GC(73)   Post Evacuate Collection Set: 0.1ms
[24.272s][info][gc,phases      ] GC(73)   Other: 0.1ms
[24.272s][info][gc,heap        ] GC(73) Eden regions: 87->0(101)
[24.272s][info][gc,heap        ] GC(73) Survivor regions: 0->0(11)
[24.272s][info][gc,heap        ] GC(73) Old regions: 852->852
[24.272s][info][gc,heap        ] GC(73) Archive regions: 2->2
[24.272s][info][gc,heap        ] GC(73) Humongous regions: 47->47
[24.272s][info][gc,metaspace   ] GC(73) Metaspace: 2251K(2368K)->2251K(2368K) NonClass: 2046K(2112K)->2046K(2112K) Class: 204K(256K)->204K(256K)
[24.272s][info][gc             ] GC(73) Pause Young (Normal) (G1 Evacuation Pause) 7879M->7183M(11976M) 0.518ms
[24.272s][info][gc,cpu         ] GC(73) User=0.00s Sys=0.00s Real=0.00s
[24.559s][info][gc,marking     ] GC(70) Concurrent Mark From Roots 1572.325ms
[24.559s][info][gc,marking     ] GC(70) Concurrent Preclean
[24.559s][info][gc,marking     ] GC(70) Concurrent Preclean 0.017ms
[24.559s][info][gc,start       ] GC(70) Pause Remark
[24.560s][info][gc             ] GC(70) Pause Remark 7667M->7667M(12288M) 0.583ms
[24.560s][info][gc,cpu         ] GC(70) User=0.00s Sys=0.00s Real=0.00s
[24.560s][info][gc,marking     ] GC(70) Concurrent Mark 1573.034ms
[24.560s][info][gc,marking     ] GC(70) Concurrent Rebuild Remembered Sets
[24.933s][info][gc,start       ] GC(74) Pause Young (Normal) (G1 Evacuation Pause)
[24.933s][info][gc,task        ] GC(74) Using 9 workers of 9 for evacuation
[24.933s][info][gc,phases      ] GC(74)   Pre Evacuate Collection Set: 0.1ms
[24.933s][info][gc,phases      ] GC(74)   Merge Heap Roots: 0.1ms
[24.933s][info][gc,phases      ] GC(74)   Evacuate Collection Set: 0.1ms
[24.933s][info][gc,phases      ] GC(74)   Post Evacuate Collection Set: 0.2ms
[24.933s][info][gc,phases      ] GC(74)   Other: 0.1ms
[24.933s][info][gc,heap        ] GC(74) Eden regions: 101->0(109)
[24.933s][info][gc,heap        ] GC(74) Survivor regions: 0->1(13)
[24.933s][info][gc,heap        ] GC(74) Old regions: 852->852
[24.933s][info][gc,heap        ] GC(74) Archive regions: 2->2
[24.933s][info][gc,heap        ] GC(74) Humongous regions: 47->47
[24.933s][info][gc,metaspace   ] GC(74) Metaspace: 2253K(2368K)->2253K(2368K) NonClass: 2049K(2112K)->2049K(2112K) Class: 204K(256K)->204K(256K)
[24.933s][info][gc             ] GC(74) Pause Young (Normal) (G1 Evacuation Pause) 7991M->7184M(12288M) 0.596ms
[24.933s][info][gc,cpu         ] GC(74) User=0.00s Sys=0.00s Real=0.00s
[26.212s][info][gc,start       ] GC(75) Pause Young (Normal) (G1 Evacuation Pause)
[26.212s][info][gc,task        ] GC(75) Using 9 workers of 9 for evacuation
[26.212s][info][gc,phases      ] GC(75)   Pre Evacuate Collection Set: 0.1ms
[26.212s][info][gc,phases      ] GC(75)   Merge Heap Roots: 0.0ms
[26.212s][info][gc,phases      ] GC(75)   Evacuate Collection Set: 0.1ms
[26.212s][info][gc,phases      ] GC(75)   Post Evacuate Collection Set: 0.1ms
[26.212s][info][gc,phases      ] GC(75)   Other: 0.1ms
[26.212s][info][gc,heap        ] GC(75) Eden regions: 109->0(133)
[26.212s][info][gc,heap        ] GC(75) Survivor regions: 1->1(14)
[26.212s][info][gc,heap        ] GC(75) Old regions: 852->852
[26.212s][info][gc,heap        ] GC(75) Archive regions: 2->2
[26.212s][info][gc,heap        ] GC(75) Humongous regions: 47->47
[26.212s][info][gc,metaspace   ] GC(75) Metaspace: 2253K(2368K)->2253K(2368K) NonClass: 2049K(2112K)->2049K(2112K) Class: 204K(256K)->204K(256K)
[26.212s][info][gc             ] GC(75) Pause Young (Normal) (G1 Evacuation Pause) 8056M->7183M(12288M) 0.526ms
[26.212s][info][gc,cpu         ] GC(75) User=0.00s Sys=0.00s Real=0.00s
[26.424s][info][gc,start       ] GC(76) Pause Full (System.gc())
[26.424s][info][gc,task        ] GC(76) Using 9 workers of 9 for full compaction
[26.446s][info][gc,phases,start] GC(76) Phase 1: Mark live objects
[26.653s][info][gc,phases      ] GC(76) Phase 1: Mark live objects 207.405ms
[26.653s][info][gc,phases,start] GC(76) Phase 2: Prepare for compaction
[26.661s][info][gc,phases      ] GC(76) Phase 2: Prepare for compaction 8.014ms
[26.661s][info][gc,phases,start] GC(76) Phase 3: Adjust pointers
[26.733s][info][gc,phases      ] GC(76) Phase 3: Adjust pointers 71.440ms
[26.733s][info][gc,phases,start] GC(76) Phase 4: Compact heap
[26.736s][info][gc,phases      ] GC(76) Phase 4: Compact heap 2.841ms
[26.768s][info][gc,heap        ] GC(76) Eden regions: 18->0(163)
[26.768s][info][gc,heap        ] GC(76) Survivor regions: 1->0(14)
[26.768s][info][gc,heap        ] GC(76) Old regions: 852->424
[26.768s][info][gc,heap        ] GC(76) Archive regions: 2->2
[26.768s][info][gc,heap        ] GC(76) Humongous regions: 47->0
[26.768s][info][gc,metaspace   ] GC(76) Metaspace: 2253K(2368K)->2253K(2368K) NonClass: 2049K(2112K)->2049K(2112K) Class: 204K(256K)->204K(256K)
[26.768s][info][gc             ] GC(76) Pause Full (System.gc()) 7327M->3359M(11360M) 344.363ms
[26.768s][info][gc,cpu         ] GC(76) User=2.30s Sys=0.37s Real=0.35s
[26.769s][info][gc,marking     ] GC(70) Concurrent Rebuild Remembered Sets 2208.812ms
[26.769s][info][gc,marking     ] GC(70) Concurrent Mark Abort
[26.769s][info][gc             ] GC(70) Concurrent Mark Cycle 3876.201ms
[27.977s][info][gc,start       ] GC(77) Pause Young (Normal) (G1 Evacuation Pause)
[27.977s][info][gc,task        ] GC(77) Using 9 workers of 9 for evacuation
[28.079s][info][gc,phases      ] GC(77)   Pre Evacuate Collection Set: 0.1ms
[28.079s][info][gc,phases      ] GC(77)   Merge Heap Roots: 0.0ms
[28.079s][info][gc,phases      ] GC(77)   Evacuate Collection Set: 101.2ms
[28.079s][info][gc,phases      ] GC(77)   Post Evacuate Collection Set: 0.2ms
[28.079s][info][gc,phases      ] GC(77)   Other: 0.1ms
[28.079s][info][gc,heap        ] GC(77) Eden regions: 163->0(168)
[28.079s][info][gc,heap        ] GC(77) Survivor regions: 0->21(21)
[28.079s][info][gc,heap        ] GC(77) Old regions: 424->497
[28.079s][info][gc,heap        ] GC(77) Archive regions: 2->2
[28.079s][info][gc,heap        ] GC(77) Humongous regions: 35->35
[28.079s][info][gc,metaspace   ] GC(77) Metaspace: 2253K(2368K)->2253K(2368K) NonClass: 2049K(2112K)->2049K(2112K) Class: 204K(256K)->204K(256K)
[28.079s][info][gc             ] GC(77) Pause Young (Normal) (G1 Evacuation Pause) 4943M->4384M(11360M) 101.697ms
[28.079s][info][gc,cpu         ] GC(77) User=0.58s Sys=0.23s Real=0.11s
[28.457s][info][gc,start       ] GC(78) Pause Young (Normal) (G1 Evacuation Pause)
[28.457s][info][gc,task        ] GC(78) Using 9 workers of 9 for evacuation
[28.597s][info][gc,phases      ] GC(78)   Pre Evacuate Collection Set: 0.1ms
[28.597s][info][gc,phases      ] GC(78)   Merge Heap Roots: 0.1ms
[28.597s][info][gc,phases      ] GC(78)   Evacuate Collection Set: 139.1ms
[28.597s][info][gc,phases      ] GC(78)   Post Evacuate Collection Set: 0.2ms
[28.597s][info][gc,phases      ] GC(78)   Other: 0.1ms
[28.597s][info][gc,heap        ] GC(78) Eden regions: 154->0(136)
[28.597s][info][gc,heap        ] GC(78) Survivor regions: 21->22(22)
[28.597s][info][gc,heap        ] GC(78) Old regions: 497->585
[28.597s][info][gc,heap        ] GC(78) Archive regions: 2->2
[28.597s][info][gc,heap        ] GC(78) Humongous regions: 35->35
[28.597s][info][gc,metaspace   ] GC(78) Metaspace: 2253K(2368K)->2253K(2368K) NonClass: 2049K(2112K)->2049K(2112K) Class: 204K(256K)->204K(256K)
[28.597s][info][gc             ] GC(78) Pause Young (Normal) (G1 Evacuation Pause) 5616M->5103M(11360M) 139.751ms
[28.597s][info][gc,cpu         ] GC(78) User=0.93s Sys=0.17s Real=0.14s
[28.904s][info][gc,start       ] GC(79) Pause Young (Normal) (G1 Evacuation Pause)
[28.904s][info][gc,task        ] GC(79) Using 9 workers of 9 for evacuation
[29.039s][info][gc,phases      ] GC(79)   Pre Evacuate Collection Set: 0.1ms
[29.039s][info][gc,phases      ] GC(79)   Merge Heap Roots: 0.1ms
[29.039s][info][gc,phases      ] GC(79)   Evacuate Collection Set: 134.7ms
[29.039s][info][gc,phases      ] GC(79)   Post Evacuate Collection Set: 0.2ms
[29.039s][info][gc,phases      ] GC(79)   Other: 0.1ms
[29.039s][info][gc,heap        ] GC(79) Eden regions: 123->0(144)
[29.039s][info][gc,heap        ] GC(79) Survivor regions: 22->19(19)
[29.039s][info][gc,heap        ] GC(79) Old regions: 585->661
[29.039s][info][gc,heap        ] GC(79) Archive regions: 2->2
[29.039s][info][gc,heap        ] GC(79) Humongous regions: 35->35
[29.039s][info][gc,metaspace   ] GC(79) Metaspace: 2253K(2368K)->2253K(2368K) NonClass: 2049K(2112K)->2049K(2112K) Class: 204K(256K)->204K(256K)
[29.039s][info][gc             ] GC(79) Pause Young (Normal) (G1 Evacuation Pause) 6087M->5687M(11360M) 135.649ms
[29.039s][info][gc,cpu         ] GC(79) User=0.79s Sys=0.22s Real=0.14s
[29.391s][info][gc,start       ] GC(80) Pause Young (Concurrent Start) (G1 Evacuation Pause)
[29.391s][info][gc,task        ] GC(80) Using 9 workers of 9 for evacuation
[29.564s][info][gc,phases      ] GC(80)   Pre Evacuate Collection Set: 0.1ms
[29.564s][info][gc,phases      ] GC(80)   Merge Heap Roots: 0.2ms
[29.564s][info][gc,phases      ] GC(80)   Evacuate Collection Set: 172.4ms
[29.564s][info][gc,phases      ] GC(80)   Post Evacuate Collection Set: 0.4ms
[29.564s][info][gc,phases      ] GC(80)   Other: 0.1ms
[29.564s][info][gc,heap        ] GC(80) Eden regions: 144->0(83)
[29.564s][info][gc,heap        ] GC(80) Survivor regions: 19->21(21)
[29.564s][info][gc,heap        ] GC(80) Old regions: 661->743
[29.564s][info][gc,heap        ] GC(80) Archive regions: 2->2
[29.564s][info][gc,heap        ] GC(80) Humongous regions: 35->35
[29.564s][info][gc,metaspace   ] GC(80) Metaspace: 2253K(2368K)->2253K(2368K) NonClass: 2049K(2112K)->2049K(2112K) Class: 204K(256K)->204K(256K)
[29.564s][info][gc             ] GC(80) Pause Young (Concurrent Start) (G1 Evacuation Pause) 6839M->6359M(11704M) 173.205ms
[29.564s][info][gc,cpu         ] GC(80) User=0.84s Sys=0.28s Real=0.17s
[29.564s][info][gc             ] GC(81) Concurrent Mark Cycle
[29.564s][info][gc,marking     ] GC(81) Concurrent Clear Claimed Marks
[29.564s][info][gc,marking     ] GC(81) Concurrent Clear Claimed Marks 0.008ms
[29.564s][info][gc,marking     ] GC(81) Concurrent Scan Root Regions
[29.624s][info][gc,marking     ] GC(81) Concurrent Scan Root Regions 59.933ms
[29.624s][info][gc,marking     ] GC(81) Concurrent Mark
[29.624s][info][gc,marking     ] GC(81) Concurrent Mark From Roots
[29.624s][info][gc,task        ] GC(81) Using 2 workers of 2 for marking
[29.857s][info][gc,start       ] GC(82) Pause Young (Normal) (G1 Evacuation Pause)
[29.857s][info][gc,task        ] GC(82) Using 9 workers of 9 for evacuation
[30.023s][info][gc,phases      ] GC(82)   Pre Evacuate Collection Set: 0.1ms
[30.023s][info][gc,phases      ] GC(82)   Merge Heap Roots: 0.1ms
[30.023s][info][gc,phases      ] GC(82)   Evacuate Collection Set: 166.3ms
[30.023s][info][gc,phases      ] GC(82)   Post Evacuate Collection Set: 0.2ms
[30.024s][info][gc,phases      ] GC(82)   Other: 0.1ms
[30.024s][info][gc,heap        ] GC(82) Eden regions: 83->0(86)
[30.024s][info][gc,heap        ] GC(82) Survivor regions: 21->13(13)
[30.024s][info][gc,heap        ] GC(82) Old regions: 743->801
[30.024s][info][gc,heap        ] GC(82) Archive regions: 2->2
[30.024s][info][gc,heap        ] GC(82) Humongous regions: 35->35
[30.024s][info][gc,metaspace   ] GC(82) Metaspace: 2253K(2368K)->2253K(2368K) NonClass: 2049K(2112K)->2049K(2112K) Class: 204K(256K)->204K(256K)
[30.024s][info][gc             ] GC(82) Pause Young (Normal) (G1 Evacuation Pause) 7023M->6755M(11704M) 166.921ms
[30.024s][info][gc,cpu         ] GC(82) User=0.95s Sys=0.24s Real=0.17s
[30.209s][info][gc,start       ] GC(83) Pause Young (Normal) (G1 Evacuation Pause)
[30.209s][info][gc,task        ] GC(83) Using 9 workers of 9 for evacuation
[30.337s][info][gc,phases      ] GC(83)   Pre Evacuate Collection Set: 0.1ms
[30.337s][info][gc,phases      ] GC(83)   Merge Heap Roots: 0.1ms
[30.337s][info][gc,phases      ] GC(83)   Evacuate Collection Set: 127.6ms
[30.337s][info][gc,phases      ] GC(83)   Post Evacuate Collection Set: 0.2ms
[30.337s][info][gc,phases      ] GC(83)   Other: 0.1ms
[30.337s][info][gc,heap        ] GC(83) Eden regions: 86->0(99)
[30.337s][info][gc,heap        ] GC(83) Survivor regions: 13->13(13)
[30.337s][info][gc,heap        ] GC(83) Old regions: 801->862
[30.337s][info][gc,heap        ] GC(83) Archive regions: 2->2
[30.337s][info][gc,heap        ] GC(83) Humongous regions: 35->35
[30.337s][info][gc,metaspace   ] GC(83) Metaspace: 2253K(2368K)->2253K(2368K) NonClass: 2049K(2112K)->2049K(2112K) Class: 204K(256K)->204K(256K)
[30.337s][info][gc             ] GC(83) Pause Young (Normal) (G1 Evacuation Pause) 7443M->7243M(11704M) 128.101ms
[30.337s][info][gc,cpu         ] GC(83) User=0.54s Sys=0.24s Real=0.12s
[30.382s][info][gc,marking     ] GC(81) Concurrent Mark From Roots 758.230ms
[30.382s][info][gc,marking     ] GC(81) Concurrent Preclean
[30.382s][info][gc,marking     ] GC(81) Concurrent Preclean 0.031ms
[30.382s][info][gc,start       ] GC(81) Pause Remark
[30.384s][info][gc             ] GC(81) Pause Remark 7463M->4169M(11704M) 1.626ms
[30.384s][info][gc,cpu         ] GC(81) User=0.00s Sys=0.01s Real=0.00s
[30.384s][info][gc,marking     ] GC(81) Concurrent Mark 760.033ms
[30.384s][info][gc,marking     ] GC(81) Concurrent Rebuild Remembered Sets
[31.040s][info][gc,start       ] GC(84) Pause Full (System.gc())
[31.040s][info][gc,task        ] GC(84) Using 9 workers of 9 for full compaction
[31.044s][info][gc,phases,start] GC(84) Phase 1: Mark live objects
[31.401s][info][gc,phases      ] GC(84) Phase 1: Mark live objects 357.440ms
[31.401s][info][gc,phases,start] GC(84) Phase 2: Prepare for compaction
[31.406s][info][gc,phases      ] GC(84) Phase 2: Prepare for compaction 4.881ms
[31.406s][info][gc,phases,start] GC(84) Phase 3: Adjust pointers
[31.485s][info][gc,phases      ] GC(84) Phase 3: Adjust pointers 78.405ms
[31.485s][info][gc,phases,start] GC(84) Phase 4: Compact heap
[31.492s][info][gc,phases      ] GC(84) Phase 4: Compact heap 7.325ms
[31.495s][info][gc,heap        ] GC(84) Eden regions: 28->0(157)
[31.495s][info][gc,heap        ] GC(84) Survivor regions: 13->0(13)
[31.495s][info][gc,heap        ] GC(84) Old regions: 450->470
[31.495s][info][gc,heap        ] GC(84) Archive regions: 2->2
[31.495s][info][gc,heap        ] GC(84) Humongous regions: 35->0
[31.495s][info][gc,metaspace   ] GC(84) Metaspace: 2253K(2368K)->2253K(2368K) NonClass: 2049K(2112K)->2049K(2112K) Class: 204K(256K)->204K(256K)
[31.495s][info][gc             ] GC(84) Pause Full (System.gc()) 4169M->3735M(11704M) 455.148ms
[31.495s][info][gc,cpu         ] GC(84) User=3.96s Sys=0.07s Real=0.45s
[31.495s][info][gc,marking     ] GC(81) Concurrent Rebuild Remembered Sets 1110.911ms
[31.495s][info][gc,marking     ] GC(81) Concurrent Mark Abort
[31.495s][info][gc             ] GC(81) Concurrent Mark Cycle 1930.961ms
[31.595s][info][gc,start       ] GC(85) Pause Young (Normal) (G1 Evacuation Pause)
[31.595s][info][gc,task        ] GC(85) Using 9 workers of 9 for evacuation
[31.874s][info][gc,mmu         ] GC(85) MMU target violated: 201.0ms (200.0ms/201.0ms)
[31.874s][info][gc,phases      ] GC(85)   Pre Evacuate Collection Set: 0.1ms
[31.874s][info][gc,phases      ] GC(85)   Merge Heap Roots: 0.2ms
[31.874s][info][gc,phases      ] GC(85)   Evacuate Collection Set: 277.5ms
[31.874s][info][gc,phases      ] GC(85)   Post Evacuate Collection Set: 0.3ms
[31.874s][info][gc,phases      ] GC(85)   Other: 0.1ms
[31.874s][info][gc,heap        ] GC(85) Eden regions: 157->0(101)
[31.874s][info][gc,heap        ] GC(85) Survivor regions: 0->20(20)
[31.874s][info][gc,heap        ] GC(85) Old regions: 470->608
[31.874s][info][gc,heap        ] GC(85) Archive regions: 2->2
[31.874s][info][gc,heap        ] GC(85) Humongous regions: 0->0
[31.874s][info][gc,metaspace   ] GC(85) Metaspace: 2253K(2368K)->2253K(2368K) NonClass: 2049K(2112K)->2049K(2112K) Class: 204K(256K)->204K(256K)
[31.874s][info][gc             ] GC(85) Pause Young (Normal) (G1 Evacuation Pause) 4991M->4995M(11704M) 278.236ms
[31.874s][info][gc,cpu         ] GC(85) User=1.72s Sys=0.44s Real=0.28s
[31.909s][info][gc,start       ] GC(86) Pause Young (Normal) (G1 Evacuation Pause)
[31.909s][info][gc,task        ] GC(86) Using 9 workers of 9 for evacuation
[32.215s][info][gc,mmu         ] GC(86) MMU target violated: 201.0ms (200.0ms/201.0ms)
[32.215s][info][gc,phases      ] GC(86)   Pre Evacuate Collection Set: 0.1ms
[32.215s][info][gc,phases      ] GC(86)   Merge Heap Roots: 0.2ms
[32.215s][info][gc,phases      ] GC(86)   Evacuate Collection Set: 305.4ms
[32.215s][info][gc,phases      ] GC(86)   Post Evacuate Collection Set: 0.3ms
[32.215s][info][gc,phases      ] GC(86)   Other: 0.1ms
[32.215s][info][gc,heap        ] GC(86) Eden regions: 101->0(70)
[32.215s][info][gc,heap        ] GC(86) Survivor regions: 20->16(16)
[32.215s][info][gc,heap        ] GC(86) Old regions: 608->714
[32.215s][info][gc,heap        ] GC(86) Archive regions: 2->2
[32.215s][info][gc,heap        ] GC(86) Humongous regions: 0->0
[32.215s][info][gc,metaspace   ] GC(86) Metaspace: 2253K(2368K)->2253K(2368K) NonClass: 2049K(2112K)->2049K(2112K) Class: 204K(256K)->204K(256K)
[32.215s][info][gc             ] GC(86) Pause Young (Normal) (G1 Evacuation Pause) 5803M->5815M(11944M) 306.182ms
[32.215s][info][gc,cpu         ] GC(86) User=1.36s Sys=0.60s Real=0.30s
[32.276s][info][gc,start       ] GC(87) Pause Young (Concurrent Start) (G1 Evacuation Pause)
[32.276s][info][gc,task        ] GC(87) Using 9 workers of 9 for evacuation
[32.523s][info][gc,mmu         ] GC(87) MMU target violated: 201.0ms (200.0ms/201.0ms)
[32.523s][info][gc,phases      ] GC(87)   Pre Evacuate Collection Set: 0.1ms
[32.523s][info][gc,phases      ] GC(87)   Merge Heap Roots: 0.1ms
[32.523s][info][gc,phases      ] GC(87)   Evacuate Collection Set: 246.4ms
[32.523s][info][gc,phases      ] GC(87)   Post Evacuate Collection Set: 0.2ms
[32.523s][info][gc,phases      ] GC(87)   Other: 0.1ms
[32.523s][info][gc,heap        ] GC(87) Eden regions: 70->0(63)
[32.523s][info][gc,heap        ] GC(87) Survivor regions: 16->11(11)
[32.523s][info][gc,heap        ] GC(87) Old regions: 714->791
[32.523s][info][gc,heap        ] GC(87) Archive regions: 2->2
[32.523s][info][gc,heap        ] GC(87) Humongous regions: 0->0
[32.523s][info][gc,metaspace   ] GC(87) Metaspace: 2253K(2368K)->2253K(2368K) NonClass: 2049K(2112K)->2049K(2112K) Class: 204K(256K)->204K(256K)
[32.523s][info][gc             ] GC(87) Pause Young (Concurrent Start) (G1 Evacuation Pause) 6375M->6387M(11944M) 246.977ms
[32.523s][info][gc,cpu         ] GC(87) User=1.46s Sys=0.38s Real=0.25s
[32.523s][info][gc             ] GC(88) Concurrent Mark Cycle
[32.523s][info][gc,marking     ] GC(88) Concurrent Clear Claimed Marks
[32.523s][info][gc,marking     ] GC(88) Concurrent Clear Claimed Marks 0.008ms
[32.524s][info][gc,marking     ] GC(88) Concurrent Scan Root Regions
[32.604s][info][gc,marking     ] GC(88) Concurrent Scan Root Regions 80.191ms
[32.604s][info][gc,marking     ] GC(88) Concurrent Mark
[32.604s][info][gc,marking     ] GC(88) Concurrent Mark From Roots
[32.604s][info][gc,task        ] GC(88) Using 2 workers of 2 for marking
[32.729s][info][gc,start       ] GC(89) Pause Young (Normal) (G1 Evacuation Pause)
[32.729s][info][gc,task        ] GC(89) Using 9 workers of 9 for evacuation
[32.847s][info][gc,phases      ] GC(89)   Pre Evacuate Collection Set: 0.1ms
[32.847s][info][gc,phases      ] GC(89)   Merge Heap Roots: 0.1ms
[32.847s][info][gc,phases      ] GC(89)   Evacuate Collection Set: 117.2ms
[32.847s][info][gc,phases      ] GC(89)   Post Evacuate Collection Set: 0.2ms
[32.847s][info][gc,phases      ] GC(89)   Other: 0.1ms
[32.847s][info][gc,heap        ] GC(89) Eden regions: 63->0(64)
[32.847s][info][gc,heap        ] GC(89) Survivor regions: 11->10(10)
[32.847s][info][gc,heap        ] GC(89) Old regions: 791->840
[32.847s][info][gc,heap        ] GC(89) Archive regions: 2->2
[32.847s][info][gc,heap        ] GC(89) Humongous regions: 47->47
[32.847s][info][gc,metaspace   ] GC(89) Metaspace: 2253K(2368K)->2253K(2368K) NonClass: 2049K(2112K)->2049K(2112K) Class: 204K(256K)->204K(256K)
[32.847s][info][gc             ] GC(89) Pause Young (Normal) (G1 Evacuation Pause) 7267M->7151M(11944M) 117.764ms
[32.847s][info][gc,cpu         ] GC(89) User=0.48s Sys=0.28s Real=0.11s
[33.139s][info][gc,start       ] GC(90) Pause Young (Normal) (G1 Evacuation Pause)
[33.139s][info][gc,task        ] GC(90) Using 9 workers of 9 for evacuation
[33.164s][info][gc,phases      ] GC(90)   Pre Evacuate Collection Set: 0.1ms
[33.164s][info][gc,phases      ] GC(90)   Merge Heap Roots: 0.1ms
[33.164s][info][gc,phases      ] GC(90)   Evacuate Collection Set: 23.9ms
[33.164s][info][gc,phases      ] GC(90)   Post Evacuate Collection Set: 0.2ms
[33.164s][info][gc,phases      ] GC(90)   Other: 0.1ms
[33.164s][info][gc,heap        ] GC(90) Eden regions: 64->0(94)
[33.164s][info][gc,heap        ] GC(90) Survivor regions: 10->0(10)
[33.164s][info][gc,heap        ] GC(90) Old regions: 840->852
[33.164s][info][gc,heap        ] GC(90) Archive regions: 2->2
[33.164s][info][gc,heap        ] GC(90) Humongous regions: 47->47
[33.164s][info][gc,metaspace   ] GC(90) Metaspace: 2253K(2368K)->2253K(2368K) NonClass: 2049K(2112K)->2049K(2112K) Class: 204K(256K)->204K(256K)
[33.164s][info][gc             ] GC(90) Pause Young (Normal) (G1 Evacuation Pause) 7663M->7167M(11944M) 24.372ms
[33.164s][info][gc,cpu         ] GC(90) User=0.09s Sys=0.05s Real=0.02s
[33.616s][info][gc,start       ] GC(91) Pause Young (Normal) (G1 Evacuation Pause)
[33.616s][info][gc,task        ] GC(91) Using 9 workers of 9 for evacuation
[33.617s][info][gc,phases      ] GC(91)   Pre Evacuate Collection Set: 0.1ms
[33.617s][info][gc,phases      ] GC(91)   Merge Heap Roots: 0.0ms
[33.617s][info][gc,phases      ] GC(91)   Evacuate Collection Set: 0.2ms
[33.617s][info][gc,phases      ] GC(91)   Post Evacuate Collection Set: 0.1ms
[33.617s][info][gc,phases      ] GC(91)   Other: 0.1ms
[33.617s][info][gc,heap        ] GC(91) Eden regions: 94->0(78)
[33.617s][info][gc,heap        ] GC(91) Survivor regions: 0->0(12)
[33.617s][info][gc,heap        ] GC(91) Old regions: 852->852
[33.617s][info][gc,heap        ] GC(91) Archive regions: 2->2
[33.617s][info][gc,heap        ] GC(91) Humongous regions: 47->47
[33.617s][info][gc,metaspace   ] GC(91) Metaspace: 2253K(2368K)->2253K(2368K) NonClass: 2049K(2112K)->2049K(2112K) Class: 204K(256K)->204K(256K)
[33.617s][info][gc             ] GC(91) Pause Young (Normal) (G1 Evacuation Pause) 7919M->7167M(11944M) 0.611ms
[33.617s][info][gc,cpu         ] GC(91) User=0.00s Sys=0.00s Real=0.00s
[33.938s][info][gc,start       ] GC(92) Pause Young (Normal) (G1 Evacuation Pause)
[33.938s][info][gc,task        ] GC(92) Using 9 workers of 9 for evacuation
[33.938s][info][gc,phases      ] GC(92)   Pre Evacuate Collection Set: 0.1ms
[33.938s][info][gc,phases      ] GC(92)   Merge Heap Roots: 0.0ms
[33.938s][info][gc,phases      ] GC(92)   Evacuate Collection Set: 0.2ms
[33.938s][info][gc,phases      ] GC(92)   Post Evacuate Collection Set: 0.1ms
[33.938s][info][gc,phases      ] GC(92)   Other: 0.1ms
[33.938s][info][gc,heap        ] GC(92) Eden regions: 78->0(94)
[33.938s][info][gc,heap        ] GC(92) Survivor regions: 0->0(10)
[33.938s][info][gc,heap        ] GC(92) Old regions: 852->852
[33.938s][info][gc,heap        ] GC(92) Archive regions: 2->2
[33.938s][info][gc,heap        ] GC(92) Humongous regions: 47->47
[33.938s][info][gc,metaspace   ] GC(92) Metaspace: 2253K(2368K)->2253K(2368K) NonClass: 2049K(2112K)->2049K(2112K) Class: 204K(256K)->204K(256K)
[33.938s][info][gc             ] GC(92) Pause Young (Normal) (G1 Evacuation Pause) 7791M->7167M(11944M) 0.615ms
[33.938s][info][gc,cpu         ] GC(92) User=0.00s Sys=0.00s Real=0.01s
[34.253s][info][gc,marking     ] GC(88) Concurrent Mark From Roots 1648.963ms
[34.253s][info][gc,marking     ] GC(88) Concurrent Preclean
[34.253s][info][gc,marking     ] GC(88) Concurrent Preclean 0.029ms
[34.253s][info][gc,start       ] GC(88) Pause Remark
[34.254s][info][gc             ] GC(88) Pause Remark 7531M->7531M(12288M) 1.579ms
[34.254s][info][gc,cpu         ] GC(88) User=0.00s Sys=0.01s Real=0.00s
[34.254s][info][gc,marking     ] GC(88) Concurrent Mark 1650.678ms
[34.254s][info][gc,marking     ] GC(88) Concurrent Rebuild Remembered Sets
[34.835s][info][gc,start       ] GC(93) Pause Young (Normal) (G1 Evacuation Pause)
[34.835s][info][gc,task        ] GC(93) Using 9 workers of 9 for evacuation
[34.836s][info][gc,phases      ] GC(93)   Pre Evacuate Collection Set: 0.1ms
[34.836s][info][gc,phases      ] GC(93)   Merge Heap Roots: 0.0ms
[34.836s][info][gc,phases      ] GC(93)   Evacuate Collection Set: 0.2ms
[34.836s][info][gc,phases      ] GC(93)   Post Evacuate Collection Set: 0.2ms
[34.836s][info][gc,phases      ] GC(93)   Other: 0.4ms
[34.836s][info][gc,heap        ] GC(93) Eden regions: 94->0(117)
[34.836s][info][gc,heap        ] GC(93) Survivor regions: 0->1(12)
[34.836s][info][gc,heap        ] GC(93) Old regions: 852->852
[34.836s][info][gc,heap        ] GC(93) Archive regions: 2->2
[34.836s][info][gc,heap        ] GC(93) Humongous regions: 47->47
[34.836s][info][gc,metaspace   ] GC(93) Metaspace: 2253K(2368K)->2253K(2368K) NonClass: 2049K(2112K)->2049K(2112K) Class: 204K(256K)->204K(256K)
[34.836s][info][gc             ] GC(93) Pause Young (Normal) (G1 Evacuation Pause) 7919M->7168M(12288M) 1.014ms
[34.836s][info][gc,cpu         ] GC(93) User=0.00s Sys=0.00s Real=0.00s
[35.775s][info][gc,start       ] GC(94) Pause Full (System.gc())
[35.775s][info][gc,task        ] GC(94) Using 9 workers of 9 for full compaction
[35.809s][info][gc,phases,start] GC(94) Phase 1: Mark live objects
[36.033s][info][gc,phases      ] GC(94) Phase 1: Mark live objects 223.614ms
[36.033s][info][gc,phases,start] GC(94) Phase 2: Prepare for compaction
[36.047s][info][gc,phases      ] GC(94) Phase 2: Prepare for compaction 14.769ms
[36.048s][info][gc,phases,start] GC(94) Phase 3: Adjust pointers
[36.125s][info][gc,phases      ] GC(94) Phase 3: Adjust pointers 77.833ms
[36.125s][info][gc,phases,start] GC(94) Phase 4: Compact heap
[36.137s][info][gc,phases      ] GC(94) Phase 4: Compact heap 11.314ms
[36.167s][info][gc,heap        ] GC(94) Eden regions: 76->0(127)
[36.167s][info][gc,heap        ] GC(94) Survivor regions: 1->0(12)
[36.167s][info][gc,heap        ] GC(94) Old regions: 852->423
[36.167s][info][gc,heap        ] GC(94) Archive regions: 2->2
[36.167s][info][gc,heap        ] GC(94) Humongous regions: 47->0
[36.167s][info][gc,metaspace   ] GC(94) Metaspace: 2253K(2368K)->2253K(2368K) NonClass: 2049K(2112K)->2049K(2112K) Class: 204K(256K)->204K(256K)
[36.167s][info][gc             ] GC(94) Pause Full (System.gc()) 7775M->3359M(11336M) 391.891ms
[36.167s][info][gc,cpu         ] GC(94) User=2.38s Sys=0.57s Real=0.39s
[36.167s][info][gc,marking     ] GC(88) Concurrent Rebuild Remembered Sets 1912.463ms
[36.167s][info][gc,marking     ] GC(88) Concurrent Mark Abort
[36.167s][info][gc             ] GC(88) Concurrent Mark Cycle 3643.411ms
[37.267s][info][gc,start       ] GC(95) Pause Young (Normal) (G1 Evacuation Pause)
[37.268s][info][gc,task        ] GC(95) Using 9 workers of 9 for evacuation
[37.360s][info][gc,phases      ] GC(95)   Pre Evacuate Collection Set: 0.1ms
[37.360s][info][gc,phases      ] GC(95)   Merge Heap Roots: 0.1ms
[37.360s][info][gc,phases      ] GC(95)   Evacuate Collection Set: 92.5ms
[37.360s][info][gc,phases      ] GC(95)   Post Evacuate Collection Set: 0.1ms
[37.360s][info][gc,phases      ] GC(95)   Other: 0.1ms
[37.360s][info][gc,heap        ] GC(95) Eden regions: 127->0(128)
[37.360s][info][gc,heap        ] GC(95) Survivor regions: 0->16(16)
[37.360s][info][gc,heap        ] GC(95) Old regions: 423->480
[37.360s][info][gc,heap        ] GC(95) Archive regions: 2->2
[37.360s][info][gc,heap        ] GC(95) Humongous regions: 35->35
[37.360s][info][gc,metaspace   ] GC(95) Metaspace: 2253K(2368K)->2253K(2368K) NonClass: 2049K(2112K)->2049K(2112K) Class: 204K(256K)->204K(256K)
[37.360s][info][gc             ] GC(95) Pause Young (Normal) (G1 Evacuation Pause) 4655M->4219M(11336M) 93.010ms
[37.360s][info][gc,cpu         ] GC(95) User=0.41s Sys=0.30s Real=0.10s
[37.668s][info][gc,start       ] GC(96) Pause Young (Normal) (G1 Evacuation Pause)
[37.668s][info][gc,task        ] GC(96) Using 9 workers of 9 for evacuation
[37.858s][info][gc,phases      ] GC(96)   Pre Evacuate Collection Set: 0.1ms
[37.858s][info][gc,phases      ] GC(96)   Merge Heap Roots: 0.1ms
[37.858s][info][gc,phases      ] GC(96)   Evacuate Collection Set: 189.9ms
[37.858s][info][gc,phases      ] GC(96)   Post Evacuate Collection Set: 0.2ms
[37.858s][info][gc,phases      ] GC(96)   Other: 0.1ms
[37.858s][info][gc,heap        ] GC(96) Eden regions: 128->0(94)
[37.858s][info][gc,heap        ] GC(96) Survivor regions: 16->18(18)
[37.858s][info][gc,heap        ] GC(96) Old regions: 480->552
[37.858s][info][gc,heap        ] GC(96) Archive regions: 2->2
[37.858s][info][gc,heap        ] GC(96) Humongous regions: 35->35
[37.858s][info][gc,metaspace   ] GC(96) Metaspace: 2253K(2368K)->2253K(2368K) NonClass: 2049K(2112K)->2049K(2112K) Class: 204K(256K)->204K(256K)
[37.858s][info][gc             ] GC(96) Pause Young (Normal) (G1 Evacuation Pause) 5243M->4812M(11336M) 190.509ms
[37.858s][info][gc,cpu         ] GC(96) User=0.80s Sys=0.44s Real=0.20s
[38.089s][info][gc,start       ] GC(97) Pause Young (Normal) (G1 Evacuation Pause)
[38.089s][info][gc,task        ] GC(97) Using 9 workers of 9 for evacuation
[38.166s][info][gc,phases      ] GC(97)   Pre Evacuate Collection Set: 0.1ms
[38.166s][info][gc,phases      ] GC(97)   Merge Heap Roots: 0.1ms
[38.166s][info][gc,phases      ] GC(97)   Evacuate Collection Set: 76.3ms
[38.166s][info][gc,phases      ] GC(97)   Post Evacuate Collection Set: 0.2ms
[38.166s][info][gc,phases      ] GC(97)   Other: 0.1ms
[38.166s][info][gc,heap        ] GC(97) Eden regions: 94->0(93)
[38.166s][info][gc,heap        ] GC(97) Survivor regions: 18->14(14)
[38.166s][info][gc,heap        ] GC(97) Old regions: 552->611
[38.166s][info][gc,heap        ] GC(97) Archive regions: 2->2
[38.166s][info][gc,heap        ] GC(97) Humongous regions: 35->35
[38.166s][info][gc,metaspace   ] GC(97) Metaspace: 2253K(2368K)->2253K(2368K) NonClass: 2049K(2112K)->2049K(2112K) Class: 204K(256K)->204K(256K)
[38.166s][info][gc             ] GC(97) Pause Young (Normal) (G1 Evacuation Pause) 5564M->5255M(11336M) 76.897ms
[38.166s][info][gc,cpu         ] GC(97) User=0.64s Sys=0.05s Real=0.07s
[38.390s][info][gc,start       ] GC(98) Pause Young (Concurrent Start) (G1 Evacuation Pause)
[38.390s][info][gc,task        ] GC(98) Using 9 workers of 9 for evacuation
[38.466s][info][gc,phases      ] GC(98)   Pre Evacuate Collection Set: 0.1ms
[38.466s][info][gc,phases      ] GC(98)   Merge Heap Roots: 0.1ms
[38.466s][info][gc,phases      ] GC(98)   Evacuate Collection Set: 74.9ms
[38.466s][info][gc,phases      ] GC(98)   Post Evacuate Collection Set: 0.3ms
[38.466s][info][gc,phases      ] GC(98)   Other: 0.1ms
[38.466s][info][gc,heap        ] GC(98) Eden regions: 93->0(81)
[38.466s][info][gc,heap        ] GC(98) Survivor regions: 14->14(14)
[38.466s][info][gc,heap        ] GC(98) Old regions: 611->667
[38.466s][info][gc,heap        ] GC(98) Archive regions: 2->2
[38.466s][info][gc,heap        ] GC(98) Humongous regions: 35->35
[38.466s][info][gc,metaspace   ] GC(98) Metaspace: 2253K(2368K)->2253K(2368K) NonClass: 2049K(2112K)->2049K(2112K) Class: 204K(256K)->204K(256K)
[38.466s][info][gc             ] GC(98) Pause Young (Concurrent Start) (G1 Evacuation Pause) 5999M->5699M(11600M) 75.599ms
[38.466s][info][gc,cpu         ] GC(98) User=0.60s Sys=0.07s Real=0.07s
[38.466s][info][gc             ] GC(99) Concurrent Mark Cycle
[38.466s][info][gc,marking     ] GC(99) Concurrent Clear Claimed Marks
[38.466s][info][gc,marking     ] GC(99) Concurrent Clear Claimed Marks 0.006ms
[38.466s][info][gc,marking     ] GC(99) Concurrent Scan Root Regions
[38.505s][info][gc,marking     ] GC(99) Concurrent Scan Root Regions 39.509ms
[38.506s][info][gc,marking     ] GC(99) Concurrent Mark
[38.506s][info][gc,marking     ] GC(99) Concurrent Mark From Roots
[38.506s][info][gc,task        ] GC(99) Using 2 workers of 2 for marking
[38.720s][info][gc,start       ] GC(100) Pause Young (Normal) (G1 Evacuation Pause)
[38.720s][info][gc,task        ] GC(100) Using 9 workers of 9 for evacuation
[38.823s][info][gc,phases      ] GC(100)   Pre Evacuate Collection Set: 0.1ms
[38.823s][info][gc,phases      ] GC(100)   Merge Heap Roots: 0.1ms
[38.823s][info][gc,phases      ] GC(100)   Evacuate Collection Set: 102.6ms
[38.823s][info][gc,phases      ] GC(100)   Post Evacuate Collection Set: 0.2ms
[38.823s][info][gc,phases      ] GC(100)   Other: 0.1ms
[38.823s][info][gc,heap        ] GC(100) Eden regions: 81->0(101)
[38.823s][info][gc,heap        ] GC(100) Survivor regions: 14->12(12)
[38.823s][info][gc,heap        ] GC(100) Old regions: 667->717
[38.823s][info][gc,heap        ] GC(100) Archive regions: 2->2
[38.823s][info][gc,heap        ] GC(100) Humongous regions: 35->35
[38.823s][info][gc,metaspace   ] GC(100) Metaspace: 2253K(2368K)->2253K(2368K) NonClass: 2049K(2112K)->2049K(2112K) Class: 204K(256K)->204K(256K)
[38.823s][info][gc             ] GC(100) Pause Young (Normal) (G1 Evacuation Pause) 6347M->6087M(11600M) 103.112ms
[38.823s][info][gc,cpu         ] GC(100) User=0.83s Sys=0.09s Real=0.10s
[38.920s][info][gc,marking     ] GC(99) Concurrent Mark From Roots 414.450ms
[38.920s][info][gc,marking     ] GC(99) Concurrent Preclean
[38.920s][info][gc,marking     ] GC(99) Concurrent Preclean 0.024ms
[38.920s][info][gc,start       ] GC(99) Pause Remark
[38.924s][info][gc             ] GC(99) Pause Remark 6387M->3131M(10480M) 3.864ms
[38.924s][info][gc,cpu         ] GC(99) User=0.00s Sys=0.01s Real=0.00s
[38.924s][info][gc,marking     ] GC(99) Concurrent Mark 418.474ms
[38.924s][info][gc,marking     ] GC(99) Concurrent Rebuild Remembered Sets
[39.216s][info][gc,start       ] GC(101) Pause Young (Normal) (G1 Evacuation Pause)
[39.216s][info][gc,task        ] GC(101) Using 9 workers of 9 for evacuation
[39.299s][info][gc,phases      ] GC(101)   Pre Evacuate Collection Set: 0.1ms
[39.299s][info][gc,phases      ] GC(101)   Merge Heap Roots: 0.1ms
[39.299s][info][gc,phases      ] GC(101)   Evacuate Collection Set: 82.0ms
[39.299s][info][gc,phases      ] GC(101)   Post Evacuate Collection Set: 0.2ms
[39.299s][info][gc,phases      ] GC(101)   Other: 0.1ms
[39.299s][info][gc,heap        ] GC(101) Eden regions: 101->0(126)
[39.299s][info][gc,heap        ] GC(101) Survivor regions: 12->15(15)
[39.299s][info][gc,heap        ] GC(101) Old regions: 306->363
[39.299s][info][gc,heap        ] GC(101) Archive regions: 2->2
[39.299s][info][gc,heap        ] GC(101) Humongous regions: 35->35
[39.299s][info][gc,metaspace   ] GC(101) Metaspace: 2253K(2368K)->2253K(2368K) NonClass: 2049K(2112K)->2049K(2112K) Class: 204K(256K)->204K(256K)
[39.299s][info][gc             ] GC(101) Pause Young (Normal) (G1 Evacuation Pause) 3639M->3311M(10480M) 82.569ms
[39.299s][info][gc,cpu         ] GC(101) User=0.63s Sys=0.10s Real=0.09s
[39.490s][info][gc,marking     ] GC(99) Concurrent Rebuild Remembered Sets 566.466ms
[39.491s][info][gc,start       ] GC(99) Pause Cleanup
[39.491s][info][gc             ] GC(99) Pause Cleanup 3911M->3911M(10480M) 0.126ms
[39.491s][info][gc,cpu         ] GC(99) User=0.00s Sys=0.00s Real=0.00s
[39.491s][info][gc,marking     ] GC(99) Concurrent Cleanup for Next Mark
[39.498s][info][gc,marking     ] GC(99) Concurrent Cleanup for Next Mark 7.678ms
[39.498s][info][gc             ] GC(99) Concurrent Mark Cycle 1032.446ms
[39.586s][info][gc,start       ] GC(102) Pause Young (Prepare Mixed) (G1 Evacuation Pause)
[39.586s][info][gc,task        ] GC(102) Using 9 workers of 9 for evacuation
[39.687s][info][gc,phases      ] GC(102)   Pre Evacuate Collection Set: 0.1ms
[39.687s][info][gc,phases      ] GC(102)   Merge Heap Roots: 0.1ms
[39.687s][info][gc,phases      ] GC(102)   Evacuate Collection Set: 100.7ms
[39.687s][info][gc,phases      ] GC(102)   Post Evacuate Collection Set: 0.2ms
[39.687s][info][gc,phases      ] GC(102)   Other: 0.1ms
[39.687s][info][gc,heap        ] GC(102) Eden regions: 126->0(47)
[39.687s][info][gc,heap        ] GC(102) Survivor regions: 15->18(18)
[39.687s][info][gc,heap        ] GC(102) Old regions: 363->441
[39.687s][info][gc,heap        ] GC(102) Archive regions: 2->2
[39.687s][info][gc,heap        ] GC(102) Humongous regions: 35->35
[39.687s][info][gc,metaspace   ] GC(102) Metaspace: 2253K(2368K)->2253K(2368K) NonClass: 2049K(2112K)->2049K(2112K) Class: 204K(256K)->204K(256K)
[39.687s][info][gc             ] GC(102) Pause Young (Prepare Mixed) (G1 Evacuation Pause) 4319M->3959M(10480M) 101.259ms
[39.687s][info][gc,cpu         ] GC(102) User=0.76s Sys=0.12s Real=0.10s
[40.695s][info][gc,start       ] GC(103) Pause Full (System.gc())
[40.695s][info][gc,task        ] GC(103) Using 9 workers of 9 for full compaction
[40.695s][info][gc,phases,start] GC(103) Phase 1: Mark live objects
[41.049s][info][gc,phases      ] GC(103) Phase 1: Mark live objects 353.761ms
[41.049s][info][gc,phases,start] GC(103) Phase 2: Prepare for compaction
[41.055s][info][gc,phases      ] GC(103) Phase 2: Prepare for compaction 5.639ms
[41.055s][info][gc,phases,start] GC(103) Phase 3: Adjust pointers
[41.133s][info][gc,phases      ] GC(103) Phase 3: Adjust pointers 78.357ms
[41.133s][info][gc,phases,start] GC(103) Phase 4: Compact heap
[41.141s][info][gc,phases      ] GC(103) Phase 4: Compact heap 7.429ms
[41.143s][info][gc,heap        ] GC(103) Eden regions: 31->0(176)
[41.143s][info][gc,heap        ] GC(103) Survivor regions: 18->0(18)
[41.143s][info][gc,heap        ] GC(103) Old regions: 441->471
[41.143s][info][gc,heap        ] GC(103) Archive regions: 2->2
[41.143s][info][gc,heap        ] GC(103) Humongous regions: 35->0
[41.143s][info][gc,metaspace   ] GC(103) Metaspace: 2253K(2368K)->2253K(2368K) NonClass: 2049K(2112K)->2049K(2112K) Class: 204K(256K)->204K(256K)
[41.143s][info][gc             ] GC(103) Pause Full (System.gc()) 4203M->3736M(10480M) 447.820ms
[41.143s][info][gc,cpu         ] GC(103) User=3.95s Sys=0.02s Real=0.45s
[41.349s][info][gc,start       ] GC(104) Pause Young (Normal) (G1 Evacuation Pause)
[41.349s][info][gc,task        ] GC(104) Using 9 workers of 9 for evacuation
[41.664s][info][gc,mmu         ] GC(104) MMU target violated: 201.0ms (200.0ms/201.0ms)
[41.664s][info][gc,phases      ] GC(104)   Pre Evacuate Collection Set: 0.1ms
[41.664s][info][gc,phases      ] GC(104)   Merge Heap Roots: 0.3ms
[41.664s][info][gc,phases      ] GC(104)   Evacuate Collection Set: 313.5ms
[41.664s][info][gc,phases      ] GC(104)   Post Evacuate Collection Set: 0.7ms
[41.664s][info][gc,phases      ] GC(104)   Other: 0.4ms
[41.664s][info][gc,heap        ] GC(104) Eden regions: 176->0(77)
[41.664s][info][gc,heap        ] GC(104) Survivor regions: 0->22(22)
[41.664s][info][gc,heap        ] GC(104) Old regions: 471->624
[41.664s][info][gc,heap        ] GC(104) Archive regions: 2->2
[41.664s][info][gc,heap        ] GC(104) Humongous regions: 0->0
[41.664s][info][gc,metaspace   ] GC(104) Metaspace: 2255K(2368K)->2255K(2368K) NonClass: 2051K(2112K)->2051K(2112K) Class: 204K(256K)->204K(256K)
[41.664s][info][gc             ] GC(104) Pause Young (Normal) (G1 Evacuation Pause) 5144M->5136M(10480M) 314.960ms
[41.664s][info][gc,cpu         ] GC(104) User=1.98s Sys=0.43s Real=0.31s
[41.691s][info][gc,start       ] GC(105) Pause Young (Concurrent Start) (G1 Evacuation Pause)
[41.691s][info][gc,task        ] GC(105) Using 9 workers of 9 for evacuation
[41.894s][info][gc,mmu         ] GC(105) MMU target violated: 201.0ms (200.0ms/201.0ms)
[41.894s][info][gc,phases      ] GC(105)   Pre Evacuate Collection Set: 0.1ms
[41.894s][info][gc,phases      ] GC(105)   Merge Heap Roots: 0.2ms
[41.894s][info][gc,phases      ] GC(105)   Evacuate Collection Set: 202.0ms
[41.894s][info][gc,phases      ] GC(105)   Post Evacuate Collection Set: 0.2ms
[41.894s][info][gc,phases      ] GC(105)   Other: 0.1ms
[41.894s][info][gc,heap        ] GC(105) Eden regions: 77->0(65)
[41.894s][info][gc,heap        ] GC(105) Survivor regions: 22->13(13)
[41.894s][info][gc,heap        ] GC(105) Old regions: 624->713
[41.894s][info][gc,heap        ] GC(105) Archive regions: 2->2
[41.894s][info][gc,heap        ] GC(105) Humongous regions: 0->0
[41.894s][info][gc,metaspace   ] GC(105) Metaspace: 2255K(2368K)->2255K(2368K) NonClass: 2051K(2112K)->2051K(2112K) Class: 204K(256K)->204K(256K)
[41.894s][info][gc             ] GC(105) Pause Young (Concurrent Start) (G1 Evacuation Pause) 5752M->5772M(10480M) 202.694ms
[41.894s][info][gc,cpu         ] GC(105) User=1.09s Sys=0.35s Real=0.20s
[41.894s][info][gc             ] GC(106) Concurrent Mark Cycle
[41.894s][info][gc,marking     ] GC(106) Concurrent Clear Claimed Marks
[41.894s][info][gc,marking     ] GC(106) Concurrent Clear Claimed Marks 0.008ms
[41.894s][info][gc,marking     ] GC(106) Concurrent Scan Root Regions
[42.002s][info][gc,marking     ] GC(106) Concurrent Scan Root Regions 107.497ms
[42.002s][info][gc,start       ] GC(107) Pause Young (Normal) (G1 Evacuation Pause)
[42.002s][info][gc,marking     ] GC(106) Concurrent Mark
[42.002s][info][gc,task        ] GC(107) Using 9 workers of 9 for evacuation
[42.002s][info][gc,marking     ] GC(106) Concurrent Mark From Roots
[42.002s][info][gc,task        ] GC(106) Using 2 workers of 2 for marking
[42.150s][info][gc,phases      ] GC(107)   Pre Evacuate Collection Set: 14.7ms
[42.150s][info][gc,phases      ] GC(107)   Merge Heap Roots: 0.1ms
[42.150s][info][gc,phases      ] GC(107)   Evacuate Collection Set: 147.8ms
[42.150s][info][gc,phases      ] GC(107)   Post Evacuate Collection Set: 0.5ms
[42.150s][info][gc,phases      ] GC(107)   Other: 0.1ms
[42.150s][info][gc,heap        ] GC(107) Eden regions: 65->0(75)
[42.150s][info][gc,heap        ] GC(107) Survivor regions: 13->10(10)
[42.150s][info][gc,heap        ] GC(107) Old regions: 713->782
[42.150s][info][gc,heap        ] GC(107) Archive regions: 2->2
[42.150s][info][gc,heap        ] GC(107) Humongous regions: 0->0
[42.150s][info][gc,metaspace   ] GC(107) Metaspace: 2255K(2368K)->2255K(2368K) NonClass: 2051K(2112K)->2051K(2112K) Class: 204K(256K)->204K(256K)
[42.150s][info][gc             ] GC(107) Pause Young (Normal) (G1 Evacuation Pause) 6292M->6304M(11208M) 148.711ms
[42.150s][info][gc,cpu         ] GC(107) User=0.67s Sys=0.33s Real=0.15s
[42.450s][info][gc,start       ] GC(108) Pause Young (Normal) (G1 Evacuation Pause)
[42.450s][info][gc,task        ] GC(108) Using 9 workers of 9 for evacuation
[42.665s][info][gc,mmu         ] GC(108) MMU target violated: 201.0ms (200.0ms/201.0ms)
[42.665s][info][gc,phases      ] GC(108)   Pre Evacuate Collection Set: 0.1ms
[42.665s][info][gc,phases      ] GC(108)   Merge Heap Roots: 0.2ms
[42.665s][info][gc,phases      ] GC(108)   Evacuate Collection Set: 215.1ms
[42.665s][info][gc,phases      ] GC(108)   Post Evacuate Collection Set: 0.3ms
[42.665s][info][gc,phases      ] GC(108)   Other: 0.1ms
[42.665s][info][gc,heap        ] GC(108) Eden regions: 75->0(59)
[42.665s][info][gc,heap        ] GC(108) Survivor regions: 10->11(11)
[42.665s][info][gc,heap        ] GC(108) Old regions: 782->841
[42.665s][info][gc,heap        ] GC(108) Archive regions: 2->2
[42.665s][info][gc,heap        ] GC(108) Humongous regions: 47->47
[42.665s][info][gc,metaspace   ] GC(108) Metaspace: 2259K(2368K)->2259K(2368K) NonClass: 2055K(2112K)->2055K(2112K) Class: 204K(256K)->204K(256K)
[42.665s][info][gc             ] GC(108) Pause Young (Normal) (G1 Evacuation Pause) 7280M->7156M(11208M) 215.826ms
[42.665s][info][gc,cpu         ] GC(108) User=1.20s Sys=0.34s Real=0.21s
[42.897s][info][gc,start       ] GC(109) Pause Young (Normal) (G1 Evacuation Pause)
[42.897s][info][gc,task        ] GC(109) Using 9 workers of 9 for evacuation
[42.929s][info][gc,phases      ] GC(109)   Pre Evacuate Collection Set: 0.1ms
[42.929s][info][gc,phases      ] GC(109)   Merge Heap Roots: 0.1ms
[42.929s][info][gc,phases      ] GC(109)   Evacuate Collection Set: 31.7ms
[42.929s][info][gc,phases      ] GC(109)   Post Evacuate Collection Set: 0.2ms
[42.929s][info][gc,phases      ] GC(109)   Other: 0.1ms
[42.929s][info][gc,heap        ] GC(109) Eden regions: 59->0(89)
[42.929s][info][gc,heap        ] GC(109) Survivor regions: 11->0(9)
[42.929s][info][gc,heap        ] GC(109) Old regions: 841->854
[42.929s][info][gc,heap        ] GC(109) Archive regions: 2->2
[42.929s][info][gc,heap        ] GC(109) Humongous regions: 47->47
[42.929s][info][gc,metaspace   ] GC(109) Metaspace: 2259K(2368K)->2259K(2368K) NonClass: 2055K(2112K)->2055K(2112K) Class: 204K(256K)->204K(256K)
[42.929s][info][gc             ] GC(109) Pause Young (Normal) (G1 Evacuation Pause) 7628M->7176M(11208M) 32.223ms
[42.929s][info][gc,cpu         ] GC(109) User=0.17s Sys=0.04s Real=0.04s
[43.447s][info][gc,start       ] GC(110) Pause Young (Normal) (G1 Evacuation Pause)
[43.447s][info][gc,task        ] GC(110) Using 9 workers of 9 for evacuation
[43.448s][info][gc,phases      ] GC(110)   Pre Evacuate Collection Set: 0.1ms
[43.448s][info][gc,phases      ] GC(110)   Merge Heap Roots: 0.1ms
[43.448s][info][gc,phases      ] GC(110)   Evacuate Collection Set: 0.2ms
[43.448s][info][gc,phases      ] GC(110)   Post Evacuate Collection Set: 0.1ms
[43.448s][info][gc,phases      ] GC(110)   Other: 0.1ms
[43.448s][info][gc,heap        ] GC(110) Eden regions: 89->0(102)
[43.448s][info][gc,heap        ] GC(110) Survivor regions: 0->0(12)
[43.448s][info][gc,heap        ] GC(110) Old regions: 854->854
[43.448s][info][gc,heap        ] GC(110) Archive regions: 2->2
[43.448s][info][gc,heap        ] GC(110) Humongous regions: 47->47
[43.448s][info][gc,metaspace   ] GC(110) Metaspace: 2259K(2368K)->2259K(2368K) NonClass: 2055K(2112K)->2055K(2112K) Class: 204K(256K)->204K(256K)
[43.448s][info][gc             ] GC(110) Pause Young (Normal) (G1 Evacuation Pause) 7888M->7176M(11208M) 0.700ms
[43.448s][info][gc,cpu         ] GC(110) User=0.00s Sys=0.01s Real=0.01s
[43.920s][info][gc,marking     ] GC(106) Concurrent Mark From Roots 1918.659ms
[43.920s][info][gc,marking     ] GC(106) Concurrent Preclean
[43.920s][info][gc,marking     ] GC(106) Concurrent Preclean 0.029ms
[43.921s][info][gc,start       ] GC(106) Pause Remark
[43.922s][info][gc             ] GC(106) Pause Remark 7888M->7888M(12288M) 1.315ms
[43.922s][info][gc,cpu         ] GC(106) User=0.00s Sys=0.00s Real=0.00s
[43.922s][info][gc,marking     ] GC(106) Concurrent Mark 1920.155ms
[43.922s][info][gc,marking     ] GC(106) Concurrent Rebuild Remembered Sets
[44.024s][info][gc,start       ] GC(111) Pause Young (Normal) (G1 Evacuation Pause)
[44.024s][info][gc,task        ] GC(111) Using 9 workers of 9 for evacuation
[44.024s][info][gc,phases      ] GC(111)   Pre Evacuate Collection Set: 0.1ms
[44.024s][info][gc,phases      ] GC(111)   Merge Heap Roots: 0.0ms
[44.024s][info][gc,phases      ] GC(111)   Evacuate Collection Set: 0.2ms
[44.024s][info][gc,phases      ] GC(111)   Post Evacuate Collection Set: 0.1ms
[44.024s][info][gc,phases      ] GC(111)   Other: 0.1ms
[44.024s][info][gc,heap        ] GC(111) Eden regions: 102->0(123)
[44.024s][info][gc,heap        ] GC(111) Survivor regions: 0->0(13)
[44.024s][info][gc,heap        ] GC(111) Old regions: 854->854
[44.024s][info][gc,heap        ] GC(111) Archive regions: 2->2
[44.024s][info][gc,heap        ] GC(111) Humongous regions: 47->47
[44.024s][info][gc,metaspace   ] GC(111) Metaspace: 2259K(2368K)->2259K(2368K) NonClass: 2055K(2112K)->2055K(2112K) Class: 204K(256K)->204K(256K)
[44.024s][info][gc             ] GC(111) Pause Young (Normal) (G1 Evacuation Pause) 7992M->7176M(12288M) 0.593ms
[44.024s][info][gc,cpu         ] GC(111) User=0.00s Sys=0.01s Real=0.00s
[45.495s][info][gc,start       ] GC(112) Pause Young (Normal) (G1 Evacuation Pause)
[45.495s][info][gc,task        ] GC(112) Using 9 workers of 9 for evacuation
[45.496s][info][gc,phases      ] GC(112)   Pre Evacuate Collection Set: 0.1ms
[45.496s][info][gc,phases      ] GC(112)   Merge Heap Roots: 0.0ms
[45.496s][info][gc,phases      ] GC(112)   Evacuate Collection Set: 0.2ms
[45.496s][info][gc,phases      ] GC(112)   Post Evacuate Collection Set: 0.4ms
[45.496s][info][gc,phases      ] GC(112)   Other: 0.1ms
[45.496s][info][gc,heap        ] GC(112) Eden regions: 123->0(114)
[45.496s][info][gc,heap        ] GC(112) Survivor regions: 0->1(16)
[45.496s][info][gc,heap        ] GC(112) Old regions: 854->854
[45.496s][info][gc,heap        ] GC(112) Archive regions: 2->2
[45.496s][info][gc,heap        ] GC(112) Humongous regions: 47->47
[45.496s][info][gc,metaspace   ] GC(112) Metaspace: 2259K(2368K)->2259K(2368K) NonClass: 2055K(2112K)->2055K(2112K) Class: 204K(256K)->204K(256K)
[45.496s][info][gc             ] GC(112) Pause Young (Normal) (G1 Evacuation Pause) 8160M->7176M(12288M) 0.794ms
[45.496s][info][gc,cpu         ] GC(112) User=0.00s Sys=0.00s Real=0.00s
[45.669s][info][gc,marking     ] GC(106) Concurrent Rebuild Remembered Sets 1747.417ms
[45.669s][info][gc,start       ] GC(106) Pause Cleanup
[45.670s][info][gc             ] GC(106) Pause Cleanup 7272M->7272M(12288M) 0.224ms
[45.670s][info][gc,cpu         ] GC(106) User=0.00s Sys=0.00s Real=0.00s
[45.670s][info][gc,marking     ] GC(106) Concurrent Cleanup for Next Mark
[45.712s][info][gc,marking     ] GC(106) Concurrent Cleanup for Next Mark 42.394ms
[45.712s][info][gc             ] GC(106) Concurrent Mark Cycle 3817.862ms
[45.952s][info][gc,start       ] GC(113) Pause Full (System.gc())
[45.952s][info][gc,task        ] GC(113) Using 9 workers of 9 for full compaction
[45.952s][info][gc,phases,start] GC(113) Phase 1: Mark live objects
[46.196s][info][gc,phases      ] GC(113) Phase 1: Mark live objects 243.249ms
[46.196s][info][gc,phases,start] GC(113) Phase 2: Prepare for compaction
[46.212s][info][gc,phases      ] GC(113) Phase 2: Prepare for compaction 16.536ms
[46.212s][info][gc,phases,start] GC(113) Phase 3: Adjust pointers
[46.284s][info][gc,phases      ] GC(113) Phase 3: Adjust pointers 71.667ms
[46.284s][info][gc,phases,start] GC(113) Phase 4: Compact heap
[46.306s][info][gc,phases      ] GC(113) Phase 4: Compact heap 22.355ms
[46.338s][info][gc,heap        ] GC(113) Eden regions: 32->0(172)
[46.338s][info][gc,heap        ] GC(113) Survivor regions: 1->0(16)
[46.338s][info][gc,heap        ] GC(113) Old regions: 854->424
[46.338s][info][gc,heap        ] GC(113) Archive regions: 2->2
[46.338s][info][gc,heap        ] GC(113) Humongous regions: 47->0
[46.338s][info][gc,metaspace   ] GC(113) Metaspace: 2259K(2368K)->2259K(2368K) NonClass: 2055K(2112K)->2055K(2112K) Class: 204K(256K)->204K(256K)
[46.338s][info][gc             ] GC(113) Pause Full (System.gc()) 7432M->3360M(11360M) 385.847ms
[46.338s][info][gc,cpu         ] GC(113) User=2.35s Sys=0.54s Real=0.39s
[47.674s][info][gc,start       ] GC(114) Pause Young (Normal) (G1 Evacuation Pause)
[47.674s][info][gc,task        ] GC(114) Using 9 workers of 9 for evacuation
[47.940s][info][gc,mmu         ] GC(114) MMU target violated: 201.0ms (200.0ms/201.0ms)
[47.940s][info][gc,phases      ] GC(114)   Pre Evacuate Collection Set: 0.1ms
[47.940s][info][gc,phases      ] GC(114)   Merge Heap Roots: 0.0ms
[47.940s][info][gc,phases      ] GC(114)   Evacuate Collection Set: 265.4ms
[47.940s][info][gc,phases      ] GC(114)   Post Evacuate Collection Set: 0.2ms
[47.940s][info][gc,phases      ] GC(114)   Other: 0.1ms
[47.940s][info][gc,heap        ] GC(114) Eden regions: 172->0(121)
[47.940s][info][gc,heap        ] GC(114) Survivor regions: 0->22(22)
[47.940s][info][gc,heap        ] GC(114) Old regions: 424->501
[47.940s][info][gc,heap        ] GC(114) Archive regions: 2->2
[47.940s][info][gc,heap        ] GC(114) Humongous regions: 35->35
[47.940s][info][gc,metaspace   ] GC(114) Metaspace: 2259K(2368K)->2259K(2368K) NonClass: 2055K(2112K)->2055K(2112K) Class: 204K(256K)->204K(256K)
[47.940s][info][gc             ] GC(114) Pause Young (Normal) (G1 Evacuation Pause) 5016M->4425M(11360M) 265.931ms
[47.940s][info][gc,cpu         ] GC(114) User=0.61s Sys=0.67s Real=0.27s
[48.240s][info][gc,start       ] GC(115) Pause Young (Normal) (G1 Evacuation Pause)
[48.240s][info][gc,task        ] GC(115) Using 9 workers of 9 for evacuation
[48.386s][info][gc,phases      ] GC(115)   Pre Evacuate Collection Set: 0.1ms
[48.386s][info][gc,phases      ] GC(115)   Merge Heap Roots: 0.1ms
[48.386s][info][gc,phases      ] GC(115)   Evacuate Collection Set: 145.1ms
[48.386s][info][gc,phases      ] GC(115)   Post Evacuate Collection Set: 0.2ms
[48.386s][info][gc,phases      ] GC(115)   Other: 0.1ms
[48.386s][info][gc,heap        ] GC(115) Eden regions: 121->0(92)
[48.386s][info][gc,heap        ] GC(115) Survivor regions: 22->18(18)
[48.386s][info][gc,heap        ] GC(115) Old regions: 501->576
[48.386s][info][gc,heap        ] GC(115) Archive regions: 2->2
[48.386s][info][gc,heap        ] GC(115) Humongous regions: 35->35
[48.386s][info][gc,metaspace   ] GC(115) Metaspace: 2259K(2368K)->2259K(2368K) NonClass: 2055K(2112K)->2055K(2112K) Class: 204K(256K)->204K(256K)
[48.386s][info][gc             ] GC(115) Pause Young (Normal) (G1 Evacuation Pause) 5393M->4996M(11360M) 145.976ms
[48.386s][info][gc,cpu         ] GC(115) User=0.75s Sys=0.23s Real=0.14s
[48.608s][info][gc,start       ] GC(116) Pause Young (Normal) (G1 Evacuation Pause)
[48.608s][info][gc,task        ] GC(116) Using 9 workers of 9 for evacuation
[48.698s][info][gc,phases      ] GC(116)   Pre Evacuate Collection Set: 0.1ms
[48.698s][info][gc,phases      ] GC(116)   Merge Heap Roots: 0.1ms
[48.698s][info][gc,phases      ] GC(116)   Evacuate Collection Set: 89.9ms
[48.698s][info][gc,phases      ] GC(116)   Post Evacuate Collection Set: 0.2ms
[48.698s][info][gc,phases      ] GC(116)   Other: 0.1ms
[48.698s][info][gc,heap        ] GC(116) Eden regions: 92->0(106)
[48.698s][info][gc,heap        ] GC(116) Survivor regions: 18->14(14)
[48.698s][info][gc,heap        ] GC(116) Old regions: 576->635
[48.698s][info][gc,heap        ] GC(116) Archive regions: 2->2
[48.698s][info][gc,heap        ] GC(116) Humongous regions: 35->35
[48.698s][info][gc,metaspace   ] GC(116) Metaspace: 2259K(2368K)->2259K(2368K) NonClass: 2055K(2112K)->2055K(2112K) Class: 204K(256K)->204K(256K)
[48.698s][info][gc             ] GC(116) Pause Young (Normal) (G1 Evacuation Pause) 5732M->5436M(11360M) 90.485ms
[48.698s][info][gc,cpu         ] GC(116) User=0.61s Sys=0.13s Real=0.09s
[48.951s][info][gc,start       ] GC(117) Pause Young (Concurrent Start) (G1 Evacuation Pause)
[48.951s][info][gc,task        ] GC(117) Using 9 workers of 9 for evacuation
[49.029s][info][gc,phases      ] GC(117)   Pre Evacuate Collection Set: 0.1ms
[49.029s][info][gc,phases      ] GC(117)   Merge Heap Roots: 0.1ms
[49.029s][info][gc,phases      ] GC(117)   Evacuate Collection Set: 77.9ms
[49.029s][info][gc,phases      ] GC(117)   Post Evacuate Collection Set: 0.4ms
[49.029s][info][gc,phases      ] GC(117)   Other: 0.1ms
[49.029s][info][gc,heap        ] GC(117) Eden regions: 106->0(65)
[49.029s][info][gc,heap        ] GC(117) Survivor regions: 14->15(15)
[49.029s][info][gc,heap        ] GC(117) Old regions: 635->696
[49.029s][info][gc,heap        ] GC(117) Archive regions: 2->2
[49.029s][info][gc,heap        ] GC(117) Humongous regions: 35->35
[49.029s][info][gc,metaspace   ] GC(117) Metaspace: 2259K(2368K)->2259K(2368K) NonClass: 2055K(2112K)->2055K(2112K) Class: 204K(256K)->204K(256K)
[49.029s][info][gc             ] GC(117) Pause Young (Concurrent Start) (G1 Evacuation Pause) 6284M->5936M(11728M) 78.685ms
[49.029s][info][gc,cpu         ] GC(117) User=0.66s Sys=0.04s Real=0.08s
[49.029s][info][gc             ] GC(118) Concurrent Mark Cycle
[49.029s][info][gc,marking     ] GC(118) Concurrent Clear Claimed Marks
[49.029s][info][gc,marking     ] GC(118) Concurrent Clear Claimed Marks 0.006ms
[49.029s][info][gc,marking     ] GC(118) Concurrent Scan Root Regions
[49.073s][info][gc,marking     ] GC(118) Concurrent Scan Root Regions 43.914ms
[49.073s][info][gc,marking     ] GC(118) Concurrent Mark
[49.073s][info][gc,marking     ] GC(118) Concurrent Mark From Roots
[49.073s][info][gc,task        ] GC(118) Using 2 workers of 2 for marking
[49.256s][info][gc,start       ] GC(119) Pause Young (Normal) (G1 Evacuation Pause)
[49.256s][info][gc,task        ] GC(119) Using 9 workers of 9 for evacuation
[49.366s][info][gc,phases      ] GC(119)   Pre Evacuate Collection Set: 0.1ms
[49.366s][info][gc,phases      ] GC(119)   Merge Heap Roots: 0.1ms
[49.366s][info][gc,phases      ] GC(119)   Evacuate Collection Set: 109.0ms
[49.366s][info][gc,phases      ] GC(119)   Post Evacuate Collection Set: 0.2ms
[49.366s][info][gc,phases      ] GC(119)   Other: 0.1ms
[49.366s][info][gc,heap        ] GC(119) Eden regions: 65->0(87)
[49.366s][info][gc,heap        ] GC(119) Survivor regions: 15->10(10)
[49.366s][info][gc,heap        ] GC(119) Old regions: 696->741
[49.366s][info][gc,heap        ] GC(119) Archive regions: 2->2
[49.366s][info][gc,heap        ] GC(119) Humongous regions: 35->35
[49.366s][info][gc,metaspace   ] GC(119) Metaspace: 2259K(2368K)->2259K(2368K) NonClass: 2055K(2112K)->2055K(2112K) Class: 204K(256K)->204K(256K)
[49.366s][info][gc             ] GC(119) Pause Young (Normal) (G1 Evacuation Pause) 6456M->6252M(11728M) 109.589ms
[49.366s][info][gc,cpu         ] GC(119) User=0.86s Sys=0.10s Real=0.11s
[49.565s][info][gc,marking     ] GC(118) Concurrent Mark From Roots 491.663ms
[49.565s][info][gc,marking     ] GC(118) Concurrent Preclean
[49.565s][info][gc,marking     ] GC(118) Concurrent Preclean 0.023ms
[49.565s][info][gc,start       ] GC(118) Pause Remark
[49.568s][info][gc             ] GC(118) Pause Remark 6880M->3645M(11728M) 2.724ms
[49.568s][info][gc,cpu         ] GC(118) User=0.00s Sys=0.01s Real=0.01s
[49.568s][info][gc,marking     ] GC(118) Concurrent Mark 494.543ms
[49.568s][info][gc,marking     ] GC(118) Concurrent Rebuild Remembered Sets
[49.591s][info][gc,start       ] GC(120) Pause Young (Normal) (G1 Evacuation Pause)
[49.591s][info][gc,task        ] GC(120) Using 9 workers of 9 for evacuation
[49.693s][info][gc,phases      ] GC(120)   Pre Evacuate Collection Set: 0.1ms
[49.693s][info][gc,phases      ] GC(120)   Merge Heap Roots: 0.1ms
[49.693s][info][gc,phases      ] GC(120)   Evacuate Collection Set: 102.3ms
[49.693s][info][gc,phases      ] GC(120)   Post Evacuate Collection Set: 0.2ms
[49.693s][info][gc,phases      ] GC(120)   Other: 0.1ms
[49.693s][info][gc,heap        ] GC(120) Eden regions: 87->0(99)
[49.693s][info][gc,heap        ] GC(120) Survivor regions: 10->13(13)
[49.693s][info][gc,heap        ] GC(120) Old regions: 332->381
[49.693s][info][gc,heap        ] GC(120) Archive regions: 2->2
[49.693s][info][gc,heap        ] GC(120) Humongous regions: 35->35
[49.693s][info][gc,metaspace   ] GC(120) Metaspace: 2259K(2368K)->2259K(2368K) NonClass: 2055K(2112K)->2055K(2112K) Class: 204K(256K)->204K(256K)
[49.693s][info][gc             ] GC(120) Pause Young (Normal) (G1 Evacuation Pause) 3713M->3433M(11728M) 102.789ms
[49.693s][info][gc,cpu         ] GC(120) User=0.51s Sys=0.18s Real=0.10s
[49.926s][info][gc,start       ] GC(121) Pause Young (Normal) (G1 Evacuation Pause)
[49.926s][info][gc,task        ] GC(121) Using 9 workers of 9 for evacuation
[50.030s][info][gc,phases      ] GC(121)   Pre Evacuate Collection Set: 0.1ms
[50.030s][info][gc,phases      ] GC(121)   Merge Heap Roots: 0.1ms
[50.030s][info][gc,phases      ] GC(121)   Evacuate Collection Set: 104.2ms
[50.030s][info][gc,phases      ] GC(121)   Post Evacuate Collection Set: 0.2ms
[50.030s][info][gc,phases      ] GC(121)   Other: 0.1ms
[50.030s][info][gc,heap        ] GC(121) Eden regions: 99->0(113)
[50.030s][info][gc,heap        ] GC(121) Survivor regions: 13->14(14)
[50.030s][info][gc,heap        ] GC(121) Old regions: 381->442
[50.030s][info][gc,heap        ] GC(121) Archive regions: 2->2
[50.030s][info][gc,heap        ] GC(121) Humongous regions: 35->35
[50.030s][info][gc,metaspace   ] GC(121) Metaspace: 2259K(2368K)->2259K(2368K) NonClass: 2055K(2112K)->2055K(2112K) Class: 204K(256K)->204K(256K)
[50.030s][info][gc             ] GC(121) Pause Young (Normal) (G1 Evacuation Pause) 4225M->3929M(11728M) 104.743ms
[50.030s][info][gc,cpu         ] GC(121) User=0.59s Sys=0.16s Real=0.11s
[50.330s][info][gc,marking     ] GC(118) Concurrent Rebuild Remembered Sets 761.564ms
[50.330s][info][gc,start       ] GC(118) Pause Cleanup
[50.330s][info][gc             ] GC(118) Pause Cleanup 4237M->4237M(11728M) 0.165ms
[50.330s][info][gc,cpu         ] GC(118) User=0.00s Sys=0.00s Real=0.00s
[50.330s][info][gc,marking     ] GC(118) Concurrent Cleanup for Next Mark
[50.341s][info][gc,marking     ] GC(118) Concurrent Cleanup for Next Mark 11.019ms
[50.341s][info][gc             ] GC(118) Concurrent Mark Cycle 1311.417ms
[50.510s][info][gc,start       ] GC(122) Pause Full (System.gc())
[50.510s][info][gc,task        ] GC(122) Using 9 workers of 9 for full compaction
[50.510s][info][gc,phases,start] GC(122) Phase 1: Mark live objects
[50.872s][info][gc,phases      ] GC(122) Phase 1: Mark live objects 362.567ms
[50.873s][info][gc,phases,start] GC(122) Phase 2: Prepare for compaction
[50.878s][info][gc,phases      ] GC(122) Phase 2: Prepare for compaction 5.081ms
[50.878s][info][gc,phases,start] GC(122) Phase 3: Adjust pointers
[50.956s][info][gc,phases      ] GC(122) Phase 3: Adjust pointers 77.923ms
[50.956s][info][gc,phases,start] GC(122) Phase 4: Compact heap
[50.980s][info][gc,phases      ] GC(122) Phase 4: Compact heap 24.675ms
[50.985s][info][gc,heap        ] GC(122) Eden regions: 39->0(163)
[50.985s][info][gc,heap        ] GC(122) Survivor regions: 14->0(14)
[50.985s][info][gc,heap        ] GC(122) Old regions: 442->471
[50.985s][info][gc,heap        ] GC(122) Archive regions: 2->2
[50.985s][info][gc,heap        ] GC(122) Humongous regions: 35->0
[50.985s][info][gc,metaspace   ] GC(122) Metaspace: 2259K(2368K)->2259K(2368K) NonClass: 2055K(2112K)->2055K(2112K) Class: 204K(256K)->204K(256K)
[50.985s][info][gc             ] GC(122) Pause Full (System.gc()) 4237M->3735M(11728M) 475.553ms
[50.985s][info][gc,cpu         ] GC(122) User=4.02s Sys=0.11s Real=0.47s
[51.084s][info][gc,start       ] GC(123) Pause Young (Normal) (G1 Evacuation Pause)
[51.084s][info][gc,task        ] GC(123) Using 9 workers of 9 for evacuation
[51.505s][info][gc,mmu         ] GC(123) MMU target violated: 201.0ms (200.0ms/201.0ms)
[51.505s][info][gc,phases      ] GC(123)   Pre Evacuate Collection Set: 0.1ms
[51.505s][info][gc,phases      ] GC(123)   Merge Heap Roots: 0.2ms
[51.505s][info][gc,phases      ] GC(123)   Evacuate Collection Set: 420.0ms
[51.505s][info][gc,phases      ] GC(123)   Post Evacuate Collection Set: 0.5ms
[51.505s][info][gc,phases      ] GC(123)   Other: 0.1ms
[51.505s][info][gc,heap        ] GC(123) Eden regions: 163->0(93)
[51.505s][info][gc,heap        ] GC(123) Survivor regions: 0->21(21)
[51.505s][info][gc,heap        ] GC(123) Old regions: 471->613
[51.505s][info][gc,heap        ] GC(123) Archive regions: 2->2
[51.505s][info][gc,heap        ] GC(123) Humongous regions: 0->0
[51.505s][info][gc,metaspace   ] GC(123) Metaspace: 2260K(2368K)->2260K(2368K) NonClass: 2056K(2112K)->2056K(2112K) Class: 204K(256K)->204K(256K)
[51.505s][info][gc             ] GC(123) Pause Young (Normal) (G1 Evacuation Pause) 5039M->5035M(11728M) 420.936ms
[51.505s][info][gc,cpu         ] GC(123) User=2.24s Sys=0.77s Real=0.42s
[51.544s][info][gc,start       ] GC(124) Pause Young (Normal) (G1 Evacuation Pause)
[51.544s][info][gc,task        ] GC(124) Using 9 workers of 9 for evacuation
[51.831s][info][gc,mmu         ] GC(124) MMU target violated: 201.0ms (200.0ms/201.0ms)
[51.831s][info][gc,phases      ] GC(124)   Pre Evacuate Collection Set: 0.1ms
[51.831s][info][gc,phases      ] GC(124)   Merge Heap Roots: 0.2ms
[51.831s][info][gc,phases      ] GC(124)   Evacuate Collection Set: 287.0ms
[51.831s][info][gc,phases      ] GC(124)   Post Evacuate Collection Set: 0.4ms
[51.831s][info][gc,phases      ] GC(124)   Other: 0.1ms
[51.831s][info][gc,heap        ] GC(124) Eden regions: 93->0(68)
[51.831s][info][gc,heap        ] GC(124) Survivor regions: 21->15(15)
[51.831s][info][gc,heap        ] GC(124) Old regions: 613->714
[51.831s][info][gc,heap        ] GC(124) Archive regions: 2->2
[51.831s][info][gc,heap        ] GC(124) Humongous regions: 0->0
[51.831s][info][gc,metaspace   ] GC(124) Metaspace: 2260K(2368K)->2260K(2368K) NonClass: 2056K(2112K)->2056K(2112K) Class: 204K(256K)->204K(256K)
[51.831s][info][gc             ] GC(124) Pause Young (Normal) (G1 Evacuation Pause) 5779M->5799M(11952M) 287.885ms
[51.831s][info][gc,cpu         ] GC(124) User=1.49s Sys=0.54s Real=0.29s
[51.912s][info][gc,start       ] GC(125) Pause Young (Concurrent Start) (G1 Evacuation Pause)
[51.912s][info][gc,task        ] GC(125) Using 9 workers of 9 for evacuation
[52.131s][info][gc,mmu         ] GC(125) MMU target violated: 201.0ms (200.0ms/201.0ms)
[52.131s][info][gc,phases      ] GC(125)   Pre Evacuate Collection Set: 0.1ms
[52.131s][info][gc,phases      ] GC(125)   Merge Heap Roots: 0.2ms
[52.131s][info][gc,phases      ] GC(125)   Evacuate Collection Set: 217.9ms
[52.131s][info][gc,phases      ] GC(125)   Post Evacuate Collection Set: 0.2ms
[52.131s][info][gc,phases      ] GC(125)   Other: 0.1ms
[52.131s][info][gc,heap        ] GC(125) Eden regions: 68->0(63)
[52.131s][info][gc,heap        ] GC(125) Survivor regions: 15->11(11)
[52.131s][info][gc,heap        ] GC(125) Old regions: 714->788
[52.131s][info][gc,heap        ] GC(125) Archive regions: 2->2
[52.131s][info][gc,heap        ] GC(125) Humongous regions: 0->0
[52.131s][info][gc,metaspace   ] GC(125) Metaspace: 2260K(2368K)->2260K(2368K) NonClass: 2056K(2112K)->2056K(2112K) Class: 204K(256K)->204K(256K)
[52.131s][info][gc             ] GC(125) Pause Young (Concurrent Start) (G1 Evacuation Pause) 6343M->6359M(11952M) 218.558ms
[52.131s][info][gc,cpu         ] GC(125) User=1.02s Sys=0.43s Real=0.22s
[52.131s][info][gc             ] GC(126) Concurrent Mark Cycle
[52.131s][info][gc,marking     ] GC(126) Concurrent Clear Claimed Marks
[52.131s][info][gc,marking     ] GC(126) Concurrent Clear Claimed Marks 0.007ms
[52.131s][info][gc,marking     ] GC(126) Concurrent Scan Root Regions
[52.215s][info][gc,marking     ] GC(126) Concurrent Scan Root Regions 83.523ms
[52.215s][info][gc,marking     ] GC(126) Concurrent Mark
[52.215s][info][gc,marking     ] GC(126) Concurrent Mark From Roots
[52.215s][info][gc,task        ] GC(126) Using 2 workers of 2 for marking
[52.331s][info][gc,start       ] GC(127) Pause Young (Normal) (G1 Evacuation Pause)
[52.331s][info][gc,task        ] GC(127) Using 9 workers of 9 for evacuation
[52.437s][info][gc,phases      ] GC(127)   Pre Evacuate Collection Set: 0.1ms
[52.437s][info][gc,phases      ] GC(127)   Merge Heap Roots: 0.1ms
[52.437s][info][gc,phases      ] GC(127)   Evacuate Collection Set: 105.3ms
[52.437s][info][gc,phases      ] GC(127)   Post Evacuate Collection Set: 0.2ms
[52.437s][info][gc,phases      ] GC(127)   Other: 0.1ms
[52.437s][info][gc,heap        ] GC(127) Eden regions: 63->0(73)
[52.437s][info][gc,heap        ] GC(127) Survivor regions: 11->10(10)
[52.437s][info][gc,heap        ] GC(127) Old regions: 788->843
[52.437s][info][gc,heap        ] GC(127) Archive regions: 2->2
[52.437s][info][gc,heap        ] GC(127) Humongous regions: 47->47
[52.437s][info][gc,metaspace   ] GC(127) Metaspace: 2262K(2368K)->2262K(2368K) NonClass: 2057K(2112K)->2057K(2112K) Class: 204K(256K)->204K(256K)
[52.437s][info][gc             ] GC(127) Pause Young (Normal) (G1 Evacuation Pause) 7239M->7167M(11952M) 105.876ms
[52.437s][info][gc,cpu         ] GC(127) User=0.49s Sys=0.24s Real=0.10s
[52.732s][info][gc,start       ] GC(128) Pause Young (Normal) (G1 Evacuation Pause)
[52.732s][info][gc,task        ] GC(128) Using 9 workers of 9 for evacuation
[52.760s][info][gc,phases      ] GC(128)   Pre Evacuate Collection Set: 0.1ms
[52.760s][info][gc,phases      ] GC(128)   Merge Heap Roots: 0.1ms
[52.760s][info][gc,phases      ] GC(128)   Evacuate Collection Set: 27.3ms
[52.760s][info][gc,phases      ] GC(128)   Post Evacuate Collection Set: 0.1ms
[52.760s][info][gc,phases      ] GC(128)   Other: 0.1ms
[52.760s][info][gc,heap        ] GC(128) Eden regions: 73->0(91)
[52.760s][info][gc,heap        ] GC(128) Survivor regions: 10->0(11)
[52.760s][info][gc,heap        ] GC(128) Old regions: 843->856
[52.760s][info][gc,heap        ] GC(128) Archive regions: 2->2
[52.760s][info][gc,heap        ] GC(128) Humongous regions: 47->47
[52.760s][info][gc,metaspace   ] GC(128) Metaspace: 2262K(2368K)->2262K(2368K) NonClass: 2057K(2112K)->2057K(2112K) Class: 204K(256K)->204K(256K)
[52.760s][info][gc             ] GC(128) Pause Young (Normal) (G1 Evacuation Pause) 7751M->7187M(11952M) 27.672ms
[52.760s][info][gc,cpu         ] GC(128) User=0.07s Sys=0.08s Real=0.03s
[53.162s][info][gc,start       ] GC(129) Pause Young (Normal) (G1 Evacuation Pause)
[53.162s][info][gc,task        ] GC(129) Using 9 workers of 9 for evacuation
[53.163s][info][gc,phases      ] GC(129)   Pre Evacuate Collection Set: 0.1ms
[53.163s][info][gc,phases      ] GC(129)   Merge Heap Roots: 0.0ms
[53.163s][info][gc,phases      ] GC(129)   Evacuate Collection Set: 0.2ms
[53.163s][info][gc,phases      ] GC(129)   Post Evacuate Collection Set: 0.2ms
[53.163s][info][gc,phases      ] GC(129)   Other: 0.1ms
[53.163s][info][gc,heap        ] GC(129) Eden regions: 91->0(105)
[53.163s][info][gc,heap        ] GC(129) Survivor regions: 0->0(12)
[53.163s][info][gc,heap        ] GC(129) Old regions: 856->856
[53.163s][info][gc,heap        ] GC(129) Archive regions: 2->2
[53.163s][info][gc,heap        ] GC(129) Humongous regions: 47->47
[53.163s][info][gc,metaspace   ] GC(129) Metaspace: 2262K(2368K)->2262K(2368K) NonClass: 2057K(2112K)->2057K(2112K) Class: 204K(256K)->204K(256K)
[53.163s][info][gc             ] GC(129) Pause Young (Normal) (G1 Evacuation Pause) 7915M->7187M(12088M) 0.680ms
[53.163s][info][gc,cpu         ] GC(129) User=0.00s Sys=0.01s Real=0.00s
[53.715s][info][gc,start       ] GC(130) Pause Young (Normal) (G1 Evacuation Pause)
[53.715s][info][gc,task        ] GC(130) Using 9 workers of 9 for evacuation
[53.716s][info][gc,phases      ] GC(130)   Pre Evacuate Collection Set: 0.1ms
[53.716s][info][gc,phases      ] GC(130)   Merge Heap Roots: 0.0ms
[53.716s][info][gc,phases      ] GC(130)   Evacuate Collection Set: 0.3ms
[53.716s][info][gc,phases      ] GC(130)   Post Evacuate Collection Set: 0.2ms
[53.716s][info][gc,phases      ] GC(130)   Other: 0.1ms
[53.716s][info][gc,heap        ] GC(130) Eden regions: 105->0(111)
[53.716s][info][gc,heap        ] GC(130) Survivor regions: 0->1(14)
[53.716s][info][gc,heap        ] GC(130) Old regions: 856->856
[53.716s][info][gc,heap        ] GC(130) Archive regions: 2->2
[53.716s][info][gc,heap        ] GC(130) Humongous regions: 47->47
[53.716s][info][gc,metaspace   ] GC(130) Metaspace: 2262K(2368K)->2262K(2368K) NonClass: 2057K(2112K)->2057K(2112K) Class: 204K(256K)->204K(256K)
[53.716s][info][gc             ] GC(130) Pause Young (Normal) (G1 Evacuation Pause) 8027M->7188M(12088M) 0.653ms
[53.716s][info][gc,cpu         ] GC(130) User=0.00s Sys=0.01s Real=0.00s
[53.958s][info][gc,marking     ] GC(126) Concurrent Mark From Roots 1743.359ms
[53.958s][info][gc,marking     ] GC(126) Concurrent Preclean
[53.958s][info][gc,marking     ] GC(126) Concurrent Preclean 0.035ms
[53.958s][info][gc,start       ] GC(126) Pause Remark
[53.959s][info][gc             ] GC(126) Pause Remark 7333M->7333M(12288M) 0.828ms
[53.959s][info][gc,cpu         ] GC(126) User=0.01s Sys=0.01s Real=0.00s
[53.959s][info][gc,marking     ] GC(126) Concurrent Mark 1744.638ms
[53.959s][info][gc,marking     ] GC(126) Concurrent Rebuild Remembered Sets
[55.092s][info][gc,start       ] GC(131) Pause Young (Normal) (G1 Evacuation Pause)
[55.092s][info][gc,task        ] GC(131) Using 9 workers of 9 for evacuation
[55.096s][info][gc,phases      ] GC(131)   Pre Evacuate Collection Set: 0.5ms
[55.096s][info][gc,phases      ] GC(131)   Merge Heap Roots: 1.5ms
[55.096s][info][gc,phases      ] GC(131)   Evacuate Collection Set: 0.2ms
[55.096s][info][gc,phases      ] GC(131)   Post Evacuate Collection Set: 0.2ms
[55.096s][info][gc,phases      ] GC(131)   Other: 2.6ms
[55.096s][info][gc,heap        ] GC(131) Eden regions: 111->0(128)
[55.096s][info][gc,heap        ] GC(131) Survivor regions: 1->1(14)
[55.096s][info][gc,heap        ] GC(131) Old regions: 856->856
[55.096s][info][gc,heap        ] GC(131) Archive regions: 2->2
[55.096s][info][gc,heap        ] GC(131) Humongous regions: 47->47
[55.096s][info][gc,metaspace   ] GC(131) Metaspace: 2262K(2368K)->2262K(2368K) NonClass: 2057K(2112K)->2057K(2112K) Class: 204K(256K)->204K(256K)
[55.096s][info][gc             ] GC(131) Pause Young (Normal) (G1 Evacuation Pause) 8075M->7187M(12288M) 4.562ms
[55.096s][info][gc,cpu         ] GC(131) User=0.01s Sys=0.01s Real=0.00s
[55.648s][info][gc,start       ] GC(132) Pause Full (System.gc())
[55.648s][info][gc,task        ] GC(132) Using 9 workers of 9 for full compaction
[55.680s][info][gc,phases,start] GC(132) Phase 1: Mark live objects
[55.985s][info][gc,phases      ] GC(132) Phase 1: Mark live objects 305.241ms
[55.986s][info][gc,phases,start] GC(132) Phase 2: Prepare for compaction
[55.998s][info][gc,phases      ] GC(132) Phase 2: Prepare for compaction 12.253ms
[55.998s][info][gc,phases,start] GC(132) Phase 3: Adjust pointers
[56.071s][info][gc,phases      ] GC(132) Phase 3: Adjust pointers 73.284ms
[56.071s][info][gc,phases,start] GC(132) Phase 4: Compact heap
[56.078s][info][gc,phases      ] GC(132) Phase 4: Compact heap 7.143ms
[56.096s][info][gc,heap        ] GC(132) Eden regions: 31->0(147)
[56.096s][info][gc,heap        ] GC(132) Survivor regions: 1->0(14)
[56.096s][info][gc,heap        ] GC(132) Old regions: 856->423
[56.096s][info][gc,heap        ] GC(132) Archive regions: 2->2
[56.096s][info][gc,heap        ] GC(132) Humongous regions: 47->0
[56.096s][info][gc,metaspace   ] GC(132) Metaspace: 2262K(2368K)->2262K(2368K) NonClass: 2057K(2112K)->2057K(2112K) Class: 204K(256K)->204K(256K)
[56.096s][info][gc             ] GC(132) Pause Full (System.gc()) 7433M->3359M(11336M) 448.450ms
[56.096s][info][gc,cpu         ] GC(132) User=2.36s Sys=0.92s Real=0.44s
[56.096s][info][gc,marking     ] GC(126) Concurrent Rebuild Remembered Sets 2137.166ms
[56.096s][info][gc,marking     ] GC(126) Concurrent Mark Abort
[56.096s][info][gc             ] GC(126) Concurrent Mark Cycle 3965.406ms
[57.300s][info][gc,start       ] GC(133) Pause Young (Normal) (G1 Evacuation Pause)
[57.300s][info][gc,task        ] GC(133) Using 9 workers of 9 for evacuation
[57.537s][info][gc,mmu         ] GC(133) MMU target violated: 201.0ms (200.0ms/201.0ms)
[57.537s][info][gc,phases      ] GC(133)   Pre Evacuate Collection Set: 0.1ms
[57.537s][info][gc,phases      ] GC(133)   Merge Heap Roots: 0.0ms
[57.537s][info][gc,phases      ] GC(133)   Evacuate Collection Set: 236.5ms
[57.537s][info][gc,phases      ] GC(133)   Post Evacuate Collection Set: 0.2ms
[57.537s][info][gc,phases      ] GC(133)   Other: 0.1ms
[57.537s][info][gc,heap        ] GC(133) Eden regions: 147->0(112)
[57.537s][info][gc,heap        ] GC(133) Survivor regions: 0->19(19)
[57.537s][info][gc,heap        ] GC(133) Old regions: 423->488
[57.537s][info][gc,heap        ] GC(133) Archive regions: 2->2
[57.537s][info][gc,heap        ] GC(133) Humongous regions: 35->35
[57.537s][info][gc,metaspace   ] GC(133) Metaspace: 2262K(2368K)->2262K(2368K) NonClass: 2057K(2112K)->2057K(2112K) Class: 204K(256K)->204K(256K)
[57.537s][info][gc             ] GC(133) Pause Young (Normal) (G1 Evacuation Pause) 4815M->4311M(11336M) 237.020ms
[57.537s][info][gc,cpu         ] GC(133) User=0.47s Sys=0.71s Real=0.23s
[57.817s][info][gc,start       ] GC(134) Pause Young (Normal) (G1 Evacuation Pause)
[57.817s][info][gc,task        ] GC(134) Using 9 workers of 9 for evacuation
[58.002s][info][gc,phases      ] GC(134)   Pre Evacuate Collection Set: 0.1ms
[58.002s][info][gc,phases      ] GC(134)   Merge Heap Roots: 0.1ms
[58.002s][info][gc,phases      ] GC(134)   Evacuate Collection Set: 184.7ms
[58.002s][info][gc,phases      ] GC(134)   Post Evacuate Collection Set: 0.2ms
[58.002s][info][gc,phases      ] GC(134)   Other: 0.1ms
[58.002s][info][gc,heap        ] GC(134) Eden regions: 112->0(85)
[58.002s][info][gc,heap        ] GC(134) Survivor regions: 19->17(17)
[58.002s][info][gc,heap        ] GC(134) Old regions: 488->556
[58.002s][info][gc,heap        ] GC(134) Archive regions: 2->2
[58.002s][info][gc,heap        ] GC(134) Humongous regions: 35->35
[58.002s][info][gc,metaspace   ] GC(134) Metaspace: 2262K(2368K)->2262K(2368K) NonClass: 2057K(2112K)->2057K(2112K) Class: 204K(256K)->204K(256K)
[58.002s][info][gc             ] GC(134) Pause Young (Normal) (G1 Evacuation Pause) 5207M->4834M(11336M) 185.275ms
[58.002s][info][gc,cpu         ] GC(134) User=0.67s Sys=0.38s Real=0.19s
[58.208s][info][gc,start       ] GC(135) Pause Young (Normal) (G1 Evacuation Pause)
[58.208s][info][gc,task        ] GC(135) Using 9 workers of 9 for evacuation
[58.350s][info][gc,phases      ] GC(135)   Pre Evacuate Collection Set: 0.1ms
[58.350s][info][gc,phases      ] GC(135)   Merge Heap Roots: 0.1ms
[58.350s][info][gc,phases      ] GC(135)   Evacuate Collection Set: 140.9ms
[58.350s][info][gc,phases      ] GC(135)   Post Evacuate Collection Set: 0.2ms
[58.350s][info][gc,phases      ] GC(135)   Other: 0.1ms
[58.350s][info][gc,heap        ] GC(135) Eden regions: 85->0(92)
[58.350s][info][gc,heap        ] GC(135) Survivor regions: 17->13(13)
[58.350s][info][gc,heap        ] GC(135) Old regions: 556->610
[58.350s][info][gc,heap        ] GC(135) Archive regions: 2->2
[58.350s][info][gc,heap        ] GC(135) Humongous regions: 35->35
[58.350s][info][gc,metaspace   ] GC(135) Metaspace: 2262K(2368K)->2262K(2368K) NonClass: 2057K(2112K)->2057K(2112K) Class: 204K(256K)->204K(256K)
[58.350s][info][gc             ] GC(135) Pause Young (Normal) (G1 Evacuation Pause) 5514M->5235M(11336M) 141.558ms
[58.350s][info][gc,cpu         ] GC(135) User=0.51s Sys=0.29s Real=0.14s
[58.573s][info][gc,start       ] GC(136) Pause Young (Concurrent Start) (G1 Evacuation Pause)
[58.573s][info][gc,task        ] GC(136) Using 9 workers of 9 for evacuation
[58.726s][info][gc,phases      ] GC(136)   Pre Evacuate Collection Set: 0.1ms
[58.726s][info][gc,phases      ] GC(136)   Merge Heap Roots: 0.1ms
[58.726s][info][gc,phases      ] GC(136)   Evacuate Collection Set: 152.1ms
[58.726s][info][gc,phases      ] GC(136)   Post Evacuate Collection Set: 0.6ms
[58.726s][info][gc,phases      ] GC(136)   Other: 0.2ms
[58.726s][info][gc,heap        ] GC(136) Eden regions: 92->0(93)
[58.726s][info][gc,heap        ] GC(136) Survivor regions: 13->14(14)
[58.726s][info][gc,heap        ] GC(136) Old regions: 610->663
[58.726s][info][gc,heap        ] GC(136) Archive regions: 2->2
[58.726s][info][gc,heap        ] GC(136) Humongous regions: 35->35
[58.726s][info][gc,metaspace   ] GC(136) Metaspace: 2262K(2368K)->2262K(2368K) NonClass: 2057K(2112K)->2057K(2112K) Class: 204K(256K)->204K(256K)
[58.726s][info][gc             ] GC(136) Pause Young (Concurrent Start) (G1 Evacuation Pause) 5971M->5671M(11720M) 153.253ms
[58.726s][info][gc,cpu         ] GC(136) User=0.52s Sys=0.23s Real=0.15s
[58.726s][info][gc             ] GC(137) Concurrent Mark Cycle
[58.726s][info][gc,marking     ] GC(137) Concurrent Clear Claimed Marks
[58.726s][info][gc,marking     ] GC(137) Concurrent Clear Claimed Marks 0.008ms
[58.726s][info][gc,marking     ] GC(137) Concurrent Scan Root Regions
[58.765s][info][gc,marking     ] GC(137) Concurrent Scan Root Regions 38.737ms
[58.765s][info][gc,marking     ] GC(137) Concurrent Mark
[58.765s][info][gc,marking     ] GC(137) Concurrent Mark From Roots
[58.765s][info][gc,task        ] GC(137) Using 2 workers of 2 for marking
[59.026s][info][gc,start       ] GC(138) Pause Young (Normal) (G1 Evacuation Pause)
[59.026s][info][gc,task        ] GC(138) Using 9 workers of 9 for evacuation
[59.222s][info][gc,phases      ] GC(138)   Pre Evacuate Collection Set: 0.1ms
[59.222s][info][gc,phases      ] GC(138)   Merge Heap Roots: 0.1ms
[59.222s][info][gc,phases      ] GC(138)   Evacuate Collection Set: 196.2ms
[59.222s][info][gc,phases      ] GC(138)   Post Evacuate Collection Set: 0.2ms
[59.222s][info][gc,phases      ] GC(138)   Other: 0.1ms
[59.222s][info][gc,heap        ] GC(138) Eden regions: 93->0(91)
[59.222s][info][gc,heap        ] GC(138) Survivor regions: 14->14(14)
[59.222s][info][gc,heap        ] GC(138) Old regions: 663->719
[59.222s][info][gc,heap        ] GC(138) Archive regions: 2->2
[59.222s][info][gc,heap        ] GC(138) Humongous regions: 35->35
[59.222s][info][gc,metaspace   ] GC(138) Metaspace: 2262K(2368K)->2262K(2368K) NonClass: 2057K(2112K)->2057K(2112K) Class: 204K(256K)->204K(256K)
[59.222s][info][gc             ] GC(138) Pause Young (Normal) (G1 Evacuation Pause) 6415M->6115M(11720M) 196.916ms
[59.222s][info][gc,cpu         ] GC(138) User=0.97s Sys=0.25s Real=0.20s
[59.266s][info][gc,marking     ] GC(137) Concurrent Mark From Roots 501.002ms
[59.266s][info][gc,marking     ] GC(137) Concurrent Preclean
[59.266s][info][gc,marking     ] GC(137) Concurrent Preclean 0.021ms
[59.266s][info][gc,start       ] GC(137) Pause Remark
[59.268s][info][gc             ] GC(137) Pause Remark 6251M->3022M(10136M) 2.029ms
[59.268s][info][gc,cpu         ] GC(137) User=0.00s Sys=0.02s Real=0.01s
[59.268s][info][gc,marking     ] GC(137) Concurrent Mark 503.184ms
[59.268s][info][gc,marking     ] GC(137) Concurrent Rebuild Remembered Sets
[59.621s][info][gc,start       ] GC(139) Pause Young (Normal) (G1 Evacuation Pause)
[59.621s][info][gc,task        ] GC(139) Using 9 workers of 9 for evacuation
[59.705s][info][gc,phases      ] GC(139)   Pre Evacuate Collection Set: 0.1ms
[59.705s][info][gc,phases      ] GC(139)   Merge Heap Roots: 0.1ms
[59.705s][info][gc,phases      ] GC(139)   Evacuate Collection Set: 84.1ms
[59.705s][info][gc,phases      ] GC(139)   Post Evacuate Collection Set: 0.2ms
[59.705s][info][gc,phases      ] GC(139)   Other: 0.1ms
[59.705s][info][gc,heap        ] GC(139) Eden regions: 91->0(110)
[59.705s][info][gc,heap        ] GC(139) Survivor regions: 14->14(14)
[59.705s][info][gc,heap        ] GC(139) Old regions: 312->367
[59.705s][info][gc,heap        ] GC(139) Archive regions: 2->2
[59.705s][info][gc,heap        ] GC(139) Humongous regions: 35->35
[59.705s][info][gc,metaspace   ] GC(139) Metaspace: 2262K(2368K)->2262K(2368K) NonClass: 2057K(2112K)->2057K(2112K) Class: 204K(256K)->204K(256K)
[59.705s][info][gc             ] GC(139) Pause Young (Normal) (G1 Evacuation Pause) 3614M->3322M(10136M) 84.702ms
[59.705s][info][gc,cpu         ] GC(139) User=0.59s Sys=0.14s Real=0.08s
[59.847s][info][gc,marking     ] GC(137) Concurrent Rebuild Remembered Sets 578.255ms
[59.847s][info][gc,start       ] GC(137) Pause Cleanup
[59.847s][info][gc             ] GC(137) Pause Cleanup 3766M->3766M(10136M) 0.135ms
[59.847s][info][gc,cpu         ] GC(137) User=0.00s Sys=0.00s Real=0.00s
[59.847s][info][gc,marking     ] GC(137) Concurrent Cleanup for Next Mark
[59.855s][info][gc,marking     ] GC(137) Concurrent Cleanup for Next Mark 7.846ms
[59.855s][info][gc             ] GC(137) Concurrent Mark Cycle 1128.420ms
[59.986s][info][gc,start       ] GC(140) Pause Young (Prepare Mixed) (G1 Evacuation Pause)
[59.986s][info][gc,task        ] GC(140) Using 9 workers of 9 for evacuation
[60.082s][info][gc,phases      ] GC(140)   Pre Evacuate Collection Set: 0.1ms
[60.082s][info][gc,phases      ] GC(140)   Merge Heap Roots: 0.1ms
[60.082s][info][gc,phases      ] GC(140)   Evacuate Collection Set: 95.7ms
[60.082s][info][gc,phases      ] GC(140)   Post Evacuate Collection Set: 0.3ms
[60.082s][info][gc,phases      ] GC(140)   Other: 0.1ms
[60.082s][info][gc,heap        ] GC(140) Eden regions: 110->0(47)
[60.082s][info][gc,heap        ] GC(140) Survivor regions: 14->16(16)
[60.082s][info][gc,heap        ] GC(140) Old regions: 367->430
[60.082s][info][gc,heap        ] GC(140) Archive regions: 2->2
[60.082s][info][gc,heap        ] GC(140) Humongous regions: 35->35
[60.082s][info][gc,metaspace   ] GC(140) Metaspace: 2262K(2368K)->2262K(2368K) NonClass: 2057K(2112K)->2057K(2112K) Class: 204K(256K)->204K(256K)
[60.082s][info][gc             ] GC(140) Pause Young (Prepare Mixed) (G1 Evacuation Pause) 4202M->3846M(10136M) 96.434ms
[60.082s][info][gc,cpu         ] GC(140) User=0.69s Sys=0.14s Real=0.10s
[60.096s][info][gc,start       ] GC(141) Pause Young (Mixed) (G1 Evacuation Pause)
[60.096s][info][gc,task        ] GC(141) Using 9 workers of 9 for evacuation
[60.158s][info][gc,phases      ] GC(141)   Pre Evacuate Collection Set: 0.1ms
[60.158s][info][gc,phases      ] GC(141)   Merge Heap Roots: 0.1ms
[60.158s][info][gc,phases      ] GC(141)   Evacuate Collection Set: 62.5ms
[60.158s][info][gc,phases      ] GC(141)   Post Evacuate Collection Set: 0.2ms
[60.158s][info][gc,phases      ] GC(141)   Other: 0.0ms
[60.158s][info][gc,heap        ] GC(141) Eden regions: 47->0(128)
[60.158s][info][gc,heap        ] GC(141) Survivor regions: 16->8(8)
[60.158s][info][gc,heap        ] GC(141) Old regions: 430->484
[60.158s][info][gc,heap        ] GC(141) Archive regions: 2->2
[60.158s][info][gc,heap        ] GC(141) Humongous regions: 35->35
[60.158s][info][gc,metaspace   ] GC(141) Metaspace: 2262K(2368K)->2262K(2368K) NonClass: 2057K(2112K)->2057K(2112K) Class: 204K(256K)->204K(256K)
[60.158s][info][gc             ] GC(141) Pause Young (Mixed) (G1 Evacuation Pause) 4222M->4211M(10136M) 62.936ms
[60.158s][info][gc,cpu         ] GC(141) User=0.41s Sys=0.13s Real=0.07s
[62.890s][info][gc,start       ] GC(142) Pause Full (System.gc())
[62.890s][info][gc,task        ] GC(142) Using 9 workers of 9 for full compaction
[62.890s][info][gc,phases,start] GC(142) Phase 1: Mark live objects
[63.238s][info][gc,phases      ] GC(142) Phase 1: Mark live objects 347.750ms
[63.238s][info][gc,phases,start] GC(142) Phase 2: Prepare for compaction
[63.241s][info][gc,phases      ] GC(142) Phase 2: Prepare for compaction 3.755ms
[63.241s][info][gc,phases,start] GC(142) Phase 3: Adjust pointers
[63.320s][info][gc,phases      ] GC(142) Phase 3: Adjust pointers 78.650ms
[63.320s][info][gc,phases,start] GC(142) Phase 4: Compact heap
[63.329s][info][gc,phases      ] GC(142) Phase 4: Compact heap 8.478ms
[63.332s][info][gc,heap        ] GC(142) Eden regions: 4->0(140)
[63.332s][info][gc,heap        ] GC(142) Survivor regions: 8->0(8)
[63.332s][info][gc,heap        ] GC(142) Old regions: 484->470
[63.332s][info][gc,heap        ] GC(142) Archive regions: 2->2
[63.332s][info][gc,heap        ] GC(142) Humongous regions: 35->0
[63.332s][info][gc,metaspace   ] GC(142) Metaspace: 2262K(2368K)->2262K(2368K) NonClass: 2057K(2112K)->2057K(2112K) Class: 204K(256K)->204K(256K)
[63.332s][info][gc             ] GC(142) Pause Full (System.gc()) 4239M->3736M(10136M) 442.611ms
[63.332s][info][gc,cpu         ] GC(142) User=3.86s Sys=0.07s Real=0.44s
[63.421s][info][gc,start       ] GC(143) Pause Young (Normal) (G1 Evacuation Pause)
[63.421s][info][gc,task        ] GC(143) Using 9 workers of 9 for evacuation
[63.578s][info][gc,phases      ] GC(143)   Pre Evacuate Collection Set: 0.1ms
[63.578s][info][gc,phases      ] GC(143)   Merge Heap Roots: 0.2ms
[63.578s][info][gc,phases      ] GC(143)   Evacuate Collection Set: 157.0ms
[63.578s][info][gc,phases      ] GC(143)   Post Evacuate Collection Set: 0.2ms
[63.578s][info][gc,phases      ] GC(143)   Other: 0.1ms
[63.578s][info][gc,heap        ] GC(143) Eden regions: 140->0(124)
[63.578s][info][gc,heap        ] GC(143) Survivor regions: 0->18(18)
[63.578s][info][gc,heap        ] GC(143) Old regions: 470->592
[63.578s][info][gc,heap        ] GC(143) Archive regions: 2->2
[63.578s][info][gc,heap        ] GC(143) Humongous regions: 0->0
[63.578s][info][gc,metaspace   ] GC(143) Metaspace: 2262K(2368K)->2262K(2368K) NonClass: 2057K(2112K)->2057K(2112K) Class: 204K(256K)->204K(256K)
[63.578s][info][gc             ] GC(143) Pause Young (Normal) (G1 Evacuation Pause) 4856M->4852M(10136M) 157.655ms
[63.578s][info][gc,cpu         ] GC(143) User=0.99s Sys=0.30s Real=0.16s
[63.620s][info][gc,start       ] GC(144) Pause Young (Concurrent Start) (G1 Evacuation Pause)
[63.620s][info][gc,task        ] GC(144) Using 9 workers of 9 for evacuation
[63.883s][info][gc,mmu         ] GC(144) MMU target violated: 201.0ms (200.0ms/201.0ms)
[63.884s][info][gc,phases      ] GC(144)   Pre Evacuate Collection Set: 0.1ms
[63.884s][info][gc,phases      ] GC(144)   Merge Heap Roots: 0.3ms
[63.884s][info][gc,phases      ] GC(144)   Evacuate Collection Set: 262.7ms
[63.884s][info][gc,phases      ] GC(144)   Post Evacuate Collection Set: 0.6ms
[63.884s][info][gc,phases      ] GC(144)   Other: 0.1ms
[63.884s][info][gc,heap        ] GC(144) Eden regions: 124->0(74)
[63.884s][info][gc,heap        ] GC(144) Survivor regions: 18->18(18)
[63.884s][info][gc,heap        ] GC(144) Old regions: 592->717
[63.884s][info][gc,heap        ] GC(144) Archive regions: 2->2
[63.884s][info][gc,heap        ] GC(144) Humongous regions: 0->0
[63.884s][info][gc,metaspace   ] GC(144) Metaspace: 2262K(2368K)->2262K(2368K) NonClass: 2057K(2112K)->2057K(2112K) Class: 204K(256K)->204K(256K)
[63.884s][info][gc             ] GC(144) Pause Young (Concurrent Start) (G1 Evacuation Pause) 5844M->5852M(11000M) 263.840ms
[63.884s][info][gc,cpu         ] GC(144) User=1.21s Sys=0.58s Real=0.26s
[63.884s][info][gc             ] GC(145) Concurrent Mark Cycle
[63.884s][info][gc,marking     ] GC(145) Concurrent Clear Claimed Marks
[63.884s][info][gc,marking     ] GC(145) Concurrent Clear Claimed Marks 0.011ms
[63.884s][info][gc,marking     ] GC(145) Concurrent Scan Root Regions
[64.050s][info][gc,marking     ] GC(145) Concurrent Scan Root Regions 166.750ms
[64.050s][info][gc,start       ] GC(146) Pause Young (Normal) (G1 Evacuation Pause)
[64.050s][info][gc,marking     ] GC(145) Concurrent Mark
[64.050s][info][gc,task        ] GC(146) Using 9 workers of 9 for evacuation
[64.050s][info][gc,marking     ] GC(145) Concurrent Mark From Roots
[64.050s][info][gc,task        ] GC(145) Using 2 workers of 2 for marking
[64.299s][info][gc,mmu         ] GC(146) MMU target violated: 201.0ms (200.0ms/201.0ms)
[64.299s][info][gc,phases      ] GC(146)   Pre Evacuate Collection Set: 18.0ms
[64.299s][info][gc,phases      ] GC(146)   Merge Heap Roots: 0.2ms
[64.299s][info][gc,phases      ] GC(146)   Evacuate Collection Set: 247.9ms
[64.299s][info][gc,phases      ] GC(146)   Post Evacuate Collection Set: 0.2ms
[64.299s][info][gc,phases      ] GC(146)   Other: 0.1ms
[64.299s][info][gc,heap        ] GC(146) Eden regions: 74->0(69)
[64.299s][info][gc,heap        ] GC(146) Survivor regions: 18->12(12)
[64.299s][info][gc,heap        ] GC(146) Old regions: 717->799
[64.299s][info][gc,heap        ] GC(146) Archive regions: 2->2
[64.299s][info][gc,heap        ] GC(146) Humongous regions: 0->0
[64.299s][info][gc,metaspace   ] GC(146) Metaspace: 2262K(2368K)->2262K(2368K) NonClass: 2057K(2112K)->2057K(2112K) Class: 204K(256K)->204K(256K)
[64.299s][info][gc             ] GC(146) Pause Young (Normal) (G1 Evacuation Pause) 6444M->6460M(11000M) 248.495ms
[64.299s][info][gc,cpu         ] GC(146) User=1.45s Sys=0.42s Real=0.25s
[64.552s][info][gc,start       ] GC(147) Pause Young (Normal) (G1 Evacuation Pause)
[64.553s][info][gc,task        ] GC(147) Using 9 workers of 9 for evacuation
[64.679s][info][gc,phases      ] GC(147)   Pre Evacuate Collection Set: 0.2ms
[64.679s][info][gc,phases      ] GC(147)   Merge Heap Roots: 0.1ms
[64.679s][info][gc,phases      ] GC(147)   Evacuate Collection Set: 126.0ms
[64.679s][info][gc,phases      ] GC(147)   Post Evacuate Collection Set: 0.2ms
[64.679s][info][gc,phases      ] GC(147)   Other: 0.4ms
[64.679s][info][gc,heap        ] GC(147) Eden regions: 69->0(80)
[64.679s][info][gc,heap        ] GC(147) Survivor regions: 12->11(11)
[64.679s][info][gc,heap        ] GC(147) Old regions: 799->841
[64.679s][info][gc,heap        ] GC(147) Archive regions: 2->2
[64.679s][info][gc,heap        ] GC(147) Humongous regions: 47->47
[64.679s][info][gc,metaspace   ] GC(147) Metaspace: 2262K(2368K)->2262K(2368K) NonClass: 2057K(2112K)->2057K(2112K) Class: 204K(256K)->204K(256K)
[64.679s][info][gc             ] GC(147) Pause Young (Normal) (G1 Evacuation Pause) 7388M->7168M(11000M) 127.004ms
[64.679s][info][gc,cpu         ] GC(147) User=0.54s Sys=0.28s Real=0.13s
[65.030s][info][gc,start       ] GC(148) Pause Young (Normal) (G1 Evacuation Pause)
[65.030s][info][gc,task        ] GC(148) Using 9 workers of 9 for evacuation
[65.057s][info][gc,phases      ] GC(148)   Pre Evacuate Collection Set: 0.1ms
[65.057s][info][gc,phases      ] GC(148)   Merge Heap Roots: 0.1ms
[65.057s][info][gc,phases      ] GC(148)   Evacuate Collection Set: 27.0ms
[65.057s][info][gc,phases      ] GC(148)   Post Evacuate Collection Set: 0.2ms
[65.057s][info][gc,phases      ] GC(148)   Other: 0.1ms
[65.057s][info][gc,heap        ] GC(148) Eden regions: 80->0(114)
[65.057s][info][gc,heap        ] GC(148) Survivor regions: 11->0(12)
[65.057s][info][gc,heap        ] GC(148) Old regions: 841->854
[65.057s][info][gc,heap        ] GC(148) Archive regions: 2->2
[65.057s][info][gc,heap        ] GC(148) Humongous regions: 47->47
[65.057s][info][gc,metaspace   ] GC(148) Metaspace: 2262K(2368K)->2262K(2368K) NonClass: 2058K(2112K)->2058K(2112K) Class: 204K(256K)->204K(256K)
[65.057s][info][gc             ] GC(148) Pause Young (Normal) (G1 Evacuation Pause) 7808M->7184M(11000M) 27.374ms
[65.057s][info][gc,cpu         ] GC(148) User=0.12s Sys=0.06s Real=0.02s
[65.583s][info][gc,start       ] GC(149) Pause Young (Normal) (G1 Evacuation Pause)
[65.583s][info][gc,task        ] GC(149) Using 9 workers of 9 for evacuation
[65.583s][info][gc,phases      ] GC(149)   Pre Evacuate Collection Set: 0.1ms
[65.583s][info][gc,phases      ] GC(149)   Merge Heap Roots: 0.0ms
[65.583s][info][gc,phases      ] GC(149)   Evacuate Collection Set: 0.2ms
[65.583s][info][gc,phases      ] GC(149)   Post Evacuate Collection Set: 0.2ms
[65.583s][info][gc,phases      ] GC(149)   Other: 0.1ms
[65.583s][info][gc,heap        ] GC(149) Eden regions: 114->0(129)
[65.583s][info][gc,heap        ] GC(149) Survivor regions: 0->0(15)
[65.583s][info][gc,heap        ] GC(149) Old regions: 854->854
[65.583s][info][gc,heap        ] GC(149) Archive regions: 2->2
[65.583s][info][gc,heap        ] GC(149) Humongous regions: 47->47
[65.583s][info][gc,metaspace   ] GC(149) Metaspace: 2262K(2368K)->2262K(2368K) NonClass: 2058K(2112K)->2058K(2112K) Class: 204K(256K)->204K(256K)
[65.583s][info][gc             ] GC(149) Pause Young (Normal) (G1 Evacuation Pause) 8096M->7184M(11000M) 0.685ms
[65.583s][info][gc,cpu         ] GC(149) User=0.00s Sys=0.00s Real=0.00s
[65.856s][info][gc,marking     ] GC(145) Concurrent Mark From Roots 1805.964ms
[65.856s][info][gc,marking     ] GC(145) Concurrent Preclean
[65.856s][info][gc,marking     ] GC(145) Concurrent Preclean 0.025ms
[65.857s][info][gc,start       ] GC(145) Pause Remark
[65.860s][info][gc             ] GC(145) Pause Remark 7612M->7612M(12288M) 3.025ms
[65.860s][info][gc,cpu         ] GC(145) User=0.00s Sys=0.00s Real=0.01s
[65.860s][info][gc,marking     ] GC(145) Concurrent Mark 1809.178ms
[65.860s][info][gc,marking     ] GC(145) Concurrent Rebuild Remembered Sets
[66.744s][info][gc,start       ] GC(150) Pause Young (Normal) (G1 Evacuation Pause)
[66.744s][info][gc,task        ] GC(150) Using 9 workers of 9 for evacuation
[66.747s][info][gc,phases      ] GC(150)   Pre Evacuate Collection Set: 0.2ms
[66.747s][info][gc,phases      ] GC(150)   Merge Heap Roots: 0.2ms
[66.747s][info][gc,phases      ] GC(150)   Evacuate Collection Set: 0.4ms
[66.748s][info][gc,phases      ] GC(150)   Post Evacuate Collection Set: 2.8ms
[66.748s][info][gc,phases      ] GC(150)   Other: 0.1ms
[66.748s][info][gc,heap        ] GC(150) Eden regions: 129->0(75)
[66.748s][info][gc,heap        ] GC(150) Survivor regions: 0->1(17)
[66.748s][info][gc,heap        ] GC(150) Old regions: 854->854
[66.748s][info][gc,heap        ] GC(150) Archive regions: 2->2
[66.748s][info][gc,heap        ] GC(150) Humongous regions: 47->47
[66.748s][info][gc,metaspace   ] GC(150) Metaspace: 2262K(2368K)->2262K(2368K) NonClass: 2058K(2112K)->2058K(2112K) Class: 204K(256K)->204K(256K)
[66.748s][info][gc             ] GC(150) Pause Young (Normal) (G1 Evacuation Pause) 8216M->7185M(12288M) 3.591ms
[66.748s][info][gc,cpu         ] GC(150) User=0.00s Sys=0.00s Real=0.00s
[67.547s][info][gc,start       ] GC(151) Pause Full (System.gc())
[67.547s][info][gc,task        ] GC(151) Using 9 workers of 9 for full compaction
[67.580s][info][gc,phases,start] GC(151) Phase 1: Mark live objects
[67.781s][info][gc,phases      ] GC(151) Phase 1: Mark live objects 200.762ms
[67.781s][info][gc,phases,start] GC(151) Phase 2: Prepare for compaction
[67.794s][info][gc,phases      ] GC(151) Phase 2: Prepare for compaction 12.857ms
[67.794s][info][gc,phases,start] GC(151) Phase 3: Adjust pointers
[67.866s][info][gc,phases      ] GC(151) Phase 3: Adjust pointers 71.693ms
[67.866s][info][gc,phases,start] GC(151) Phase 4: Compact heap
[67.870s][info][gc,phases      ] GC(151) Phase 4: Compact heap 4.544ms
[67.902s][info][gc,heap        ] GC(151) Eden regions: 69->0(71)
[67.902s][info][gc,heap        ] GC(151) Survivor regions: 1->0(17)
[67.902s][info][gc,heap        ] GC(151) Old regions: 854->424
[67.902s][info][gc,heap        ] GC(151) Archive regions: 2->2
[67.902s][info][gc,heap        ] GC(151) Humongous regions: 47->0
[67.902s][info][gc,metaspace   ] GC(151) Metaspace: 2262K(2368K)->2262K(2368K) NonClass: 2058K(2112K)->2058K(2112K) Class: 204K(256K)->204K(256K)
[67.902s][info][gc             ] GC(151) Pause Full (System.gc()) 7736M->3361M(11360M) 355.220ms
[67.902s][info][gc,cpu         ] GC(151) User=2.33s Sys=0.37s Real=0.36s
[67.902s][info][gc,marking     ] GC(145) Concurrent Rebuild Remembered Sets 2042.378ms
[67.902s][info][gc,marking     ] GC(145) Concurrent Mark Abort
[67.902s][info][gc             ] GC(145) Concurrent Mark Cycle 4018.399ms
[68.802s][info][gc,start       ] GC(152) Pause Young (Normal) (G1 Evacuation Pause)
[68.802s][info][gc,task        ] GC(152) Using 9 workers of 9 for evacuation
[68.826s][info][gc,phases      ] GC(152)   Pre Evacuate Collection Set: 0.1ms
[68.826s][info][gc,phases      ] GC(152)   Merge Heap Roots: 0.1ms
[68.826s][info][gc,phases      ] GC(152)   Evacuate Collection Set: 23.6ms
[68.826s][info][gc,phases      ] GC(152)   Post Evacuate Collection Set: 0.1ms
[68.826s][info][gc,phases      ] GC(152)   Other: 0.1ms
[68.826s][info][gc,heap        ] GC(152) Eden regions: 71->0(62)
[68.826s][info][gc,heap        ] GC(152) Survivor regions: 0->9(9)
[68.826s][info][gc,heap        ] GC(152) Old regions: 424->451
[68.827s][info][gc,heap        ] GC(152) Archive regions: 2->2
[68.827s][info][gc,heap        ] GC(152) Humongous regions: 35->35
[68.827s][info][gc,metaspace   ] GC(152) Metaspace: 2262K(2368K)->2262K(2368K) NonClass: 2058K(2112K)->2058K(2112K) Class: 204K(256K)->204K(256K)
[68.827s][info][gc             ] GC(152) Pause Young (Normal) (G1 Evacuation Pause) 4209M->3927M(11360M) 24.113ms
[68.827s][info][gc,cpu         ] GC(152) User=0.18s Sys=0.03s Real=0.02s
[68.950s][info][gc,start       ] GC(153) Pause Young (Normal) (G1 Evacuation Pause)
[68.950s][info][gc,task        ] GC(153) Using 9 workers of 9 for evacuation
[68.994s][info][gc,phases      ] GC(153)   Pre Evacuate Collection Set: 0.1ms
[68.994s][info][gc,phases      ] GC(153)   Merge Heap Roots: 0.1ms
[68.994s][info][gc,phases      ] GC(153)   Evacuate Collection Set: 43.6ms
[68.994s][info][gc,phases      ] GC(153)   Post Evacuate Collection Set: 0.1ms
[68.994s][info][gc,phases      ] GC(153)   Other: 0.1ms
[68.994s][info][gc,heap        ] GC(153) Eden regions: 62->0(97)
[68.994s][info][gc,heap        ] GC(153) Survivor regions: 9->9(9)
[68.994s][info][gc,heap        ] GC(153) Old regions: 451->491
[68.994s][info][gc,heap        ] GC(153) Archive regions: 2->2
[68.994s][info][gc,heap        ] GC(153) Humongous regions: 35->35
[68.994s][info][gc,metaspace   ] GC(153) Metaspace: 2262K(2368K)->2262K(2368K) NonClass: 2058K(2112K)->2058K(2112K) Class: 204K(256K)->204K(256K)
[68.994s][info][gc             ] GC(153) Pause Young (Normal) (G1 Evacuation Pause) 4423M->4248M(11360M) 44.166ms
[68.994s][info][gc,cpu         ] GC(153) User=0.35s Sys=0.03s Real=0.04s
[69.269s][info][gc,start       ] GC(154) Pause Young (Normal) (G1 Evacuation Pause)
[69.269s][info][gc,task        ] GC(154) Using 9 workers of 9 for evacuation
[69.376s][info][gc,phases      ] GC(154)   Pre Evacuate Collection Set: 0.1ms
[69.376s][info][gc,phases      ] GC(154)   Merge Heap Roots: 0.1ms
[69.376s][info][gc,phases      ] GC(154)   Evacuate Collection Set: 106.2ms
[69.376s][info][gc,phases      ] GC(154)   Post Evacuate Collection Set: 0.2ms
[69.376s][info][gc,phases      ] GC(154)   Other: 0.1ms
[69.376s][info][gc,heap        ] GC(154) Eden regions: 97->0(80)
[69.376s][info][gc,heap        ] GC(154) Survivor regions: 9->14(14)
[69.376s][info][gc,heap        ] GC(154) Old regions: 491->544
[69.376s][info][gc,heap        ] GC(154) Archive regions: 2->2
[69.376s][info][gc,heap        ] GC(154) Humongous regions: 35->35
[69.376s][info][gc,metaspace   ] GC(154) Metaspace: 2262K(2368K)->2262K(2368K) NonClass: 2058K(2112K)->2058K(2112K) Class: 204K(256K)->204K(256K)
[69.376s][info][gc             ] GC(154) Pause Young (Normal) (G1 Evacuation Pause) 5024M->4707M(11360M) 106.789ms
[69.376s][info][gc,cpu         ] GC(154) User=0.75s Sys=0.09s Real=0.10s
[69.568s][info][gc,start       ] GC(155) Pause Young (Normal) (G1 Evacuation Pause)
[69.568s][info][gc,task        ] GC(155) Using 9 workers of 9 for evacuation
[69.628s][info][gc,phases      ] GC(155)   Pre Evacuate Collection Set: 0.1ms
[69.628s][info][gc,phases      ] GC(155)   Merge Heap Roots: 0.1ms
[69.628s][info][gc,phases      ] GC(155)   Evacuate Collection Set: 59.5ms
[69.628s][info][gc,phases      ] GC(155)   Post Evacuate Collection Set: 0.2ms
[69.628s][info][gc,phases      ] GC(155)   Other: 0.1ms
[69.628s][info][gc,heap        ] GC(155) Eden regions: 80->0(99)
[69.628s][info][gc,heap        ] GC(155) Survivor regions: 14->12(12)
[69.628s][info][gc,heap        ] GC(155) Old regions: 544->594
[69.628s][info][gc,heap        ] GC(155) Archive regions: 2->2
[69.628s][info][gc,heap        ] GC(155) Humongous regions: 35->35
[69.628s][info][gc,metaspace   ] GC(155) Metaspace: 2262K(2368K)->2262K(2368K) NonClass: 2058K(2112K)->2058K(2112K) Class: 204K(256K)->204K(256K)
[69.628s][info][gc             ] GC(155) Pause Young (Normal) (G1 Evacuation Pause) 5347M->5093M(11360M) 60.025ms
[69.628s][info][gc,cpu         ] GC(155) User=0.50s Sys=0.02s Real=0.06s
[69.864s][info][gc,start       ] GC(156) Pause Young (Normal) (G1 Evacuation Pause)
[69.864s][info][gc,task        ] GC(156) Using 9 workers of 9 for evacuation
[69.944s][info][gc,phases      ] GC(156)   Pre Evacuate Collection Set: 0.1ms
[69.944s][info][gc,phases      ] GC(156)   Merge Heap Roots: 0.1ms
[69.944s][info][gc,phases      ] GC(156)   Evacuate Collection Set: 79.7ms
[69.944s][info][gc,phases      ] GC(156)   Post Evacuate Collection Set: 0.3ms
[69.944s][info][gc,phases      ] GC(156)   Other: 0.1ms
[69.944s][info][gc,heap        ] GC(156) Eden regions: 99->0(115)
[69.944s][info][gc,heap        ] GC(156) Survivor regions: 12->14(14)
[69.944s][info][gc,heap        ] GC(156) Old regions: 594->650
[69.944s][info][gc,heap        ] GC(156) Archive regions: 2->2
[69.944s][info][gc,heap        ] GC(156) Humongous regions: 35->35
[69.944s][info][gc,metaspace   ] GC(156) Metaspace: 2262K(2368K)->2262K(2368K) NonClass: 2058K(2112K)->2058K(2112K) Class: 204K(256K)->204K(256K)
[69.944s][info][gc             ] GC(156) Pause Young (Normal) (G1 Evacuation Pause) 5885M->5561M(11648M) 80.416ms
[69.944s][info][gc,cpu         ] GC(156) User=0.63s Sys=0.06s Real=0.08s
[70.303s][info][gc,start       ] GC(157) Pause Young (Concurrent Start) (G1 Evacuation Pause)
[70.303s][info][gc,task        ] GC(157) Using 9 workers of 9 for evacuation
[70.458s][info][gc,phases      ] GC(157)   Pre Evacuate Collection Set: 0.1ms
[70.458s][info][gc,phases      ] GC(157)   Merge Heap Roots: 0.2ms
[70.458s][info][gc,phases      ] GC(157)   Evacuate Collection Set: 154.1ms
[70.458s][info][gc,phases      ] GC(157)   Post Evacuate Collection Set: 0.2ms
[70.458s][info][gc,phases      ] GC(157)   Other: 0.4ms
[70.458s][info][gc,heap        ] GC(157) Eden regions: 115->0(55)
[70.458s][info][gc,heap        ] GC(157) Survivor regions: 14->17(17)
[70.458s][info][gc,heap        ] GC(157) Old regions: 650->715
[70.458s][info][gc,heap        ] GC(157) Archive regions: 2->2
[70.458s][info][gc,heap        ] GC(157) Humongous regions: 35->35
[70.458s][info][gc,metaspace   ] GC(157) Metaspace: 2262K(2368K)->2262K(2368K) NonClass: 2058K(2112K)->2058K(2112K) Class: 204K(256K)->204K(256K)
[70.458s][info][gc             ] GC(157) Pause Young (Concurrent Start) (G1 Evacuation Pause) 6481M->6105M(11648M) 155.034ms
[70.458s][info][gc,cpu         ] GC(157) User=1.02s Sys=0.18s Real=0.16s
[70.458s][info][gc             ] GC(158) Concurrent Mark Cycle
[70.458s][info][gc,marking     ] GC(158) Concurrent Clear Claimed Marks
[70.458s][info][gc,marking     ] GC(158) Concurrent Clear Claimed Marks 0.007ms
[70.458s][info][gc,marking     ] GC(158) Concurrent Scan Root Regions
[70.505s][info][gc,marking     ] GC(158) Concurrent Scan Root Regions 46.893ms
[70.505s][info][gc,marking     ] GC(158) Concurrent Mark
[70.505s][info][gc,marking     ] GC(158) Concurrent Mark From Roots
[70.505s][info][gc,task        ] GC(158) Using 2 workers of 2 for marking
[70.609s][info][gc,start       ] GC(159) Pause Young (Normal) (G1 Evacuation Pause)
[70.609s][info][gc,task        ] GC(159) Using 9 workers of 9 for evacuation
[70.679s][info][gc,phases      ] GC(159)   Pre Evacuate Collection Set: 0.1ms
[70.679s][info][gc,phases      ] GC(159)   Merge Heap Roots: 0.1ms
[70.679s][info][gc,phases      ] GC(159)   Evacuate Collection Set: 70.0ms
[70.679s][info][gc,phases      ] GC(159)   Post Evacuate Collection Set: 0.2ms
[70.679s][info][gc,phases      ] GC(159)   Other: 0.1ms
[70.679s][info][gc,heap        ] GC(159) Eden regions: 55->0(87)
[70.679s][info][gc,heap        ] GC(159) Survivor regions: 17->9(9)
[70.679s][info][gc,heap        ] GC(159) Old regions: 715->757
[70.679s][info][gc,heap        ] GC(159) Archive regions: 2->2
[70.679s][info][gc,heap        ] GC(159) Humongous regions: 35->35
[70.679s][info][gc,metaspace   ] GC(159) Metaspace: 2262K(2368K)->2262K(2368K) NonClass: 2058K(2112K)->2058K(2112K) Class: 204K(256K)->204K(256K)
[70.679s][info][gc             ] GC(159) Pause Young (Normal) (G1 Evacuation Pause) 6545M->6377M(11648M) 70.585ms
[70.679s][info][gc,cpu         ] GC(159) User=0.38s Sys=0.12s Real=0.07s
[70.927s][info][gc,start       ] GC(160) Pause Young (Normal) (G1 Evacuation Pause)
[70.927s][info][gc,task        ] GC(160) Using 9 workers of 9 for evacuation
[70.990s][info][gc,phases      ] GC(160)   Pre Evacuate Collection Set: 0.1ms
[70.990s][info][gc,phases      ] GC(160)   Merge Heap Roots: 0.2ms
[70.990s][info][gc,phases      ] GC(160)   Evacuate Collection Set: 62.9ms
[70.990s][info][gc,phases      ] GC(160)   Post Evacuate Collection Set: 0.2ms
[70.990s][info][gc,phases      ] GC(160)   Other: 0.1ms
[70.990s][info][gc,heap        ] GC(160) Eden regions: 87->0(110)
[70.990s][info][gc,heap        ] GC(160) Survivor regions: 9->12(12)
[70.990s][info][gc,heap        ] GC(160) Old regions: 757->806
[70.990s][info][gc,heap        ] GC(160) Archive regions: 2->2
[70.990s][info][gc,heap        ] GC(160) Humongous regions: 35->35
[70.990s][info][gc,metaspace   ] GC(160) Metaspace: 2262K(2368K)->2262K(2368K) NonClass: 2058K(2112K)->2058K(2112K) Class: 204K(256K)->204K(256K)
[70.990s][info][gc             ] GC(160) Pause Young (Normal) (G1 Evacuation Pause) 7073M->6793M(11648M) 63.497ms
[70.990s][info][gc,cpu         ] GC(160) User=0.48s Sys=0.05s Real=0.07s
[71.078s][info][gc,marking     ] GC(158) Concurrent Mark From Roots 572.880ms
[71.078s][info][gc,marking     ] GC(158) Concurrent Preclean
[71.078s][info][gc,marking     ] GC(158) Concurrent Preclean 0.026ms
[71.078s][info][gc,start       ] GC(158) Pause Remark
[71.079s][info][gc             ] GC(158) Pause Remark 7057M->3821M(11648M) 0.820ms
[71.079s][info][gc,cpu         ] GC(158) User=0.00s Sys=0.00s Real=0.00s
[71.079s][info][gc,marking     ] GC(158) Concurrent Mark 573.843ms
[71.079s][info][gc,marking     ] GC(158) Concurrent Rebuild Remembered Sets
[71.172s][info][gc,start       ] GC(161) Pause Young (Normal) (G1 Evacuation Pause)
[71.172s][info][gc,task        ] GC(161) Using 9 workers of 9 for evacuation
[71.268s][info][gc,phases      ] GC(161)   Pre Evacuate Collection Set: 0.1ms
[71.268s][info][gc,phases      ] GC(161)   Merge Heap Roots: 0.1ms
[71.268s][info][gc,phases      ] GC(161)   Evacuate Collection Set: 94.9ms
[71.268s][info][gc,phases      ] GC(161)   Post Evacuate Collection Set: 0.2ms
[71.268s][info][gc,phases      ] GC(161)   Other: 0.1ms
[71.268s][info][gc,heap        ] GC(161) Eden regions: 110->0(124)
[71.268s][info][gc,heap        ] GC(161) Survivor regions: 12->16(16)
[71.268s][info][gc,heap        ] GC(161) Old regions: 398->477
[71.268s][info][gc,heap        ] GC(161) Archive regions: 2->2
[71.268s][info][gc,heap        ] GC(161) Humongous regions: 35->35
[71.268s][info][gc,metaspace   ] GC(161) Metaspace: 2262K(2368K)->2262K(2368K) NonClass: 2058K(2112K)->2058K(2112K) Class: 204K(256K)->204K(256K)
[71.268s][info][gc             ] GC(161) Pause Young (Normal) (G1 Evacuation Pause) 4437M->4221M(11648M) 95.454ms
[71.268s][info][gc,cpu         ] GC(161) User=0.62s Sys=0.14s Real=0.09s
[71.885s][info][gc,marking     ] GC(158) Concurrent Rebuild Remembered Sets 805.547ms
[71.885s][info][gc,start       ] GC(158) Pause Cleanup
[71.885s][info][gc             ] GC(158) Pause Cleanup 4257M->4257M(11648M) 0.152ms
[71.885s][info][gc,cpu         ] GC(158) User=0.00s Sys=0.00s Real=0.00s
[71.885s][info][gc,marking     ] GC(158) Concurrent Cleanup for Next Mark
[71.893s][info][gc,marking     ] GC(158) Concurrent Cleanup for Next Mark 8.620ms
[71.893s][info][gc             ] GC(158) Concurrent Mark Cycle 1435.314ms
[74.093s][info][gc,start       ] GC(162) Pause Full (System.gc())
[74.093s][info][gc,task        ] GC(162) Using 9 workers of 9 for full compaction
[74.093s][info][gc,phases,start] GC(162) Phase 1: Mark live objects
[74.439s][info][gc,phases      ] GC(162) Phase 1: Mark live objects 345.798ms
[74.439s][info][gc,phases,start] GC(162) Phase 2: Prepare for compaction
[74.444s][info][gc,phases      ] GC(162) Phase 2: Prepare for compaction 5.083ms
[74.444s][info][gc,phases,start] GC(162) Phase 3: Adjust pointers
[74.522s][info][gc,phases      ] GC(162) Phase 3: Adjust pointers 78.302ms
[74.522s][info][gc,phases,start] GC(162) Phase 4: Compact heap
[74.537s][info][gc,phases      ] GC(162) Phase 4: Compact heap 14.590ms
[74.547s][info][gc,heap        ] GC(162) Eden regions: 5->0(206)
[74.547s][info][gc,heap        ] GC(162) Survivor regions: 16->0(16)
[74.547s][info][gc,heap        ] GC(162) Old regions: 477->471
[74.547s][info][gc,heap        ] GC(162) Archive regions: 2->2
[74.547s][info][gc,heap        ] GC(162) Humongous regions: 35->0
[74.547s][info][gc,metaspace   ] GC(162) Metaspace: 2262K(2368K)->2262K(2368K) NonClass: 2058K(2112K)->2058K(2112K) Class: 204K(256K)->204K(256K)
[74.547s][info][gc             ] GC(162) Pause Full (System.gc()) 4257M->3736M(11648M) 454.450ms
[74.547s][info][gc,cpu         ] GC(162) User=3.86s Sys=0.08s Real=0.45s
[74.791s][info][gc,start       ] GC(163) Pause Young (Normal) (G1 Evacuation Pause)
[74.791s][info][gc,task        ] GC(163) Using 9 workers of 9 for evacuation
[75.245s][info][gc,mmu         ] GC(163) MMU target violated: 201.0ms (200.0ms/201.0ms)
[75.245s][info][gc,phases      ] GC(163)   Pre Evacuate Collection Set: 0.1ms
[75.245s][info][gc,phases      ] GC(163)   Merge Heap Roots: 0.3ms
[75.245s][info][gc,phases      ] GC(163)   Evacuate Collection Set: 453.4ms
[75.245s][info][gc,phases      ] GC(163)   Post Evacuate Collection Set: 0.5ms
[75.245s][info][gc,phases      ] GC(163)   Other: 0.1ms
[75.245s][info][gc,heap        ] GC(163) Eden regions: 206->0(52)
[75.245s][info][gc,heap        ] GC(163) Survivor regions: 0->26(26)
[75.245s][info][gc,heap        ] GC(163) Old regions: 471->653
[75.245s][info][gc,heap        ] GC(163) Archive regions: 2->2
[75.245s][info][gc,heap        ] GC(163) Humongous regions: 0->0
[75.245s][info][gc,metaspace   ] GC(163) Metaspace: 2266K(2432K)->2266K(2432K) NonClass: 2062K(2176K)->2062K(2176K) Class: 204K(256K)->204K(256K)
[75.245s][info][gc             ] GC(163) Pause Young (Normal) (G1 Evacuation Pause) 5384M->5400M(11840M) 454.459ms
[75.245s][info][gc,cpu         ] GC(163) User=2.48s Sys=0.78s Real=0.45s
[75.288s][info][gc,start       ] GC(164) Pause Young (Normal) (G1 Evacuation Pause)
[75.288s][info][gc,task        ] GC(164) Using 9 workers of 9 for evacuation
[75.470s][info][gc,phases      ] GC(164)   Pre Evacuate Collection Set: 0.1ms
[75.470s][info][gc,phases      ] GC(164)   Merge Heap Roots: 0.2ms
[75.470s][info][gc,phases      ] GC(164)   Evacuate Collection Set: 181.4ms
[75.470s][info][gc,phases      ] GC(164)   Post Evacuate Collection Set: 0.2ms
[75.470s][info][gc,phases      ] GC(164)   Other: 0.1ms
[75.470s][info][gc,heap        ] GC(164) Eden regions: 52->0(64)
[75.470s][info][gc,heap        ] GC(164) Survivor regions: 26->10(10)
[75.470s][info][gc,heap        ] GC(164) Old regions: 653->723
[75.470s][info][gc,heap        ] GC(164) Archive regions: 2->2
[75.470s][info][gc,heap        ] GC(164) Humongous regions: 0->0
[75.470s][info][gc,metaspace   ] GC(164) Metaspace: 2266K(2432K)->2266K(2432K) NonClass: 2062K(2176K)->2062K(2176K) Class: 204K(256K)->204K(256K)
[75.470s][info][gc             ] GC(164) Pause Young (Normal) (G1 Evacuation Pause) 5816M->5832M(11840M) 181.993ms
[75.470s][info][gc,cpu         ] GC(164) User=0.92s Sys=0.31s Real=0.19s
[75.509s][info][gc,start       ] GC(165) Pause Young (Concurrent Start) (G1 Evacuation Pause)
[75.509s][info][gc,task        ] GC(165) Using 9 workers of 9 for evacuation
[75.693s][info][gc,phases      ] GC(165)   Pre Evacuate Collection Set: 0.1ms
[75.693s][info][gc,phases      ] GC(165)   Merge Heap Roots: 0.1ms
[75.693s][info][gc,phases      ] GC(165)   Evacuate Collection Set: 183.3ms
[75.693s][info][gc,phases      ] GC(165)   Post Evacuate Collection Set: 0.2ms
[75.693s][info][gc,phases      ] GC(165)   Other: 0.1ms
[75.693s][info][gc,heap        ] GC(165) Eden regions: 64->0(66)
[75.693s][info][gc,heap        ] GC(165) Survivor regions: 10->10(10)
[75.693s][info][gc,heap        ] GC(165) Old regions: 723->789
[75.693s][info][gc,heap        ] GC(165) Archive regions: 2->2
[75.693s][info][gc,heap        ] GC(165) Humongous regions: 0->0
[75.693s][info][gc,metaspace   ] GC(165) Metaspace: 2266K(2432K)->2266K(2432K) NonClass: 2062K(2176K)->2062K(2176K) Class: 204K(256K)->204K(256K)
[75.693s][info][gc             ] GC(165) Pause Young (Concurrent Start) (G1 Evacuation Pause) 6344M->6356M(11840M) 183.837ms
[75.693s][info][gc,cpu         ] GC(165) User=0.89s Sys=0.33s Real=0.18s
[75.693s][info][gc             ] GC(166) Concurrent Mark Cycle
[75.693s][info][gc,marking     ] GC(166) Concurrent Clear Claimed Marks
[75.693s][info][gc,marking     ] GC(166) Concurrent Clear Claimed Marks 0.008ms
[75.693s][info][gc,marking     ] GC(166) Concurrent Scan Root Regions
[75.764s][info][gc,marking     ] GC(166) Concurrent Scan Root Regions 70.874ms
[75.764s][info][gc,marking     ] GC(166) Concurrent Mark
[75.764s][info][gc,marking     ] GC(166) Concurrent Mark From Roots
[75.764s][info][gc,task        ] GC(166) Using 2 workers of 2 for marking
[75.930s][info][gc,start       ] GC(167) Pause Young (Normal) (G1 Evacuation Pause)
[75.930s][info][gc,task        ] GC(167) Using 9 workers of 9 for evacuation
[76.028s][info][gc,phases      ] GC(167)   Pre Evacuate Collection Set: 0.1ms
[76.028s][info][gc,phases      ] GC(167)   Merge Heap Roots: 0.1ms
[76.028s][info][gc,phases      ] GC(167)   Evacuate Collection Set: 97.1ms
[76.028s][info][gc,phases      ] GC(167)   Post Evacuate Collection Set: 0.2ms
[76.028s][info][gc,phases      ] GC(167)   Other: 0.1ms
[76.028s][info][gc,heap        ] GC(167) Eden regions: 66->0(82)
[76.028s][info][gc,heap        ] GC(167) Survivor regions: 10->10(10)
[76.028s][info][gc,heap        ] GC(167) Old regions: 789->843
[76.028s][info][gc,heap        ] GC(167) Archive regions: 2->2
[76.028s][info][gc,heap        ] GC(167) Humongous regions: 47->47
[76.028s][info][gc,metaspace   ] GC(167) Metaspace: 2267K(2432K)->2267K(2432K) NonClass: 2063K(2176K)->2063K(2176K) Class: 204K(256K)->204K(256K)
[76.028s][info][gc             ] GC(167) Pause Young (Normal) (G1 Evacuation Pause) 7260M->7168M(11840M) 97.650ms
[76.028s][info][gc,cpu         ] GC(167) User=0.47s Sys=0.23s Real=0.09s
[76.368s][info][gc,start       ] GC(168) Pause Young (Normal) (G1 Evacuation Pause)
[76.368s][info][gc,task        ] GC(168) Using 9 workers of 9 for evacuation
[76.386s][info][gc,phases      ] GC(168)   Pre Evacuate Collection Set: 0.1ms
[76.386s][info][gc,phases      ] GC(168)   Merge Heap Roots: 0.1ms
[76.386s][info][gc,phases      ] GC(168)   Evacuate Collection Set: 17.4ms
[76.386s][info][gc,phases      ] GC(168)   Post Evacuate Collection Set: 0.2ms
[76.386s][info][gc,phases      ] GC(168)   Other: 0.1ms
[76.386s][info][gc,heap        ] GC(168) Eden regions: 82->0(119)
[76.386s][info][gc,heap        ] GC(168) Survivor regions: 10->0(12)
[76.386s][info][gc,heap        ] GC(168) Old regions: 843->856
[76.386s][info][gc,heap        ] GC(168) Archive regions: 2->2
[76.386s][info][gc,heap        ] GC(168) Humongous regions: 47->47
[76.386s][info][gc,metaspace   ] GC(168) Metaspace: 2267K(2432K)->2267K(2432K) NonClass: 2063K(2176K)->2063K(2176K) Class: 204K(256K)->204K(256K)
[76.386s][info][gc             ] GC(168) Pause Young (Normal) (G1 Evacuation Pause) 7824M->7188M(12024M) 17.916ms
[76.386s][info][gc,cpu         ] GC(168) User=0.07s Sys=0.05s Real=0.01s
[76.951s][info][gc,start       ] GC(169) Pause Young (Normal) (G1 Evacuation Pause)
[76.952s][info][gc,task        ] GC(169) Using 9 workers of 9 for evacuation
[76.952s][info][gc,phases      ] GC(169)   Pre Evacuate Collection Set: 0.1ms
[76.952s][info][gc,phases      ] GC(169)   Merge Heap Roots: 0.0ms
[76.952s][info][gc,phases      ] GC(169)   Evacuate Collection Set: 0.1ms
[76.952s][info][gc,phases      ] GC(169)   Post Evacuate Collection Set: 0.2ms
[76.952s][info][gc,phases      ] GC(169)   Other: 0.4ms
[76.952s][info][gc,heap        ] GC(169) Eden regions: 119->0(137)
[76.952s][info][gc,heap        ] GC(169) Survivor regions: 0->0(15)
[76.952s][info][gc,heap        ] GC(169) Old regions: 856->856
[76.952s][info][gc,heap        ] GC(169) Archive regions: 2->2
[76.952s][info][gc,heap        ] GC(169) Humongous regions: 47->47
[76.952s][info][gc,metaspace   ] GC(169) Metaspace: 2267K(2432K)->2267K(2432K) NonClass: 2063K(2176K)->2063K(2176K) Class: 204K(256K)->204K(256K)
[76.952s][info][gc             ] GC(169) Pause Young (Normal) (G1 Evacuation Pause) 8140M->7188M(12024M) 0.889ms
[76.952s][info][gc,cpu         ] GC(169) User=0.00s Sys=0.00s Real=0.00s
[77.703s][info][gc,marking     ] GC(166) Concurrent Mark From Roots 1939.071ms
[77.703s][info][gc,marking     ] GC(166) Concurrent Preclean
[77.703s][info][gc,marking     ] GC(166) Concurrent Preclean 0.022ms
[77.703s][info][gc,start       ] GC(166) Pause Remark
[77.704s][info][gc             ] GC(166) Pause Remark 7863M->7863M(12288M) 0.985ms
[77.704s][info][gc,cpu         ] GC(166) User=0.00s Sys=0.01s Real=0.00s
[77.704s][info][gc,marking     ] GC(166) Concurrent Mark 1940.200ms
[77.704s][info][gc,marking     ] GC(166) Concurrent Rebuild Remembered Sets
[78.332s][info][gc,start       ] GC(170) Pause Young (Normal) (G1 Evacuation Pause)
[78.332s][info][gc,task        ] GC(170) Using 9 workers of 9 for evacuation
[78.332s][info][gc,phases      ] GC(170)   Pre Evacuate Collection Set: 0.1ms
[78.332s][info][gc,phases      ] GC(170)   Merge Heap Roots: 0.0ms
[78.332s][info][gc,phases      ] GC(170)   Evacuate Collection Set: 0.2ms
[78.332s][info][gc,phases      ] GC(170)   Post Evacuate Collection Set: 0.2ms
[78.332s][info][gc,phases      ] GC(170)   Other: 0.1ms
[78.332s][info][gc,heap        ] GC(170) Eden regions: 137->0(108)
[78.332s][info][gc,heap        ] GC(170) Survivor regions: 0->1(18)
[78.332s][info][gc,heap        ] GC(170) Old regions: 856->856
[78.332s][info][gc,heap        ] GC(170) Archive regions: 2->2
[78.332s][info][gc,heap        ] GC(170) Humongous regions: 47->47
[78.332s][info][gc,metaspace   ] GC(170) Metaspace: 2267K(2432K)->2267K(2432K) NonClass: 2063K(2176K)->2063K(2176K) Class: 204K(256K)->204K(256K)
[78.332s][info][gc             ] GC(170) Pause Young (Normal) (G1 Evacuation Pause) 8284M->7189M(12288M) 0.597ms
[78.332s][info][gc,cpu         ] GC(170) User=0.00s Sys=0.00s Real=0.00s
[79.241s][info][gc,start       ] GC(171) Pause Full (System.gc())
[79.241s][info][gc,task        ] GC(171) Using 9 workers of 9 for full compaction
[79.275s][info][gc,phases,start] GC(171) Phase 1: Mark live objects
[79.573s][info][gc,phases      ] GC(171) Phase 1: Mark live objects 297.783ms
[79.573s][info][gc,phases,start] GC(171) Phase 2: Prepare for compaction
[79.594s][info][gc,phases      ] GC(171) Phase 2: Prepare for compaction 20.634ms
[79.594s][info][gc,phases,start] GC(171) Phase 3: Adjust pointers
[79.669s][info][gc,phases      ] GC(171) Phase 3: Adjust pointers 74.794ms
[79.669s][info][gc,phases,start] GC(171) Phase 4: Compact heap
[79.686s][info][gc,phases      ] GC(171) Phase 4: Compact heap 17.219ms
[79.709s][info][gc,heap        ] GC(171) Eden regions: 71->0(144)
[79.709s][info][gc,heap        ] GC(171) Survivor regions: 1->0(18)
[79.709s][info][gc,heap        ] GC(171) Old regions: 856->423
[79.709s][info][gc,heap        ] GC(171) Archive regions: 2->2
[79.709s][info][gc,heap        ] GC(171) Humongous regions: 47->0
[79.709s][info][gc,metaspace   ] GC(171) Metaspace: 2267K(2432K)->2267K(2432K) NonClass: 2063K(2176K)->2063K(2176K) Class: 204K(256K)->204K(256K)
[79.709s][info][gc             ] GC(171) Pause Full (System.gc()) 7754M->3360M(11336M) 467.904ms
[79.709s][info][gc,cpu         ] GC(171) User=2.40s Sys=1.03s Real=0.47s
[79.709s][info][gc,marking     ] GC(166) Concurrent Rebuild Remembered Sets 2005.207ms
[79.709s][info][gc,marking     ] GC(166) Concurrent Mark Abort
[79.709s][info][gc             ] GC(166) Concurrent Mark Cycle 4016.352ms
[80.870s][info][gc,start       ] GC(172) Pause Young (Normal) (G1 Evacuation Pause)
[80.870s][info][gc,task        ] GC(172) Using 9 workers of 9 for evacuation
[81.029s][info][gc,phases      ] GC(172)   Pre Evacuate Collection Set: 0.1ms
[81.029s][info][gc,phases      ] GC(172)   Merge Heap Roots: 0.0ms
[81.029s][info][gc,phases      ] GC(172)   Evacuate Collection Set: 158.4ms
[81.029s][info][gc,phases      ] GC(172)   Post Evacuate Collection Set: 0.2ms
[81.029s][info][gc,phases      ] GC(172)   Other: 0.1ms
[81.029s][info][gc,heap        ] GC(172) Eden regions: 144->0(127)
[81.029s][info][gc,heap        ] GC(172) Survivor regions: 0->18(18)
[81.029s][info][gc,heap        ] GC(172) Old regions: 423->488
[81.029s][info][gc,heap        ] GC(172) Archive regions: 2->2
[81.029s][info][gc,heap        ] GC(172) Humongous regions: 35->35
[81.029s][info][gc,metaspace   ] GC(172) Metaspace: 2267K(2432K)->2267K(2432K) NonClass: 2063K(2176K)->2063K(2176K) Class: 204K(256K)->204K(256K)
[81.029s][info][gc             ] GC(172) Pause Young (Normal) (G1 Evacuation Pause) 4792M->4297M(11336M) 158.873ms
[81.029s][info][gc,cpu         ] GC(172) User=0.47s Sys=0.46s Real=0.16s
[81.355s][info][gc,start       ] GC(173) Pause Young (Normal) (G1 Evacuation Pause)
[81.355s][info][gc,task        ] GC(173) Using 9 workers of 9 for evacuation
[81.533s][info][gc,phases      ] GC(173)   Pre Evacuate Collection Set: 0.1ms
[81.533s][info][gc,phases      ] GC(173)   Merge Heap Roots: 0.2ms
[81.533s][info][gc,phases      ] GC(173)   Evacuate Collection Set: 177.3ms
[81.533s][info][gc,phases      ] GC(173)   Post Evacuate Collection Set: 0.2ms
[81.533s][info][gc,phases      ] GC(173)   Other: 0.1ms
[81.533s][info][gc,heap        ] GC(173) Eden regions: 127->0(101)
[81.533s][info][gc,heap        ] GC(173) Survivor regions: 18->19(19)
[81.533s][info][gc,heap        ] GC(173) Old regions: 488->561
[81.533s][info][gc,heap        ] GC(173) Archive regions: 2->2
[81.533s][info][gc,heap        ] GC(173) Humongous regions: 35->35
[81.533s][info][gc,metaspace   ] GC(173) Metaspace: 2267K(2432K)->2267K(2432K) NonClass: 2063K(2176K)->2063K(2176K) Class: 204K(256K)->204K(256K)
[81.533s][info][gc             ] GC(173) Pause Young (Normal) (G1 Evacuation Pause) 5313M->4894M(11336M) 177.988ms
[81.533s][info][gc,cpu         ] GC(173) User=0.76s Sys=0.42s Real=0.18s
[81.776s][info][gc,start       ] GC(174) Pause Young (Normal) (G1 Evacuation Pause)
[81.776s][info][gc,task        ] GC(174) Using 9 workers of 9 for evacuation
[81.946s][info][gc,phases      ] GC(174)   Pre Evacuate Collection Set: 0.1ms
[81.946s][info][gc,phases      ] GC(174)   Merge Heap Roots: 0.2ms
[81.946s][info][gc,phases      ] GC(174)   Evacuate Collection Set: 169.5ms
[81.946s][info][gc,phases      ] GC(174)   Post Evacuate Collection Set: 0.2ms
[81.946s][info][gc,phases      ] GC(174)   Other: 0.1ms
[81.946s][info][gc,heap        ] GC(174) Eden regions: 101->0(98)
[81.946s][info][gc,heap        ] GC(174) Survivor regions: 19->15(15)
[81.946s][info][gc,heap        ] GC(174) Old regions: 561->626
[81.946s][info][gc,heap        ] GC(174) Archive regions: 2->2
[81.946s][info][gc,heap        ] GC(174) Humongous regions: 35->35
[81.946s][info][gc,metaspace   ] GC(174) Metaspace: 2267K(2432K)->2267K(2432K) NonClass: 2063K(2176K)->2063K(2176K) Class: 204K(256K)->204K(256K)
[81.947s][info][gc             ] GC(174) Pause Young (Normal) (G1 Evacuation Pause) 5702M->5380M(11336M) 170.152ms
[81.947s][info][gc,cpu         ] GC(174) User=0.61s Sys=0.33s Real=0.17s
[82.181s][info][gc,start       ] GC(175) Pause Young (Concurrent Start) (G1 Evacuation Pause)
[82.181s][info][gc,task        ] GC(175) Using 9 workers of 9 for evacuation
[82.322s][info][gc,phases      ] GC(175)   Pre Evacuate Collection Set: 0.1ms
[82.322s][info][gc,phases      ] GC(175)   Merge Heap Roots: 0.1ms
[82.322s][info][gc,phases      ] GC(175)   Evacuate Collection Set: 140.2ms
[82.322s][info][gc,phases      ] GC(175)   Post Evacuate Collection Set: 0.3ms
[82.322s][info][gc,phases      ] GC(175)   Other: 0.2ms
[82.322s][info][gc,heap        ] GC(175) Eden regions: 98->0(78)
[82.322s][info][gc,heap        ] GC(175) Survivor regions: 15->15(15)
[82.322s][info][gc,heap        ] GC(175) Old regions: 626->684
[82.322s][info][gc,heap        ] GC(175) Archive regions: 2->2
[82.322s][info][gc,heap        ] GC(175) Humongous regions: 35->35
[82.322s][info][gc,metaspace   ] GC(175) Metaspace: 2267K(2432K)->2267K(2432K) NonClass: 2063K(2176K)->2063K(2176K) Class: 204K(256K)->204K(256K)
[82.322s][info][gc             ] GC(175) Pause Young (Concurrent Start) (G1 Evacuation Pause) 6164M->5848M(11672M) 141.053ms
[82.322s][info][gc,cpu         ] GC(175) User=0.59s Sys=0.32s Real=0.14s
[82.323s][info][gc             ] GC(176) Concurrent Mark Cycle
[82.323s][info][gc,marking     ] GC(176) Concurrent Clear Claimed Marks
[82.323s][info][gc,marking     ] GC(176) Concurrent Clear Claimed Marks 0.008ms
[82.323s][info][gc,marking     ] GC(176) Concurrent Scan Root Regions
[82.365s][info][gc,marking     ] GC(176) Concurrent Scan Root Regions 41.949ms
[82.365s][info][gc,marking     ] GC(176) Concurrent Mark
[82.365s][info][gc,marking     ] GC(176) Concurrent Mark From Roots
[82.365s][info][gc,task        ] GC(176) Using 2 workers of 2 for marking
[82.578s][info][gc,start       ] GC(177) Pause Young (Normal) (G1 Evacuation Pause)
[82.579s][info][gc,task        ] GC(177) Using 9 workers of 9 for evacuation
[82.741s][info][gc,phases      ] GC(177)   Pre Evacuate Collection Set: 0.1ms
[82.741s][info][gc,phases      ] GC(177)   Merge Heap Roots: 0.1ms
[82.741s][info][gc,phases      ] GC(177)   Evacuate Collection Set: 161.5ms
[82.741s][info][gc,phases      ] GC(177)   Post Evacuate Collection Set: 0.2ms
[82.741s][info][gc,phases      ] GC(177)   Other: 0.4ms
[82.741s][info][gc,heap        ] GC(177) Eden regions: 78->0(88)
[82.741s][info][gc,heap        ] GC(177) Survivor regions: 15->12(12)
[82.741s][info][gc,heap        ] GC(177) Old regions: 684->734
[82.741s][info][gc,heap        ] GC(177) Archive regions: 2->2
[82.741s][info][gc,heap        ] GC(177) Humongous regions: 35->35
[82.741s][info][gc,metaspace   ] GC(177) Metaspace: 2267K(2432K)->2267K(2432K) NonClass: 2063K(2176K)->2063K(2176K) Class: 204K(256K)->204K(256K)
[82.741s][info][gc             ] GC(177) Pause Young (Normal) (G1 Evacuation Pause) 6472M->6220M(11672M) 162.482ms
[82.741s][info][gc,cpu         ] GC(177) User=0.84s Sys=0.22s Real=0.16s
[82.862s][info][gc,marking     ] GC(176) Concurrent Mark From Roots 497.675ms
[82.862s][info][gc,marking     ] GC(176) Concurrent Preclean
[82.862s][info][gc,marking     ] GC(176) Concurrent Preclean 0.022ms
[82.862s][info][gc,start       ] GC(176) Pause Remark
[82.864s][info][gc             ] GC(176) Pause Remark 6604M->3385M(11336M) 1.628ms
[82.864s][info][gc,cpu         ] GC(176) User=0.00s Sys=0.01s Real=0.00s
[82.864s][info][gc,marking     ] GC(176) Concurrent Mark 499.460ms
[82.864s][info][gc,marking     ] GC(176) Concurrent Rebuild Remembered Sets
[82.969s][info][gc,start       ] GC(178) Pause Young (Normal) (G1 Evacuation Pause)
[82.969s][info][gc,task        ] GC(178) Using 9 workers of 9 for evacuation
[83.040s][info][gc,phases      ] GC(178)   Pre Evacuate Collection Set: 0.1ms
[83.040s][info][gc,phases      ] GC(178)   Merge Heap Roots: 0.2ms
[83.040s][info][gc,phases      ] GC(178)   Evacuate Collection Set: 71.1ms
[83.040s][info][gc,phases      ] GC(178)   Post Evacuate Collection Set: 0.2ms
[83.040s][info][gc,phases      ] GC(178)   Other: 0.1ms
[83.040s][info][gc,heap        ] GC(178) Eden regions: 88->0(100)
[83.040s][info][gc,heap        ] GC(178) Survivor regions: 12->13(13)
[83.040s][info][gc,heap        ] GC(178) Old regions: 328->380
[83.040s][info][gc,heap        ] GC(178) Archive regions: 2->2
[83.040s][info][gc,heap        ] GC(178) Humongous regions: 35->35
[83.040s][info][gc,metaspace   ] GC(178) Metaspace: 2267K(2432K)->2267K(2432K) NonClass: 2063K(2176K)->2063K(2176K) Class: 204K(256K)->204K(256K)
[83.040s][info][gc             ] GC(178) Pause Young (Normal) (G1 Evacuation Pause) 3705M->3421M(11336M) 71.730ms
[83.041s][info][gc,cpu         ] GC(178) User=0.54s Sys=0.06s Real=0.07s
[83.290s][info][gc,start       ] GC(179) Pause Young (Normal) (G1 Evacuation Pause)
[83.290s][info][gc,task        ] GC(179) Using 9 workers of 9 for evacuation
[83.374s][info][gc,phases      ] GC(179)   Pre Evacuate Collection Set: 0.1ms
[83.374s][info][gc,phases      ] GC(179)   Merge Heap Roots: 0.1ms
[83.374s][info][gc,phases      ] GC(179)   Evacuate Collection Set: 83.9ms
[83.374s][info][gc,phases      ] GC(179)   Post Evacuate Collection Set: 0.2ms
[83.374s][info][gc,phases      ] GC(179)   Other: 0.1ms
[83.374s][info][gc,heap        ] GC(179) Eden regions: 100->0(123)
[83.374s][info][gc,heap        ] GC(179) Survivor regions: 13->15(15)
[83.374s][info][gc,heap        ] GC(179) Old regions: 380->438
[83.374s][info][gc,heap        ] GC(179) Archive regions: 2->2
[83.374s][info][gc,heap        ] GC(179) Humongous regions: 35->35
[83.374s][info][gc,metaspace   ] GC(179) Metaspace: 2267K(2432K)->2267K(2432K) NonClass: 2063K(2176K)->2063K(2176K) Class: 204K(256K)->204K(256K)
[83.374s][info][gc             ] GC(179) Pause Young (Normal) (G1 Evacuation Pause) 4221M->3901M(11336M) 84.448ms
[83.374s][info][gc,cpu         ] GC(179) User=0.62s Sys=0.12s Real=0.08s
[83.506s][info][gc,start       ] GC(180) Pause Full (System.gc())
[83.506s][info][gc,task        ] GC(180) Using 9 workers of 9 for full compaction
[83.510s][info][gc,phases,start] GC(180) Phase 1: Mark live objects
[83.872s][info][gc,phases      ] GC(180) Phase 1: Mark live objects 362.038ms
[83.872s][info][gc,phases,start] GC(180) Phase 2: Prepare for compaction
[83.877s][info][gc,phases      ] GC(180) Phase 2: Prepare for compaction 4.941ms
[83.877s][info][gc,phases,start] GC(180) Phase 3: Adjust pointers
[83.955s][info][gc,phases      ] GC(180) Phase 3: Adjust pointers 78.522ms
[83.955s][info][gc,phases,start] GC(180) Phase 4: Compact heap
[83.960s][info][gc,phases      ] GC(180) Phase 4: Compact heap 5.261ms
[83.963s][info][gc,heap        ] GC(180) Eden regions: 45->0(138)
[83.963s][info][gc,heap        ] GC(180) Survivor regions: 15->0(15)
[83.963s][info][gc,heap        ] GC(180) Old regions: 438->471
[83.963s][info][gc,heap        ] GC(180) Archive regions: 2->2
[83.963s][info][gc,heap        ] GC(180) Humongous regions: 35->0
[83.963s][info][gc,metaspace   ] GC(180) Metaspace: 2267K(2432K)->2267K(2432K) NonClass: 2063K(2176K)->2063K(2176K) Class: 204K(256K)->204K(256K)
[83.963s][info][gc             ] GC(180) Pause Full (System.gc()) 4257M->3735M(11336M) 457.798ms
[83.963s][info][gc,cpu         ] GC(180) User=4.04s Sys=0.04s Real=0.46s
[83.963s][info][gc,marking     ] GC(176) Concurrent Rebuild Remembered Sets 1099.325ms
[83.963s][info][gc,marking     ] GC(176) Concurrent Mark Abort
[83.963s][info][gc             ] GC(176) Concurrent Mark Cycle 1640.823ms
[84.082s][info][gc,start       ] GC(181) Pause Young (Normal) (G1 Evacuation Pause)
[84.082s][info][gc,task        ] GC(181) Using 9 workers of 9 for evacuation
[84.339s][info][gc,mmu         ] GC(181) MMU target violated: 201.0ms (200.0ms/201.0ms)
[84.339s][info][gc,phases      ] GC(181)   Pre Evacuate Collection Set: 0.1ms
[84.339s][info][gc,phases      ] GC(181)   Merge Heap Roots: 0.2ms
[84.339s][info][gc,phases      ] GC(181)   Evacuate Collection Set: 256.7ms
[84.339s][info][gc,phases      ] GC(181)   Post Evacuate Collection Set: 0.3ms
[84.339s][info][gc,phases      ] GC(181)   Other: 0.1ms
[84.339s][info][gc,heap        ] GC(181) Eden regions: 138->0(102)
[84.339s][info][gc,heap        ] GC(181) Survivor regions: 0->18(18)
[84.339s][info][gc,heap        ] GC(181) Old regions: 471->590
[84.339s][info][gc,heap        ] GC(181) Archive regions: 2->2
[84.339s][info][gc,heap        ] GC(181) Humongous regions: 0->0
[84.339s][info][gc,metaspace   ] GC(181) Metaspace: 2267K(2432K)->2267K(2432K) NonClass: 2063K(2176K)->2063K(2176K) Class: 204K(256K)->204K(256K)
[84.339s][info][gc             ] GC(181) Pause Young (Normal) (G1 Evacuation Pause) 4839M->4827M(11336M) 257.444ms
[84.339s][info][gc,cpu         ] GC(181) User=1.02s Sys=0.58s Real=0.26s
[84.375s][info][gc,start       ] GC(182) Pause Young (Normal) (G1 Evacuation Pause)
[84.375s][info][gc,task        ] GC(182) Using 9 workers of 9 for evacuation
[84.676s][info][gc,mmu         ] GC(182) MMU target violated: 201.0ms (200.0ms/201.0ms)
[84.676s][info][gc,phases      ] GC(182)   Pre Evacuate Collection Set: 0.1ms
[84.676s][info][gc,phases      ] GC(182)   Merge Heap Roots: 0.2ms
[84.676s][info][gc,phases      ] GC(182)   Evacuate Collection Set: 300.0ms
[84.676s][info][gc,phases      ] GC(182)   Post Evacuate Collection Set: 0.4ms
[84.676s][info][gc,phases      ] GC(182)   Other: 0.1ms
[84.676s][info][gc,heap        ] GC(182) Eden regions: 102->0(79)
[84.676s][info][gc,heap        ] GC(182) Survivor regions: 18->15(15)
[84.676s][info][gc,heap        ] GC(182) Old regions: 590->696
[84.676s][info][gc,heap        ] GC(182) Archive regions: 2->2
[84.676s][info][gc,heap        ] GC(182) Humongous regions: 0->0
[84.676s][info][gc,metaspace   ] GC(182) Metaspace: 2267K(2432K)->2267K(2432K) NonClass: 2063K(2176K)->2063K(2176K) Class: 204K(256K)->204K(256K)
[84.676s][info][gc             ] GC(182) Pause Young (Normal) (G1 Evacuation Pause) 5643M->5655M(11720M) 300.847ms
[84.676s][info][gc,cpu         ] GC(182) User=1.44s Sys=0.64s Real=0.30s
[84.736s][info][gc,start       ] GC(183) Pause Young (Concurrent Start) (G1 Evacuation Pause)
[84.736s][info][gc,task        ] GC(183) Using 9 workers of 9 for evacuation
[84.983s][info][gc,mmu         ] GC(183) MMU target violated: 201.0ms (200.0ms/201.0ms)
[84.983s][info][gc,phases      ] GC(183)   Pre Evacuate Collection Set: 0.1ms
[84.983s][info][gc,phases      ] GC(183)   Merge Heap Roots: 0.2ms
[84.983s][info][gc,phases      ] GC(183)   Evacuate Collection Set: 246.9ms
[84.983s][info][gc,phases      ] GC(183)   Post Evacuate Collection Set: 0.2ms
[84.983s][info][gc,phases      ] GC(183)   Other: 0.1ms
[84.983s][info][gc,heap        ] GC(183) Eden regions: 79->0(79)
[84.983s][info][gc,heap        ] GC(183) Survivor regions: 15->12(12)
[84.983s][info][gc,heap        ] GC(183) Old regions: 696->779
[84.983s][info][gc,heap        ] GC(183) Archive regions: 2->2
[84.983s][info][gc,heap        ] GC(183) Humongous regions: 0->0
[84.983s][info][gc,metaspace   ] GC(183) Metaspace: 2267K(2432K)->2267K(2432K) NonClass: 2063K(2176K)->2063K(2176K) Class: 204K(256K)->204K(256K)
[84.983s][info][gc             ] GC(183) Pause Young (Concurrent Start) (G1 Evacuation Pause) 6287M->6295M(11720M) 247.595ms
[84.984s][info][gc,cpu         ] GC(183) User=1.57s Sys=0.37s Real=0.25s
[84.984s][info][gc             ] GC(184) Concurrent Mark Cycle
[84.984s][info][gc,marking     ] GC(184) Concurrent Clear Claimed Marks
[84.984s][info][gc,marking     ] GC(184) Concurrent Clear Claimed Marks 0.008ms
[84.984s][info][gc,marking     ] GC(184) Concurrent Scan Root Regions
[85.077s][info][gc,marking     ] GC(184) Concurrent Scan Root Regions 93.708ms
[85.077s][info][gc,marking     ] GC(184) Concurrent Mark
[85.077s][info][gc,marking     ] GC(184) Concurrent Mark From Roots
[85.077s][info][gc,task        ] GC(184) Using 2 workers of 2 for marking
[85.241s][info][gc,start       ] GC(185) Pause Young (Normal) (G1 Evacuation Pause)
[85.241s][info][gc,task        ] GC(185) Using 9 workers of 9 for evacuation
[85.404s][info][gc,phases      ] GC(185)   Pre Evacuate Collection Set: 0.1ms
[85.404s][info][gc,phases      ] GC(185)   Merge Heap Roots: 0.2ms
[85.404s][info][gc,phases      ] GC(185)   Evacuate Collection Set: 162.2ms
[85.404s][info][gc,phases      ] GC(185)   Post Evacuate Collection Set: 0.2ms
[85.404s][info][gc,phases      ] GC(185)   Other: 0.1ms
[85.404s][info][gc,heap        ] GC(185) Eden regions: 79->0(79)
[85.404s][info][gc,heap        ] GC(185) Survivor regions: 12->12(12)
[85.404s][info][gc,heap        ] GC(185) Old regions: 779->840
[85.404s][info][gc,heap        ] GC(185) Archive regions: 2->2
[85.404s][info][gc,heap        ] GC(185) Humongous regions: 47->47
[85.404s][info][gc,metaspace   ] GC(185) Metaspace: 2267K(2432K)->2267K(2432K) NonClass: 2063K(2176K)->2063K(2176K) Class: 204K(256K)->204K(256K)
[85.404s][info][gc             ] GC(185) Pause Young (Normal) (G1 Evacuation Pause) 7303M->7155M(11720M) 162.780ms
[85.404s][info][gc,cpu         ] GC(185) User=0.58s Sys=0.44s Real=0.16s
[85.711s][info][gc,start       ] GC(186) Pause Young (Normal) (G1 Evacuation Pause)
[85.711s][info][gc,task        ] GC(186) Using 9 workers of 9 for evacuation
[85.737s][info][gc,phases      ] GC(186)   Pre Evacuate Collection Set: 0.1ms
[85.737s][info][gc,phases      ] GC(186)   Merge Heap Roots: 0.1ms
[85.737s][info][gc,phases      ] GC(186)   Evacuate Collection Set: 26.0ms
[85.737s][info][gc,phases      ] GC(186)   Post Evacuate Collection Set: 0.2ms
[85.737s][info][gc,phases      ] GC(186)   Other: 0.1ms
[85.737s][info][gc,heap        ] GC(186) Eden regions: 79->0(109)
[85.737s][info][gc,heap        ] GC(186) Survivor regions: 12->0(12)
[85.737s][info][gc,heap        ] GC(186) Old regions: 840->853
[85.737s][info][gc,heap        ] GC(186) Archive regions: 2->2
[85.737s][info][gc,heap        ] GC(186) Humongous regions: 47->47
[85.737s][info][gc,metaspace   ] GC(186) Metaspace: 2267K(2432K)->2267K(2432K) NonClass: 2063K(2176K)->2063K(2176K) Class: 204K(256K)->204K(256K)
[85.737s][info][gc             ] GC(186) Pause Young (Normal) (G1 Evacuation Pause) 7787M->7167M(11720M) 26.539ms
[85.737s][info][gc,cpu         ] GC(186) User=0.09s Sys=0.08s Real=0.02s
[86.271s][info][gc,start       ] GC(187) Pause Young (Normal) (G1 Evacuation Pause)
[86.271s][info][gc,task        ] GC(187) Using 9 workers of 9 for evacuation
[86.272s][info][gc,phases      ] GC(187)   Pre Evacuate Collection Set: 0.2ms
[86.272s][info][gc,phases      ] GC(187)   Merge Heap Roots: 0.0ms
[86.272s][info][gc,phases      ] GC(187)   Evacuate Collection Set: 0.2ms
[86.272s][info][gc,phases      ] GC(187)   Post Evacuate Collection Set: 0.3ms
[86.272s][info][gc,phases      ] GC(187)   Other: 0.1ms
[86.272s][info][gc,heap        ] GC(187) Eden regions: 109->0(123)
[86.272s][info][gc,heap        ] GC(187) Survivor regions: 0->0(14)
[86.272s][info][gc,heap        ] GC(187) Old regions: 853->853
[86.272s][info][gc,heap        ] GC(187) Archive regions: 2->2
[86.272s][info][gc,heap        ] GC(187) Humongous regions: 47->47
[86.272s][info][gc,metaspace   ] GC(187) Metaspace: 2267K(2432K)->2267K(2432K) NonClass: 2063K(2176K)->2063K(2176K) Class: 204K(256K)->204K(256K)
[86.272s][info][gc             ] GC(187) Pause Young (Normal) (G1 Evacuation Pause) 8039M->7167M(11952M) 0.874ms
[86.272s][info][gc,cpu         ] GC(187) User=0.00s Sys=0.00s Real=0.00s
[86.877s][info][gc,marking     ] GC(184) Concurrent Mark From Roots 1799.253ms
[86.877s][info][gc,marking     ] GC(184) Concurrent Preclean
[86.877s][info][gc,marking     ] GC(184) Concurrent Preclean 0.026ms
[86.877s][info][gc,start       ] GC(184) Pause Remark
[86.878s][info][gc             ] GC(184) Pause Remark 7838M->7838M(12288M) 0.900ms
[86.878s][info][gc,cpu         ] GC(184) User=0.00s Sys=0.00s Real=0.00s
[86.878s][info][gc,marking     ] GC(184) Concurrent Mark 1800.291ms
[86.878s][info][gc,marking     ] GC(184) Concurrent Rebuild Remembered Sets
[87.345s][info][gc,start       ] GC(188) Pause Young (Normal) (G1 Evacuation Pause)
[87.345s][info][gc,task        ] GC(188) Using 9 workers of 9 for evacuation
[87.345s][info][gc,phases      ] GC(188)   Pre Evacuate Collection Set: 0.1ms
[87.345s][info][gc,phases      ] GC(188)   Merge Heap Roots: 0.0ms
[87.345s][info][gc,phases      ] GC(188)   Evacuate Collection Set: 0.2ms
[87.345s][info][gc,phases      ] GC(188)   Post Evacuate Collection Set: 0.2ms
[87.345s][info][gc,phases      ] GC(188)   Other: 0.1ms
[87.345s][info][gc,heap        ] GC(188) Eden regions: 123->0(75)
[87.345s][info][gc,heap        ] GC(188) Survivor regions: 0->1(16)
[87.345s][info][gc,heap        ] GC(188) Old regions: 853->853
[87.345s][info][gc,heap        ] GC(188) Archive regions: 2->2
[87.345s][info][gc,heap        ] GC(188) Humongous regions: 47->47
[87.345s][info][gc,metaspace   ] GC(188) Metaspace: 2268K(2432K)->2268K(2432K) NonClass: 2063K(2176K)->2063K(2176K) Class: 204K(256K)->204K(256K)
[87.345s][info][gc             ] GC(188) Pause Young (Normal) (G1 Evacuation Pause) 8151M->7168M(12288M) 0.720ms
[87.345s][info][gc,cpu         ] GC(188) User=0.01s Sys=0.00s Real=0.00s
[88.285s][info][gc,start       ] GC(189) Pause Young (Normal) (G1 Evacuation Pause)
[88.285s][info][gc,task        ] GC(189) Using 9 workers of 9 for evacuation
[88.286s][info][gc,phases      ] GC(189)   Pre Evacuate Collection Set: 0.1ms
[88.286s][info][gc,phases      ] GC(189)   Merge Heap Roots: 0.0ms
[88.286s][info][gc,phases      ] GC(189)   Evacuate Collection Set: 0.2ms
[88.286s][info][gc,phases      ] GC(189)   Post Evacuate Collection Set: 0.1ms
[88.286s][info][gc,phases      ] GC(189)   Other: 0.4ms
[88.286s][info][gc,heap        ] GC(189) Eden regions: 75->0(75)
[88.286s][info][gc,heap        ] GC(189) Survivor regions: 1->1(10)
[88.286s][info][gc,heap        ] GC(189) Old regions: 853->853
[88.286s][info][gc,heap        ] GC(189) Archive regions: 2->2
[88.286s][info][gc,heap        ] GC(189) Humongous regions: 47->47
[88.286s][info][gc,metaspace   ] GC(189) Metaspace: 2268K(2432K)->2268K(2432K) NonClass: 2063K(2176K)->2063K(2176K) Class: 204K(256K)->204K(256K)
[88.286s][info][gc             ] GC(189) Pause Young (Normal) (G1 Evacuation Pause) 7768M->7167M(12288M) 0.839ms
[88.286s][info][gc,cpu         ] GC(189) User=0.00s Sys=0.00s Real=0.00s
[88.468s][info][gc,start       ] GC(190) Pause Full (System.gc())
[88.468s][info][gc,task        ] GC(190) Using 9 workers of 9 for full compaction
[88.495s][info][gc,phases,start] GC(190) Phase 1: Mark live objects
[88.746s][info][gc,phases      ] GC(190) Phase 1: Mark live objects 251.514ms
[88.746s][info][gc,phases,start] GC(190) Phase 2: Prepare for compaction
[88.757s][info][gc,phases      ] GC(190) Phase 2: Prepare for compaction 10.755ms
[88.757s][info][gc,phases,start] GC(190) Phase 3: Adjust pointers
[88.829s][info][gc,phases      ] GC(190) Phase 3: Adjust pointers 71.700ms
[88.829s][info][gc,phases,start] GC(190) Phase 4: Compact heap
[88.834s][info][gc,phases      ] GC(190) Phase 4: Compact heap 5.242ms
[88.863s][info][gc,heap        ] GC(190) Eden regions: 16->0(156)
[88.863s][info][gc,heap        ] GC(190) Survivor regions: 1->0(10)
[88.863s][info][gc,heap        ] GC(190) Old regions: 853->425
[88.863s][info][gc,heap        ] GC(190) Archive regions: 2->2
[88.863s][info][gc,heap        ] GC(190) Humongous regions: 47->0
[88.863s][info][gc,metaspace   ] GC(190) Metaspace: 2269K(2432K)->2269K(2432K) NonClass: 2064K(2176K)->2064K(2176K) Class: 204K(256K)->204K(256K)
[88.863s][info][gc             ] GC(190) Pause Full (System.gc()) 7288M->3359M(11392M) 394.882ms
[88.863s][info][gc,cpu         ] GC(190) User=2.30s Sys=0.61s Real=0.39s
[88.863s][info][gc,marking     ] GC(184) Concurrent Rebuild Remembered Sets 1985.369ms
[88.863s][info][gc,marking     ] GC(184) Concurrent Mark Abort
[88.863s][info][gc             ] GC(184) Concurrent Mark Cycle 3879.441ms
[90.050s][info][gc,start       ] GC(191) Pause Young (Normal) (G1 Evacuation Pause)
[90.050s][info][gc,task        ] GC(191) Using 9 workers of 9 for evacuation
[90.266s][info][gc,mmu         ] GC(191) MMU target violated: 201.0ms (200.0ms/201.0ms)
[90.266s][info][gc,phases      ] GC(191)   Pre Evacuate Collection Set: 0.1ms
[90.266s][info][gc,phases      ] GC(191)   Merge Heap Roots: 0.0ms
[90.266s][info][gc,phases      ] GC(191)   Evacuate Collection Set: 216.0ms
[90.266s][info][gc,phases      ] GC(191)   Post Evacuate Collection Set: 0.2ms
[90.266s][info][gc,phases      ] GC(191)   Other: 0.1ms
[90.266s][info][gc,heap        ] GC(191) Eden regions: 156->0(125)
[90.266s][info][gc,heap        ] GC(191) Survivor regions: 0->20(20)
[90.266s][info][gc,heap        ] GC(191) Old regions: 425->495
[90.266s][info][gc,heap        ] GC(191) Archive regions: 2->2
[90.266s][info][gc,heap        ] GC(191) Humongous regions: 35->35
[90.266s][info][gc,metaspace   ] GC(191) Metaspace: 2269K(2432K)->2269K(2432K) NonClass: 2065K(2176K)->2065K(2176K) Class: 204K(256K)->204K(256K)
[90.266s][info][gc             ] GC(191) Pause Young (Normal) (G1 Evacuation Pause) 4887M->4351M(11392M) 216.607ms
[90.266s][info][gc,cpu         ] GC(191) User=0.52s Sys=0.71s Real=0.21s
[90.573s][info][gc,start       ] GC(192) Pause Young (Normal) (G1 Evacuation Pause)
[90.573s][info][gc,task        ] GC(192) Using 9 workers of 9 for evacuation
[90.762s][info][gc,phases      ] GC(192)   Pre Evacuate Collection Set: 0.1ms
[90.762s][info][gc,phases      ] GC(192)   Merge Heap Roots: 0.2ms
[90.762s][info][gc,phases      ] GC(192)   Evacuate Collection Set: 187.6ms
[90.762s][info][gc,phases      ] GC(192)   Post Evacuate Collection Set: 0.2ms
[90.762s][info][gc,phases      ] GC(192)   Other: 0.2ms
[90.762s][info][gc,heap        ] GC(192) Eden regions: 123->0(104)
[90.762s][info][gc,heap        ] GC(192) Survivor regions: 20->18(18)
[90.762s][info][gc,heap        ] GC(192) Old regions: 495->568
[90.762s][info][gc,heap        ] GC(192) Archive regions: 2->2
[90.762s][info][gc,heap        ] GC(192) Humongous regions: 35->35
[90.762s][info][gc,metaspace   ] GC(192) Metaspace: 2269K(2432K)->2269K(2432K) NonClass: 2065K(2176K)->2065K(2176K) Class: 204K(256K)->204K(256K)
[90.762s][info][gc             ] GC(192) Pause Young (Normal) (G1 Evacuation Pause) 5335M->4925M(11392M) 188.342ms
[90.762s][info][gc,cpu         ] GC(192) User=0.77s Sys=0.43s Real=0.19s
[91.014s][info][gc,start       ] GC(193) Pause Young (Normal) (G1 Evacuation Pause)
[91.014s][info][gc,task        ] GC(193) Using 9 workers of 9 for evacuation
[91.149s][info][gc,phases      ] GC(193)   Pre Evacuate Collection Set: 0.1ms
[91.149s][info][gc,phases      ] GC(193)   Merge Heap Roots: 0.2ms
[91.149s][info][gc,phases      ] GC(193)   Evacuate Collection Set: 134.3ms
[91.149s][info][gc,phases      ] GC(193)   Post Evacuate Collection Set: 0.2ms
[91.149s][info][gc,phases      ] GC(193)   Other: 0.1ms
[91.149s][info][gc,heap        ] GC(193) Eden regions: 104->0(105)
[91.149s][info][gc,heap        ] GC(193) Survivor regions: 18->16(16)
[91.149s][info][gc,heap        ] GC(193) Old regions: 568->632
[91.149s][info][gc,heap        ] GC(193) Archive regions: 2->2
[91.149s][info][gc,heap        ] GC(193) Humongous regions: 35->35
[91.149s][info][gc,metaspace   ] GC(193) Metaspace: 2269K(2432K)->2269K(2432K) NonClass: 2065K(2176K)->2065K(2176K) Class: 204K(256K)->204K(256K)
[91.149s][info][gc             ] GC(193) Pause Young (Normal) (G1 Evacuation Pause) 5757M->5423M(11392M) 134.889ms
[91.149s][info][gc,cpu         ] GC(193) User=0.65s Sys=0.23s Real=0.14s
[91.398s][info][gc,start       ] GC(194) Pause Young (Concurrent Start) (G1 Evacuation Pause)
[91.398s][info][gc,task        ] GC(194) Using 9 workers of 9 for evacuation
[91.523s][info][gc,phases      ] GC(194)   Pre Evacuate Collection Set: 0.1ms
[91.523s][info][gc,phases      ] GC(194)   Merge Heap Roots: 0.1ms
[91.523s][info][gc,phases      ] GC(194)   Evacuate Collection Set: 125.1ms
[91.523s][info][gc,phases      ] GC(194)   Post Evacuate Collection Set: 0.3ms
[91.524s][info][gc,phases      ] GC(194)   Other: 0.1ms
[91.524s][info][gc,heap        ] GC(194) Eden regions: 105->0(57)
[91.524s][info][gc,heap        ] GC(194) Survivor regions: 16->16(16)
[91.524s][info][gc,heap        ] GC(194) Old regions: 632->694
[91.524s][info][gc,heap        ] GC(194) Archive regions: 2->2
[91.524s][info][gc,heap        ] GC(194) Humongous regions: 35->35
[91.524s][info][gc,metaspace   ] GC(194) Metaspace: 2269K(2432K)->2269K(2432K) NonClass: 2065K(2176K)->2065K(2176K) Class: 204K(256K)->204K(256K)
[91.524s][info][gc             ] GC(194) Pause Young (Concurrent Start) (G1 Evacuation Pause) 6263M->5919M(11752M) 125.819ms
[91.524s][info][gc,cpu         ] GC(194) User=0.65s Sys=0.19s Real=0.13s
[91.524s][info][gc             ] GC(195) Concurrent Mark Cycle
[91.524s][info][gc,marking     ] GC(195) Concurrent Clear Claimed Marks
[91.524s][info][gc,marking     ] GC(195) Concurrent Clear Claimed Marks 0.007ms
[91.524s][info][gc,marking     ] GC(195) Concurrent Scan Root Regions
[91.571s][info][gc,marking     ] GC(195) Concurrent Scan Root Regions 47.141ms
[91.571s][info][gc,marking     ] GC(195) Concurrent Mark
[91.571s][info][gc,marking     ] GC(195) Concurrent Mark From Roots
[91.571s][info][gc,task        ] GC(195) Using 2 workers of 2 for marking
[91.729s][info][gc,start       ] GC(196) Pause Young (Normal) (G1 Evacuation Pause)
[91.729s][info][gc,task        ] GC(196) Using 9 workers of 9 for evacuation
[91.878s][info][gc,phases      ] GC(196)   Pre Evacuate Collection Set: 0.1ms
[91.878s][info][gc,phases      ] GC(196)   Merge Heap Roots: 0.1ms
[91.878s][info][gc,phases      ] GC(196)   Evacuate Collection Set: 148.8ms
[91.878s][info][gc,phases      ] GC(196)   Post Evacuate Collection Set: 0.1ms
[91.878s][info][gc,phases      ] GC(196)   Other: 0.1ms
[91.878s][info][gc,heap        ] GC(196) Eden regions: 57->0(63)
[91.878s][info][gc,heap        ] GC(196) Survivor regions: 16->10(10)
[91.878s][info][gc,heap        ] GC(196) Old regions: 694->735
[91.878s][info][gc,heap        ] GC(196) Archive regions: 2->2
[91.878s][info][gc,heap        ] GC(196) Humongous regions: 35->35
[91.878s][info][gc,metaspace   ] GC(196) Metaspace: 2269K(2432K)->2269K(2432K) NonClass: 2065K(2176K)->2065K(2176K) Class: 204K(256K)->204K(256K)
[91.878s][info][gc             ] GC(196) Pause Young (Normal) (G1 Evacuation Pause) 6375M->6199M(11752M) 149.297ms
[91.878s][info][gc,cpu         ] GC(196) User=0.80s Sys=0.26s Real=0.15s
[92.037s][info][gc,start       ] GC(197) Pause Young (Normal) (G1 Evacuation Pause)
[92.037s][info][gc,task        ] GC(197) Using 9 workers of 9 for evacuation
[92.122s][info][gc,phases      ] GC(197)   Pre Evacuate Collection Set: 0.1ms
[92.122s][info][gc,phases      ] GC(197)   Merge Heap Roots: 0.1ms
[92.122s][info][gc,phases      ] GC(197)   Evacuate Collection Set: 84.5ms
[92.122s][info][gc,phases      ] GC(197)   Post Evacuate Collection Set: 0.2ms
[92.122s][info][gc,phases      ] GC(197)   Other: 0.1ms
[92.122s][info][gc,heap        ] GC(197) Eden regions: 63->0(63)
[92.122s][info][gc,heap        ] GC(197) Survivor regions: 10->10(10)
[92.122s][info][gc,heap        ] GC(197) Old regions: 735->773
[92.122s][info][gc,heap        ] GC(197) Archive regions: 2->2
[92.122s][info][gc,heap        ] GC(197) Humongous regions: 35->35
[92.122s][info][gc,metaspace   ] GC(197) Metaspace: 2269K(2432K)->2269K(2432K) NonClass: 2065K(2176K)->2065K(2176K) Class: 204K(256K)->204K(256K)
[92.122s][info][gc             ] GC(197) Pause Young (Normal) (G1 Evacuation Pause) 6703M->6503M(11752M) 85.074ms
[92.122s][info][gc,cpu         ] GC(197) User=0.37s Sys=0.12s Real=0.09s
[92.163s][info][gc,marking     ] GC(195) Concurrent Mark From Roots 591.918ms
[92.163s][info][gc,marking     ] GC(195) Concurrent Preclean
[92.163s][info][gc,marking     ] GC(195) Concurrent Preclean 0.021ms
[92.163s][info][gc,start       ] GC(195) Pause Remark
[92.166s][info][gc             ] GC(195) Pause Remark 6635M->3389M(11392M) 3.322ms
[92.166s][info][gc,cpu         ] GC(195) User=0.00s Sys=0.02s Real=0.00s
[92.166s][info][gc,marking     ] GC(195) Concurrent Mark 595.396ms
[92.166s][info][gc,marking     ] GC(195) Concurrent Rebuild Remembered Sets
[92.285s][info][gc,start       ] GC(198) Pause Young (Normal) (G1 Evacuation Pause)
[92.285s][info][gc,task        ] GC(198) Using 9 workers of 9 for evacuation
[92.336s][info][gc,phases      ] GC(198)   Pre Evacuate Collection Set: 0.1ms
[92.336s][info][gc,phases      ] GC(198)   Merge Heap Roots: 0.1ms
[92.336s][info][gc,phases      ] GC(198)   Evacuate Collection Set: 51.2ms
[92.336s][info][gc,phases      ] GC(198)   Post Evacuate Collection Set: 0.1ms
[92.336s][info][gc,phases      ] GC(198)   Other: 0.1ms
[92.336s][info][gc,heap        ] GC(198) Eden regions: 63->0(61)
[92.337s][info][gc,heap        ] GC(198) Survivor regions: 10->10(10)
[92.337s][info][gc,heap        ] GC(198) Old regions: 363->402
[92.337s][info][gc,heap        ] GC(198) Archive regions: 2->2
[92.337s][info][gc,heap        ] GC(198) Humongous regions: 35->35
[92.337s][info][gc,metaspace   ] GC(198) Metaspace: 2269K(2432K)->2269K(2432K) NonClass: 2065K(2176K)->2065K(2176K) Class: 204K(256K)->204K(256K)
[92.337s][info][gc             ] GC(198) Pause Young (Normal) (G1 Evacuation Pause) 3761M->3565M(11392M) 51.733ms
[92.337s][info][gc,cpu         ] GC(198) User=0.39s Sys=0.06s Real=0.05s
[92.491s][info][gc,start       ] GC(199) Pause Young (Normal) (G1 Evacuation Pause)
[92.491s][info][gc,task        ] GC(199) Using 9 workers of 9 for evacuation
[92.544s][info][gc,phases      ] GC(199)   Pre Evacuate Collection Set: 0.1ms
[92.544s][info][gc,phases      ] GC(199)   Merge Heap Roots: 0.1ms
[92.544s][info][gc,phases      ] GC(199)   Evacuate Collection Set: 52.5ms
[92.544s][info][gc,phases      ] GC(199)   Post Evacuate Collection Set: 0.2ms
[92.544s][info][gc,phases      ] GC(199)   Other: 0.1ms
[92.544s][info][gc,heap        ] GC(199) Eden regions: 61->0(69)
[92.544s][info][gc,heap        ] GC(199) Survivor regions: 10->9(9)
[92.544s][info][gc,heap        ] GC(199) Old regions: 402->440
[92.544s][info][gc,heap        ] GC(199) Archive regions: 2->2
[92.544s][info][gc,heap        ] GC(199) Humongous regions: 35->35
[92.544s][info][gc,metaspace   ] GC(199) Metaspace: 2269K(2432K)->2269K(2432K) NonClass: 2065K(2176K)->2065K(2176K) Class: 204K(256K)->204K(256K)
[92.544s][info][gc             ] GC(199) Pause Young (Normal) (G1 Evacuation Pause) 4053M->3865M(11392M) 53.034ms
[92.544s][info][gc,cpu         ] GC(199) User=0.38s Sys=0.07s Real=0.05s
[92.680s][info][gc,start       ] GC(200) Pause Full (System.gc())
[92.680s][info][gc,task        ] GC(200) Using 9 workers of 9 for full compaction
[92.683s][info][gc,phases,start] GC(200) Phase 1: Mark live objects
[93.061s][info][gc,phases      ] GC(200) Phase 1: Mark live objects 377.404ms
[93.061s][info][gc,phases,start] GC(200) Phase 2: Prepare for compaction
[93.066s][info][gc,phases      ] GC(200) Phase 2: Prepare for compaction 5.459ms
[93.066s][info][gc,phases,start] GC(200) Phase 3: Adjust pointers
[93.144s][info][gc,phases      ] GC(200) Phase 3: Adjust pointers 77.909ms
[93.144s][info][gc,phases,start] GC(200) Phase 4: Compact heap
[93.157s][info][gc,phases      ] GC(200) Phase 4: Compact heap 12.389ms
[93.159s][info][gc,heap        ] GC(200) Eden regions: 49->0(160)
[93.159s][info][gc,heap        ] GC(200) Survivor regions: 9->0(9)
[93.159s][info][gc,heap        ] GC(200) Old regions: 440->471
[93.159s][info][gc,heap        ] GC(200) Archive regions: 2->2
[93.159s][info][gc,heap        ] GC(200) Humongous regions: 35->0
[93.159s][info][gc,metaspace   ] GC(200) Metaspace: 2269K(2432K)->2269K(2432K) NonClass: 2065K(2176K)->2065K(2176K) Class: 204K(256K)->204K(256K)
[93.159s][info][gc             ] GC(200) Pause Full (System.gc()) 4253M->3735M(11392M) 479.675ms
[93.159s][info][gc,cpu         ] GC(200) User=4.16s Sys=0.09s Real=0.48s
[93.159s][info][gc,marking     ] GC(195) Concurrent Rebuild Remembered Sets 993.093ms
[93.159s][info][gc,marking     ] GC(195) Concurrent Mark Abort
[93.159s][info][gc             ] GC(195) Concurrent Mark Cycle 1635.705ms
[93.294s][info][gc,start       ] GC(201) Pause Young (Normal) (G1 Evacuation Pause)
[93.294s][info][gc,task        ] GC(201) Using 9 workers of 9 for evacuation
[93.562s][info][gc,mmu         ] GC(201) MMU target violated: 201.0ms (200.0ms/201.0ms)
[93.562s][info][gc,phases      ] GC(201)   Pre Evacuate Collection Set: 0.1ms
[93.562s][info][gc,phases      ] GC(201)   Merge Heap Roots: 0.3ms
[93.562s][info][gc,phases      ] GC(201)   Evacuate Collection Set: 267.2ms
[93.562s][info][gc,phases      ] GC(201)   Post Evacuate Collection Set: 0.4ms
[93.562s][info][gc,phases      ] GC(201)   Other: 0.1ms
[93.562s][info][gc,heap        ] GC(201) Eden regions: 160->0(112)
[93.562s][info][gc,heap        ] GC(201) Survivor regions: 0->20(20)
[93.562s][info][gc,heap        ] GC(201) Old regions: 471->611
[93.562s][info][gc,heap        ] GC(201) Archive regions: 2->2
[93.562s][info][gc,heap        ] GC(201) Humongous regions: 0->0
[93.562s][info][gc,metaspace   ] GC(201) Metaspace: 2272K(2432K)->2272K(2432K) NonClass: 2068K(2176K)->2068K(2176K) Class: 204K(256K)->204K(256K)
[93.562s][info][gc             ] GC(201) Pause Young (Normal) (G1 Evacuation Pause) 5015M->5011M(11752M) 268.079ms
[93.562s][info][gc,cpu         ] GC(201) User=1.29s Sys=0.54s Real=0.27s
[93.672s][info][gc,start       ] GC(202) Pause Young (Normal) (G1 Evacuation Pause)
[93.672s][info][gc,task        ] GC(202) Using 9 workers of 9 for evacuation
[94.019s][info][gc,mmu         ] GC(202) MMU target violated: 201.0ms (200.0ms/201.0ms)
[94.020s][info][gc,phases      ] GC(202)   Pre Evacuate Collection Set: 0.1ms
[94.020s][info][gc,phases      ] GC(202)   Merge Heap Roots: 0.2ms
[94.020s][info][gc,phases      ] GC(202)   Evacuate Collection Set: 346.0ms
[94.020s][info][gc,phases      ] GC(202)   Post Evacuate Collection Set: 0.5ms
[94.020s][info][gc,phases      ] GC(202)   Other: 0.4ms
[94.020s][info][gc,heap        ] GC(202) Eden regions: 112->0(78)
[94.020s][info][gc,heap        ] GC(202) Survivor regions: 20->17(17)
[94.020s][info][gc,heap        ] GC(202) Old regions: 611->727
[94.020s][info][gc,heap        ] GC(202) Archive regions: 2->2
[94.020s][info][gc,heap        ] GC(202) Humongous regions: 0->0
[94.020s][info][gc,metaspace   ] GC(202) Metaspace: 2272K(2432K)->2272K(2432K) NonClass: 2068K(2176K)->2068K(2176K) Class: 204K(256K)->204K(256K)
[94.020s][info][gc             ] GC(202) Pause Young (Normal) (G1 Evacuation Pause) 5907M->5919M(11752M) 347.298ms
[94.020s][info][gc,cpu         ] GC(202) User=1.65s Sys=0.65s Real=0.35s
[94.052s][info][gc,start       ] GC(203) Pause Young (Concurrent Start) (G1 Evacuation Pause)
[94.052s][info][gc,task        ] GC(203) Using 9 workers of 9 for evacuation
[94.248s][info][gc,phases      ] GC(203)   Pre Evacuate Collection Set: 0.1ms
[94.248s][info][gc,phases      ] GC(203)   Merge Heap Roots: 0.2ms
[94.248s][info][gc,phases      ] GC(203)   Evacuate Collection Set: 195.0ms
[94.248s][info][gc,phases      ] GC(203)   Post Evacuate Collection Set: 0.2ms
[94.248s][info][gc,phases      ] GC(203)   Other: 0.1ms
[94.248s][info][gc,heap        ] GC(203) Eden regions: 78->0(61)
[94.248s][info][gc,heap        ] GC(203) Survivor regions: 17->12(12)
[94.248s][info][gc,heap        ] GC(203) Old regions: 727->812
[94.248s][info][gc,heap        ] GC(203) Archive regions: 2->2
[94.248s][info][gc,heap        ] GC(203) Humongous regions: 0->0
[94.248s][info][gc,metaspace   ] GC(203) Metaspace: 2272K(2432K)->2272K(2432K) NonClass: 2068K(2176K)->2068K(2176K) Class: 204K(256K)->204K(256K)
[94.248s][info][gc             ] GC(203) Pause Young (Concurrent Start) (G1 Evacuation Pause) 6543M->6559M(11752M) 195.666ms
[94.248s][info][gc,cpu         ] GC(203) User=0.75s Sys=0.38s Real=0.20s
[94.248s][info][gc             ] GC(204) Concurrent Mark Cycle
[94.248s][info][gc,marking     ] GC(204) Concurrent Clear Claimed Marks
[94.248s][info][gc,marking     ] GC(204) Concurrent Clear Claimed Marks 0.007ms
[94.248s][info][gc,marking     ] GC(204) Concurrent Scan Root Regions
[94.313s][info][gc,marking     ] GC(204) Concurrent Scan Root Regions 65.525ms
[94.314s][info][gc,marking     ] GC(204) Concurrent Mark
[94.314s][info][gc,marking     ] GC(204) Concurrent Mark From Roots
[94.314s][info][gc,task        ] GC(204) Using 2 workers of 2 for marking
[94.528s][info][gc,start       ] GC(205) Pause Young (Normal) (G1 Evacuation Pause)
[94.528s][info][gc,task        ] GC(205) Using 9 workers of 9 for evacuation
[94.581s][info][gc,phases      ] GC(205)   Pre Evacuate Collection Set: 0.1ms
[94.581s][info][gc,phases      ] GC(205)   Merge Heap Roots: 0.1ms
[94.581s][info][gc,phases      ] GC(205)   Evacuate Collection Set: 52.6ms
[94.581s][info][gc,phases      ] GC(205)   Post Evacuate Collection Set: 0.2ms
[94.581s][info][gc,phases      ] GC(205)   Other: 0.1ms
[94.581s][info][gc,heap        ] GC(205) Eden regions: 61->0(63)
[94.581s][info][gc,heap        ] GC(205) Survivor regions: 12->10(10)
[94.581s][info][gc,heap        ] GC(205) Old regions: 812->843
[94.581s][info][gc,heap        ] GC(205) Archive regions: 2->2
[94.581s][info][gc,heap        ] GC(205) Humongous regions: 47->47
[94.581s][info][gc,metaspace   ] GC(205) Metaspace: 2272K(2432K)->2272K(2432K) NonClass: 2068K(2176K)->2068K(2176K) Class: 204K(256K)->204K(256K)
[94.581s][info][gc             ] GC(205) Pause Young (Normal) (G1 Evacuation Pause) 7423M->7163M(11752M) 53.102ms
[94.581s][info][gc,cpu         ] GC(205) User=0.29s Sys=0.12s Real=0.06s
[94.837s][info][gc,start       ] GC(206) Pause Young (Normal) (G1 Evacuation Pause)
[94.837s][info][gc,task        ] GC(206) Using 9 workers of 9 for evacuation
[94.857s][info][gc,phases      ] GC(206)   Pre Evacuate Collection Set: 0.1ms
[94.857s][info][gc,phases      ] GC(206)   Merge Heap Roots: 0.1ms
[94.857s][info][gc,phases      ] GC(206)   Evacuate Collection Set: 19.8ms
[94.857s][info][gc,phases      ] GC(206)   Post Evacuate Collection Set: 0.3ms
[94.857s][info][gc,phases      ] GC(206)   Other: 0.1ms
[94.857s][info][gc,heap        ] GC(206) Eden regions: 63->0(83)
[94.857s][info][gc,heap        ] GC(206) Survivor regions: 10->0(10)
[94.857s][info][gc,heap        ] GC(206) Old regions: 843->856
[94.857s][info][gc,heap        ] GC(206) Archive regions: 2->2
[94.857s][info][gc,heap        ] GC(206) Humongous regions: 47->47
[94.857s][info][gc,metaspace   ] GC(206) Metaspace: 2272K(2432K)->2272K(2432K) NonClass: 2068K(2176K)->2068K(2176K) Class: 204K(256K)->204K(256K)
[94.857s][info][gc             ] GC(206) Pause Young (Normal) (G1 Evacuation Pause) 7667M->7187M(11968M) 20.419ms
[94.857s][info][gc,cpu         ] GC(206) User=0.08s Sys=0.06s Real=0.02s
[95.287s][info][gc,start       ] GC(207) Pause Young (Normal) (G1 Evacuation Pause)
[95.287s][info][gc,task        ] GC(207) Using 9 workers of 9 for evacuation
[95.287s][info][gc,phases      ] GC(207)   Pre Evacuate Collection Set: 0.1ms
[95.287s][info][gc,phases      ] GC(207)   Merge Heap Roots: 0.0ms
[95.287s][info][gc,phases      ] GC(207)   Evacuate Collection Set: 0.1ms
[95.287s][info][gc,phases      ] GC(207)   Post Evacuate Collection Set: 0.1ms
[95.287s][info][gc,phases      ] GC(207)   Other: 0.1ms
[95.287s][info][gc,heap        ] GC(207) Eden regions: 83->0(94)
[95.287s][info][gc,heap        ] GC(207) Survivor regions: 0->0(11)
[95.287s][info][gc,heap        ] GC(207) Old regions: 856->856
[95.287s][info][gc,heap        ] GC(207) Archive regions: 2->2
[95.288s][info][gc,heap        ] GC(207) Humongous regions: 47->47
[95.288s][info][gc,metaspace   ] GC(207) Metaspace: 2272K(2432K)->2272K(2432K) NonClass: 2068K(2176K)->2068K(2176K) Class: 204K(256K)->204K(256K)
[95.288s][info][gc             ] GC(207) Pause Young (Normal) (G1 Evacuation Pause) 7851M->7187M(11968M) 0.502ms
[95.288s][info][gc,cpu         ] GC(207) User=0.00s Sys=0.00s Real=0.00s
[95.752s][info][gc,start       ] GC(208) Pause Young (Normal) (G1 Evacuation Pause)
[95.752s][info][gc,task        ] GC(208) Using 9 workers of 9 for evacuation
[95.752s][info][gc,phases      ] GC(208)   Pre Evacuate Collection Set: 0.1ms
[95.752s][info][gc,phases      ] GC(208)   Merge Heap Roots: 0.0ms
[95.752s][info][gc,phases      ] GC(208)   Evacuate Collection Set: 0.1ms
[95.752s][info][gc,phases      ] GC(208)   Post Evacuate Collection Set: 0.1ms
[95.752s][info][gc,phases      ] GC(208)   Other: 0.1ms
[95.752s][info][gc,heap        ] GC(208) Eden regions: 94->0(107)
[95.752s][info][gc,heap        ] GC(208) Survivor regions: 0->0(12)
[95.752s][info][gc,heap        ] GC(208) Old regions: 856->856
[95.752s][info][gc,heap        ] GC(208) Archive regions: 2->2
[95.752s][info][gc,heap        ] GC(208) Humongous regions: 47->47
[95.752s][info][gc,metaspace   ] GC(208) Metaspace: 2272K(2432K)->2272K(2432K) NonClass: 2068K(2176K)->2068K(2176K) Class: 204K(256K)->204K(256K)
[95.752s][info][gc             ] GC(208) Pause Young (Normal) (G1 Evacuation Pause) 7939M->7187M(11968M) 0.546ms
[95.752s][info][gc,cpu         ] GC(208) User=0.01s Sys=0.00s Real=0.00s
[96.109s][info][gc,marking     ] GC(204) Concurrent Mark From Roots 1795.285ms
[96.109s][info][gc,marking     ] GC(204) Concurrent Preclean
[96.109s][info][gc,marking     ] GC(204) Concurrent Preclean 0.027ms
[96.109s][info][gc,start       ] GC(204) Pause Remark
[96.110s][info][gc             ] GC(204) Pause Remark 7457M->7457M(12288M) 1.038ms
[96.110s][info][gc,cpu         ] GC(204) User=0.00s Sys=0.00s Real=0.00s
[96.110s][info][gc,marking     ] GC(204) Concurrent Mark 1796.479ms
[96.110s][info][gc,marking     ] GC(204) Concurrent Rebuild Remembered Sets
[97.051s][info][gc,start       ] GC(209) Pause Young (Normal) (G1 Evacuation Pause)
[97.051s][info][gc,task        ] GC(209) Using 9 workers of 9 for evacuation
[97.051s][info][gc,phases      ] GC(209)   Pre Evacuate Collection Set: 0.1ms
[97.051s][info][gc,phases      ] GC(209)   Merge Heap Roots: 0.0ms
[97.051s][info][gc,phases      ] GC(209)   Evacuate Collection Set: 0.2ms
[97.051s][info][gc,phases      ] GC(209)   Post Evacuate Collection Set: 0.2ms
[97.051s][info][gc,phases      ] GC(209)   Other: 0.1ms
[97.051s][info][gc,heap        ] GC(209) Eden regions: 107->0(112)
[97.051s][info][gc,heap        ] GC(209) Survivor regions: 0->1(14)
[97.051s][info][gc,heap        ] GC(209) Old regions: 856->856
[97.051s][info][gc,heap        ] GC(209) Archive regions: 2->2
[97.051s][info][gc,heap        ] GC(209) Humongous regions: 47->47
[97.051s][info][gc,metaspace   ] GC(209) Metaspace: 2272K(2432K)->2272K(2432K) NonClass: 2068K(2176K)->2068K(2176K) Class: 204K(256K)->204K(256K)
[97.051s][info][gc             ] GC(209) Pause Young (Normal) (G1 Evacuation Pause) 8043M->7187M(12288M) 0.722ms
[97.051s][info][gc,cpu         ] GC(209) User=0.00s Sys=0.00s Real=0.00s
[97.580s][info][gc,start       ] GC(210) Pause Full (System.gc())
[97.580s][info][gc,task        ] GC(210) Using 9 workers of 9 for full compaction
[97.617s][info][gc,phases,start] GC(210) Phase 1: Mark live objects
[97.948s][info][gc,phases      ] GC(210) Phase 1: Mark live objects 331.299ms
[97.948s][info][gc,phases,start] GC(210) Phase 2: Prepare for compaction
[97.958s][info][gc,phases      ] GC(210) Phase 2: Prepare for compaction 9.428ms
[97.958s][info][gc,phases,start] GC(210) Phase 3: Adjust pointers
[98.042s][info][gc,phases      ] GC(210) Phase 3: Adjust pointers 84.775ms
[98.042s][info][gc,phases,start] GC(210) Phase 4: Compact heap
[98.046s][info][gc,phases      ] GC(210) Phase 4: Compact heap 3.845ms
[98.067s][info][gc,heap        ] GC(210) Eden regions: 40->0(148)
[98.067s][info][gc,heap        ] GC(210) Survivor regions: 1->0(14)
[98.067s][info][gc,heap        ] GC(210) Old regions: 856->425
[98.067s][info][gc,heap        ] GC(210) Archive regions: 2->2
[98.067s][info][gc,heap        ] GC(210) Humongous regions: 47->0
[98.067s][info][gc,metaspace   ] GC(210) Metaspace: 2272K(2432K)->2272K(2432K) NonClass: 2068K(2176K)->2068K(2176K) Class: 204K(256K)->204K(256K)
[98.067s][info][gc             ] GC(210) Pause Full (System.gc()) 7507M->3359M(11392M) 487.491ms
[98.067s][info][gc,cpu         ] GC(210) User=2.33s Sys=1.09s Real=0.48s
[98.067s][info][gc,marking     ] GC(204) Concurrent Rebuild Remembered Sets 1957.224ms
[98.067s][info][gc,marking     ] GC(204) Concurrent Mark Abort
[98.067s][info][gc             ] GC(204) Concurrent Mark Cycle 3819.308ms
[98.281s][info][gc,heap,exit   ] Heap
[98.281s][info][gc,heap,exit   ]  garbage-first heap   total 11665408K, used 3448409K [0x0000000c11000000, 0x0000000f11000000)
[98.281s][info][gc,heap,exit   ]   region size 8192K, 1 young (8192K), 0 survivors (0K)
[98.281s][info][gc,heap,exit   ]  Metaspace       used 2339K, committed 2496K, reserved 1114112K
[98.281s][info][gc,heap,exit   ]   class space    used 211K, committed 256K, reserved 1048576K
